Archive member included to satisfy reference by file (symbol)

.\CortexM3\ARM_GCC_541\Debug\F1-TestFixture.a(CyLib.o)
                              .\CortexM3\ARM_GCC_541\Debug\Cm3Start.o (CyResetStatus)
.\CortexM3\ARM_GCC_541\Debug\F1-TestFixture.a(cyPm.o)
                              .\CortexM3\ARM_GCC_541\Debug\F1-TestFixture.a(CyLib.o) (CyPmReadStatus)
.\CortexM3\ARM_GCC_541\Debug\F1-TestFixture.a(isr_UART_230400.o)
                              .\CortexM3\ARM_GCC_541\Debug\main.o (isr_UART_230400_Start)
.\CortexM3\ARM_GCC_541\Debug\F1-TestFixture.a(UART_230400.o)
                              .\CortexM3\ARM_GCC_541\Debug\main.o (UART_230400_Start)
.\CortexM3\ARM_GCC_541\Debug\F1-TestFixture.a(UART_230400_INT.o)
                              .\CortexM3\ARM_GCC_541\Debug\F1-TestFixture.a(UART_230400.o) (UART_230400_TXISR)
.\CortexM3\ARM_GCC_541\Debug\F1-TestFixture.a(UART_230400_IntClock.o)
                              .\CortexM3\ARM_GCC_541\Debug\F1-TestFixture.a(UART_230400.o) (UART_230400_IntClock_Start)
.\CortexM3\ARM_GCC_541\Debug\F1-TestFixture.a(RS485_RX_EN.o)
                              .\CortexM3\ARM_GCC_541\Debug\main.o (RS485_RX_EN_Write)
.\CortexM3\ARM_GCC_541\Debug\F1-TestFixture.a(MUX_CTRL_230400.o)
                              .\CortexM3\ARM_GCC_541\Debug\ControllerTest.o (MUX_CTRL_230400_Write)
.\CortexM3\ARM_GCC_541\Debug\F1-TestFixture.a(Timer_20ms.o)
                              .\CortexM3\ARM_GCC_541\Debug\main.o (Timer_20ms_Start)
.\CortexM3\ARM_GCC_541\Debug\F1-TestFixture.a(LED_EN.o)
                              .\CortexM3\ARM_GCC_541\Debug\UART_230400_Functions.o (LED_EN_Write)
.\CortexM3\ARM_GCC_541\Debug\F1-TestFixture.a(isr_Timer_20ms.o)
                              .\CortexM3\ARM_GCC_541\Debug\main.o (isr_Timer_20ms_Start)
.\CortexM3\ARM_GCC_541\Debug\F1-TestFixture.a(DEMUX_CTRL_230400.o)
                              .\CortexM3\ARM_GCC_541\Debug\RelayTest.o (DEMUX_CTRL_230400_Write)
.\CortexM3\ARM_GCC_541\Debug\F1-TestFixture.a(isr_UART_460800.o)
                              .\CortexM3\ARM_GCC_541\Debug\main.o (isr_UART_460800_Start)
.\CortexM3\ARM_GCC_541\Debug\F1-TestFixture.a(UART_460800.o)
                              .\CortexM3\ARM_GCC_541\Debug\main.o (UART_460800_Start)
.\CortexM3\ARM_GCC_541\Debug\F1-TestFixture.a(UART_460800_IntClock.o)
                              .\CortexM3\ARM_GCC_541\Debug\F1-TestFixture.a(UART_460800.o) (UART_460800_IntClock_Start)
.\CortexM3\ARM_GCC_541\Debug\F1-TestFixture.a(Timer_10ms.o)
                              .\CortexM3\ARM_GCC_541\Debug\main.o (Timer_10ms_Start)
.\CortexM3\ARM_GCC_541\Debug\F1-TestFixture.a(isr_Timer_10ms.o)
                              .\CortexM3\ARM_GCC_541\Debug\main.o (isr_Timer_10ms_Start)
.\CortexM3\ARM_GCC_541\Debug\F1-TestFixture.a(Timer_50ms.o)
                              .\CortexM3\ARM_GCC_541\Debug\main.o (Timer_50ms_Start)
.\CortexM3\ARM_GCC_541\Debug\F1-TestFixture.a(isr_Timer_50ms.o)
                              .\CortexM3\ARM_GCC_541\Debug\main.o (isr_Timer_50ms_Start)
.\CortexM3\ARM_GCC_541\Debug\F1-TestFixture.a(CyBootAsmGnu.o)
                              .\CortexM3\ARM_GCC_541\Debug\cyfitter_cfg.o (CyDelayCycles)
.\CortexM3\ARM_GCC_541\Debug\F1-TestFixture.a(CyFlash.o)
                              .\CortexM3\ARM_GCC_541\Debug\F1-TestFixture.a(cyPm.o) (CyFlash_SetWaitCycles)
.\CortexM3\ARM_GCC_541\Debug\F1-TestFixture.a(CySpc.o)
                              .\CortexM3\ARM_GCC_541\Debug\F1-TestFixture.a(CyFlash.o) (CySpcStart)
c:/program files (x86)/cypress/psoc creator/4.3/psoc creator/import/gnu/arm/5.4.1/bin/../lib/gcc/arm-none-eabi/5.4.1/../../../../arm-none-eabi/lib/armv7-m\libg_nano.a(lib_a-errno.o)
                              .\CortexM3\ARM_GCC_541\Debug\Cm3Start.o (__errno)
c:/program files (x86)/cypress/psoc creator/4.3/psoc creator/import/gnu/arm/5.4.1/bin/../lib/gcc/arm-none-eabi/5.4.1/../../../../arm-none-eabi/lib/armv7-m\libg_nano.a(lib_a-exit.o)
                              c:/program files (x86)/cypress/psoc creator/4.3/psoc creator/import/gnu/arm/5.4.1/bin/../lib/gcc/arm-none-eabi/5.4.1/../../../../arm-none-eabi/lib/armv7-m/crt0.o (exit)
c:/program files (x86)/cypress/psoc creator/4.3/psoc creator/import/gnu/arm/5.4.1/bin/../lib/gcc/arm-none-eabi/5.4.1/../../../../arm-none-eabi/lib/armv7-m\libg_nano.a(lib_a-impure.o)
                              c:/program files (x86)/cypress/psoc creator/4.3/psoc creator/import/gnu/arm/5.4.1/bin/../lib/gcc/arm-none-eabi/5.4.1/../../../../arm-none-eabi/lib/armv7-m\libg_nano.a(lib_a-exit.o) (_global_impure_ptr)
c:/program files (x86)/cypress/psoc creator/4.3/psoc creator/import/gnu/arm/5.4.1/bin/../lib/gcc/arm-none-eabi/5.4.1/../../../../arm-none-eabi/lib/armv7-m\libg_nano.a(lib_a-init.o)
                              c:/program files (x86)/cypress/psoc creator/4.3/psoc creator/import/gnu/arm/5.4.1/bin/../lib/gcc/arm-none-eabi/5.4.1/../../../../arm-none-eabi/lib/armv7-m/crt0.o (__libc_init_array)
[...]
Memory Configuration

Name             Origin             Length             Attributes
rom              0x00000000         0x00020000         xr
ram              0x1fffc000         0x00008000         xrw
*default*        0x00000000         0xffffffff

Linker script and memory map

LOAD c:/program files (x86)/cypress/psoc creator/4.3/psoc creator/import/gnu/arm/5.4.1/bin/../lib/gcc/arm-none-eabi/5.4.1/armv7-m/crti.o
LOAD c:/program files (x86)/cypress/psoc creator/4.3/psoc creator/import/gnu/arm/5.4.1/bin/../lib/gcc/arm-none-eabi/5.4.1/armv7-m/crtbegin.o
LOAD c:/program files (x86)/cypress/psoc creator/4.3/psoc creator/import/gnu/arm/5.4.1/bin/../lib/gcc/arm-none-eabi/5.4.1/../../../../arm-none-eabi/lib/armv7-m/crt0.o
START GROUP
LOAD .\CortexM3\ARM_GCC_541\Debug\main.o
LOAD .\CortexM3\ARM_GCC_541\Debug\ControllerTest.o
LOAD .\CortexM3\ARM_GCC_541\Debug\UART_230400_Functions.o
LOAD .\CortexM3\ARM_GCC_541\Debug\SirenTest.o
LOAD .\CortexM3\ARM_GCC_541\Debug\RelayTest.o
LOAD .\CortexM3\ARM_GCC_541\Debug\UART_460800_Functions.o
LOAD .\CortexM3\ARM_GCC_541\Debug\UART_115200_Functions.o
LOAD .\CortexM3\ARM_GCC_541\Debug\CD4051BPW_Driver.o
LOAD .\CortexM3\ARM_GCC_541\Debug\cyfitter_cfg.o
LOAD .\CortexM3\ARM_GCC_541\Debug\cymetadata.o
LOAD .\CortexM3\ARM_GCC_541\Debug\Cm3Start.o
LOAD .\CortexM3\ARM_GCC_541\Debug\F1-TestFixture.a
LOAD C:\Program Files (x86)\Cypress\PSoC Creator\4.3\PSoC Creator\psoc\content\cycomponentlibrary\CyComponentLibrary.cylib\CortexM3\ARM_GCC_541\Debug\CyComponentLibrary.a
END GROUP
START GROUP
LOAD c:/program files (x86)/cypress/psoc creator/4.3/psoc creator/import/gnu/arm/5.4.1/bin/../lib/gcc/arm-none-eabi/5.4.1/armv7-m\libgcc.a
LOAD c:/program files (x86)/cypress/psoc creator/4.3/psoc creator/import/gnu/arm/5.4.1/bin/../lib/gcc/arm-none-eabi/5.4.1/../../../../arm-none-eabi/lib/armv7-m\libg_nano.a
LOAD c:/program files (x86)/cypress/psoc creator/4.3/psoc creator/import/gnu/arm/5.4.1/bin/../lib/gcc/arm-none-eabi/5.4.1/../../../../arm-none-eabi/lib/armv7-m\libc_nano.a
END GROUP
START GROUP
LOAD c:/program files (x86)/cypress/psoc creator/4.3/psoc creator/import/gnu/arm/5.4.1/bin/../lib/gcc/arm-none-eabi/5.4.1/armv7-m\libgcc.a
LOAD c:/program files (x86)/cypress/psoc creator/4.3/psoc creator/import/gnu/arm/5.4.1/bin/../lib/gcc/arm-none-eabi/5.4.1/../../../../arm-none-eabi/lib/armv7-m\libc_nano.a
END GROUP
LOAD c:/program files (x86)/cypress/psoc creator/4.3/psoc creator/import/gnu/arm/5.4.1/bin/../lib/gcc/arm-none-eabi/5.4.1/armv7-m/crtend.o
LOAD c:/program files (x86)/cypress/psoc creator/4.3/psoc creator/import/gnu/arm/5.4.1/bin/../lib/gcc/arm-none-eabi/5.4.1/armv7-m/crtn.o
START GROUP
LOAD c:/program files (x86)/cypress/psoc creator/4.3/psoc creator/import/gnu/arm/5.4.1/bin/../lib/gcc/arm-none-eabi/5.4.1/armv7-m\libgcc.a
LOAD c:/program files (x86)/cypress/psoc creator/4.3/psoc creator/import/gnu/arm/5.4.1/bin/../lib/gcc/arm-none-eabi/5.4.1/../../../../arm-none-eabi/lib/armv7-m\libc.a
LOAD c:/program files (x86)/cypress/psoc creator/4.3/psoc creator/import/gnu/arm/5.4.1/bin/../lib/gcc/arm-none-eabi/5.4.1/../../../../arm-none-eabi/lib/armv7-m\libnosys.a
END GROUP
                0x00000000                CY_APPL_ORIGIN = 0x0
                0x00000100                CY_FLASH_ROW_SIZE = 0x100
                0x00000020                CY_ECC_ROW_SIZE = 0x20
                0x00000000                CY_EE_IN_BTLDR = 0x0
                0x00000000                CY_APPL_LOADABLE = 0x0
                0x00000800                CY_EE_SIZE = 0x800
                0x00000001                CY_APPL_NUM = 0x1
                0x00000001                CY_APPL_MAX = 0x1
                0x00000040                CY_METADATA_SIZE = 0x40
                0x00000000                CY_APPL_LOADABLE = 0x0
                0x00000000                CY_CHECKSUM_EXCLUDE_SIZE = ALIGN (0x0, CY_FLASH_ROW_SIZE)
                [!provide]                PROVIDE (__cy_heap_start, _end)
                0x00000001                PROVIDE (__cy_region_num, ((__cy_regions_end - __cy_regions) / 0x10))
                0x20004000                PROVIDE (__cy_stack, (ORIGIN (ram) + LENGTH (ram)))
                [!provide]                PROVIDE (__cy_heap_end, (__cy_stack - 0x800))

.cybootloader   0x00000000        0x0
 *(.cybootloader)
                0x00000000                appl1_start = CY_APPL_ORIGIN?CY_APPL_ORIGIN:ALIGN (CY_FLASH_ROW_SIZE)
                0x0000ff00                appl2_start = (appl1_start + ALIGN ((((LENGTH (rom) - appl1_start) - (0x2 * CY_FLASH_ROW_SIZE)) / 0x2), CY_FLASH_ROW_SIZE))
                0x00000000                appl_start = (CY_APPL_NUM == 0x1)?appl1_start:appl2_start
                0x00000000                ecc_offset = ((appl_start / CY_FLASH_ROW_SIZE) * CY_ECC_ROW_SIZE)
                0x00000000                ee_offset = (CY_APPL_LOADABLE && ! (CY_EE_IN_BTLDR))?((CY_EE_SIZE / CY_APPL_MAX) * (CY_APPL_NUM - 0x1)):0x0
                0x00000800                ee_size = (CY_APPL_LOADABLE && ! (CY_EE_IN_BTLDR))?(CY_EE_SIZE / CY_APPL_MAX):CY_EE_SIZE
                [!provide]                PROVIDE (CY_ECC_OFFSET, ecc_offset)

.text           0x00000000     0x256e
 CREATE_OBJECT_SYMBOLS
                0x00000000                PROVIDE (__cy_interrupt_vector, RomVectors)
 *(.romvectors)
 .romvectors    0x00000000       0x10 .\CortexM3\ARM_GCC_541\Debug\Cm3Start.o
                0x00000000                RomVectors
                0x00000001                ASSERT ((. != __cy_interrupt_vector), No interrupt vector)
                0x00000001                ASSERT (CY_APPL_ORIGIN?(SIZEOF (.cybootloader) <= CY_APPL_ORIGIN):0x1, Wrong image location)
                0x00000010                PROVIDE (__cy_reset, Reset)
 *(.text.Reset)
 .text.Reset    0x00000010       0x18 .\CortexM3\ARM_GCC_541\Debug\Cm3Start.o
                0x00000010                Reset
                0x00000001                ASSERT ((. != __cy_reset), No reset code)
 *(.dma_init)
                0x00000001                ASSERT ((((appl_start + .) <= 0x10000) || 0x1), DMA Init must be within the first 64k of flash)
 *(.text .text.* .gnu.linkonce.t.*)
 .text          0x00000028       0x5c c:/program files (x86)/cypress/psoc creator/4.3/psoc creator/import/gnu/arm/5.4.1/bin/../lib/gcc/arm-none-eabi/5.4.1/armv7-m/crtbegin.o
 .text.main     0x00000084       0x30 .\CortexM3\ARM_GCC_541\Debug\main.o
                0x00000084                main
 .text.initializePeripherals
                0x000000b4       0x38 .\CortexM3\ARM_GCC_541\Debug\main.o
 .text.ControllerTest
                0x000000ec       0xb0 .\CortexM3\ARM_GCC_541\Debug\ControllerTest.o
                0x000000ec                ControllerTest
 .text.CTest_ReadPowerMode
                0x0000019c       0x1c .\CortexM3\ARM_GCC_541\Debug\ControllerTest.o
                0x0000019c                CTest_ReadPowerMode
 .text.getRxPacket_Controller
                0x000001b8       0x20 .\CortexM3\ARM_GCC_541\Debug\ControllerTest.o
                0x000001b8                getRxPacket_Controller
 .text.CTest_20ms_isr
                0x000001d8        0xc .\CortexM3\ARM_GCC_541\Debug\ControllerTest.o
                0x000001d8                CTest_20ms_isr
 .text.processByteReceivedHandler
                0x000001e4       0x74 .\CortexM3\ARM_GCC_541\Debug\UART_230400_Functions.o
                0x000001e4                processByteReceivedHandler
 .text.detectPacket
                0x00000258      0x2d4 .\CortexM3\ARM_GCC_541\Debug\UART_230400_Functions.o
 .text.ResetPacketSuccess
                0x0000052c       0x28 .\CortexM3\ARM_GCC_541\Debug\UART_230400_Functions.o
                0x0000052c                ResetPacketSuccess
 .text.VerifyPacket_230400
                0x00000554       0x40 .\CortexM3\ARM_GCC_541\Debug\UART_230400_Functions.o
                0x00000554                VerifyPacket_230400
 .text.findpacket
                0x00000594       0x64 .\CortexM3\ARM_GCC_541\Debug\UART_230400_Functions.o
                0x00000594                findpacket
 .text.STest_20ms_isr
                0x000005f8        0xc .\CortexM3\ARM_GCC_541\Debug\SirenTest.o
                0x000005f8                STest_20ms_isr
 .text.RelayTest
                0x00000604      0x468 .\CortexM3\ARM_GCC_541\Debug\RelayTest.o
                0x00000604                RelayTest
 .text.RTest_Test_Outputs
                0x00000a6c       0x94 .\CortexM3\ARM_GCC_541\Debug\RelayTest.o
                0x00000a6c                RTest_Test_Outputs
 .text.RTest_Test_DataLink
                0x00000b00       0x10 .\CortexM3\ARM_GCC_541\Debug\RelayTest.o
                0x00000b00                RTest_Test_DataLink
 .text.RTest_Test_QuadPorts
                0x00000b10       0x28 .\CortexM3\ARM_GCC_541\Debug\RelayTest.o
                0x00000b10                RTest_Test_QuadPorts
 .text.RTest_Test_UART_Siren
                0x00000b38       0x4c .\CortexM3\ARM_GCC_541\Debug\RelayTest.o
                0x00000b38                RTest_Test_UART_Siren
 .text.RTest_Test_Inputs
                0x00000b84       0x50 .\CortexM3\ARM_GCC_541\Debug\RelayTest.o
                0x00000b84                RTest_Test_Inputs
 .text.RTest_Test_Vbatt
                0x00000bd4       0x3c .\CortexM3\ARM_GCC_541\Debug\RelayTest.o
                0x00000bd4                RTest_Test_Vbatt
 .text.RTest_Test_BlockCurrents
                0x00000c10       0x70 .\CortexM3\ARM_GCC_541\Debug\RelayTest.o
                0x00000c10                RTest_Test_BlockCurrents
 .text.RTest_Test_GPS
                0x00000c80       0x10 .\CortexM3\ARM_GCC_541\Debug\RelayTest.o
                0x00000c80                RTest_Test_GPS
 .text.getRxPacket_Relay
                0x00000c90       0x20 .\CortexM3\ARM_GCC_541\Debug\RelayTest.o
                0x00000c90                getRxPacket_Relay
 .text.getTxPacket_Relay
                0x00000cb0       0x20 .\CortexM3\ARM_GCC_541\Debug\RelayTest.o
                0x00000cb0                getTxPacket_Relay
 .text.getTxPacket_RelaySiren
                0x00000cd0       0x20 .\CortexM3\ARM_GCC_541\Debug\RelayTest.o
                0x00000cd0                getTxPacket_RelaySiren
 .text.RTest_sendDiagPacket
                0x00000cf0       0x5c .\CortexM3\ARM_GCC_541\Debug\RelayTest.o
                0x00000cf0                RTest_sendDiagPacket
 .text.RTest_BlockCurrent
                0x00000d4c       0x7c .\CortexM3\ARM_GCC_541\Debug\RelayTest.o
                0x00000d4c                RTest_BlockCurrent
 .text.RTest_10ms_isr
                0x00000dc8       0x1c .\CortexM3\ARM_GCC_541\Debug\RelayTest.o
                0x00000dc8                RTest_10ms_isr
 .text.RTest_20ms_isr
                0x00000de4       0x68 .\CortexM3\ARM_GCC_541\Debug\RelayTest.o
                0x00000de4                RTest_20ms_isr
 .text.SetRelayOutputs
                0x00000e4c       0x70 .\CortexM3\ARM_GCC_541\Debug\RelayTest.o
                0x00000e4c                SetRelayOutputs
 .text.processByteReceivedHandler_460800
                0x00000ebc       0x60 .\CortexM3\ARM_GCC_541\Debug\UART_460800_Functions.o
                0x00000ebc                processByteReceivedHandler_460800
 .text.detectPacket
                0x00000f1c      0x298 .\CortexM3\ARM_GCC_541\Debug\UART_460800_Functions.o
 .text.VerifyPacket_460800
                0x000011b4       0x2c .\CortexM3\ARM_GCC_541\Debug\UART_460800_Functions.o
                0x000011b4                VerifyPacket_460800
 .text.sendPacketToRelay_Quad
                0x000011e0       0x4c .\CortexM3\ARM_GCC_541\Debug\UART_460800_Functions.o
                0x000011e0                sendPacketToRelay_Quad
 .text.CYMEMZERO
                0x0000122c       0x1c .\CortexM3\ARM_GCC_541\Debug\cyfitter_cfg.o
 .text.CYCONFIGCPY
                0x00001248       0x20 .\CortexM3\ARM_GCC_541\Debug\cyfitter_cfg.o
 .text.CyClockStartupError
                0x00001268        0xc .\CortexM3\ARM_GCC_541\Debug\cyfitter_cfg.o
 .text.cfg_write_bytes32
                0x00001274       0x74 .\CortexM3\ARM_GCC_541\Debug\cyfitter_cfg.o
 .text.ClockSetup
                0x000012e8      0x144 .\CortexM3\ARM_GCC_541\Debug\cyfitter_cfg.o
 .text.AnalogSetDefault
                0x0000142c       0x44 .\CortexM3\ARM_GCC_541\Debug\cyfitter_cfg.o
 .text.cyfitter_cfg
                0x00001470      0x16c .\CortexM3\ARM_GCC_541\Debug\cyfitter_cfg.o
                0x00001470                cyfitter_cfg
 .text.IntDefaultHandler
                0x000015dc       0x14 .\CortexM3\ARM_GCC_541\Debug\Cm3Start.o
                0x000015dc                IntDefaultHandler
 .text.Start_c  0x000015f0       0x98 .\CortexM3\ARM_GCC_541\Debug\Cm3Start.o
                0x000015f0                Start_c
 .text.initialize_psoc
                0x00001688       0x90 .\CortexM3\ARM_GCC_541\Debug\Cm3Start.o
                0x00001688                initialize_psoc
 .text.CyHalt   0x00001718       0x18 .\CortexM3\ARM_GCC_541\Debug\F1-TestFixture.a(CyLib.o)
                0x00001718                CyHalt
 .text.CyDelay  0x00001730       0x44 .\CortexM3\ARM_GCC_541\Debug\F1-TestFixture.a(CyLib.o)
                0x00001730                CyDelay
 .text.CyIntSetVector
                0x00001774       0x50 .\CortexM3\ARM_GCC_541\Debug\F1-TestFixture.a(CyLib.o)
                0x00001774                CyIntSetVector
 .text.CyIntSetPriority
                0x000017c4       0x48 .\CortexM3\ARM_GCC_541\Debug\F1-TestFixture.a(CyLib.o)
                0x000017c4                CyIntSetPriority
 .text.isr_UART_230400_Start
                0x0000180c       0x20 .\CortexM3\ARM_GCC_541\Debug\F1-TestFixture.a(isr_UART_230400.o)
                0x0000180c                isr_UART_230400_Start
 .text.isr_UART_230400_Interrupt
                0x0000182c        0xc .\CortexM3\ARM_GCC_541\Debug\F1-TestFixture.a(isr_UART_230400.o)
                0x0000182c                isr_UART_230400_Interrupt
 .text.isr_UART_230400_SetVector
                0x00001838       0x24 .\CortexM3\ARM_GCC_541\Debug\F1-TestFixture.a(isr_UART_230400.o)
                0x00001838                isr_UART_230400_SetVector
 .text.isr_UART_230400_SetPriority
                0x0000185c       0x24 .\CortexM3\ARM_GCC_541\Debug\F1-TestFixture.a(isr_UART_230400.o)
                0x0000185c                isr_UART_230400_SetPriority
 .text.isr_UART_230400_Enable
                0x00001880       0x18 .\CortexM3\ARM_GCC_541\Debug\F1-TestFixture.a(isr_UART_230400.o)
                0x00001880                isr_UART_230400_Enable
 .text.isr_UART_230400_Disable
                0x00001898       0x18 .\CortexM3\ARM_GCC_541\Debug\F1-TestFixture.a(isr_UART_230400.o)
                0x00001898                isr_UART_230400_Disable
 .text.UART_230400_Start
                0x000018b0       0x24 .\CortexM3\ARM_GCC_541\Debug\F1-TestFixture.a(UART_230400.o)
                0x000018b0                UART_230400_Start
 .text.UART_230400_Init
                0x000018d4       0x50 .\CortexM3\ARM_GCC_541\Debug\F1-TestFixture.a(UART_230400.o)
                0x000018d4                UART_230400_Init
 .text.UART_230400_Enable
                0x00001924       0x74 .\CortexM3\ARM_GCC_541\Debug\F1-TestFixture.a(UART_230400.o)
                0x00001924                UART_230400_Enable
 .text.UART_230400_ReadRxStatus
                0x00001998       0x24 .\CortexM3\ARM_GCC_541\Debug\F1-TestFixture.a(UART_230400.o)
                0x00001998                UART_230400_ReadRxStatus
 .text.UART_230400_GetChar
                0x000019bc       0x44 .\CortexM3\ARM_GCC_541\Debug\F1-TestFixture.a(UART_230400.o)
                0x000019bc                UART_230400_GetChar
 .text.UART_230400_PutChar
                0x00001a00       0xbc .\CortexM3\ARM_GCC_541\Debug\F1-TestFixture.a(UART_230400.o)
                0x00001a00                UART_230400_PutChar
 .text.UART_230400_PutArray
                0x00001abc       0x44 .\CortexM3\ARM_GCC_541\Debug\F1-TestFixture.a(UART_230400.o)
                0x00001abc                UART_230400_PutArray
 .text.UART_230400_TXISR
                0x00001b00       0x70 .\CortexM3\ARM_GCC_541\Debug\F1-TestFixture.a(UART_230400_INT.o)
                0x00001b00                UART_230400_TXISR
 .text.UART_230400_IntClock_Start
                0x00001b70       0x34 .\CortexM3\ARM_GCC_541\Debug\F1-TestFixture.a(UART_230400_IntClock.o)
                0x00001b70                UART_230400_IntClock_Start
 .text.RS485_RX_EN_Write
                0x00001ba4       0x3c .\CortexM3\ARM_GCC_541\Debug\F1-TestFixture.a(RS485_RX_EN.o)
                0x00001ba4                RS485_RX_EN_Write
 .text.MUX_CTRL_230400_Write
                0x00001be0       0x20 .\CortexM3\ARM_GCC_541\Debug\F1-TestFixture.a(MUX_CTRL_230400.o)
                0x00001be0                MUX_CTRL_230400_Write
 .text.Timer_20ms_Init
                0x00001c00       0xa0 .\CortexM3\ARM_GCC_541\Debug\F1-TestFixture.a(Timer_20ms.o)
                0x00001c00                Timer_20ms_Init
 .text.Timer_20ms_Enable
                0x00001ca0       0x48 .\CortexM3\ARM_GCC_541\Debug\F1-TestFixture.a(Timer_20ms.o)
                0x00001ca0                Timer_20ms_Enable
 .text.Timer_20ms_Start
                0x00001ce8       0x24 .\CortexM3\ARM_GCC_541\Debug\F1-TestFixture.a(Timer_20ms.o)
                0x00001ce8                Timer_20ms_Start
 .text.Timer_20ms_SetInterruptMode
                0x00001d0c       0x20 .\CortexM3\ARM_GCC_541\Debug\F1-TestFixture.a(Timer_20ms.o)
                0x00001d0c                Timer_20ms_SetInterruptMode
 .text.Timer_20ms_WritePeriod
                0x00001d2c       0x24 .\CortexM3\ARM_GCC_541\Debug\F1-TestFixture.a(Timer_20ms.o)
                0x00001d2c                Timer_20ms_WritePeriod
 .text.Timer_20ms_WriteCounter
                0x00001d50       0x20 .\CortexM3\ARM_GCC_541\Debug\F1-TestFixture.a(Timer_20ms.o)
                0x00001d50                Timer_20ms_WriteCounter
 .text.LED_EN_Write
                0x00001d70       0x3c .\CortexM3\ARM_GCC_541\Debug\F1-TestFixture.a(LED_EN.o)
                0x00001d70                LED_EN_Write
 .text.isr_Timer_20ms_Start
                0x00001dac       0x20 .\CortexM3\ARM_GCC_541\Debug\F1-TestFixture.a(isr_Timer_20ms.o)
                0x00001dac                isr_Timer_20ms_Start
 .text.isr_Timer_20ms_Interrupt
                0x00001dcc       0x14 .\CortexM3\ARM_GCC_541\Debug\F1-TestFixture.a(isr_Timer_20ms.o)
                0x00001dcc                isr_Timer_20ms_Interrupt
 .text.isr_Timer_20ms_SetVector
                0x00001de0       0x24 .\CortexM3\ARM_GCC_541\Debug\F1-TestFixture.a(isr_Timer_20ms.o)
                0x00001de0                isr_Timer_20ms_SetVector
 .text.isr_Timer_20ms_SetPriority
                0x00001e04       0x24 .\CortexM3\ARM_GCC_541\Debug\F1-TestFixture.a(isr_Timer_20ms.o)
                0x00001e04                isr_Timer_20ms_SetPriority
 .text.isr_Timer_20ms_Enable
                0x00001e28       0x18 .\CortexM3\ARM_GCC_541\Debug\F1-TestFixture.a(isr_Timer_20ms.o)
                0x00001e28                isr_Timer_20ms_Enable
 .text.isr_Timer_20ms_Disable
                0x00001e40       0x18 .\CortexM3\ARM_GCC_541\Debug\F1-TestFixture.a(isr_Timer_20ms.o)
                0x00001e40                isr_Timer_20ms_Disable
 .text.DEMUX_CTRL_230400_Write
                0x00001e58       0x20 .\CortexM3\ARM_GCC_541\Debug\F1-TestFixture.a(DEMUX_CTRL_230400.o)
                0x00001e58                DEMUX_CTRL_230400_Write
 .text.isr_UART_460800_Start
                0x00001e78       0x20 .\CortexM3\ARM_GCC_541\Debug\F1-TestFixture.a(isr_UART_460800.o)
                0x00001e78                isr_UART_460800_Start
 .text.isr_UART_460800_Interrupt
                0x00001e98        0xc .\CortexM3\ARM_GCC_541\Debug\F1-TestFixture.a(isr_UART_460800.o)
                0x00001e98                isr_UART_460800_Interrupt
 .text.isr_UART_460800_SetVector
                0x00001ea4       0x24 .\CortexM3\ARM_GCC_541\Debug\F1-TestFixture.a(isr_UART_460800.o)
                0x00001ea4                isr_UART_460800_SetVector
 .text.isr_UART_460800_SetPriority
                0x00001ec8       0x24 .\CortexM3\ARM_GCC_541\Debug\F1-TestFixture.a(isr_UART_460800.o)
                0x00001ec8                isr_UART_460800_SetPriority
 .text.isr_UART_460800_Enable
                0x00001eec       0x18 .\CortexM3\ARM_GCC_541\Debug\F1-TestFixture.a(isr_UART_460800.o)
                0x00001eec                isr_UART_460800_Enable
 .text.isr_UART_460800_Disable
                0x00001f04       0x18 .\CortexM3\ARM_GCC_541\Debug\F1-TestFixture.a(isr_UART_460800.o)
                0x00001f04                isr_UART_460800_Disable
 .text.UART_460800_Start
                0x00001f1c       0x24 .\CortexM3\ARM_GCC_541\Debug\F1-TestFixture.a(UART_460800.o)
                0x00001f1c                UART_460800_Start
 .text.UART_460800_Init
                0x00001f40       0x40 .\CortexM3\ARM_GCC_541\Debug\F1-TestFixture.a(UART_460800.o)
                0x00001f40                UART_460800_Init
 .text.UART_460800_Enable
                0x00001f80       0x60 .\CortexM3\ARM_GCC_541\Debug\F1-TestFixture.a(UART_460800.o)
                0x00001f80                UART_460800_Enable
 .text.UART_460800_ReadRxStatus
                0x00001fe0       0x24 .\CortexM3\ARM_GCC_541\Debug\F1-TestFixture.a(UART_460800.o)
                0x00001fe0                UART_460800_ReadRxStatus
 .text.UART_460800_GetChar
                0x00002004       0x44 .\CortexM3\ARM_GCC_541\Debug\F1-TestFixture.a(UART_460800.o)
                0x00002004                UART_460800_GetChar
 .text.UART_460800_WriteTxData
                0x00002048       0x2c .\CortexM3\ARM_GCC_541\Debug\F1-TestFixture.a(UART_460800.o)
                0x00002048                UART_460800_WriteTxData
 .text.UART_460800_IntClock_Start
                0x00002074       0x34 .\CortexM3\ARM_GCC_541\Debug\F1-TestFixture.a(UART_460800_IntClock.o)
                0x00002074                UART_460800_IntClock_Start
 .text.Timer_10ms_Init
                0x000020a8       0x9c .\CortexM3\ARM_GCC_541\Debug\F1-TestFixture.a(Timer_10ms.o)
                0x000020a8                Timer_10ms_Init
 .text.Timer_10ms_Enable
                0x00002144       0x48 .\CortexM3\ARM_GCC_541\Debug\F1-TestFixture.a(Timer_10ms.o)
                0x00002144                Timer_10ms_Enable
 .text.Timer_10ms_Start
                0x0000218c       0x24 .\CortexM3\ARM_GCC_541\Debug\F1-TestFixture.a(Timer_10ms.o)
                0x0000218c                Timer_10ms_Start
 .text.Timer_10ms_SetInterruptMode
                0x000021b0       0x20 .\CortexM3\ARM_GCC_541\Debug\F1-TestFixture.a(Timer_10ms.o)
                0x000021b0                Timer_10ms_SetInterruptMode
 .text.Timer_10ms_WritePeriod
                0x000021d0       0x24 .\CortexM3\ARM_GCC_541\Debug\F1-TestFixture.a(Timer_10ms.o)
                0x000021d0                Timer_10ms_WritePeriod
 .text.Timer_10ms_WriteCounter
                0x000021f4       0x20 .\CortexM3\ARM_GCC_541\Debug\F1-TestFixture.a(Timer_10ms.o)
                0x000021f4                Timer_10ms_WriteCounter
 .text.isr_Timer_10ms_Start
                0x00002214       0x20 .\CortexM3\ARM_GCC_541\Debug\F1-TestFixture.a(isr_Timer_10ms.o)
                0x00002214                isr_Timer_10ms_Start
 .text.isr_Timer_10ms_Interrupt
                0x00002234        0xc .\CortexM3\ARM_GCC_541\Debug\F1-TestFixture.a(isr_Timer_10ms.o)
                0x00002234                isr_Timer_10ms_Interrupt
 .text.isr_Timer_10ms_SetVector
                0x00002240       0x24 .\CortexM3\ARM_GCC_541\Debug\F1-TestFixture.a(isr_Timer_10ms.o)
                0x00002240                isr_Timer_10ms_SetVector
 .text.isr_Timer_10ms_SetPriority
                0x00002264       0x24 .\CortexM3\ARM_GCC_541\Debug\F1-TestFixture.a(isr_Timer_10ms.o)
                0x00002264                isr_Timer_10ms_SetPriority
 .text.isr_Timer_10ms_Enable
                0x00002288       0x18 .\CortexM3\ARM_GCC_541\Debug\F1-TestFixture.a(isr_Timer_10ms.o)
                0x00002288                isr_Timer_10ms_Enable
 .text.isr_Timer_10ms_Disable
                0x000022a0       0x18 .\CortexM3\ARM_GCC_541\Debug\F1-TestFixture.a(isr_Timer_10ms.o)
                0x000022a0                isr_Timer_10ms_Disable
 .text.Timer_50ms_Init
                0x000022b8       0xa0 .\CortexM3\ARM_GCC_541\Debug\F1-TestFixture.a(Timer_50ms.o)
                0x000022b8                Timer_50ms_Init
 .text.Timer_50ms_Enable
                0x00002358       0x48 .\CortexM3\ARM_GCC_541\Debug\F1-TestFixture.a(Timer_50ms.o)
                0x00002358                Timer_50ms_Enable
 .text.Timer_50ms_Start
                0x000023a0       0x24 .\CortexM3\ARM_GCC_541\Debug\F1-TestFixture.a(Timer_50ms.o)
                0x000023a0                Timer_50ms_Start
 .text.Timer_50ms_SetInterruptMode
                0x000023c4       0x20 .\CortexM3\ARM_GCC_541\Debug\F1-TestFixture.a(Timer_50ms.o)
                0x000023c4                Timer_50ms_SetInterruptMode
 .text.Timer_50ms_WritePeriod
                0x000023e4       0x24 .\CortexM3\ARM_GCC_541\Debug\F1-TestFixture.a(Timer_50ms.o)
                0x000023e4                Timer_50ms_WritePeriod
 .text.Timer_50ms_WriteCounter
                0x00002408       0x20 .\CortexM3\ARM_GCC_541\Debug\F1-TestFixture.a(Timer_50ms.o)
                0x00002408                Timer_50ms_WriteCounter
 .text.isr_Timer_50ms_Start
                0x00002428       0x20 .\CortexM3\ARM_GCC_541\Debug\F1-TestFixture.a(isr_Timer_50ms.o)
                0x00002428                isr_Timer_50ms_Start
 .text.isr_Timer_50ms_Interrupt
                0x00002448        0xc .\CortexM3\ARM_GCC_541\Debug\F1-TestFixture.a(isr_Timer_50ms.o)
                0x00002448                isr_Timer_50ms_Interrupt
 .text.isr_Timer_50ms_SetVector
                0x00002454       0x24 .\CortexM3\ARM_GCC_541\Debug\F1-TestFixture.a(isr_Timer_50ms.o)
                0x00002454                isr_Timer_50ms_SetVector
 .text.isr_Timer_50ms_SetPriority
                0x00002478       0x24 .\CortexM3\ARM_GCC_541\Debug\F1-TestFixture.a(isr_Timer_50ms.o)
                0x00002478                isr_Timer_50ms_SetPriority
 .text.isr_Timer_50ms_Enable
                0x0000249c       0x18 .\CortexM3\ARM_GCC_541\Debug\F1-TestFixture.a(isr_Timer_50ms.o)
                0x0000249c                isr_Timer_50ms_Enable
 .text.isr_Timer_50ms_Disable
                0x000024b4       0x18 .\CortexM3\ARM_GCC_541\Debug\F1-TestFixture.a(isr_Timer_50ms.o)
                0x000024b4                isr_Timer_50ms_Disable
 *fill*         0x000024cc        0x4 
 .text          0x000024d0       0x20 .\CortexM3\ARM_GCC_541\Debug\F1-TestFixture.a(CyBootAsmGnu.o)
                0x000024d0                CyDelayCycles
                0x000024e0                CyEnterCriticalSection
                0x000024e8                CyExitCriticalSection
 .text.__errno  0x000024f0        0xc c:/program files (x86)/cypress/psoc creator/4.3/psoc creator/import/gnu/arm/5.4.1/bin/../lib/gcc/arm-none-eabi/5.4.1/../../../../arm-none-eabi/lib/armv7-m\libg_nano.a(lib_a-errno.o)
                0x000024f0                __errno
 .text.__libc_init_array
                0x000024fc       0x4c c:/program files (x86)/cypress/psoc creator/4.3/psoc creator/import/gnu/arm/5.4.1/bin/../lib/gcc/arm-none-eabi/5.4.1/../../../../arm-none-eabi/lib/armv7-m\libg_nano.a(lib_a-init.o)
                0x000024fc                __libc_init_array
 .text.memcpy   0x00002548       0x16 c:/program files (x86)/cypress/psoc creator/4.3/psoc creator/import/gnu/arm/5.4.1/bin/../lib/gcc/arm-none-eabi/5.4.1/../../../../arm-none-eabi/lib/armv7-m\libg_nano.a(lib_a-memcpy-stub.o)
                0x00002548                memcpy
 .text.memset   0x0000255e       0x10 c:/program files (x86)/cypress/psoc creator/4.3/psoc creator/import/gnu/arm/5.4.1/bin/../lib/gcc/arm-none-eabi/5.4.1/../../../../arm-none-eabi/lib/armv7-m\libg_nano.a(lib_a-memset.o)
                0x0000255e                memset
 *(.plt)
 *(.gnu.warning)
 *(.glue_7t)
 .glue_7t       0x0000256e        0x0 linker stubs
 *(.glue_7)
 .glue_7        0x0000256e        0x0 linker stubs
 *(.vfp11_veneer)
 .vfp11_veneer  0x0000256e        0x0 linker stubs
 *(.bootloader)
 *(.ARM.extab* .gnu.linkonce.armextab.*)
 *(.gcc_except_table)

.v4_bx          0x00002570        0x0
 .v4_bx         0x00002570        0x0 linker stubs

.iplt           0x00002570        0x0
 .iplt          0x00002570        0x0 c:/program files (x86)/cypress/psoc creator/4.3/psoc creator/import/gnu/arm/5.4.1/bin/../lib/gcc/arm-none-eabi/5.4.1/armv7-m/crtbegin.o

.eh_frame_hdr
 *(.eh_frame_hdr)

.eh_frame       0x00002570        0x4
 *(.eh_frame)
 .eh_frame      0x00002570        0x0 c:/program files (x86)/cypress/psoc creator/4.3/psoc creator/import/gnu/arm/5.4.1/bin/../lib/gcc/arm-none-eabi/5.4.1/armv7-m/crtbegin.o
 .eh_frame      0x00002570        0x4 c:/program files (x86)/cypress/psoc creator/4.3/psoc creator/import/gnu/arm/5.4.1/bin/../lib/gcc/arm-none-eabi/5.4.1/armv7-m/crtend.o
                [!provide]                PROVIDE (__exidx_start, .)

.ARM.exidx
 *(.ARM.exidx* .gnu.linkonce.armexidx.*)
                0x00002574                __exidx_end = .

.rodata         0x00002574       0x7c
 *(.rodata .rodata.* .gnu.linkonce.r.*)
 .rodata        0x00002574       0x46 .\CortexM3\ARM_GCC_541\Debug\cyfitter_cfg.o
 .rodata.str1.1
                0x000025ba        0x2 c:/program files (x86)/cypress/psoc creator/4.3/psoc creator/import/gnu/arm/5.4.1/bin/../lib/gcc/arm-none-eabi/5.4.1/../../../../arm-none-eabi/lib/armv7-m\libg_nano.a(lib_a-impure.o)
                0x000025bc                . = ALIGN (0x4)
 *(.init)
 .init          0x000025bc        0x4 c:/program files (x86)/cypress/psoc creator/4.3/psoc creator/import/gnu/arm/5.4.1/bin/../lib/gcc/arm-none-eabi/5.4.1/armv7-m/crti.o
                0x000025bc                _init
 .init          0x000025c0        0x8 c:/program files (x86)/cypress/psoc creator/4.3/psoc creator/import/gnu/arm/5.4.1/bin/../lib/gcc/arm-none-eabi/5.4.1/armv7-m/crtn.o
                0x000025c8                . = ALIGN (0x4)
                0x000025c8                __preinit_array_start = .
 *(.preinit_array)
                0x000025c8                __preinit_array_end = .
                0x000025c8                . = ALIGN (0x4)
                0x000025c8                __init_array_start = .
 *(SORT(.init_array.*))
 *(.init_array)
 .init_array    0x000025c8        0x4 c:/program files (x86)/cypress/psoc creator/4.3/psoc creator/import/gnu/arm/5.4.1/bin/../lib/gcc/arm-none-eabi/5.4.1/armv7-m/crtbegin.o
 .init_array    0x000025cc        0x4 .\CortexM3\ARM_GCC_541\Debug\Cm3Start.o
                0x000025d0                __init_array_end = .
                0x000025d0                . = ALIGN (0x4)
 *(.fini)
 .fini          0x000025d0        0x4 c:/program files (x86)/cypress/psoc creator/4.3/psoc creator/import/gnu/arm/5.4.1/bin/../lib/gcc/arm-none-eabi/5.4.1/armv7-m/crti.o
                0x000025d0                _fini
 .fini          0x000025d4        0x8 c:/program files (x86)/cypress/psoc creator/4.3/psoc creator/import/gnu/arm/5.4.1/bin/../lib/gcc/arm-none-eabi/5.4.1/armv7-m/crtn.o
                0x000025dc                . = ALIGN (0x4)
                0x000025dc                __fini_array_start = .
 *(.fini_array)
 .fini_array    0x000025dc        0x4 c:/program files (x86)/cypress/psoc creator/4.3/psoc creator/import/gnu/arm/5.4.1/bin/../lib/gcc/arm-none-eabi/5.4.1/armv7-m/crtbegin.o
 *(SORT(.fini_array.*))
                0x000025e0                __fini_array_end = .
                0x000025e0                . = ALIGN (0x4)
 *crtbegin.o(.ctors)
 *(EXCLUDE_FILE(*crtend.o) .ctors)
 *(SORT(.ctors.*))
 *crtend.o(.ctors)
                0x000025e0                . = ALIGN (0x4)
 *crtbegin.o(.dtors)
 *(EXCLUDE_FILE(*crtend.o) .dtors)
 *(SORT(.dtors.*))
 *crtend.o(.dtors)
                0x000025e0                . = ALIGN (0x4)
                0x000025e0                __cy_regions = .
                0x000025e0        0x4 LONG 0x25f0 __cy_region_init_ram
                0x000025e4        0x4 LONG 0x1fffc0c8 __cy_region_start_data
                0x000025e8        0x4 LONG 0xa8 __cy_region_init_size_ram
                0x000025ec        0x4 LONG 0x940 __cy_region_zero_size_ram
                0x000025f0                __cy_regions_end = .
                0x000025f0                . = ALIGN (0x8)
                0x000025f0                _etext = .

.cy_checksum_exclude
                0x000025f0        0x0
 *(.cy_checksum_exclude)

.ramvectors     0x1fffc000       0xc0
                0x1fffc000                __cy_region_start_ram = .
 *(.ramvectors)
 .ramvectors    0x1fffc000       0xc0 .\CortexM3\ARM_GCC_541\Debug\Cm3Start.o
                0x1fffc000                CyRamVectors

.noinit         0x1fffc0c0        0x5
 *(.noinit)
 .noinit        0x1fffc0c0        0x4 .\CortexM3\ARM_GCC_541\Debug\Cm3Start.o
 .noinit        0x1fffc0c4        0x1 .\CortexM3\ARM_GCC_541\Debug\F1-TestFixture.a(CyLib.o)
                0x1fffc0c4                CyResetStatus

.data           0x1fffc0c8       0xa8 load address 0x000025f0
                0x1fffc0c8                __cy_region_start_data = .
 *(.jcr)
 .jcr           0x1fffc0c8        0x0 c:/program files (x86)/cypress/psoc creator/4.3/psoc creator/import/gnu/arm/5.4.1/bin/../lib/gcc/arm-none-eabi/5.4.1/armv7-m/crtbegin.o
 .jcr           0x1fffc0c8        0x4 c:/program files (x86)/cypress/psoc creator/4.3/psoc creator/import/gnu/arm/5.4.1/bin/../lib/gcc/arm-none-eabi/5.4.1/armv7-m/crtend.o
 *(.got.plt)
 *(.got)
 *(.shdata)
 *(.data .data.* .gnu.linkonce.d.*)
 .data          0x1fffc0cc       0x1a .\CortexM3\ARM_GCC_541\Debug\UART_230400_Functions.o
 *fill*         0x1fffc0e6        0x2 
 .data          0x1fffc0e8       0x14 .\CortexM3\ARM_GCC_541\Debug\UART_460800_Functions.o
 .data          0x1fffc0fc       0x10 .\CortexM3\ARM_GCC_541\Debug\F1-TestFixture.a(CyLib.o)
                0x1fffc0fc                cydelay_freq_hz
                0x1fffc100                cydelay_freq_khz
                0x1fffc104                cydelay_freq_mhz
                0x1fffc108                cydelay_32k_ms
 .data.impure_data
                0x1fffc10c       0x60 c:/program files (x86)/cypress/psoc creator/4.3/psoc creator/import/gnu/arm/5.4.1/bin/../lib/gcc/arm-none-eabi/5.4.1/../../../../arm-none-eabi/lib/armv7-m\libg_nano.a(lib_a-impure.o)
 .data._impure_ptr
                0x1fffc16c        0x4 c:/program files (x86)/cypress/psoc creator/4.3/psoc creator/import/gnu/arm/5.4.1/bin/../lib/gcc/arm-none-eabi/5.4.1/../../../../arm-none-eabi/lib/armv7-m\libg_nano.a(lib_a-impure.o)
                0x1fffc16c                _impure_ptr
                0x1fffc170                . = ALIGN (0x8)
 *(.ram)
                0x1fffc170                _edata = .

.igot.plt       0x1fffc170        0x0 load address 0x00002698
 .igot.plt      0x1fffc170        0x0 c:/program files (x86)/cypress/psoc creator/4.3/psoc creator/import/gnu/arm/5.4.1/bin/../lib/gcc/arm-none-eabi/5.4.1/armv7-m/crtbegin.o

.bss            0x1fffc170      0x940 load address 0x00002698
                0x1fffc170                PROVIDE (__bss_start__, .)
 *(.shbss)
 *(.bss .bss.* .gnu.linkonce.b.*)
 .bss           0x1fffc170       0x1c c:/program files (x86)/cypress/psoc creator/4.3/psoc creator/import/gnu/arm/5.4.1/bin/../lib/gcc/arm-none-eabi/5.4.1/armv7-m/crtbegin.o
 .bss           0x1fffc18c        0x1 .\CortexM3\ARM_GCC_541\Debug\main.o
 *fill*         0x1fffc18d        0x3 
 .bss           0x1fffc190      0x1d4 .\CortexM3\ARM_GCC_541\Debug\ControllerTest.o
 .bss           0x1fffc364      0x10f .\CortexM3\ARM_GCC_541\Debug\UART_230400_Functions.o
 *fill*         0x1fffc473        0x1 
 .bss           0x1fffc474      0x118 .\CortexM3\ARM_GCC_541\Debug\RelayTest.o
 .bss           0x1fffc58c      0x110 .\CortexM3\ARM_GCC_541\Debug\UART_460800_Functions.o
 .bss           0x1fffc69c        0x7 .\CortexM3\ARM_GCC_541\Debug\F1-TestFixture.a(UART_230400.o)
                0x1fffc69c                UART_230400_initVar
                0x1fffc69e                UART_230400_txBufferRead
                0x1fffc6a0                UART_230400_txBufferWrite
 .bss           0x1fffc6a3        0x1 .\CortexM3\ARM_GCC_541\Debug\F1-TestFixture.a(Timer_20ms.o)
                0x1fffc6a3                Timer_20ms_initVar
 .bss           0x1fffc6a4        0x2 .\CortexM3\ARM_GCC_541\Debug\F1-TestFixture.a(UART_460800.o)
                0x1fffc6a4                UART_460800_initVar
 .bss           0x1fffc6a6        0x1 .\CortexM3\ARM_GCC_541\Debug\F1-TestFixture.a(Timer_10ms.o)
                0x1fffc6a6                Timer_10ms_initVar
 .bss           0x1fffc6a7        0x1 .\CortexM3\ARM_GCC_541\Debug\F1-TestFixture.a(Timer_50ms.o)
                0x1fffc6a7                Timer_50ms_initVar
 *(COMMON)
 COMMON         0x1fffc6a8        0x2 .\CortexM3\ARM_GCC_541\Debug\RelayTest.o
                0x1fffc6a8                isr_count
 *fill*         0x1fffc6aa        0x2 
 COMMON         0x1fffc6ac      0x400 .\CortexM3\ARM_GCC_541\Debug\F1-TestFixture.a(UART_230400.o)
                0x1fffc6ac                UART_230400_txBuffer
                0x1fffcab0                . = ALIGN (0x8)
 *fill*         0x1fffcaac        0x4 
 *(.ram.b)
                0x1fffcab0                _end = .
                0x1fffcab0                __end = .
                0x1fffcab0                PROVIDE (end, .)
                0x1fffcab0                PROVIDE (__bss_end__, .)
                0x000025f0                __cy_region_init_ram = LOADADDR (.data)
                0x000000a8                __cy_region_init_size_ram = (_edata - ADDR (.data))
                0x00000940                __cy_region_zero_size_ram = (_end - _edata)

.heap           0x1fffcab0       0x80 load address 0x00002698
                0x1fffcab0                . = _end
                0x1fffcb30                . = (. + 0x80)
 *fill*         0x1fffcab0       0x80 
                0x1fffcb30                __cy_heap_limit = .

.stack          0x20003800      0x800
                0x20003800                __cy_stack_limit = .
                0x20004000                . = (. + 0x800)
 *fill*         0x20003800      0x800 
                0x00000001                ASSERT ((__cy_stack_limit >= __cy_heap_limit), region RAM overflowed with stack)
                0x00000000                cy_checksum_exclude_size = (CY_APPL_LOADABLE == 0x1)?SIZEOF (.cy_checksum_exclude):0x0
                0x00000001                ASSERT ((cy_checksum_exclude_size <= CY_CHECKSUM_EXCLUDE_SIZE), CY_BOOT: Section .cy_checksum_exclude size exceedes specified limit.)

.cyloadermeta
 *(.cyloadermeta)

.cyloadablemeta
 *(.cyloadablemeta)

.cyconfigecc    0x80000000      0x660
 *(.cyconfigecc)
 .cyconfigecc   0x80000000      0x660 .\CortexM3\ARM_GCC_541\Debug\cymetadata.o
                0x80000000                cy_meta_configecc

.cycustnvl      0x90000000        0x4
 *(.cycustnvl)
 .cycustnvl     0x90000000        0x4 .\CortexM3\ARM_GCC_541\Debug\cymetadata.o
                0x90000000                cy_meta_custnvl

.cywolatch      0x90100000        0x4
 *(.cywolatch)
 .cywolatch     0x90100000        0x4 .\CortexM3\ARM_GCC_541\Debug\cymetadata.o
                0x90100000                cy_meta_wonvl

.cyeeprom       0x90200000        0x0
 *(.cyeeprom)
                0x00000001                ASSERT ((. <= ((0x90200000 + ee_offset) + ee_size)), .cyeeprom data will not fit in EEPROM)

.cyflashprotect
                0x90400000       0x80
 *(.cyflashprotect)
 .cyflashprotect
                0x90400000       0x80 .\CortexM3\ARM_GCC_541\Debug\cymetadata.o
                0x90400000                cy_meta_flashprotect

.cymeta         0x90500000        0xc
 *(.cymeta)
 .cymeta        0x90500000        0xc .\CortexM3\ARM_GCC_541\Debug\cymetadata.o
                0x90500000                cy_metadata

.rel.dyn        0x00002698        0x0 load address 0x9050000c
 .rel.iplt      0x00002698        0x0 c:/program files (x86)/cypress/psoc creator/4.3/psoc creator/import/gnu/arm/5.4.1/bin/../lib/gcc/arm-none-eabi/5.4.1/armv7-m/crtbegin.o

.stab
 *(.stab)

.stabstr
 *(.stabstr)

.debug
 *(.debug)

.line
 *(.line)

.debug_srcinfo
 *(.debug_srcinfo)

.debug_sfnames
 *(.debug_sfnames)

.debug_aranges  0x00000000      0xf50
 *(.debug_aranges)
 .debug_aranges
                0x00000000       0x38 .\CortexM3\ARM_GCC_541\Debug\main.o
 .debug_aranges
                0x00000038       0x68 .\CortexM3\ARM_GCC_541\Debug\ControllerTest.o
 .debug_aranges
                0x000000a0       0x48 .\CortexM3\ARM_GCC_541\Debug\UART_230400_Functions.o
 .debug_aranges
                0x000000e8       0x38 .\CortexM3\ARM_GCC_541\Debug\SirenTest.o
 .debug_aranges
                0x00000120       0xb0 .\CortexM3\ARM_GCC_541\Debug\RelayTest.o
 .debug_aranges
                0x000001d0       0x40 .\CortexM3\ARM_GCC_541\Debug\UART_460800_Functions.o
 .debug_aranges
                0x00000210       0x38 .\CortexM3\ARM_GCC_541\Debug\UART_115200_Functions.o
 .debug_aranges
                0x00000248       0x30 .\CortexM3\ARM_GCC_541\Debug\CD4051BPW_Driver.o
 .debug_aranges
                0x00000278       0x60 .\CortexM3\ARM_GCC_541\Debug\cyfitter_cfg.o
 .debug_aranges
                0x000002d8       0x18 .\CortexM3\ARM_GCC_541\Debug\cymetadata.o
 .debug_aranges
                0x000002f0       0x48 .\CortexM3\ARM_GCC_541\Debug\Cm3Start.o
 .debug_aranges
                0x00000338      0x2a0 .\CortexM3\ARM_GCC_541\Debug\F1-TestFixture.a(CyLib.o)
 .debug_aranges
                0x000005d8       0x98 .\CortexM3\ARM_GCC_541\Debug\F1-TestFixture.a(cyPm.o)
 .debug_aranges
                0x00000670       0x80 .\CortexM3\ARM_GCC_541\Debug\F1-TestFixture.a(isr_UART_230400.o)
 .debug_aranges
                0x000006f0       0xf0 .\CortexM3\ARM_GCC_541\Debug\F1-TestFixture.a(UART_230400.o)
 .debug_aranges
                0x000007e0       0x20 .\CortexM3\ARM_GCC_541\Debug\F1-TestFixture.a(UART_230400_INT.o)
 .debug_aranges
                0x00000800       0x70 .\CortexM3\ARM_GCC_541\Debug\F1-TestFixture.a(UART_230400_IntClock.o)
 .debug_aranges
                0x00000870       0x38 .\CortexM3\ARM_GCC_541\Debug\F1-TestFixture.a(RS485_RX_EN.o)
 .debug_aranges
                0x000008a8       0x28 .\CortexM3\ARM_GCC_541\Debug\F1-TestFixture.a(MUX_CTRL_230400.o)
 .debug_aranges
                0x000008d0       0x88 .\CortexM3\ARM_GCC_541\Debug\F1-TestFixture.a(Timer_20ms.o)
 .debug_aranges
                0x00000958       0x38 .\CortexM3\ARM_GCC_541\Debug\F1-TestFixture.a(LED_EN.o)
 .debug_aranges
                0x00000990       0x80 .\CortexM3\ARM_GCC_541\Debug\F1-TestFixture.a(isr_Timer_20ms.o)
 .debug_aranges
                0x00000a10       0x28 .\CortexM3\ARM_GCC_541\Debug\F1-TestFixture.a(DEMUX_CTRL_230400.o)
 .debug_aranges
                0x00000a38       0x80 .\CortexM3\ARM_GCC_541\Debug\F1-TestFixture.a(isr_UART_460800.o)
 .debug_aranges
                0x00000ab8       0xf0 .\CortexM3\ARM_GCC_541\Debug\F1-TestFixture.a(UART_460800.o)
 .debug_aranges
                0x00000ba8       0x70 .\CortexM3\ARM_GCC_541\Debug\F1-TestFixture.a(UART_460800_IntClock.o)
 .debug_aranges
                0x00000c18       0x88 .\CortexM3\ARM_GCC_541\Debug\F1-TestFixture.a(Timer_10ms.o)
 .debug_aranges
                0x00000ca0       0x80 .\CortexM3\ARM_GCC_541\Debug\F1-TestFixture.a(isr_Timer_10ms.o)
 .debug_aranges
                0x00000d20       0x88 .\CortexM3\ARM_GCC_541\Debug\F1-TestFixture.a(Timer_50ms.o)
 .debug_aranges
                0x00000da8       0x80 .\CortexM3\ARM_GCC_541\Debug\F1-TestFixture.a(isr_Timer_50ms.o)
 .debug_aranges
                0x00000e28       0x20 .\CortexM3\ARM_GCC_541\Debug\F1-TestFixture.a(CyBootAsmGnu.o)
 .debug_aranges
                0x00000e48       0x88 .\CortexM3\ARM_GCC_541\Debug\F1-TestFixture.a(CyFlash.o)
 .debug_aranges
                0x00000ed0       0x80 .\CortexM3\ARM_GCC_541\Debug\F1-TestFixture.a(CySpc.o)

.debug_pubnames
 *(.debug_pubnames)

.debug_info     0x00000000     0x7f18
 *(.debug_info .gnu.linkonce.wi.*)
 .debug_info    0x00000000      0x13e .\CortexM3\ARM_GCC_541\Debug\main.o
 .debug_info    0x0000013e      0x488 .\CortexM3\ARM_GCC_541\Debug\ControllerTest.o
 .debug_info    0x000005c6      0xb15 .\CortexM3\ARM_GCC_541\Debug\UART_230400_Functions.o
 .debug_info    0x000010db      0x1af .\CortexM3\ARM_GCC_541\Debug\SirenTest.o
 .debug_info    0x0000128a     0x1125 .\CortexM3\ARM_GCC_541\Debug\RelayTest.o
 .debug_info    0x000023af      0x97c .\CortexM3\ARM_GCC_541\Debug\UART_460800_Functions.o
 .debug_info    0x00002d2b      0x2f6 .\CortexM3\ARM_GCC_541\Debug\UART_115200_Functions.o
 .debug_info    0x00003021      0x24a .\CortexM3\ARM_GCC_541\Debug\CD4051BPW_Driver.o
 .debug_info    0x0000326b      0x452 .\CortexM3\ARM_GCC_541\Debug\cyfitter_cfg.o
 .debug_info    0x000036bd      0x138 .\CortexM3\ARM_GCC_541\Debug\cymetadata.o
 .debug_info    0x000037f5      0x32b .\CortexM3\ARM_GCC_541\Debug\Cm3Start.o
 .debug_info    0x00003b20      0xe51 .\CortexM3\ARM_GCC_541\Debug\F1-TestFixture.a(CyLib.o)
 .debug_info    0x00004971      0x57a .\CortexM3\ARM_GCC_541\Debug\F1-TestFixture.a(cyPm.o)
 .debug_info    0x00004eeb      0x268 .\CortexM3\ARM_GCC_541\Debug\F1-TestFixture.a(isr_UART_230400.o)
 .debug_info    0x00005153      0x593 .\CortexM3\ARM_GCC_541\Debug\F1-TestFixture.a(UART_230400.o)
 .debug_info    0x000056e6      0x108 .\CortexM3\ARM_GCC_541\Debug\F1-TestFixture.a(UART_230400_INT.o)
 .debug_info    0x000057ee      0x25d .\CortexM3\ARM_GCC_541\Debug\F1-TestFixture.a(UART_230400_IntClock.o)
 .debug_info    0x00005a4b      0x11e .\CortexM3\ARM_GCC_541\Debug\F1-TestFixture.a(RS485_RX_EN.o)
 .debug_info    0x00005b69       0xd7 .\CortexM3\ARM_GCC_541\Debug\F1-TestFixture.a(MUX_CTRL_230400.o)
 .debug_info    0x00005c40      0x245 .\CortexM3\ARM_GCC_541\Debug\F1-TestFixture.a(Timer_20ms.o)
 .debug_info    0x00005e85      0x11e .\CortexM3\ARM_GCC_541\Debug\F1-TestFixture.a(LED_EN.o)
 .debug_info    0x00005fa3      0x268 .\CortexM3\ARM_GCC_541\Debug\F1-TestFixture.a(isr_Timer_20ms.o)
 .debug_info    0x0000620b       0xd7 .\CortexM3\ARM_GCC_541\Debug\F1-TestFixture.a(DEMUX_CTRL_230400.o)
 .debug_info    0x000062e2      0x268 .\CortexM3\ARM_GCC_541\Debug\F1-TestFixture.a(isr_UART_460800.o)
 .debug_info    0x0000654a      0x50a .\CortexM3\ARM_GCC_541\Debug\F1-TestFixture.a(UART_460800.o)
 .debug_info    0x00006a54      0x25d .\CortexM3\ARM_GCC_541\Debug\F1-TestFixture.a(UART_460800_IntClock.o)
 .debug_info    0x00006cb1      0x245 .\CortexM3\ARM_GCC_541\Debug\F1-TestFixture.a(Timer_10ms.o)
 .debug_info    0x00006ef6      0x26a .\CortexM3\ARM_GCC_541\Debug\F1-TestFixture.a(isr_Timer_10ms.o)
 .debug_info    0x00007160      0x245 .\CortexM3\ARM_GCC_541\Debug\F1-TestFixture.a(Timer_50ms.o)
 .debug_info    0x000073a5      0x268 .\CortexM3\ARM_GCC_541\Debug\F1-TestFixture.a(isr_Timer_50ms.o)
 .debug_info    0x0000760d       0x92 .\CortexM3\ARM_GCC_541\Debug\F1-TestFixture.a(CyBootAsmGnu.o)
 .debug_info    0x0000769f      0x3b9 .\CortexM3\ARM_GCC_541\Debug\F1-TestFixture.a(CyFlash.o)
 .debug_info    0x00007a58      0x4c0 .\CortexM3\ARM_GCC_541\Debug\F1-TestFixture.a(CySpc.o)

.debug_abbrev   0x00000000     0x271c
 *(.debug_abbrev)
 .debug_abbrev  0x00000000       0xcb .\CortexM3\ARM_GCC_541\Debug\main.o
 .debug_abbrev  0x000000cb      0x1c2 .\CortexM3\ARM_GCC_541\Debug\ControllerTest.o
 .debug_abbrev  0x0000028d      0x1aa .\CortexM3\ARM_GCC_541\Debug\UART_230400_Functions.o
 .debug_abbrev  0x00000437       0xe1 .\CortexM3\ARM_GCC_541\Debug\SirenTest.o
 .debug_abbrev  0x00000518      0x23d .\CortexM3\ARM_GCC_541\Debug\RelayTest.o
 .debug_abbrev  0x00000755      0x19b .\CortexM3\ARM_GCC_541\Debug\UART_460800_Functions.o
 .debug_abbrev  0x000008f0      0x176 .\CortexM3\ARM_GCC_541\Debug\UART_115200_Functions.o
 .debug_abbrev  0x00000a66       0xe3 .\CortexM3\ARM_GCC_541\Debug\CD4051BPW_Driver.o
 .debug_abbrev  0x00000b49      0x1b7 .\CortexM3\ARM_GCC_541\Debug\cyfitter_cfg.o
 .debug_abbrev  0x00000d00       0x77 .\CortexM3\ARM_GCC_541\Debug\cymetadata.o
 .debug_abbrev  0x00000d77      0x1d6 .\CortexM3\ARM_GCC_541\Debug\Cm3Start.o
 .debug_abbrev  0x00000f4d      0x217 .\CortexM3\ARM_GCC_541\Debug\F1-TestFixture.a(CyLib.o)
 .debug_abbrev  0x00001164      0x161 .\CortexM3\ARM_GCC_541\Debug\F1-TestFixture.a(cyPm.o)
 .debug_abbrev  0x000012c5      0x178 .\CortexM3\ARM_GCC_541\Debug\F1-TestFixture.a(isr_UART_230400.o)
 .debug_abbrev  0x0000143d      0x15d .\CortexM3\ARM_GCC_541\Debug\F1-TestFixture.a(UART_230400.o)
 .debug_abbrev  0x0000159a       0x79 .\CortexM3\ARM_GCC_541\Debug\F1-TestFixture.a(UART_230400_INT.o)
 .debug_abbrev  0x00001613      0x11d .\CortexM3\ARM_GCC_541\Debug\F1-TestFixture.a(UART_230400_IntClock.o)
 .debug_abbrev  0x00001730       0x90 .\CortexM3\ARM_GCC_541\Debug\F1-TestFixture.a(RS485_RX_EN.o)
 .debug_abbrev  0x000017c0       0x81 .\CortexM3\ARM_GCC_541\Debug\F1-TestFixture.a(MUX_CTRL_230400.o)
 .debug_abbrev  0x00001841       0xe9 .\CortexM3\ARM_GCC_541\Debug\F1-TestFixture.a(Timer_20ms.o)
 .debug_abbrev  0x0000192a       0x90 .\CortexM3\ARM_GCC_541\Debug\F1-TestFixture.a(LED_EN.o)
 .debug_abbrev  0x000019ba      0x178 .\CortexM3\ARM_GCC_541\Debug\F1-TestFixture.a(isr_Timer_20ms.o)
 .debug_abbrev  0x00001b32       0x81 .\CortexM3\ARM_GCC_541\Debug\F1-TestFixture.a(DEMUX_CTRL_230400.o)
 .debug_abbrev  0x00001bb3      0x178 .\CortexM3\ARM_GCC_541\Debug\F1-TestFixture.a(isr_UART_460800.o)
 .debug_abbrev  0x00001d2b      0x163 .\CortexM3\ARM_GCC_541\Debug\F1-TestFixture.a(UART_460800.o)
 .debug_abbrev  0x00001e8e      0x11d .\CortexM3\ARM_GCC_541\Debug\F1-TestFixture.a(UART_460800_IntClock.o)
 .debug_abbrev  0x00001fab       0xe9 .\CortexM3\ARM_GCC_541\Debug\F1-TestFixture.a(Timer_10ms.o)
 .debug_abbrev  0x00002094      0x15c .\CortexM3\ARM_GCC_541\Debug\F1-TestFixture.a(isr_Timer_10ms.o)
 .debug_abbrev  0x000021f0       0xe9 .\CortexM3\ARM_GCC_541\Debug\F1-TestFixture.a(Timer_50ms.o)
 .debug_abbrev  0x000022d9      0x178 .\CortexM3\ARM_GCC_541\Debug\F1-TestFixture.a(isr_Timer_50ms.o)
 .debug_abbrev  0x00002451       0x14 .\CortexM3\ARM_GCC_541\Debug\F1-TestFixture.a(CyBootAsmGnu.o)
 .debug_abbrev  0x00002465      0x14b .\CortexM3\ARM_GCC_541\Debug\F1-TestFixture.a(CyFlash.o)
 .debug_abbrev  0x000025b0      0x16c .\CortexM3\ARM_GCC_541\Debug\F1-TestFixture.a(CySpc.o)

.debug_line     0x00000000     0x45fe
 *(.debug_line)
 .debug_line    0x00000000      0x1b2 .\CortexM3\ARM_GCC_541\Debug\main.o
 .debug_line    0x000001b2      0x287 .\CortexM3\ARM_GCC_541\Debug\ControllerTest.o
 .debug_line    0x00000439      0x2ad .\CortexM3\ARM_GCC_541\Debug\UART_230400_Functions.o
 .debug_line    0x000006e6      0x1cd .\CortexM3\ARM_GCC_541\Debug\SirenTest.o
 .debug_line    0x000008b3      0x49e .\CortexM3\ARM_GCC_541\Debug\RelayTest.o
 .debug_line    0x00000d51      0x288 .\CortexM3\ARM_GCC_541\Debug\UART_460800_Functions.o
 .debug_line    0x00000fd9      0x228 .\CortexM3\ARM_GCC_541\Debug\UART_115200_Functions.o
 .debug_line    0x00001201      0x1a2 .\CortexM3\ARM_GCC_541\Debug\CD4051BPW_Driver.o
 .debug_line    0x000013a3      0x21d .\CortexM3\ARM_GCC_541\Debug\cyfitter_cfg.o
 .debug_line    0x000015c0      0x141 .\CortexM3\ARM_GCC_541\Debug\cymetadata.o
 .debug_line    0x00001701      0x1dc .\CortexM3\ARM_GCC_541\Debug\Cm3Start.o
 .debug_line    0x000018dd      0x883 .\CortexM3\ARM_GCC_541\Debug\F1-TestFixture.a(CyLib.o)
 .debug_line    0x00002160      0x38e .\CortexM3\ARM_GCC_541\Debug\F1-TestFixture.a(cyPm.o)
 .debug_line    0x000024ee      0x264 .\CortexM3\ARM_GCC_541\Debug\F1-TestFixture.a(isr_UART_230400.o)
 .debug_line    0x00002752      0x324 .\CortexM3\ARM_GCC_541\Debug\F1-TestFixture.a(UART_230400.o)
 .debug_line    0x00002a76       0x8e .\CortexM3\ARM_GCC_541\Debug\F1-TestFixture.a(UART_230400_INT.o)
 .debug_line    0x00002b04      0x1b3 .\CortexM3\ARM_GCC_541\Debug\F1-TestFixture.a(UART_230400_IntClock.o)
 .debug_line    0x00002cb7       0x9b .\CortexM3\ARM_GCC_541\Debug\F1-TestFixture.a(RS485_RX_EN.o)
 .debug_line    0x00002d52       0x78 .\CortexM3\ARM_GCC_541\Debug\F1-TestFixture.a(MUX_CTRL_230400.o)
 .debug_line    0x00002dca      0x162 .\CortexM3\ARM_GCC_541\Debug\F1-TestFixture.a(Timer_20ms.o)
 .debug_line    0x00002f2c       0x96 .\CortexM3\ARM_GCC_541\Debug\F1-TestFixture.a(LED_EN.o)
 .debug_line    0x00002fc2      0x26a .\CortexM3\ARM_GCC_541\Debug\F1-TestFixture.a(isr_Timer_20ms.o)
 .debug_line    0x0000322c       0x7a .\CortexM3\ARM_GCC_541\Debug\F1-TestFixture.a(DEMUX_CTRL_230400.o)
 .debug_line    0x000032a6      0x264 .\CortexM3\ARM_GCC_541\Debug\F1-TestFixture.a(isr_UART_460800.o)
 .debug_line    0x0000350a      0x2e9 .\CortexM3\ARM_GCC_541\Debug\F1-TestFixture.a(UART_460800.o)
 .debug_line    0x000037f3      0x1b3 .\CortexM3\ARM_GCC_541\Debug\F1-TestFixture.a(UART_460800_IntClock.o)
 .debug_line    0x000039a6      0x162 .\CortexM3\ARM_GCC_541\Debug\F1-TestFixture.a(Timer_10ms.o)
 .debug_line    0x00003b08      0x268 .\CortexM3\ARM_GCC_541\Debug\F1-TestFixture.a(isr_Timer_10ms.o)
 .debug_line    0x00003d70      0x162 .\CortexM3\ARM_GCC_541\Debug\F1-TestFixture.a(Timer_50ms.o)
 .debug_line    0x00003ed2      0x266 .\CortexM3\ARM_GCC_541\Debug\F1-TestFixture.a(isr_Timer_50ms.o)
 .debug_line    0x00004138       0x66 .\CortexM3\ARM_GCC_541\Debug\F1-TestFixture.a(CyBootAsmGnu.o)
 .debug_line    0x0000419e      0x22f .\CortexM3\ARM_GCC_541\Debug\F1-TestFixture.a(CyFlash.o)
 .debug_line    0x000043cd      0x231 .\CortexM3\ARM_GCC_541\Debug\F1-TestFixture.a(CySpc.o)

.debug_frame    0x00000000     0x3b54
 *(.debug_frame)
 .debug_frame   0x00000000       0x90 .\CortexM3\ARM_GCC_541\Debug\main.o
 .debug_frame   0x00000090      0x168 .\CortexM3\ARM_GCC_541\Debug\ControllerTest.o
 .debug_frame   0x000001f8       0xf0 .\CortexM3\ARM_GCC_541\Debug\UART_230400_Functions.o
 .debug_frame   0x000002e8       0xa4 .\CortexM3\ARM_GCC_541\Debug\SirenTest.o
 .debug_frame   0x0000038c      0x2c4 .\CortexM3\ARM_GCC_541\Debug\RelayTest.o
 .debug_frame   0x00000650       0xcc .\CortexM3\ARM_GCC_541\Debug\UART_460800_Functions.o
 .debug_frame   0x0000071c       0xa8 .\CortexM3\ARM_GCC_541\Debug\UART_115200_Functions.o
 .debug_frame   0x000007c4       0x84 .\CortexM3\ARM_GCC_541\Debug\CD4051BPW_Driver.o
 .debug_frame   0x00000848      0x16c .\CortexM3\ARM_GCC_541\Debug\cyfitter_cfg.o
 .debug_frame   0x000009b4       0xd8 .\CortexM3\ARM_GCC_541\Debug\Cm3Start.o
 .debug_frame   0x00000a8c      0xc0c .\CortexM3\ARM_GCC_541\Debug\F1-TestFixture.a(CyLib.o)
 .debug_frame   0x00001698      0x234 .\CortexM3\ARM_GCC_541\Debug\F1-TestFixture.a(cyPm.o)
 .debug_frame   0x000018cc      0x1e0 .\CortexM3\ARM_GCC_541\Debug\F1-TestFixture.a(isr_UART_230400.o)
 .debug_frame   0x00001aac      0x424 .\CortexM3\ARM_GCC_541\Debug\F1-TestFixture.a(UART_230400.o)
 .debug_frame   0x00001ed0       0x34 .\CortexM3\ARM_GCC_541\Debug\F1-TestFixture.a(UART_230400_INT.o)
 .debug_frame   0x00001f04      0x1b4 .\CortexM3\ARM_GCC_541\Debug\F1-TestFixture.a(UART_230400_IntClock.o)
 .debug_frame   0x000020b8       0xa8 .\CortexM3\ARM_GCC_541\Debug\F1-TestFixture.a(RS485_RX_EN.o)
 .debug_frame   0x00002160       0x5c .\CortexM3\ARM_GCC_541\Debug\F1-TestFixture.a(MUX_CTRL_230400.o)
 .debug_frame   0x000021bc      0x208 .\CortexM3\ARM_GCC_541\Debug\F1-TestFixture.a(Timer_20ms.o)
 .debug_frame   0x000023c4       0xa8 .\CortexM3\ARM_GCC_541\Debug\F1-TestFixture.a(LED_EN.o)
 .debug_frame   0x0000246c      0x1e0 .\CortexM3\ARM_GCC_541\Debug\F1-TestFixture.a(isr_Timer_20ms.o)
 .debug_frame   0x0000264c       0x5c .\CortexM3\ARM_GCC_541\Debug\F1-TestFixture.a(DEMUX_CTRL_230400.o)
 .debug_frame   0x000026a8      0x1e0 .\CortexM3\ARM_GCC_541\Debug\F1-TestFixture.a(isr_UART_460800.o)
 .debug_frame   0x00002888      0x42c .\CortexM3\ARM_GCC_541\Debug\F1-TestFixture.a(UART_460800.o)
 .debug_frame   0x00002cb4      0x1b4 .\CortexM3\ARM_GCC_541\Debug\F1-TestFixture.a(UART_460800_IntClock.o)
 .debug_frame   0x00002e68      0x208 .\CortexM3\ARM_GCC_541\Debug\F1-TestFixture.a(Timer_10ms.o)
 .debug_frame   0x00003070      0x1e0 .\CortexM3\ARM_GCC_541\Debug\F1-TestFixture.a(isr_Timer_10ms.o)
 .debug_frame   0x00003250      0x208 .\CortexM3\ARM_GCC_541\Debug\F1-TestFixture.a(Timer_50ms.o)
 .debug_frame   0x00003458      0x1e0 .\CortexM3\ARM_GCC_541\Debug\F1-TestFixture.a(isr_Timer_50ms.o)
 .debug_frame   0x00003638      0x238 .\CortexM3\ARM_GCC_541\Debug\F1-TestFixture.a(CyFlash.o)
 .debug_frame   0x00003870      0x228 .\CortexM3\ARM_GCC_541\Debug\F1-TestFixture.a(CySpc.o)
 .debug_frame   0x00003a98       0x20 c:/program files (x86)/cypress/psoc creator/4.3/psoc creator/import/gnu/arm/5.4.1/bin/../lib/gcc/arm-none-eabi/5.4.1/../../../../arm-none-eabi/lib/armv7-m\libg_nano.a(lib_a-errno.o)
 .debug_frame   0x00003ab8       0x28 c:/program files (x86)/cypress/psoc creator/4.3/psoc creator/import/gnu/arm/5.4.1/bin/../lib/gcc/arm-none-eabi/5.4.1/../../../../arm-none-eabi/lib/armv7-m\libg_nano.a(lib_a-exit.o)
 .debug_frame   0x00003ae0       0x2c c:/program files (x86)/cypress/psoc creator/4.3/psoc creator/import/gnu/arm/5.4.1/bin/../lib/gcc/arm-none-eabi/5.4.1/../../../../arm-none-eabi/lib/armv7-m\libg_nano.a(lib_a-init.o)
 .debug_frame   0x00003b0c       0x28 c:/program files (x86)/cypress/psoc creator/4.3/psoc creator/import/gnu/arm/5.4.1/bin/../lib/gcc/arm-none-eabi/5.4.1/../../../../arm-none-eabi/lib/armv7-m\libg_nano.a(lib_a-memcpy-stub.o)
 .debug_frame   0x00003b34       0x20 c:/program files (x86)/cypress/psoc creator/4.3/psoc creator/import/gnu/arm/5.4.1/bin/../lib/gcc/arm-none-eabi/5.4.1/../../../../arm-none-eabi/lib/armv7-m\libg_nano.a(lib_a-memset.o)

.debug_str      0x00000000     0x3ffa
 *(.debug_str)
 .debug_str     0x00000000      0x1bd .\CortexM3\ARM_GCC_541\Debug\main.o
                                0x205 (size before relaxing)
 .debug_str     0x000001bd      0x34d .\CortexM3\ARM_GCC_541\Debug\ControllerTest.o
                                0x530 (size before relaxing)
 .debug_str     0x0000050a      0x5c2 .\CortexM3\ARM_GCC_541\Debug\UART_230400_Functions.o
                                0x99e (size before relaxing)
 .debug_str     0x00000acc       0x8a .\CortexM3\ARM_GCC_541\Debug\SirenTest.o
                                0x261 (size before relaxing)
 .debug_str     0x00000b56      0x985 .\CortexM3\ARM_GCC_541\Debug\RelayTest.o
                               0x10c8 (size before relaxing)
 .debug_str     0x000014db       0xc9 .\CortexM3\ARM_GCC_541\Debug\UART_460800_Functions.o
                                0xa59 (size before relaxing)
 .debug_str     0x000015a4       0xa5 .\CortexM3\ARM_GCC_541\Debug\UART_115200_Functions.o
                                0x385 (size before relaxing)
 .debug_str     0x00001649      0x218 .\CortexM3\ARM_GCC_541\Debug\CD4051BPW_Driver.o
                                0x3b4 (size before relaxing)
 .debug_str     0x00001861      0x190 .\CortexM3\ARM_GCC_541\Debug\cyfitter_cfg.o
                                0x33a (size before relaxing)
 .debug_str     0x000019f1       0x7f .\CortexM3\ARM_GCC_541\Debug\cymetadata.o
                                0x1e6 (size before relaxing)
 .debug_str     0x00001a70      0x123 .\CortexM3\ARM_GCC_541\Debug\Cm3Start.o
                                0x2d9 (size before relaxing)
 .debug_str     0x00001b93      0x7fe .\CortexM3\ARM_GCC_541\Debug\F1-TestFixture.a(CyLib.o)
                                0x9ec (size before relaxing)
 .debug_str     0x00002391      0x371 .\CortexM3\ARM_GCC_541\Debug\F1-TestFixture.a(cyPm.o)
                                0x545 (size before relaxing)
 .debug_str     0x00002702      0x172 .\CortexM3\ARM_GCC_541\Debug\F1-TestFixture.a(isr_UART_230400.o)
                                0x353 (size before relaxing)
 .debug_str     0x00002874      0x377 .\CortexM3\ARM_GCC_541\Debug\F1-TestFixture.a(UART_230400.o)
                                0x564 (size before relaxing)
 .debug_str     0x00002beb       0x3b .\CortexM3\ARM_GCC_541\Debug\F1-TestFixture.a(UART_230400_INT.o)
                                0x212 (size before relaxing)
 .debug_str     0x00002c26      0x1fe .\CortexM3\ARM_GCC_541\Debug\F1-TestFixture.a(UART_230400_IntClock.o)
                                0x38c (size before relaxing)
 .debug_str     0x00002e24       0x84 .\CortexM3\ARM_GCC_541\Debug\F1-TestFixture.a(RS485_RX_EN.o)
                                0x202 (size before relaxing)
 .debug_str     0x00002ea8       0x29 .\CortexM3\ARM_GCC_541\Debug\F1-TestFixture.a(MUX_CTRL_230400.o)
                                0x1cf (size before relaxing)
 .debug_str     0x00002ed1      0x177 .\CortexM3\ARM_GCC_541\Debug\F1-TestFixture.a(Timer_20ms.o)
                                0x347 (size before relaxing)
 .debug_str     0x00003048       0x60 .\CortexM3\ARM_GCC_541\Debug\F1-TestFixture.a(LED_EN.o)
                                0x1e9 (size before relaxing)
 .debug_str     0x000030a8      0x164 .\CortexM3\ARM_GCC_541\Debug\F1-TestFixture.a(isr_Timer_20ms.o)
                                0x345 (size before relaxing)
 .debug_str     0x0000320c       0x5a .\CortexM3\ARM_GCC_541\Debug\F1-TestFixture.a(DEMUX_CTRL_230400.o)
                                0x1d5 (size before relaxing)
 .debug_str     0x00003266      0x172 .\CortexM3\ARM_GCC_541\Debug\F1-TestFixture.a(isr_UART_460800.o)
                                0x353 (size before relaxing)
 .debug_str     0x000033d8      0x295 .\CortexM3\ARM_GCC_541\Debug\F1-TestFixture.a(UART_460800.o)
                                0x4ee (size before relaxing)
 .debug_str     0x0000366d      0x1b3 .\CortexM3\ARM_GCC_541\Debug\F1-TestFixture.a(UART_460800_IntClock.o)
                                0x38c (size before relaxing)
 .debug_str     0x00003820      0x14e .\CortexM3\ARM_GCC_541\Debug\F1-TestFixture.a(Timer_10ms.o)
                                0x347 (size before relaxing)
 .debug_str     0x0000396e      0x164 .\CortexM3\ARM_GCC_541\Debug\F1-TestFixture.a(isr_Timer_10ms.o)
                                0x345 (size before relaxing)
 .debug_str     0x00003ad2      0x14e .\CortexM3\ARM_GCC_541\Debug\F1-TestFixture.a(Timer_50ms.o)
                                0x347 (size before relaxing)
 .debug_str     0x00003c20      0x164 .\CortexM3\ARM_GCC_541\Debug\F1-TestFixture.a(isr_Timer_50ms.o)
                                0x345 (size before relaxing)
 .debug_str     0x00003d84      0x14f .\CortexM3\ARM_GCC_541\Debug\F1-TestFixture.a(CyFlash.o)
                                0x309 (size before relaxing)
 .debug_str     0x00003ed3      0x127 .\CortexM3\ARM_GCC_541\Debug\F1-TestFixture.a(CySpc.o)
                                0x303 (size before relaxing)

.debug_loc
 *(.debug_loc)

.debug_macinfo
 *(.debug_macinfo)

.debug_ranges   0x00000000      0xd28
 *(.debug_ranges)
 .debug_ranges  0x00000000       0x28 .\CortexM3\ARM_GCC_541\Debug\main.o
 .debug_ranges  0x00000028       0x58 .\CortexM3\ARM_GCC_541\Debug\ControllerTest.o
 .debug_ranges  0x00000080       0x38 .\CortexM3\ARM_GCC_541\Debug\UART_230400_Functions.o
 .debug_ranges  0x000000b8       0x28 .\CortexM3\ARM_GCC_541\Debug\SirenTest.o
 .debug_ranges  0x000000e0       0xa0 .\CortexM3\ARM_GCC_541\Debug\RelayTest.o
 .debug_ranges  0x00000180       0x30 .\CortexM3\ARM_GCC_541\Debug\UART_460800_Functions.o
 .debug_ranges  0x000001b0       0x28 .\CortexM3\ARM_GCC_541\Debug\UART_115200_Functions.o
 .debug_ranges  0x000001d8       0x20 .\CortexM3\ARM_GCC_541\Debug\CD4051BPW_Driver.o
 .debug_ranges  0x000001f8       0x50 .\CortexM3\ARM_GCC_541\Debug\cyfitter_cfg.o
 .debug_ranges  0x00000248       0x38 .\CortexM3\ARM_GCC_541\Debug\Cm3Start.o
 .debug_ranges  0x00000280      0x290 .\CortexM3\ARM_GCC_541\Debug\F1-TestFixture.a(CyLib.o)
 .debug_ranges  0x00000510       0x88 .\CortexM3\ARM_GCC_541\Debug\F1-TestFixture.a(cyPm.o)
 .debug_ranges  0x00000598       0x70 .\CortexM3\ARM_GCC_541\Debug\F1-TestFixture.a(isr_UART_230400.o)
 .debug_ranges  0x00000608       0xe0 .\CortexM3\ARM_GCC_541\Debug\F1-TestFixture.a(UART_230400.o)
 .debug_ranges  0x000006e8       0x10 .\CortexM3\ARM_GCC_541\Debug\F1-TestFixture.a(UART_230400_INT.o)
 .debug_ranges  0x000006f8       0x60 .\CortexM3\ARM_GCC_541\Debug\F1-TestFixture.a(UART_230400_IntClock.o)
 .debug_ranges  0x00000758       0x28 .\CortexM3\ARM_GCC_541\Debug\F1-TestFixture.a(RS485_RX_EN.o)
 .debug_ranges  0x00000780       0x18 .\CortexM3\ARM_GCC_541\Debug\F1-TestFixture.a(MUX_CTRL_230400.o)
 .debug_ranges  0x00000798       0x78 .\CortexM3\ARM_GCC_541\Debug\F1-TestFixture.a(Timer_20ms.o)
 .debug_ranges  0x00000810       0x28 .\CortexM3\ARM_GCC_541\Debug\F1-TestFixture.a(LED_EN.o)
 .debug_ranges  0x00000838       0x70 .\CortexM3\ARM_GCC_541\Debug\F1-TestFixture.a(isr_Timer_20ms.o)
 .debug_ranges  0x000008a8       0x18 .\CortexM3\ARM_GCC_541\Debug\F1-TestFixture.a(DEMUX_CTRL_230400.o)
 .debug_ranges  0x000008c0       0x70 .\CortexM3\ARM_GCC_541\Debug\F1-TestFixture.a(isr_UART_460800.o)
 .debug_ranges  0x00000930       0xe0 .\CortexM3\ARM_GCC_541\Debug\F1-TestFixture.a(UART_460800.o)
 .debug_ranges  0x00000a10       0x60 .\CortexM3\ARM_GCC_541\Debug\F1-TestFixture.a(UART_460800_IntClock.o)
 .debug_ranges  0x00000a70       0x78 .\CortexM3\ARM_GCC_541\Debug\F1-TestFixture.a(Timer_10ms.o)
 .debug_ranges  0x00000ae8       0x70 .\CortexM3\ARM_GCC_541\Debug\F1-TestFixture.a(isr_Timer_10ms.o)
 .debug_ranges  0x00000b58       0x78 .\CortexM3\ARM_GCC_541\Debug\F1-TestFixture.a(Timer_50ms.o)
 .debug_ranges  0x00000bd0       0x70 .\CortexM3\ARM_GCC_541\Debug\F1-TestFixture.a(isr_Timer_50ms.o)
 .debug_ranges  0x00000c40       0x78 .\CortexM3\ARM_GCC_541\Debug\F1-TestFixture.a(CyFlash.o)
 .debug_ranges  0x00000cb8       0x70 .\CortexM3\ARM_GCC_541\Debug\F1-TestFixture.a(CySpc.o)

.comment        0x00000000       0x6e
 .comment       0x00000000       0x6e .\CortexM3\ARM_GCC_541\Debug\main.o
                                 0x6f (size before relaxing)
 .comment       0x0000006e       0x6f .\CortexM3\ARM_GCC_541\Debug\ControllerTest.o
 .comment       0x0000006e       0x6f .\CortexM3\ARM_GCC_541\Debug\UART_230400_Functions.o
 .comment       0x0000006e       0x6f .\CortexM3\ARM_GCC_541\Debug\SirenTest.o
 .comment       0x0000006e       0x6f .\CortexM3\ARM_GCC_541\Debug\RelayTest.o
 .comment       0x0000006e       0x6f .\CortexM3\ARM_GCC_541\Debug\UART_460800_Functions.o
 .comment       0x0000006e       0x6f .\CortexM3\ARM_GCC_541\Debug\UART_115200_Functions.o
 .comment       0x0000006e       0x6f .\CortexM3\ARM_GCC_541\Debug\CD4051BPW_Driver.o
 .comment       0x0000006e       0x6f .\CortexM3\ARM_GCC_541\Debug\cyfitter_cfg.o
 .comment       0x0000006e       0x6f .\CortexM3\ARM_GCC_541\Debug\cymetadata.o
 .comment       0x0000006e       0x6f .\CortexM3\ARM_GCC_541\Debug\Cm3Start.o
 .comment       0x0000006e       0x6f .\CortexM3\ARM_GCC_541\Debug\F1-TestFixture.a(CyLib.o)
 .comment       0x0000006e       0x6f .\CortexM3\ARM_GCC_541\Debug\F1-TestFixture.a(cyPm.o)
 .comment       0x0000006e       0x6f .\CortexM3\ARM_GCC_541\Debug\F1-TestFixture.a(isr_UART_230400.o)
 .comment       0x0000006e       0x6f .\CortexM3\ARM_GCC_541\Debug\F1-TestFixture.a(UART_230400.o)
 .comment       0x0000006e       0x6f .\CortexM3\ARM_GCC_541\Debug\F1-TestFixture.a(UART_230400_INT.o)
 .comment       0x0000006e       0x6f .\CortexM3\ARM_GCC_541\Debug\F1-TestFixture.a(UART_230400_IntClock.o)
 .comment       0x0000006e       0x6f .\CortexM3\ARM_GCC_541\Debug\F1-TestFixture.a(RS485_RX_EN.o)
 .comment       0x0000006e       0x6f .\CortexM3\ARM_GCC_541\Debug\F1-TestFixture.a(MUX_CTRL_230400.o)
 .comment       0x0000006e       0x6f .\CortexM3\ARM_GCC_541\Debug\F1-TestFixture.a(Timer_20ms.o)
 .comment       0x0000006e       0x6f .\CortexM3\ARM_GCC_541\Debug\F1-TestFixture.a(LED_EN.o)
 .comment       0x0000006e       0x6f .\CortexM3\ARM_GCC_541\Debug\F1-TestFixture.a(isr_Timer_20ms.o)
 .comment       0x0000006e       0x6f .\CortexM3\ARM_GCC_541\Debug\F1-TestFixture.a(DEMUX_CTRL_230400.o)
 .comment       0x0000006e       0x6f .\CortexM3\ARM_GCC_541\Debug\F1-TestFixture.a(isr_UART_460800.o)
 .comment       0x0000006e       0x6f .\CortexM3\ARM_GCC_541\Debug\F1-TestFixture.a(UART_460800.o)
 .comment       0x0000006e       0x6f .\CortexM3\ARM_GCC_541\Debug\F1-TestFixture.a(UART_460800_IntClock.o)
 .comment       0x0000006e       0x6f .\CortexM3\ARM_GCC_541\Debug\F1-TestFixture.a(Timer_10ms.o)
 .comment       0x0000006e       0x6f .\CortexM3\ARM_GCC_541\Debug\F1-TestFixture.a(isr_Timer_10ms.o)
 .comment       0x0000006e       0x6f .\CortexM3\ARM_GCC_541\Debug\F1-TestFixture.a(Timer_50ms.o)
 .comment       0x0000006e       0x6f .\CortexM3\ARM_GCC_541\Debug\F1-TestFixture.a(isr_Timer_50ms.o)
 .comment       0x0000006e       0x6f .\CortexM3\ARM_GCC_541\Debug\F1-TestFixture.a(CyFlash.o)
 .comment       0x0000006e       0x6f .\CortexM3\ARM_GCC_541\Debug\F1-TestFixture.a(CySpc.o)

.debug_weaknames
 *(.debug_weaknames)

.debug_funcnames
 *(.debug_funcnames)

.debug_typenames
 *(.debug_typenames)

.debug_varnames
 *(.debug_varnames)

.note.gnu.arm.ident
 *(.note.gnu.arm.ident)

.ARM.attributes
                0x00000000       0x29
 *(.ARM.attributes)
 .ARM.attributes
                0x00000000       0x1d c:/program files (x86)/cypress/psoc creator/4.3/psoc creator/import/gnu/arm/5.4.1/bin/../lib/gcc/arm-none-eabi/5.4.1/armv7-m/crti.o
 .ARM.attributes
                0x0000001d       0x2d c:/program files (x86)/cypress/psoc creator/4.3/psoc creator/import/gnu/arm/5.4.1/bin/../lib/gcc/arm-none-eabi/5.4.1/armv7-m/crtbegin.o
 .ARM.attributes
                0x0000004a       0x1b c:/program files (x86)/cypress/psoc creator/4.3/psoc creator/import/gnu/arm/5.4.1/bin/../lib/gcc/arm-none-eabi/5.4.1/../../../../arm-none-eabi/lib/armv7-m/crt0.o
 .ARM.attributes
                0x00000065       0x33 .\CortexM3\ARM_GCC_541\Debug\main.o
 .ARM.attributes
                0x00000098       0x33 .\CortexM3\ARM_GCC_541\Debug\ControllerTest.o
 .ARM.attributes
                0x000000cb       0x33 .\CortexM3\ARM_GCC_541\Debug\UART_230400_Functions.o
 .ARM.attributes
                0x000000fe       0x33 .\CortexM3\ARM_GCC_541\Debug\SirenTest.o
 .ARM.attributes
                0x00000131       0x33 .\CortexM3\ARM_GCC_541\Debug\RelayTest.o
 .ARM.attributes
                0x00000164       0x33 .\CortexM3\ARM_GCC_541\Debug\UART_460800_Functions.o
 .ARM.attributes
                0x00000197       0x33 .\CortexM3\ARM_GCC_541\Debug\UART_115200_Functions.o
 .ARM.attributes
                0x000001ca       0x33 .\CortexM3\ARM_GCC_541\Debug\CD4051BPW_Driver.o
 .ARM.attributes
                0x000001fd       0x33 .\CortexM3\ARM_GCC_541\Debug\cyfitter_cfg.o
 .ARM.attributes
                0x00000230       0x33 .\CortexM3\ARM_GCC_541\Debug\cymetadata.o
 .ARM.attributes
                0x00000263       0x33 .\CortexM3\ARM_GCC_541\Debug\Cm3Start.o
 .ARM.attributes
                0x00000296       0x33 .\CortexM3\ARM_GCC_541\Debug\F1-TestFixture.a(CyLib.o)
 .ARM.attributes
                0x000002c9       0x33 .\CortexM3\ARM_GCC_541\Debug\F1-TestFixture.a(cyPm.o)
 .ARM.attributes
                0x000002fc       0x33 .\CortexM3\ARM_GCC_541\Debug\F1-TestFixture.a(isr_UART_230400.o)
 .ARM.attributes
                0x0000032f       0x33 .\CortexM3\ARM_GCC_541\Debug\F1-TestFixture.a(UART_230400.o)
 .ARM.attributes
                0x00000362       0x33 .\CortexM3\ARM_GCC_541\Debug\F1-TestFixture.a(UART_230400_INT.o)
 .ARM.attributes
                0x00000395       0x33 .\CortexM3\ARM_GCC_541\Debug\F1-TestFixture.a(UART_230400_IntClock.o)
 .ARM.attributes
                0x000003c8       0x33 .\CortexM3\ARM_GCC_541\Debug\F1-TestFixture.a(RS485_RX_EN.o)
 .ARM.attributes
                0x000003fb       0x33 .\CortexM3\ARM_GCC_541\Debug\F1-TestFixture.a(MUX_CTRL_230400.o)
 .ARM.attributes
                0x0000042e       0x33 .\CortexM3\ARM_GCC_541\Debug\F1-TestFixture.a(Timer_20ms.o)
 .ARM.attributes
                0x00000461       0x33 .\CortexM3\ARM_GCC_541\Debug\F1-TestFixture.a(LED_EN.o)
 .ARM.attributes
                0x00000494       0x33 .\CortexM3\ARM_GCC_541\Debug\F1-TestFixture.a(isr_Timer_20ms.o)
 .ARM.attributes
                0x000004c7       0x33 .\CortexM3\ARM_GCC_541\Debug\F1-TestFixture.a(DEMUX_CTRL_230400.o)
 .ARM.attributes
                0x000004fa       0x33 .\CortexM3\ARM_GCC_541\Debug\F1-TestFixture.a(isr_UART_460800.o)
 .ARM.attributes
                0x0000052d       0x33 .\CortexM3\ARM_GCC_541\Debug\F1-TestFixture.a(UART_460800.o)
 .ARM.attributes
                0x00000560       0x33 .\CortexM3\ARM_GCC_541\Debug\F1-TestFixture.a(UART_460800_IntClock.o)
 .ARM.attributes
                0x00000593       0x33 .\CortexM3\ARM_GCC_541\Debug\F1-TestFixture.a(Timer_10ms.o)
 .ARM.attributes
                0x000005c6       0x33 .\CortexM3\ARM_GCC_541\Debug\F1-TestFixture.a(isr_Timer_10ms.o)
 .ARM.attributes
                0x000005f9       0x33 .\CortexM3\ARM_GCC_541\Debug\F1-TestFixture.a(Timer_50ms.o)
 .ARM.attributes
                0x0000062c       0x33 .\CortexM3\ARM_GCC_541\Debug\F1-TestFixture.a(isr_Timer_50ms.o)
 .ARM.attributes
                0x0000065f       0x21 .\CortexM3\ARM_GCC_541\Debug\F1-TestFixture.a(CyBootAsmGnu.o)
 .ARM.attributes
                0x00000680       0x33 .\CortexM3\ARM_GCC_541\Debug\F1-TestFixture.a(CyFlash.o)
 .ARM.attributes
                0x000006b3       0x33 .\CortexM3\ARM_GCC_541\Debug\F1-TestFixture.a(CySpc.o)
 .ARM.attributes
                0x000006e6       0x2d c:/program files (x86)/cypress/psoc creator/4.3/psoc creator/import/gnu/arm/5.4.1/bin/../lib/gcc/arm-none-eabi/5.4.1/../../../../arm-none-eabi/lib/armv7-m\libg_nano.a(lib_a-errno.o)
 .ARM.attributes
                0x00000713       0x2d c:/program files (x86)/cypress/psoc creator/4.3/psoc creator/import/gnu/arm/5.4.1/bin/../lib/gcc/arm-none-eabi/5.4.1/../../../../arm-none-eabi/lib/armv7-m\libg_nano.a(lib_a-exit.o)
 .ARM.attributes
                0x00000740       0x2d c:/program files (x86)/cypress/psoc creator/4.3/psoc creator/import/gnu/arm/5.4.1/bin/../lib/gcc/arm-none-eabi/5.4.1/../../../../arm-none-eabi/lib/armv7-m\libg_nano.a(lib_a-impure.o)
 .ARM.attributes
                0x0000076d       0x2d c:/program files (x86)/cypress/psoc creator/4.3/psoc creator/import/gnu/arm/5.4.1/bin/../lib/gcc/arm-none-eabi/5.4.1/../../../../arm-none-eabi/lib/armv7-m\libg_nano.a(lib_a-init.o)
 .ARM.attributes
                0x0000079a       0x2d c:/program files (x86)/cypress/psoc creator/4.3/psoc creator/import/gnu/arm/5.4.1/bin/../lib/gcc/arm-none-eabi/5.4.1/../../../../arm-none-eabi/lib/armv7-m\libg_nano.a(lib_a-memcpy-stub.o)
 .ARM.attributes
                0x000007c7       0x2d c:/program files (x86)/cypress/psoc creator/4.3/psoc creator/import/gnu/arm/5.4.1/bin/../lib/gcc/arm-none-eabi/5.4.1/../../../../arm-none-eabi/lib/armv7-m\libg_nano.a(lib_a-memset.o)
 .ARM.attributes
                0x000007f4       0x2d c:/program files (x86)/cypress/psoc creator/4.3/psoc creator/import/gnu/arm/5.4.1/bin/../lib/gcc/arm-none-eabi/5.4.1/armv7-m/crtend.o
 .ARM.attributes
                0x00000821       0x1d c:/program files (x86)/cypress/psoc creator/4.3/psoc creator/import/gnu/arm/5.4.1/bin/../lib/gcc/arm-none-eabi/5.4.1/armv7-m/crtn.o

/DISCARD/
 *(.note.GNU-stack)
OUTPUT(C:\Users\marthnick\Desktop\firm_F1-TestFixture\F1-TestFixture.cydsn\CortexM3\ARM_GCC_541\Debug\F1-TestFixture.elf elf32-littlearm)
