Archive member included to satisfy reference by file (symbol)

.\CortexM3\ARM_GCC_541\Debug\F1-TestFixture.a(CyDmac.o)
                              .\CortexM3\ARM_GCC_541\Debug\Cm3Start.o (CyDmacConfigure)
.\CortexM3\ARM_GCC_541\Debug\F1-TestFixture.a(CyLib.o)
                              .\CortexM3\ARM_GCC_541\Debug\Cm3Start.o (CyResetStatus)
.\CortexM3\ARM_GCC_541\Debug\F1-TestFixture.a(cyPm.o)
                              .\CortexM3\ARM_GCC_541\Debug\F1-TestFixture.a(CyLib.o) (CyPmReadStatus)
.\CortexM3\ARM_GCC_541\Debug\F1-TestFixture.a(STest_SIREN_EN.o)
                              .\CortexM3\ARM_GCC_541\Debug\SirenTest.o (STest_SIREN_EN_Write)
.\CortexM3\ARM_GCC_541\Debug\F1-TestFixture.a(CTest_CONT_VBATT_EN.o)
                              .\CortexM3\ARM_GCC_541\Debug\ControllerTest.o (CTest_CONT_VBATT_EN_Write)
.\CortexM3\ARM_GCC_541\Debug\F1-TestFixture.a(CTest_USB_5V_EN.o)
                              .\CortexM3\ARM_GCC_541\Debug\ControllerTest.o (CTest_USB_5V_EN_Write)
.\CortexM3\ARM_GCC_541\Debug\F1-TestFixture.a(RTest_SIREN_EN.o)
                              .\CortexM3\ARM_GCC_541\Debug\RelayTest.o (RTest_SIREN_EN_Read)
.\CortexM3\ARM_GCC_541\Debug\F1-TestFixture.a(RS1.o)
                              .\CortexM3\ARM_GCC_541\Debug\main.o (RS1_Read)
.\CortexM3\ARM_GCC_541\Debug\F1-TestFixture.a(RS2.o)
                              .\CortexM3\ARM_GCC_541\Debug\main.o (RS2_Read)
.\CortexM3\ARM_GCC_541\Debug\F1-TestFixture.a(RTest_HSide1.o)
                              .\CortexM3\ARM_GCC_541\Debug\RelayTest.o (RTest_HSide1_Write)
.\CortexM3\ARM_GCC_541\Debug\F1-TestFixture.a(RTest_HSide3.o)
                              .\CortexM3\ARM_GCC_541\Debug\RelayTest.o (RTest_HSide3_Write)
.\CortexM3\ARM_GCC_541\Debug\F1-TestFixture.a(RTest_HSide2.o)
                              .\CortexM3\ARM_GCC_541\Debug\RelayTest.o (RTest_HSide2_Write)
.\CortexM3\ARM_GCC_541\Debug\F1-TestFixture.a(RTest_HSide4.o)
                              .\CortexM3\ARM_GCC_541\Debug\RelayTest.o (RTest_HSide4_Write)
.\CortexM3\ARM_GCC_541\Debug\F1-TestFixture.a(RTest_HSide5.o)
                              .\CortexM3\ARM_GCC_541\Debug\RelayTest.o (RTest_HSide5_Write)
.\CortexM3\ARM_GCC_541\Debug\F1-TestFixture.a(RTest_HSide6.o)
                              .\CortexM3\ARM_GCC_541\Debug\RelayTest.o (RTest_HSide6_Write)
.\CortexM3\ARM_GCC_541\Debug\F1-TestFixture.a(RTest_HSide7.o)
                              .\CortexM3\ARM_GCC_541\Debug\RelayTest.o (RTest_HSide7_Write)
.\CortexM3\ARM_GCC_541\Debug\F1-TestFixture.a(RTest_HSide8.o)
                              .\CortexM3\ARM_GCC_541\Debug\RelayTest.o (RTest_HSide8_Write)
.\CortexM3\ARM_GCC_541\Debug\F1-TestFixture.a(isr_UART_230400.o)
                              .\CortexM3\ARM_GCC_541\Debug\main.o (isr_UART_230400_Start)
.\CortexM3\ARM_GCC_541\Debug\F1-TestFixture.a(UART_230400.o)
                              .\CortexM3\ARM_GCC_541\Debug\main.o (UART_230400_Start)
.\CortexM3\ARM_GCC_541\Debug\F1-TestFixture.a(UART_230400_INT.o)
                              .\CortexM3\ARM_GCC_541\Debug\F1-TestFixture.a(UART_230400.o) (UART_230400_TXISR)
.\CortexM3\ARM_GCC_541\Debug\F1-TestFixture.a(UART_230400_IntClock.o)
                              .\CortexM3\ARM_GCC_541\Debug\F1-TestFixture.a(UART_230400.o) (UART_230400_IntClock_Start)
.\CortexM3\ARM_GCC_541\Debug\F1-TestFixture.a(MUX_CTRL_230400.o)
                              .\CortexM3\ARM_GCC_541\Debug\ControllerTest.o (MUX_CTRL_230400_Write)
.\CortexM3\ARM_GCC_541\Debug\F1-TestFixture.a(Timer_20ms.o)
                              .\CortexM3\ARM_GCC_541\Debug\main.o (Timer_20ms_Start)
.\CortexM3\ARM_GCC_541\Debug\F1-TestFixture.a(LED_EN.o)
                              .\CortexM3\ARM_GCC_541\Debug\ControllerTest.o (LED_EN_Write)
.\CortexM3\ARM_GCC_541\Debug\F1-TestFixture.a(isr_Timer_20ms.o)
                              .\CortexM3\ARM_GCC_541\Debug\main.o (isr_Timer_20ms_Start)
.\CortexM3\ARM_GCC_541\Debug\F1-TestFixture.a(UART_115200.o)
                              .\CortexM3\ARM_GCC_541\Debug\main.o (UART_115200_Start)
.\CortexM3\ARM_GCC_541\Debug\F1-TestFixture.a(UART_115200_INT.o)
                              .\CortexM3\ARM_GCC_541\Debug\F1-TestFixture.a(UART_115200.o) (UART_115200_TXISR)
.\CortexM3\ARM_GCC_541\Debug\F1-TestFixture.a(isr_UART_115200.o)
                              .\CortexM3\ARM_GCC_541\Debug\main.o (isr_UART_115200_Start)
.\CortexM3\ARM_GCC_541\Debug\F1-TestFixture.a(UART_115200_IntClock.o)
                              .\CortexM3\ARM_GCC_541\Debug\F1-TestFixture.a(UART_115200.o) (UART_115200_IntClock_Start)
.\CortexM3\ARM_GCC_541\Debug\F1-TestFixture.a(DEMUX_CTRL_230400.o)
                              .\CortexM3\ARM_GCC_541\Debug\UART_230400_Functions.o (DEMUX_CTRL_230400_Write)
.\CortexM3\ARM_GCC_541\Debug\F1-TestFixture.a(isr_UART_460800.o)
                              .\CortexM3\ARM_GCC_541\Debug\main.o (isr_UART_460800_Start)
.\CortexM3\ARM_GCC_541\Debug\F1-TestFixture.a(UART_460800.o)
[...]
Memory Configuration

Name             Origin             Length             Attributes
rom              0x00000000         0x00020000         xr
ram              0x1fffc000         0x00008000         xrw
*default*        0x00000000         0xffffffff

Linker script and memory map

LOAD c:/program files (x86)/cypress/psoc creator/4.3/psoc creator/import/gnu/arm/5.4.1/bin/../lib/gcc/arm-none-eabi/5.4.1/armv7-m/crti.o
LOAD c:/program files (x86)/cypress/psoc creator/4.3/psoc creator/import/gnu/arm/5.4.1/bin/../lib/gcc/arm-none-eabi/5.4.1/armv7-m/crtbegin.o
LOAD c:/program files (x86)/cypress/psoc creator/4.3/psoc creator/import/gnu/arm/5.4.1/bin/../lib/gcc/arm-none-eabi/5.4.1/../../../../arm-none-eabi/lib/armv7-m/crt0.o
START GROUP
LOAD .\CortexM3\ARM_GCC_541\Debug\main.o
LOAD .\CortexM3\ARM_GCC_541\Debug\ControllerTest.o
LOAD .\CortexM3\ARM_GCC_541\Debug\UART_230400_Functions.o
LOAD .\CortexM3\ARM_GCC_541\Debug\SirenTest.o
LOAD .\CortexM3\ARM_GCC_541\Debug\RelayTest.o
LOAD .\CortexM3\ARM_GCC_541\Debug\UART_460800_Functions.o
LOAD .\CortexM3\ARM_GCC_541\Debug\UART_115200_Functions.o
LOAD .\CortexM3\ARM_GCC_541\Debug\CD4051BPW_Driver.o
LOAD .\CortexM3\ARM_GCC_541\Debug\ControllerTest_Complete.o
LOAD .\CortexM3\ARM_GCC_541\Debug\RelayTest_Complete.o
LOAD .\CortexM3\ARM_GCC_541\Debug\cyfitter_cfg.o
LOAD .\CortexM3\ARM_GCC_541\Debug\cymetadata.o
LOAD .\CortexM3\ARM_GCC_541\Debug\Cm3Start.o
LOAD .\CortexM3\ARM_GCC_541\Debug\F1-TestFixture.a
LOAD C:\Program Files (x86)\Cypress\PSoC Creator\4.3\PSoC Creator\psoc\content\cycomponentlibrary\CyComponentLibrary.cylib\CortexM3\ARM_GCC_541\Debug\CyComponentLibrary.a
END GROUP
START GROUP
LOAD c:/program files (x86)/cypress/psoc creator/4.3/psoc creator/import/gnu/arm/5.4.1/bin/../lib/gcc/arm-none-eabi/5.4.1/armv7-m\libgcc.a
LOAD c:/program files (x86)/cypress/psoc creator/4.3/psoc creator/import/gnu/arm/5.4.1/bin/../lib/gcc/arm-none-eabi/5.4.1/../../../../arm-none-eabi/lib/armv7-m\libg_nano.a
LOAD c:/program files (x86)/cypress/psoc creator/4.3/psoc creator/import/gnu/arm/5.4.1/bin/../lib/gcc/arm-none-eabi/5.4.1/../../../../arm-none-eabi/lib/armv7-m\libc_nano.a
END GROUP
START GROUP
LOAD c:/program files (x86)/cypress/psoc creator/4.3/psoc creator/import/gnu/arm/5.4.1/bin/../lib/gcc/arm-none-eabi/5.4.1/armv7-m\libgcc.a
LOAD c:/program files (x86)/cypress/psoc creator/4.3/psoc creator/import/gnu/arm/5.4.1/bin/../lib/gcc/arm-none-eabi/5.4.1/../../../../arm-none-eabi/lib/armv7-m\libc_nano.a
END GROUP
LOAD c:/program files (x86)/cypress/psoc creator/4.3/psoc creator/import/gnu/arm/5.4.1/bin/../lib/gcc/arm-none-eabi/5.4.1/armv7-m/crtend.o
LOAD c:/program files (x86)/cypress/psoc creator/4.3/psoc creator/import/gnu/arm/5.4.1/bin/../lib/gcc/arm-none-eabi/5.4.1/armv7-m/crtn.o
START GROUP
LOAD c:/program files (x86)/cypress/psoc creator/4.3/psoc creator/import/gnu/arm/5.4.1/bin/../lib/gcc/arm-none-eabi/5.4.1/armv7-m\libgcc.a
LOAD c:/program files (x86)/cypress/psoc creator/4.3/psoc creator/import/gnu/arm/5.4.1/bin/../lib/gcc/arm-none-eabi/5.4.1/../../../../arm-none-eabi/lib/armv7-m\libc.a
LOAD c:/program files (x86)/cypress/psoc creator/4.3/psoc creator/import/gnu/arm/5.4.1/bin/../lib/gcc/arm-none-eabi/5.4.1/../../../../arm-none-eabi/lib/armv7-m\libnosys.a
END GROUP
                0x00000000                CY_APPL_ORIGIN = 0x0
                0x00000100                CY_FLASH_ROW_SIZE = 0x100
                0x00000020                CY_ECC_ROW_SIZE = 0x20
                0x00000000                CY_EE_IN_BTLDR = 0x0
                0x00000000                CY_APPL_LOADABLE = 0x0
                0x00000800                CY_EE_SIZE = 0x800
                0x00000001                CY_APPL_NUM = 0x1
                0x00000001                CY_APPL_MAX = 0x1
                0x00000040                CY_METADATA_SIZE = 0x40
                0x00000000                CY_APPL_LOADABLE = 0x0
                0x00000000                CY_CHECKSUM_EXCLUDE_SIZE = ALIGN (0x0, CY_FLASH_ROW_SIZE)
                [!provide]                PROVIDE (__cy_heap_start, _end)
                0x00000001                PROVIDE (__cy_region_num, ((__cy_regions_end - __cy_regions) / 0x10))
                0x20004000                PROVIDE (__cy_stack, (ORIGIN (ram) + LENGTH (ram)))
                [!provide]                PROVIDE (__cy_heap_end, (__cy_stack - 0x800))

.cybootloader   0x00000000        0x0
 *(.cybootloader)
                0x00000000                appl1_start = CY_APPL_ORIGIN?CY_APPL_ORIGIN:ALIGN (CY_FLASH_ROW_SIZE)
                0x0000ff00                appl2_start = (appl1_start + ALIGN ((((LENGTH (rom) - appl1_start) - (0x2 * CY_FLASH_ROW_SIZE)) / 0x2), CY_FLASH_ROW_SIZE))
                0x00000000                appl_start = (CY_APPL_NUM == 0x1)?appl1_start:appl2_start
                0x00000000                ecc_offset = ((appl_start / CY_FLASH_ROW_SIZE) * CY_ECC_ROW_SIZE)
                0x00000000                ee_offset = (CY_APPL_LOADABLE && ! (CY_EE_IN_BTLDR))?((CY_EE_SIZE / CY_APPL_MAX) * (CY_APPL_NUM - 0x1)):0x0
                0x00000800                ee_size = (CY_APPL_LOADABLE && ! (CY_EE_IN_BTLDR))?(CY_EE_SIZE / CY_APPL_MAX):CY_EE_SIZE
                [!provide]                PROVIDE (CY_ECC_OFFSET, ecc_offset)

.text           0x00000000     0x693a
 CREATE_OBJECT_SYMBOLS
                0x00000000                PROVIDE (__cy_interrupt_vector, RomVectors)
 *(.romvectors)
 .romvectors    0x00000000       0x10 .\CortexM3\ARM_GCC_541\Debug\Cm3Start.o
                0x00000000                RomVectors
                0x00000001                ASSERT ((. != __cy_interrupt_vector), No interrupt vector)
                0x00000001                ASSERT (CY_APPL_ORIGIN?(SIZEOF (.cybootloader) <= CY_APPL_ORIGIN):0x1, Wrong image location)
                0x00000010                PROVIDE (__cy_reset, Reset)
 *(.text.Reset)
 .text.Reset    0x00000010       0x18 .\CortexM3\ARM_GCC_541\Debug\Cm3Start.o
                0x00000010                Reset
                0x00000001                ASSERT ((. != __cy_reset), No reset code)
 *(.dma_init)
                0x00000001                ASSERT ((((appl_start + .) <= 0x10000) || 0x1), DMA Init must be within the first 64k of flash)
 *(.text .text.* .gnu.linkonce.t.*)
 .text          0x00000028       0x5c c:/program files (x86)/cypress/psoc creator/4.3/psoc creator/import/gnu/arm/5.4.1/bin/../lib/gcc/arm-none-eabi/5.4.1/armv7-m/crtbegin.o
 .text.main     0x00000084      0x164 .\CortexM3\ARM_GCC_541\Debug\main.o
                0x00000084                main
 .text.initializePeripherals
                0x000001e8       0x3c .\CortexM3\ARM_GCC_541\Debug\main.o
 .text.ControllerTest
                0x00000224      0x488 .\CortexM3\ARM_GCC_541\Debug\ControllerTest.o
                0x00000224                ControllerTest
 .text.CTest_ReadPushbuttons
                0x000006ac       0x3c .\CortexM3\ARM_GCC_541\Debug\ControllerTest.o
                0x000006ac                CTest_ReadPushbuttons
 .text.getTxPacket_Relay
                0x000006e8       0x20 .\CortexM3\ARM_GCC_541\Debug\ControllerTest.o
                0x000006e8                getTxPacket_Relay
 .text.getRxPacket_Controller
                0x00000708       0x20 .\CortexM3\ARM_GCC_541\Debug\ControllerTest.o
                0x00000708                getRxPacket_Controller
 .text.getTxPacket_Controller
                0x00000728       0x20 .\CortexM3\ARM_GCC_541\Debug\ControllerTest.o
                0x00000728                getTxPacket_Controller
 .text.CTest_sendDiagPacket
                0x00000748       0x58 .\CortexM3\ARM_GCC_541\Debug\ControllerTest.o
                0x00000748                CTest_sendDiagPacket
 .text.CTest_isr_PB
                0x000007a0       0xe8 .\CortexM3\ARM_GCC_541\Debug\ControllerTest.o
                0x000007a0                CTest_isr_PB
 .text.CTest_20ms_isr
                0x00000888       0x7c .\CortexM3\ARM_GCC_541\Debug\ControllerTest.o
                0x00000888                CTest_20ms_isr
 .text.CTest_50ms_isr
                0x00000904       0x48 .\CortexM3\ARM_GCC_541\Debug\ControllerTest.o
                0x00000904                CTest_50ms_isr
 .text.CTest_StartAutomatedStep
                0x0000094c       0x3c .\CortexM3\ARM_GCC_541\Debug\ControllerTest.o
                0x0000094c                CTest_StartAutomatedStep
 .text.CTest_StopAutomatedStep
                0x00000988       0x40 .\CortexM3\ARM_GCC_541\Debug\ControllerTest.o
                0x00000988                CTest_StopAutomatedStep
 .text.CTest_PB_WaitForAction
                0x000009c8       0x6c .\CortexM3\ARM_GCC_541\Debug\ControllerTest.o
                0x000009c8                CTest_PB_WaitForAction
 .text.getTxPacket_Intermotive
                0x00000a34       0x20 .\CortexM3\ARM_GCC_541\Debug\ControllerTest.o
                0x00000a34                getTxPacket_Intermotive
 .text.setLEDs  0x00000a54      0x6dc .\CortexM3\ARM_GCC_541\Debug\ControllerTest.o
                0x00000a54                setLEDs
 .text.processByteReceivedHandler
                0x00001130       0x68 .\CortexM3\ARM_GCC_541\Debug\UART_230400_Functions.o
                0x00001130                processByteReceivedHandler
 .text.detectPacket
                0x00001198      0x324 .\CortexM3\ARM_GCC_541\Debug\UART_230400_Functions.o
 .text.VerifyPacket_230400
                0x000014bc       0x34 .\CortexM3\ARM_GCC_541\Debug\UART_230400_Functions.o
                0x000014bc                VerifyPacket_230400
 .text.findpacket
                0x000014f0       0x6c .\CortexM3\ARM_GCC_541\Debug\UART_230400_Functions.o
                0x000014f0                findpacket
 .text.sendPacket_RelayToController
                0x0000155c       0x5c .\CortexM3\ARM_GCC_541\Debug\UART_230400_Functions.o
                0x0000155c                sendPacket_RelayToController
 .text.sendPacket_RelayToController_Test
                0x000015b8       0xa0 .\CortexM3\ARM_GCC_541\Debug\UART_230400_Functions.o
                0x000015b8                sendPacket_RelayToController_Test
 .text.sendPacketToRelaySiren
                0x00001658       0x60 .\CortexM3\ARM_GCC_541\Debug\UART_230400_Functions.o
                0x00001658                sendPacketToRelaySiren
 .text.sendPacket_SirenToRelay
                0x000016b8       0x64 .\CortexM3\ARM_GCC_541\Debug\UART_230400_Functions.o
                0x000016b8                sendPacket_SirenToRelay
 .text.VerifyPacket_GPS
                0x0000171c       0x24 .\CortexM3\ARM_GCC_541\Debug\UART_230400_Functions.o
                0x0000171c                VerifyPacket_GPS
 .text.SirenTest
                0x00001740      0x480 .\CortexM3\ARM_GCC_541\Debug\SirenTest.o
                0x00001740                SirenTest
 .text.STest_isr_PB
                0x00001bc0       0xe8 .\CortexM3\ARM_GCC_541\Debug\SirenTest.o
                0x00001bc0                STest_isr_PB
 .text.STest_10ms_isr
                0x00001ca8       0x1c .\CortexM3\ARM_GCC_541\Debug\SirenTest.o
                0x00001ca8                STest_10ms_isr
 .text.STest_20ms_isr
                0x00001cc4       0x7c .\CortexM3\ARM_GCC_541\Debug\SirenTest.o
                0x00001cc4                STest_20ms_isr
 .text.STest_50ms_isr
                0x00001d40       0x58 .\CortexM3\ARM_GCC_541\Debug\SirenTest.o
                0x00001d40                STest_50ms_isr
 .text.STest_sendDiagPacket
                0x00001d98       0x58 .\CortexM3\ARM_GCC_541\Debug\SirenTest.o
                0x00001d98                STest_sendDiagPacket
 .text.PB_WaitForAction
                0x00001df0       0x6c .\CortexM3\ARM_GCC_541\Debug\SirenTest.o
                0x00001df0                PB_WaitForAction
 .text.STest_PlayTestTone
                0x00001e5c       0x44 .\CortexM3\ARM_GCC_541\Debug\SirenTest.o
                0x00001e5c                STest_PlayTestTone
 .text.StartAutomatedStep
                0x00001ea0       0x3c .\CortexM3\ARM_GCC_541\Debug\SirenTest.o
                0x00001ea0                StartAutomatedStep
 .text.StopAutomatedStep
                0x00001edc       0x40 .\CortexM3\ARM_GCC_541\Debug\SirenTest.o
                0x00001edc                StopAutomatedStep
 .text.RelayTest
                0x00001f1c      0x434 .\CortexM3\ARM_GCC_541\Debug\RelayTest.o
                0x00001f1c                RelayTest
 .text.RTest_Test_Outputs
                0x00002350       0x68 .\CortexM3\ARM_GCC_541\Debug\RelayTest.o
                0x00002350                RTest_Test_Outputs
 .text.RTest_Test_DataLink
                0x000023b8       0x68 .\CortexM3\ARM_GCC_541\Debug\RelayTest.o
                0x000023b8                RTest_Test_DataLink
 .text.RTest_Test_QuadPorts
                0x00002420       0x54 .\CortexM3\ARM_GCC_541\Debug\RelayTest.o
                0x00002420                RTest_Test_QuadPorts
 .text.RTest_Test_UART_Siren
                0x00002474       0x90 .\CortexM3\ARM_GCC_541\Debug\RelayTest.o
                0x00002474                RTest_Test_UART_Siren
 .text.RTest_Test_Inputs
                0x00002504       0x54 .\CortexM3\ARM_GCC_541\Debug\RelayTest.o
                0x00002504                RTest_Test_Inputs
 .text.RTest_Test_Vbatt
                0x00002558       0x40 .\CortexM3\ARM_GCC_541\Debug\RelayTest.o
                0x00002558                RTest_Test_Vbatt
 .text.RTest_Test_BlockCurrents
                0x00002598       0x7c .\CortexM3\ARM_GCC_541\Debug\RelayTest.o
                0x00002598                RTest_Test_BlockCurrents
 .text.getRxPacket_Relay
                0x00002614       0x20 .\CortexM3\ARM_GCC_541\Debug\RelayTest.o
                0x00002614                getRxPacket_Relay
 .text.getTxPacket_RelaySiren
                0x00002634       0x20 .\CortexM3\ARM_GCC_541\Debug\RelayTest.o
                0x00002634                getTxPacket_RelaySiren
 .text.getRxPacket_RelaySiren
                0x00002654       0x20 .\CortexM3\ARM_GCC_541\Debug\RelayTest.o
                0x00002654                getRxPacket_RelaySiren
 .text.getTxPacket_H
                0x00002674       0x20 .\CortexM3\ARM_GCC_541\Debug\RelayTest.o
                0x00002674                getTxPacket_H
 .text.getRxPacket_H
                0x00002694       0x20 .\CortexM3\ARM_GCC_541\Debug\RelayTest.o
                0x00002694                getRxPacket_H
 .text.RTest_sendDiagPacket
                0x000026b4       0x58 .\CortexM3\ARM_GCC_541\Debug\RelayTest.o
                0x000026b4                RTest_sendDiagPacket
 .text.RTest_BlockCurrent
                0x0000270c       0x7c .\CortexM3\ARM_GCC_541\Debug\RelayTest.o
                0x0000270c                RTest_BlockCurrent
 .text.RTest_10ms_isr
                0x00002788       0x1c .\CortexM3\ARM_GCC_541\Debug\RelayTest.o
                0x00002788                RTest_10ms_isr
 .text.RTest_20ms_isr
                0x000027a4       0x84 .\CortexM3\ARM_GCC_541\Debug\RelayTest.o
                0x000027a4                RTest_20ms_isr
 .text.RTest_50ms_isr
                0x00002828       0x58 .\CortexM3\ARM_GCC_541\Debug\RelayTest.o
                0x00002828                RTest_50ms_isr
 .text.SetRelayOutputs
                0x00002880       0x80 .\CortexM3\ARM_GCC_541\Debug\RelayTest.o
                0x00002880                SetRelayOutputs
 .text.RTest_StartAutomatedStep
                0x00002900       0x3c .\CortexM3\ARM_GCC_541\Debug\RelayTest.o
                0x00002900                RTest_StartAutomatedStep
 .text.RTest_StopAutomatedStep
                0x0000293c       0x40 .\CortexM3\ARM_GCC_541\Debug\RelayTest.o
                0x0000293c                RTest_StopAutomatedStep
 .text.SetRelayInputs
                0x0000297c       0x7c .\CortexM3\ARM_GCC_541\Debug\RelayTest.o
                0x0000297c                SetRelayInputs
 .text.processByteReceivedHandler_460800
                0x000029f8       0x60 .\CortexM3\ARM_GCC_541\Debug\UART_460800_Functions.o
                0x000029f8                processByteReceivedHandler_460800
 .text.detectPacket
                0x00002a58      0x21c .\CortexM3\ARM_GCC_541\Debug\UART_460800_Functions.o
 .text.VerifyPacket_460800
                0x00002c74       0x34 .\CortexM3\ARM_GCC_541\Debug\UART_460800_Functions.o
                0x00002c74                VerifyPacket_460800
 .text.sendPacketToRelay_Quad
                0x00002ca8       0x40 .\CortexM3\ARM_GCC_541\Debug\UART_460800_Functions.o
                0x00002ca8                sendPacketToRelay_Quad
 .text.sendPacketToSiren_Audio
                0x00002ce8       0x2c .\CortexM3\ARM_GCC_541\Debug\UART_460800_Functions.o
                0x00002ce8                sendPacketToSiren_Audio
 .text.sendPacketToController_OBDII
                0x00002d14       0x50 .\CortexM3\ARM_GCC_541\Debug\UART_460800_Functions.o
                0x00002d14                sendPacketToController_OBDII
 .text.sendPacket_OBDII
                0x00002d64       0x88 .\CortexM3\ARM_GCC_541\Debug\UART_460800_Functions.o
                0x00002d64                sendPacket_OBDII
 .text.processByteReceivedHandler_115200
                0x00002dec       0x60 .\CortexM3\ARM_GCC_541\Debug\UART_115200_Functions.o
                0x00002dec                processByteReceivedHandler_115200
 .text.detectPacket
                0x00002e4c      0x1d8 .\CortexM3\ARM_GCC_541\Debug\UART_115200_Functions.o
 .text.VerifyPacket_115200
                0x00003024       0x4c .\CortexM3\ARM_GCC_541\Debug\UART_115200_Functions.o
                0x00003024                VerifyPacket_115200
 .text.getMuxValue
                0x00003070       0x20 .\CortexM3\ARM_GCC_541\Debug\CD4051BPW_Driver.o
 .text.selectADCChannelMux
                0x00003090      0x17c .\CortexM3\ARM_GCC_541\Debug\CD4051BPW_Driver.o
                0x00003090                selectADCChannelMux
 .text.ControllerTest_Complete
                0x0000320c      0x488 .\CortexM3\ARM_GCC_541\Debug\ControllerTest_Complete.o
                0x0000320c                ControllerTest_Complete
 .text.RelayTest_Complete
                0x00003694      0x5b4 .\CortexM3\ARM_GCC_541\Debug\RelayTest_Complete.o
                0x00003694                RelayTest_Complete
 .text.RTest_Complete_Test_DataLink
                0x00003c48       0x68 .\CortexM3\ARM_GCC_541\Debug\RelayTest_Complete.o
                0x00003c48                RTest_Complete_Test_DataLink
 .text.RTest_Complete_sendDiagPacket
                0x00003cb0       0x58 .\CortexM3\ARM_GCC_541\Debug\RelayTest_Complete.o
                0x00003cb0                RTest_Complete_sendDiagPacket
 .text.RTest_Complete_isr_PB
                0x00003d08       0xe8 .\CortexM3\ARM_GCC_541\Debug\RelayTest_Complete.o
                0x00003d08                RTest_Complete_isr_PB
 .text.RTest_Complete_20ms_isr
                0x00003df0       0x84 .\CortexM3\ARM_GCC_541\Debug\RelayTest_Complete.o
                0x00003df0                RTest_Complete_20ms_isr
 .text.RTest_Complete_50ms_isr
                0x00003e74       0x5c .\CortexM3\ARM_GCC_541\Debug\RelayTest_Complete.o
                0x00003e74                RTest_Complete_50ms_isr
 .text.RTest_Complete_StartAutomatedStep
                0x00003ed0       0x3c .\CortexM3\ARM_GCC_541\Debug\RelayTest_Complete.o
                0x00003ed0                RTest_Complete_StartAutomatedStep
 .text.RTest_Complete_StopAutomatedStep
                0x00003f0c       0x40 .\CortexM3\ARM_GCC_541\Debug\RelayTest_Complete.o
                0x00003f0c                RTest_Complete_StopAutomatedStep
 .text.RTest_Complete_PB_WaitForAction
                0x00003f4c       0x6c .\CortexM3\ARM_GCC_541\Debug\RelayTest_Complete.o
                0x00003f4c                RTest_Complete_PB_WaitForAction
 .text.CYMEMZERO
                0x00003fb8       0x1c .\CortexM3\ARM_GCC_541\Debug\cyfitter_cfg.o
 .text.CYCONFIGCPY
                0x00003fd4       0x20 .\CortexM3\ARM_GCC_541\Debug\cyfitter_cfg.o
 .text.CyClockStartupError
                0x00003ff4        0xc .\CortexM3\ARM_GCC_541\Debug\cyfitter_cfg.o
 .text.cfg_write_bytes32
                0x00004000       0x74 .\CortexM3\ARM_GCC_541\Debug\cyfitter_cfg.o
 .text.ClockSetup
                0x00004074      0x170 .\CortexM3\ARM_GCC_541\Debug\cyfitter_cfg.o
 .text.AnalogSetDefault
                0x000041e4       0x6c .\CortexM3\ARM_GCC_541\Debug\cyfitter_cfg.o
 .text.cyfitter_cfg
                0x00004250      0x1f8 .\CortexM3\ARM_GCC_541\Debug\cyfitter_cfg.o
                0x00004250                cyfitter_cfg
 .text.IntDefaultHandler
                0x00004448       0x14 .\CortexM3\ARM_GCC_541\Debug\Cm3Start.o
                0x00004448                IntDefaultHandler
 .text.Start_c  0x0000445c       0x98 .\CortexM3\ARM_GCC_541\Debug\Cm3Start.o
                0x0000445c                Start_c
 .text.initialize_psoc
                0x000044f4       0x94 .\CortexM3\ARM_GCC_541\Debug\Cm3Start.o
                0x000044f4                initialize_psoc
 .text.CyDmacConfigure
                0x00004588       0x5c .\CortexM3\ARM_GCC_541\Debug\F1-TestFixture.a(CyDmac.o)
                0x00004588                CyDmacConfigure
 .text.CyDmaChEnable
                0x000045e4       0x8c .\CortexM3\ARM_GCC_541\Debug\F1-TestFixture.a(CyDmac.o)
                0x000045e4                CyDmaChEnable
 .text.CyDmaChDisable
                0x00004670       0x60 .\CortexM3\ARM_GCC_541\Debug\F1-TestFixture.a(CyDmac.o)
                0x00004670                CyDmaChDisable
 .text.CyDmaChPriority
                0x000046d0       0x64 .\CortexM3\ARM_GCC_541\Debug\F1-TestFixture.a(CyDmac.o)
                0x000046d0                CyDmaChPriority
 .text.CyDmaChSetExtendedAddress
                0x00004734       0x78 .\CortexM3\ARM_GCC_541\Debug\F1-TestFixture.a(CyDmac.o)
                0x00004734                CyDmaChSetExtendedAddress
 .text.CyDmaChSetInitialTd
                0x000047ac       0x3c .\CortexM3\ARM_GCC_541\Debug\F1-TestFixture.a(CyDmac.o)
                0x000047ac                CyDmaChSetInitialTd
 .text.CyDmaChSetConfiguration
                0x000047e8       0xa0 .\CortexM3\ARM_GCC_541\Debug\F1-TestFixture.a(CyDmac.o)
                0x000047e8                CyDmaChSetConfiguration
 .text.CyDmaTdAllocate
                0x00004888       0x5c .\CortexM3\ARM_GCC_541\Debug\F1-TestFixture.a(CyDmac.o)
                0x00004888                CyDmaTdAllocate
 .text.CyDmaTdSetConfiguration
                0x000048e4       0x80 .\CortexM3\ARM_GCC_541\Debug\F1-TestFixture.a(CyDmac.o)
                0x000048e4                CyDmaTdSetConfiguration
 .text.CyDmaTdSetAddress
                0x00004964       0x5c .\CortexM3\ARM_GCC_541\Debug\F1-TestFixture.a(CyDmac.o)
                0x00004964                CyDmaTdSetAddress
 .text.CyHalt   0x000049c0       0x18 .\CortexM3\ARM_GCC_541\Debug\F1-TestFixture.a(CyLib.o)
                0x000049c0                CyHalt
 .text.CyDelay  0x000049d8       0x44 .\CortexM3\ARM_GCC_541\Debug\F1-TestFixture.a(CyLib.o)
                0x000049d8                CyDelay
 .text.CyIntSetVector
                0x00004a1c       0x50 .\CortexM3\ARM_GCC_541\Debug\F1-TestFixture.a(CyLib.o)
                0x00004a1c                CyIntSetVector
 .text.CyIntSetPriority
                0x00004a6c       0x48 .\CortexM3\ARM_GCC_541\Debug\F1-TestFixture.a(CyLib.o)
                0x00004a6c                CyIntSetPriority
 .text.STest_SIREN_EN_Write
                0x00004ab4       0x3c .\CortexM3\ARM_GCC_541\Debug\F1-TestFixture.a(STest_SIREN_EN.o)
                0x00004ab4                STest_SIREN_EN_Write
 .text.CTest_CONT_VBATT_EN_Write
                0x00004af0       0x3c .\CortexM3\ARM_GCC_541\Debug\F1-TestFixture.a(CTest_CONT_VBATT_EN.o)
                0x00004af0                CTest_CONT_VBATT_EN_Write
 .text.CTest_USB_5V_EN_Write
                0x00004b2c       0x3c .\CortexM3\ARM_GCC_541\Debug\F1-TestFixture.a(CTest_USB_5V_EN.o)
                0x00004b2c                CTest_USB_5V_EN_Write
 .text.RTest_SIREN_EN_Read
                0x00004b68       0x1c .\CortexM3\ARM_GCC_541\Debug\F1-TestFixture.a(RTest_SIREN_EN.o)
                0x00004b68                RTest_SIREN_EN_Read
 .text.RS1_Read
                0x00004b84       0x20 .\CortexM3\ARM_GCC_541\Debug\F1-TestFixture.a(RS1.o)
                0x00004b84                RS1_Read
 .text.RS2_Read
                0x00004ba4       0x20 .\CortexM3\ARM_GCC_541\Debug\F1-TestFixture.a(RS2.o)
                0x00004ba4                RS2_Read
 .text.RTest_HSide1_Write
                0x00004bc4       0x3c .\CortexM3\ARM_GCC_541\Debug\F1-TestFixture.a(RTest_HSide1.o)
                0x00004bc4                RTest_HSide1_Write
 .text.RTest_HSide3_Write
                0x00004c00       0x34 .\CortexM3\ARM_GCC_541\Debug\F1-TestFixture.a(RTest_HSide3.o)
                0x00004c00                RTest_HSide3_Write
 .text.RTest_HSide2_Write
                0x00004c34       0x3c .\CortexM3\ARM_GCC_541\Debug\F1-TestFixture.a(RTest_HSide2.o)
                0x00004c34                RTest_HSide2_Write
 .text.RTest_HSide4_Write
                0x00004c70       0x3c .\CortexM3\ARM_GCC_541\Debug\F1-TestFixture.a(RTest_HSide4.o)
                0x00004c70                RTest_HSide4_Write
 .text.RTest_HSide5_Write
                0x00004cac       0x3c .\CortexM3\ARM_GCC_541\Debug\F1-TestFixture.a(RTest_HSide5.o)
                0x00004cac                RTest_HSide5_Write
 .text.RTest_HSide6_Write
                0x00004ce8       0x3c .\CortexM3\ARM_GCC_541\Debug\F1-TestFixture.a(RTest_HSide6.o)
                0x00004ce8                RTest_HSide6_Write
 .text.RTest_HSide7_Write
                0x00004d24       0x3c .\CortexM3\ARM_GCC_541\Debug\F1-TestFixture.a(RTest_HSide7.o)
                0x00004d24                RTest_HSide7_Write
 .text.RTest_HSide8_Write
                0x00004d60       0x38 .\CortexM3\ARM_GCC_541\Debug\F1-TestFixture.a(RTest_HSide8.o)
                0x00004d60                RTest_HSide8_Write
 .text.isr_UART_230400_Start
                0x00004d98       0x20 .\CortexM3\ARM_GCC_541\Debug\F1-TestFixture.a(isr_UART_230400.o)
                0x00004d98                isr_UART_230400_Start
 .text.isr_UART_230400_Interrupt
                0x00004db8        0xc .\CortexM3\ARM_GCC_541\Debug\F1-TestFixture.a(isr_UART_230400.o)
                0x00004db8                isr_UART_230400_Interrupt
 .text.isr_UART_230400_SetVector
                0x00004dc4       0x24 .\CortexM3\ARM_GCC_541\Debug\F1-TestFixture.a(isr_UART_230400.o)
                0x00004dc4                isr_UART_230400_SetVector
 .text.isr_UART_230400_SetPriority
                0x00004de8       0x24 .\CortexM3\ARM_GCC_541\Debug\F1-TestFixture.a(isr_UART_230400.o)
                0x00004de8                isr_UART_230400_SetPriority
 .text.isr_UART_230400_Enable
                0x00004e0c       0x18 .\CortexM3\ARM_GCC_541\Debug\F1-TestFixture.a(isr_UART_230400.o)
                0x00004e0c                isr_UART_230400_Enable
 .text.isr_UART_230400_Disable
                0x00004e24       0x18 .\CortexM3\ARM_GCC_541\Debug\F1-TestFixture.a(isr_UART_230400.o)
                0x00004e24                isr_UART_230400_Disable
 .text.UART_230400_Start
                0x00004e3c       0x24 .\CortexM3\ARM_GCC_541\Debug\F1-TestFixture.a(UART_230400.o)
                0x00004e3c                UART_230400_Start
 .text.UART_230400_Init
                0x00004e60       0x50 .\CortexM3\ARM_GCC_541\Debug\F1-TestFixture.a(UART_230400.o)
                0x00004e60                UART_230400_Init
 .text.UART_230400_Enable
                0x00004eb0       0x74 .\CortexM3\ARM_GCC_541\Debug\F1-TestFixture.a(UART_230400.o)
                0x00004eb0                UART_230400_Enable
 .text.UART_230400_ReadRxStatus
                0x00004f24       0x24 .\CortexM3\ARM_GCC_541\Debug\F1-TestFixture.a(UART_230400.o)
                0x00004f24                UART_230400_ReadRxStatus
 .text.UART_230400_GetChar
                0x00004f48       0x44 .\CortexM3\ARM_GCC_541\Debug\F1-TestFixture.a(UART_230400.o)
                0x00004f48                UART_230400_GetChar
 .text.UART_230400_WriteTxData
                0x00004f8c       0x94 .\CortexM3\ARM_GCC_541\Debug\F1-TestFixture.a(UART_230400.o)
                0x00004f8c                UART_230400_WriteTxData
 .text.UART_230400_TXISR
                0x00005020       0x70 .\CortexM3\ARM_GCC_541\Debug\F1-TestFixture.a(UART_230400_INT.o)
                0x00005020                UART_230400_TXISR
 .text.UART_230400_IntClock_Start
                0x00005090       0x34 .\CortexM3\ARM_GCC_541\Debug\F1-TestFixture.a(UART_230400_IntClock.o)
                0x00005090                UART_230400_IntClock_Start
 .text.MUX_CTRL_230400_Write
                0x000050c4       0x20 .\CortexM3\ARM_GCC_541\Debug\F1-TestFixture.a(MUX_CTRL_230400.o)
                0x000050c4                MUX_CTRL_230400_Write
 .text.Timer_20ms_Init
                0x000050e4       0xa0 .\CortexM3\ARM_GCC_541\Debug\F1-TestFixture.a(Timer_20ms.o)
                0x000050e4                Timer_20ms_Init
 .text.Timer_20ms_Enable
                0x00005184       0x48 .\CortexM3\ARM_GCC_541\Debug\F1-TestFixture.a(Timer_20ms.o)
                0x00005184                Timer_20ms_Enable
 .text.Timer_20ms_Start
                0x000051cc       0x24 .\CortexM3\ARM_GCC_541\Debug\F1-TestFixture.a(Timer_20ms.o)
                0x000051cc                Timer_20ms_Start
 .text.Timer_20ms_SetInterruptMode
                0x000051f0       0x20 .\CortexM3\ARM_GCC_541\Debug\F1-TestFixture.a(Timer_20ms.o)
                0x000051f0                Timer_20ms_SetInterruptMode
 .text.Timer_20ms_WritePeriod
                0x00005210       0x24 .\CortexM3\ARM_GCC_541\Debug\F1-TestFixture.a(Timer_20ms.o)
                0x00005210                Timer_20ms_WritePeriod
 .text.Timer_20ms_WriteCounter
                0x00005234       0x20 .\CortexM3\ARM_GCC_541\Debug\F1-TestFixture.a(Timer_20ms.o)
                0x00005234                Timer_20ms_WriteCounter
 .text.LED_EN_Write
                0x00005254       0x3c .\CortexM3\ARM_GCC_541\Debug\F1-TestFixture.a(LED_EN.o)
                0x00005254                LED_EN_Write
 .text.isr_Timer_20ms_Start
                0x00005290       0x20 .\CortexM3\ARM_GCC_541\Debug\F1-TestFixture.a(isr_Timer_20ms.o)
                0x00005290                isr_Timer_20ms_Start
 .text.isr_Timer_20ms_Interrupt
                0x000052b0       0x24 .\CortexM3\ARM_GCC_541\Debug\F1-TestFixture.a(isr_Timer_20ms.o)
                0x000052b0                isr_Timer_20ms_Interrupt
 .text.isr_Timer_20ms_SetVector
                0x000052d4       0x24 .\CortexM3\ARM_GCC_541\Debug\F1-TestFixture.a(isr_Timer_20ms.o)
                0x000052d4                isr_Timer_20ms_SetVector
 .text.isr_Timer_20ms_SetPriority
                0x000052f8       0x24 .\CortexM3\ARM_GCC_541\Debug\F1-TestFixture.a(isr_Timer_20ms.o)
                0x000052f8                isr_Timer_20ms_SetPriority
 .text.isr_Timer_20ms_Enable
                0x0000531c       0x18 .\CortexM3\ARM_GCC_541\Debug\F1-TestFixture.a(isr_Timer_20ms.o)
                0x0000531c                isr_Timer_20ms_Enable
 .text.isr_Timer_20ms_Disable
                0x00005334       0x18 .\CortexM3\ARM_GCC_541\Debug\F1-TestFixture.a(isr_Timer_20ms.o)
                0x00005334                isr_Timer_20ms_Disable
 .text.UART_115200_Start
                0x0000534c       0x24 .\CortexM3\ARM_GCC_541\Debug\F1-TestFixture.a(UART_115200.o)
                0x0000534c                UART_115200_Start
 .text.UART_115200_Init
                0x00005370       0x50 .\CortexM3\ARM_GCC_541\Debug\F1-TestFixture.a(UART_115200.o)
                0x00005370                UART_115200_Init
 .text.UART_115200_Enable
                0x000053c0       0x74 .\CortexM3\ARM_GCC_541\Debug\F1-TestFixture.a(UART_115200.o)
                0x000053c0                UART_115200_Enable
 .text.UART_115200_ReadRxStatus
                0x00005434       0x24 .\CortexM3\ARM_GCC_541\Debug\F1-TestFixture.a(UART_115200.o)
                0x00005434                UART_115200_ReadRxStatus
 .text.UART_115200_GetChar
                0x00005458       0x44 .\CortexM3\ARM_GCC_541\Debug\F1-TestFixture.a(UART_115200.o)
                0x00005458                UART_115200_GetChar
 .text.UART_115200_PutChar
                0x0000549c       0xbc .\CortexM3\ARM_GCC_541\Debug\F1-TestFixture.a(UART_115200.o)
                0x0000549c                UART_115200_PutChar
 .text.UART_115200_PutArray
                0x00005558       0x44 .\CortexM3\ARM_GCC_541\Debug\F1-TestFixture.a(UART_115200.o)
                0x00005558                UART_115200_PutArray
 .text.UART_115200_TXISR
                0x0000559c       0x70 .\CortexM3\ARM_GCC_541\Debug\F1-TestFixture.a(UART_115200_INT.o)
                0x0000559c                UART_115200_TXISR
 .text.isr_UART_115200_Start
                0x0000560c       0x20 .\CortexM3\ARM_GCC_541\Debug\F1-TestFixture.a(isr_UART_115200.o)
                0x0000560c                isr_UART_115200_Start
 .text.isr_UART_115200_Interrupt
                0x0000562c        0xc .\CortexM3\ARM_GCC_541\Debug\F1-TestFixture.a(isr_UART_115200.o)
                0x0000562c                isr_UART_115200_Interrupt
 .text.isr_UART_115200_SetVector
                0x00005638       0x24 .\CortexM3\ARM_GCC_541\Debug\F1-TestFixture.a(isr_UART_115200.o)
                0x00005638                isr_UART_115200_SetVector
 .text.isr_UART_115200_SetPriority
                0x0000565c       0x24 .\CortexM3\ARM_GCC_541\Debug\F1-TestFixture.a(isr_UART_115200.o)
                0x0000565c                isr_UART_115200_SetPriority
 .text.isr_UART_115200_Enable
                0x00005680       0x18 .\CortexM3\ARM_GCC_541\Debug\F1-TestFixture.a(isr_UART_115200.o)
                0x00005680                isr_UART_115200_Enable
 .text.isr_UART_115200_Disable
                0x00005698       0x18 .\CortexM3\ARM_GCC_541\Debug\F1-TestFixture.a(isr_UART_115200.o)
                0x00005698                isr_UART_115200_Disable
 .text.UART_115200_IntClock_Start
                0x000056b0       0x34 .\CortexM3\ARM_GCC_541\Debug\F1-TestFixture.a(UART_115200_IntClock.o)
                0x000056b0                UART_115200_IntClock_Start
 .text.DEMUX_CTRL_230400_Write
                0x000056e4       0x20 .\CortexM3\ARM_GCC_541\Debug\F1-TestFixture.a(DEMUX_CTRL_230400.o)
                0x000056e4                DEMUX_CTRL_230400_Write
 .text.isr_UART_460800_Start
                0x00005704       0x20 .\CortexM3\ARM_GCC_541\Debug\F1-TestFixture.a(isr_UART_460800.o)
                0x00005704                isr_UART_460800_Start
 .text.isr_UART_460800_Interrupt
                0x00005724        0xc .\CortexM3\ARM_GCC_541\Debug\F1-TestFixture.a(isr_UART_460800.o)
                0x00005724                isr_UART_460800_Interrupt
 .text.isr_UART_460800_SetVector
                0x00005730       0x24 .\CortexM3\ARM_GCC_541\Debug\F1-TestFixture.a(isr_UART_460800.o)
                0x00005730                isr_UART_460800_SetVector
 .text.isr_UART_460800_SetPriority
                0x00005754       0x24 .\CortexM3\ARM_GCC_541\Debug\F1-TestFixture.a(isr_UART_460800.o)
                0x00005754                isr_UART_460800_SetPriority
 .text.isr_UART_460800_Enable
                0x00005778       0x18 .\CortexM3\ARM_GCC_541\Debug\F1-TestFixture.a(isr_UART_460800.o)
                0x00005778                isr_UART_460800_Enable
 .text.isr_UART_460800_Disable
                0x00005790       0x18 .\CortexM3\ARM_GCC_541\Debug\F1-TestFixture.a(isr_UART_460800.o)
                0x00005790                isr_UART_460800_Disable
 .text.UART_460800_Start
                0x000057a8       0x24 .\CortexM3\ARM_GCC_541\Debug\F1-TestFixture.a(UART_460800.o)
                0x000057a8                UART_460800_Start
 .text.UART_460800_Init
                0x000057cc       0x50 .\CortexM3\ARM_GCC_541\Debug\F1-TestFixture.a(UART_460800.o)
                0x000057cc                UART_460800_Init
 .text.UART_460800_Enable
                0x0000581c       0x74 .\CortexM3\ARM_GCC_541\Debug\F1-TestFixture.a(UART_460800.o)
                0x0000581c                UART_460800_Enable
 .text.UART_460800_ReadRxStatus
                0x00005890       0x24 .\CortexM3\ARM_GCC_541\Debug\F1-TestFixture.a(UART_460800.o)
                0x00005890                UART_460800_ReadRxStatus
 .text.UART_460800_GetChar
                0x000058b4       0x44 .\CortexM3\ARM_GCC_541\Debug\F1-TestFixture.a(UART_460800.o)
                0x000058b4                UART_460800_GetChar
 .text.UART_460800_WriteTxData
                0x000058f8       0x94 .\CortexM3\ARM_GCC_541\Debug\F1-TestFixture.a(UART_460800.o)
                0x000058f8                UART_460800_WriteTxData
 .text.UART_460800_TXISR
                0x0000598c       0x70 .\CortexM3\ARM_GCC_541\Debug\F1-TestFixture.a(UART_460800_INT.o)
                0x0000598c                UART_460800_TXISR
 .text.MUX_CTRL_460800_Write
                0x000059fc       0x20 .\CortexM3\ARM_GCC_541\Debug\F1-TestFixture.a(MUX_CTRL_460800.o)
                0x000059fc                MUX_CTRL_460800_Write
 .text.DEMUX_CTRL_460800_Write
                0x00005a1c       0x20 .\CortexM3\ARM_GCC_541\Debug\F1-TestFixture.a(DEMUX_CTRL_460800.o)
                0x00005a1c                DEMUX_CTRL_460800_Write
 .text.UART_460800_IntClock_Start
                0x00005a3c       0x34 .\CortexM3\ARM_GCC_541\Debug\F1-TestFixture.a(UART_460800_IntClock.o)
                0x00005a3c                UART_460800_IntClock_Start
 .text.Timer_10ms_Init
                0x00005a70       0x9c .\CortexM3\ARM_GCC_541\Debug\F1-TestFixture.a(Timer_10ms.o)
                0x00005a70                Timer_10ms_Init
 .text.Timer_10ms_Enable
                0x00005b0c       0x48 .\CortexM3\ARM_GCC_541\Debug\F1-TestFixture.a(Timer_10ms.o)
                0x00005b0c                Timer_10ms_Enable
 .text.Timer_10ms_Start
                0x00005b54       0x24 .\CortexM3\ARM_GCC_541\Debug\F1-TestFixture.a(Timer_10ms.o)
                0x00005b54                Timer_10ms_Start
 .text.Timer_10ms_SetInterruptMode
                0x00005b78       0x20 .\CortexM3\ARM_GCC_541\Debug\F1-TestFixture.a(Timer_10ms.o)
                0x00005b78                Timer_10ms_SetInterruptMode
 .text.Timer_10ms_WritePeriod
                0x00005b98       0x24 .\CortexM3\ARM_GCC_541\Debug\F1-TestFixture.a(Timer_10ms.o)
                0x00005b98                Timer_10ms_WritePeriod
 .text.Timer_10ms_WriteCounter
                0x00005bbc       0x20 .\CortexM3\ARM_GCC_541\Debug\F1-TestFixture.a(Timer_10ms.o)
                0x00005bbc                Timer_10ms_WriteCounter
 .text.isr_Timer_10ms_Start
                0x00005bdc       0x20 .\CortexM3\ARM_GCC_541\Debug\F1-TestFixture.a(isr_Timer_10ms.o)
                0x00005bdc                isr_Timer_10ms_Start
 .text.isr_Timer_10ms_Interrupt
                0x00005bfc       0x10 .\CortexM3\ARM_GCC_541\Debug\F1-TestFixture.a(isr_Timer_10ms.o)
                0x00005bfc                isr_Timer_10ms_Interrupt
 .text.isr_Timer_10ms_SetVector
                0x00005c0c       0x24 .\CortexM3\ARM_GCC_541\Debug\F1-TestFixture.a(isr_Timer_10ms.o)
                0x00005c0c                isr_Timer_10ms_SetVector
 .text.isr_Timer_10ms_SetPriority
                0x00005c30       0x24 .\CortexM3\ARM_GCC_541\Debug\F1-TestFixture.a(isr_Timer_10ms.o)
                0x00005c30                isr_Timer_10ms_SetPriority
 .text.isr_Timer_10ms_Enable
                0x00005c54       0x18 .\CortexM3\ARM_GCC_541\Debug\F1-TestFixture.a(isr_Timer_10ms.o)
                0x00005c54                isr_Timer_10ms_Enable
 .text.isr_Timer_10ms_Disable
                0x00005c6c       0x18 .\CortexM3\ARM_GCC_541\Debug\F1-TestFixture.a(isr_Timer_10ms.o)
                0x00005c6c                isr_Timer_10ms_Disable
 .text.Timer_50ms_Init
                0x00005c84       0xa0 .\CortexM3\ARM_GCC_541\Debug\F1-TestFixture.a(Timer_50ms.o)
                0x00005c84                Timer_50ms_Init
 .text.Timer_50ms_Enable
                0x00005d24       0x48 .\CortexM3\ARM_GCC_541\Debug\F1-TestFixture.a(Timer_50ms.o)
                0x00005d24                Timer_50ms_Enable
 .text.Timer_50ms_Start
                0x00005d6c       0x24 .\CortexM3\ARM_GCC_541\Debug\F1-TestFixture.a(Timer_50ms.o)
                0x00005d6c                Timer_50ms_Start
 .text.Timer_50ms_SetInterruptMode
                0x00005d90       0x20 .\CortexM3\ARM_GCC_541\Debug\F1-TestFixture.a(Timer_50ms.o)
                0x00005d90                Timer_50ms_SetInterruptMode
 .text.Timer_50ms_WritePeriod
                0x00005db0       0x24 .\CortexM3\ARM_GCC_541\Debug\F1-TestFixture.a(Timer_50ms.o)
                0x00005db0                Timer_50ms_WritePeriod
 .text.Timer_50ms_WriteCounter
                0x00005dd4       0x20 .\CortexM3\ARM_GCC_541\Debug\F1-TestFixture.a(Timer_50ms.o)
                0x00005dd4                Timer_50ms_WriteCounter
 .text.isr_Timer_50ms_Start
                0x00005df4       0x20 .\CortexM3\ARM_GCC_541\Debug\F1-TestFixture.a(isr_Timer_50ms.o)
                0x00005df4                isr_Timer_50ms_Start
 .text.isr_Timer_50ms_Interrupt
                0x00005e14      0x2a0 .\CortexM3\ARM_GCC_541\Debug\F1-TestFixture.a(isr_Timer_50ms.o)
                0x00005e14                isr_Timer_50ms_Interrupt
 .text.isr_Timer_50ms_SetVector
                0x000060b4       0x24 .\CortexM3\ARM_GCC_541\Debug\F1-TestFixture.a(isr_Timer_50ms.o)
                0x000060b4                isr_Timer_50ms_SetVector
 .text.isr_Timer_50ms_SetPriority
                0x000060d8       0x24 .\CortexM3\ARM_GCC_541\Debug\F1-TestFixture.a(isr_Timer_50ms.o)
                0x000060d8                isr_Timer_50ms_SetPriority
 .text.isr_Timer_50ms_Enable
                0x000060fc       0x18 .\CortexM3\ARM_GCC_541\Debug\F1-TestFixture.a(isr_Timer_50ms.o)
                0x000060fc                isr_Timer_50ms_Enable
 .text.isr_Timer_50ms_Disable
                0x00006114       0x18 .\CortexM3\ARM_GCC_541\Debug\F1-TestFixture.a(isr_Timer_50ms.o)
                0x00006114                isr_Timer_50ms_Disable
 .text.PB_NextAction_Read
                0x0000612c       0x20 .\CortexM3\ARM_GCC_541\Debug\F1-TestFixture.a(PB_NextAction.o)
                0x0000612c                PB_NextAction_Read
 .text.WaveDAC_Init
                0x0000614c       0x50 .\CortexM3\ARM_GCC_541\Debug\F1-TestFixture.a(WaveDAC.o)
                0x0000614c                WaveDAC_Init
 .text.WaveDAC_Enable
                0x0000619c       0x38 .\CortexM3\ARM_GCC_541\Debug\F1-TestFixture.a(WaveDAC.o)
                0x0000619c                WaveDAC_Enable
 .text.WaveDAC_Start
                0x000061d4       0x24 .\CortexM3\ARM_GCC_541\Debug\F1-TestFixture.a(WaveDAC.o)
                0x000061d4                WaveDAC_Start
 .text.WaveDAC_Stop
                0x000061f8       0x2c .\CortexM3\ARM_GCC_541\Debug\F1-TestFixture.a(WaveDAC.o)
                0x000061f8                WaveDAC_Stop
 .text.WaveDAC_Wave1Setup
                0x00006224       0x68 .\CortexM3\ARM_GCC_541\Debug\F1-TestFixture.a(WaveDAC.o)
                0x00006224                WaveDAC_Wave1Setup
 .text.WaveDAC_Wave2Setup
                0x0000628c       0x68 .\CortexM3\ARM_GCC_541\Debug\F1-TestFixture.a(WaveDAC.o)
                0x0000628c                WaveDAC_Wave2Setup
 .text.WaveDAC_DacClk_Start
                0x000062f4       0x34 .\CortexM3\ARM_GCC_541\Debug\F1-TestFixture.a(WaveDAC_DacClk.o)
                0x000062f4                WaveDAC_DacClk_Start
 .text.WaveDAC_DacClk_Stop
                0x00006328       0x34 .\CortexM3\ARM_GCC_541\Debug\F1-TestFixture.a(WaveDAC_DacClk.o)
                0x00006328                WaveDAC_DacClk_Stop
 .text.WaveDAC_Wave1_DMA_DmaInitialize
                0x0000635c       0x64 .\CortexM3\ARM_GCC_541\Debug\F1-TestFixture.a(WaveDAC_Wave1_DMA_dma.o)
                0x0000635c                WaveDAC_Wave1_DMA_DmaInitialize
 .text.WaveDAC_Wave2_DMA_DmaInitialize
                0x000063c0       0x64 .\CortexM3\ARM_GCC_541\Debug\F1-TestFixture.a(WaveDAC_Wave2_DMA_dma.o)
                0x000063c0                WaveDAC_Wave2_DMA_DmaInitialize
 .text.WaveDAC_VDAC8_Init
                0x00006424       0x3c .\CortexM3\ARM_GCC_541\Debug\F1-TestFixture.a(WaveDAC_VDAC8.o)
                0x00006424                WaveDAC_VDAC8_Init
 .text.WaveDAC_VDAC8_Enable
                0x00006460       0x34 .\CortexM3\ARM_GCC_541\Debug\F1-TestFixture.a(WaveDAC_VDAC8.o)
                0x00006460                WaveDAC_VDAC8_Enable
 .text.WaveDAC_VDAC8_Stop
                0x00006494       0x34 .\CortexM3\ARM_GCC_541\Debug\F1-TestFixture.a(WaveDAC_VDAC8.o)
                0x00006494                WaveDAC_VDAC8_Stop
 .text.WaveDAC_VDAC8_SetSpeed
                0x000064c8       0x40 .\CortexM3\ARM_GCC_541\Debug\F1-TestFixture.a(WaveDAC_VDAC8.o)
                0x000064c8                WaveDAC_VDAC8_SetSpeed
 .text.WaveDAC_VDAC8_SetRange
                0x00006508       0x40 .\CortexM3\ARM_GCC_541\Debug\F1-TestFixture.a(WaveDAC_VDAC8.o)
                0x00006508                WaveDAC_VDAC8_SetRange
 .text.WaveDAC_VDAC8_SetValue
                0x00006548       0x20 .\CortexM3\ARM_GCC_541\Debug\F1-TestFixture.a(WaveDAC_VDAC8.o)
                0x00006548                WaveDAC_VDAC8_SetValue
 .text.WaveDAC_VDAC8_DacTrim
                0x00006568       0x3c .\CortexM3\ARM_GCC_541\Debug\F1-TestFixture.a(WaveDAC_VDAC8.o)
                0x00006568                WaveDAC_VDAC8_DacTrim
 .text.RTest_BLOCK_4_EN_Write
                0x000065a4       0x34 .\CortexM3\ARM_GCC_541\Debug\F1-TestFixture.a(RTest_BLOCK_4_EN.o)
                0x000065a4                RTest_BLOCK_4_EN_Write
 .text.RTest_BLOCK_3_EN_Write
                0x000065d8       0x38 .\CortexM3\ARM_GCC_541\Debug\F1-TestFixture.a(RTest_BLOCK_3_EN.o)
                0x000065d8                RTest_BLOCK_3_EN_Write
 .text.RTest_BLOCK_2_EN_Write
                0x00006610       0x3c .\CortexM3\ARM_GCC_541\Debug\F1-TestFixture.a(RTest_BLOCK_2_EN.o)
                0x00006610                RTest_BLOCK_2_EN_Write
 .text.RTest_BLOCK_1_EN_Write
                0x0000664c       0x38 .\CortexM3\ARM_GCC_541\Debug\F1-TestFixture.a(RTest_BLOCK_1_EN.o)
                0x0000664c                RTest_BLOCK_1_EN_Write
 .text.RTest_DEMUX_C_Write
                0x00006684       0x3c .\CortexM3\ARM_GCC_541\Debug\F1-TestFixture.a(RTest_DEMUX_C.o)
                0x00006684                RTest_DEMUX_C_Write
 .text.RTest_DEMUX_B_Write
                0x000066c0       0x3c .\CortexM3\ARM_GCC_541\Debug\F1-TestFixture.a(RTest_DEMUX_B.o)
                0x000066c0                RTest_DEMUX_B_Write
 .text.RTest_DEMUX_A_Write
                0x000066fc       0x3c .\CortexM3\ARM_GCC_541\Debug\F1-TestFixture.a(RTest_DEMUX_A.o)
                0x000066fc                RTest_DEMUX_A_Write
 .text.RTest_DEMUX_COM_Read
                0x00006738       0x20 .\CortexM3\ARM_GCC_541\Debug\F1-TestFixture.a(RTest_DEMUX_COM.o)
                0x00006738                RTest_DEMUX_COM_Read
 .text.MUX_CTRL_115200_Write
                0x00006758       0x20 .\CortexM3\ARM_GCC_541\Debug\F1-TestFixture.a(MUX_CTRL_115200.o)
                0x00006758                MUX_CTRL_115200_Write
 .text.Overload1_Write
                0x00006778       0x3c .\CortexM3\ARM_GCC_541\Debug\F1-TestFixture.a(Overload1.o)
                0x00006778                Overload1_Write
 .text.Overload2_Write
                0x000067b4       0x3c .\CortexM3\ARM_GCC_541\Debug\F1-TestFixture.a(Overload2.o)
                0x000067b4                Overload2_Write
 .text          0x000067f0       0x20 .\CortexM3\ARM_GCC_541\Debug\F1-TestFixture.a(CyBootAsmGnu.o)
                0x000067f0                CyDelayCycles
                0x00006800                CyEnterCriticalSection
                0x00006808                CyExitCriticalSection
 .text.LED1_Write
                0x00006810       0x3c .\CortexM3\ARM_GCC_541\Debug\F1-TestFixture.a(LED1.o)
                0x00006810                LED1_Write
 .text.LED2_Write
                0x0000684c       0x34 .\CortexM3\ARM_GCC_541\Debug\F1-TestFixture.a(LED2.o)
                0x0000684c                LED2_Write
 .text.LED3_Write
                0x00006880       0x3c .\CortexM3\ARM_GCC_541\Debug\F1-TestFixture.a(LED3.o)
                0x00006880                LED3_Write
 .text.__errno  0x000068bc        0xc c:/program files (x86)/cypress/psoc creator/4.3/psoc creator/import/gnu/arm/5.4.1/bin/../lib/gcc/arm-none-eabi/5.4.1/../../../../arm-none-eabi/lib/armv7-m\libg_nano.a(lib_a-errno.o)
                0x000068bc                __errno
 .text.__libc_init_array
                0x000068c8       0x4c c:/program files (x86)/cypress/psoc creator/4.3/psoc creator/import/gnu/arm/5.4.1/bin/../lib/gcc/arm-none-eabi/5.4.1/../../../../arm-none-eabi/lib/armv7-m\libg_nano.a(lib_a-init.o)
                0x000068c8                __libc_init_array
 .text.memcpy   0x00006914       0x16 c:/program files (x86)/cypress/psoc creator/4.3/psoc creator/import/gnu/arm/5.4.1/bin/../lib/gcc/arm-none-eabi/5.4.1/../../../../arm-none-eabi/lib/armv7-m\libg_nano.a(lib_a-memcpy-stub.o)
                0x00006914                memcpy
 .text.memset   0x0000692a       0x10 c:/program files (x86)/cypress/psoc creator/4.3/psoc creator/import/gnu/arm/5.4.1/bin/../lib/gcc/arm-none-eabi/5.4.1/../../../../arm-none-eabi/lib/armv7-m\libg_nano.a(lib_a-memset.o)
                0x0000692a                memset
 *(.plt)
 *(.gnu.warning)
 *(.glue_7t)
 .glue_7t       0x0000693a        0x0 linker stubs
 *(.glue_7)
 .glue_7        0x0000693a        0x0 linker stubs
 *(.vfp11_veneer)
 .vfp11_veneer  0x0000693a        0x0 linker stubs
 *(.bootloader)
 *(.ARM.extab* .gnu.linkonce.armextab.*)
 *(.gcc_except_table)

.v4_bx          0x0000693c        0x0
 .v4_bx         0x0000693c        0x0 linker stubs

.iplt           0x0000693c        0x0
 .iplt          0x0000693c        0x0 c:/program files (x86)/cypress/psoc creator/4.3/psoc creator/import/gnu/arm/5.4.1/bin/../lib/gcc/arm-none-eabi/5.4.1/armv7-m/crtbegin.o

.eh_frame_hdr
 *(.eh_frame_hdr)

.eh_frame       0x0000693c        0x4
 *(.eh_frame)
 .eh_frame      0x0000693c        0x0 c:/program files (x86)/cypress/psoc creator/4.3/psoc creator/import/gnu/arm/5.4.1/bin/../lib/gcc/arm-none-eabi/5.4.1/armv7-m/crtbegin.o
 .eh_frame      0x0000693c        0x4 c:/program files (x86)/cypress/psoc creator/4.3/psoc creator/import/gnu/arm/5.4.1/bin/../lib/gcc/arm-none-eabi/5.4.1/armv7-m/crtend.o
                [!provide]                PROVIDE (__exidx_start, .)

.ARM.exidx
 *(.ARM.exidx* .gnu.linkonce.armexidx.*)
                0x00006940                __exidx_end = .

.rodata         0x00006940      0x148
 *(.rodata .rodata.* .gnu.linkonce.r.*)
 .rodata        0x00006940       0x44 .\CortexM3\ARM_GCC_541\Debug\cyfitter_cfg.o
 .rodata        0x00006984       0xc8 .\CortexM3\ARM_GCC_541\Debug\F1-TestFixture.a(WaveDAC.o)
                0x00006984                WaveDAC_wave1
                0x000069e8                WaveDAC_wave2
 .rodata.str1.1
                0x00006a4c        0x2 c:/program files (x86)/cypress/psoc creator/4.3/psoc creator/import/gnu/arm/5.4.1/bin/../lib/gcc/arm-none-eabi/5.4.1/../../../../arm-none-eabi/lib/armv7-m\libg_nano.a(lib_a-impure.o)
                0x00006a50                . = ALIGN (0x4)
 *fill*         0x00006a4e        0x2 
 *(.init)
 .init          0x00006a50        0x4 c:/program files (x86)/cypress/psoc creator/4.3/psoc creator/import/gnu/arm/5.4.1/bin/../lib/gcc/arm-none-eabi/5.4.1/armv7-m/crti.o
                0x00006a50                _init
 .init          0x00006a54        0x8 c:/program files (x86)/cypress/psoc creator/4.3/psoc creator/import/gnu/arm/5.4.1/bin/../lib/gcc/arm-none-eabi/5.4.1/armv7-m/crtn.o
                0x00006a5c                . = ALIGN (0x4)
                0x00006a5c                __preinit_array_start = .
 *(.preinit_array)
                0x00006a5c                __preinit_array_end = .
                0x00006a5c                . = ALIGN (0x4)
                0x00006a5c                __init_array_start = .
 *(SORT(.init_array.*))
 *(.init_array)
 .init_array    0x00006a5c        0x4 c:/program files (x86)/cypress/psoc creator/4.3/psoc creator/import/gnu/arm/5.4.1/bin/../lib/gcc/arm-none-eabi/5.4.1/armv7-m/crtbegin.o
 .init_array    0x00006a60        0x4 .\CortexM3\ARM_GCC_541\Debug\Cm3Start.o
                0x00006a64                __init_array_end = .
                0x00006a64                . = ALIGN (0x4)
 *(.fini)
 .fini          0x00006a64        0x4 c:/program files (x86)/cypress/psoc creator/4.3/psoc creator/import/gnu/arm/5.4.1/bin/../lib/gcc/arm-none-eabi/5.4.1/armv7-m/crti.o
                0x00006a64                _fini
 .fini          0x00006a68        0x8 c:/program files (x86)/cypress/psoc creator/4.3/psoc creator/import/gnu/arm/5.4.1/bin/../lib/gcc/arm-none-eabi/5.4.1/armv7-m/crtn.o
                0x00006a70                . = ALIGN (0x4)
                0x00006a70                __fini_array_start = .
 *(.fini_array)
 .fini_array    0x00006a70        0x4 c:/program files (x86)/cypress/psoc creator/4.3/psoc creator/import/gnu/arm/5.4.1/bin/../lib/gcc/arm-none-eabi/5.4.1/armv7-m/crtbegin.o
 *(SORT(.fini_array.*))
                0x00006a74                __fini_array_end = .
                0x00006a74                . = ALIGN (0x4)
 *crtbegin.o(.ctors)
 *(EXCLUDE_FILE(*crtend.o) .ctors)
 *(SORT(.ctors.*))
 *crtend.o(.ctors)
                0x00006a74                . = ALIGN (0x4)
 *crtbegin.o(.dtors)
 *(EXCLUDE_FILE(*crtend.o) .dtors)
 *(SORT(.dtors.*))
 *crtend.o(.dtors)
                0x00006a74                . = ALIGN (0x4)
                0x00006a74                __cy_regions = .
                0x00006a74        0x4 LONG 0x6a88 __cy_region_init_ram
                0x00006a78        0x4 LONG 0x1fffc0c8 __cy_region_start_data
                0x00006a7c        0x4 LONG 0x140 __cy_region_init_size_ram
                0x00006a80        0x4 LONG 0x1a38 __cy_region_zero_size_ram
                0x00006a84                __cy_regions_end = .
                0x00006a88                . = ALIGN (0x8)
 *fill*         0x00006a84        0x4 
                0x00006a88                _etext = .

.cy_checksum_exclude
                0x00006a88        0x0
 *(.cy_checksum_exclude)

.ramvectors     0x1fffc000       0xc0
                0x1fffc000                __cy_region_start_ram = .
 *(.ramvectors)
 .ramvectors    0x1fffc000       0xc0 .\CortexM3\ARM_GCC_541\Debug\Cm3Start.o
                0x1fffc000                CyRamVectors

.noinit         0x1fffc0c0        0x5
 *(.noinit)
 .noinit        0x1fffc0c0        0x4 .\CortexM3\ARM_GCC_541\Debug\Cm3Start.o
 .noinit        0x1fffc0c4        0x1 .\CortexM3\ARM_GCC_541\Debug\F1-TestFixture.a(CyLib.o)
                0x1fffc0c4                CyResetStatus

.data           0x1fffc0c8      0x140 load address 0x00006a88
                0x1fffc0c8                __cy_region_start_data = .
 *(.jcr)
 .jcr           0x1fffc0c8        0x0 c:/program files (x86)/cypress/psoc creator/4.3/psoc creator/import/gnu/arm/5.4.1/bin/../lib/gcc/arm-none-eabi/5.4.1/armv7-m/crtbegin.o
 .jcr           0x1fffc0c8        0x4 c:/program files (x86)/cypress/psoc creator/4.3/psoc creator/import/gnu/arm/5.4.1/bin/../lib/gcc/arm-none-eabi/5.4.1/armv7-m/crtend.o
 *(.got.plt)
 *(.got)
 *(.shdata)
 *(.data .data.* .gnu.linkonce.d.*)
 .data          0x1fffc0cc       0x16 .\CortexM3\ARM_GCC_541\Debug\ControllerTest.o
 *fill*         0x1fffc0e2        0x2 
 .data          0x1fffc0e4       0x1a .\CortexM3\ARM_GCC_541\Debug\UART_230400_Functions.o
 *fill*         0x1fffc0fe        0x2 
 .data          0x1fffc100       0x16 .\CortexM3\ARM_GCC_541\Debug\SirenTest.o
 *fill*         0x1fffc116        0x2 
 .data          0x1fffc118       0x16 .\CortexM3\ARM_GCC_541\Debug\RelayTest.o
 *fill*         0x1fffc12e        0x2 
 .data          0x1fffc130        0xa .\CortexM3\ARM_GCC_541\Debug\UART_460800_Functions.o
 *fill*         0x1fffc13a        0x2 
 .data          0x1fffc13c        0x5 .\CortexM3\ARM_GCC_541\Debug\UART_115200_Functions.o
 *fill*         0x1fffc141        0x3 
 .data          0x1fffc144       0x20 .\CortexM3\ARM_GCC_541\Debug\CD4051BPW_Driver.o
 .data          0x1fffc164       0x20 .\CortexM3\ARM_GCC_541\Debug\RelayTest_Complete.o
 .data          0x1fffc184        0x8 .\CortexM3\ARM_GCC_541\Debug\F1-TestFixture.a(CyDmac.o)
 .data          0x1fffc18c       0x10 .\CortexM3\ARM_GCC_541\Debug\F1-TestFixture.a(CyLib.o)
                0x1fffc18c                cydelay_freq_hz
                0x1fffc190                cydelay_freq_khz
                0x1fffc194                cydelay_freq_mhz
                0x1fffc198                cydelay_32k_ms
 .data          0x1fffc19c        0x1 .\CortexM3\ARM_GCC_541\Debug\F1-TestFixture.a(WaveDAC_Wave1_DMA_dma.o)
                0x1fffc19c                WaveDAC_Wave1_DMA_DmaHandle
 .data          0x1fffc19d        0x1 .\CortexM3\ARM_GCC_541\Debug\F1-TestFixture.a(WaveDAC_Wave2_DMA_dma.o)
                0x1fffc19d                WaveDAC_Wave2_DMA_DmaHandle
 *fill*         0x1fffc19e        0x2 
 .data.impure_data
                0x1fffc1a0       0x60 c:/program files (x86)/cypress/psoc creator/4.3/psoc creator/import/gnu/arm/5.4.1/bin/../lib/gcc/arm-none-eabi/5.4.1/../../../../arm-none-eabi/lib/armv7-m\libg_nano.a(lib_a-impure.o)
 .data._impure_ptr
                0x1fffc200        0x4 c:/program files (x86)/cypress/psoc creator/4.3/psoc creator/import/gnu/arm/5.4.1/bin/../lib/gcc/arm-none-eabi/5.4.1/../../../../arm-none-eabi/lib/armv7-m\libg_nano.a(lib_a-impure.o)
                0x1fffc200                _impure_ptr
                0x1fffc208                . = ALIGN (0x8)
 *fill*         0x1fffc204        0x4 
 *(.ram)
                0x1fffc208                _edata = .

.igot.plt       0x1fffc208        0x0 load address 0x00006bc8
 .igot.plt      0x1fffc208        0x0 c:/program files (x86)/cypress/psoc creator/4.3/psoc creator/import/gnu/arm/5.4.1/bin/../lib/gcc/arm-none-eabi/5.4.1/armv7-m/crtbegin.o

.bss            0x1fffc208     0x1a38 load address 0x00006bc8
                0x1fffc208                PROVIDE (__bss_start__, .)
 *(.shbss)
 *(.bss .bss.* .gnu.linkonce.b.*)
 .bss           0x1fffc208       0x1c c:/program files (x86)/cypress/psoc creator/4.3/psoc creator/import/gnu/arm/5.4.1/bin/../lib/gcc/arm-none-eabi/5.4.1/armv7-m/crtbegin.o
 .bss           0x1fffc224        0x3 .\CortexM3\ARM_GCC_541\Debug\main.o
                0x1fffc224                TESTFIXTURE_TYPE
 *fill*         0x1fffc227        0x1 
 .bss           0x1fffc228       0xfc .\CortexM3\ARM_GCC_541\Debug\ControllerTest.o
 .bss           0x1fffc324      0x232 .\CortexM3\ARM_GCC_541\Debug\UART_230400_Functions.o
 *fill*         0x1fffc556        0x2 
 .bss           0x1fffc558       0xa6 .\CortexM3\ARM_GCC_541\Debug\SirenTest.o
 *fill*         0x1fffc5fe        0x2 
 .bss           0x1fffc600      0x12e .\CortexM3\ARM_GCC_541\Debug\RelayTest.o
 *fill*         0x1fffc72e        0x2 
 .bss           0x1fffc730      0x245 .\CortexM3\ARM_GCC_541\Debug\UART_460800_Functions.o
 *fill*         0x1fffc975        0x3 
 .bss           0x1fffc978       0x78 .\CortexM3\ARM_GCC_541\Debug\UART_115200_Functions.o
 .bss           0x1fffc9f0       0xdf .\CortexM3\ARM_GCC_541\Debug\ControllerTest_Complete.o
 *fill*         0x1fffcacf        0x1 
 .bss           0x1fffcad0      0x146 .\CortexM3\ARM_GCC_541\Debug\RelayTest_Complete.o
 .bss           0x1fffcc16        0x7 .\CortexM3\ARM_GCC_541\Debug\F1-TestFixture.a(UART_230400.o)
                0x1fffcc16                UART_230400_initVar
                0x1fffcc18                UART_230400_txBufferRead
                0x1fffcc1a                UART_230400_txBufferWrite
 .bss           0x1fffcc1d        0x1 .\CortexM3\ARM_GCC_541\Debug\F1-TestFixture.a(Timer_20ms.o)
                0x1fffcc1d                Timer_20ms_initVar
 .bss           0x1fffcc1e        0x7 .\CortexM3\ARM_GCC_541\Debug\F1-TestFixture.a(UART_115200.o)
                0x1fffcc1e                UART_115200_initVar
                0x1fffcc20                UART_115200_txBufferRead
                0x1fffcc22                UART_115200_txBufferWrite
 *fill*         0x1fffcc25        0x1 
 .bss           0x1fffcc26        0x7 .\CortexM3\ARM_GCC_541\Debug\F1-TestFixture.a(UART_460800.o)
                0x1fffcc26                UART_460800_initVar
                0x1fffcc28                UART_460800_txBufferRead
                0x1fffcc2a                UART_460800_txBufferWrite
 .bss           0x1fffcc2d        0x1 .\CortexM3\ARM_GCC_541\Debug\F1-TestFixture.a(Timer_10ms.o)
                0x1fffcc2d                Timer_10ms_initVar
 .bss           0x1fffcc2e        0x1 .\CortexM3\ARM_GCC_541\Debug\F1-TestFixture.a(Timer_50ms.o)
                0x1fffcc2e                Timer_50ms_initVar
 .bss           0x1fffcc2f        0x1 .\CortexM3\ARM_GCC_541\Debug\F1-TestFixture.a(isr_Timer_50ms.o)
 .bss           0x1fffcc30        0x5 .\CortexM3\ARM_GCC_541\Debug\F1-TestFixture.a(WaveDAC.o)
                0x1fffcc30                WaveDAC_initVar
 *(COMMON)
 *fill*         0x1fffcc35        0x3 
 COMMON         0x1fffcc38      0x400 .\CortexM3\ARM_GCC_541\Debug\F1-TestFixture.a(UART_230400.o)
                0x1fffcc38                UART_230400_txBuffer
 COMMON         0x1fffd038      0x400 .\CortexM3\ARM_GCC_541\Debug\F1-TestFixture.a(UART_115200.o)
                0x1fffd038                UART_115200_txBuffer
 COMMON         0x1fffd438      0x800 .\CortexM3\ARM_GCC_541\Debug\F1-TestFixture.a(UART_460800.o)
                0x1fffd438                UART_460800_txBuffer
 COMMON         0x1fffdc38        0x3 .\CortexM3\ARM_GCC_541\Debug\F1-TestFixture.a(isr_Timer_50ms.o)
                0x1fffdc38                CurrentTest
                0x1fffdc40                . = ALIGN (0x8)
 *fill*         0x1fffdc3b        0x5 
 *(.ram.b)
                0x1fffdc40                _end = .
                0x1fffdc40                __end = .
                0x1fffdc40                PROVIDE (end, .)
                0x1fffdc40                PROVIDE (__bss_end__, .)
                0x00006a88                __cy_region_init_ram = LOADADDR (.data)
                0x00000140                __cy_region_init_size_ram = (_edata - ADDR (.data))
                0x00001a38                __cy_region_zero_size_ram = (_end - _edata)

.heap           0x1fffdc40       0x80 load address 0x00006bc8
                0x1fffdc40                . = _end
                0x1fffdcc0                . = (. + 0x80)
 *fill*         0x1fffdc40       0x80 
                0x1fffdcc0                __cy_heap_limit = .

.stack          0x20003800      0x800
                0x20003800                __cy_stack_limit = .
                0x20004000                . = (. + 0x800)
 *fill*         0x20003800      0x800 
                0x00000001                ASSERT ((__cy_stack_limit >= __cy_heap_limit), region RAM overflowed with stack)
                0x00000000                cy_checksum_exclude_size = (CY_APPL_LOADABLE == 0x1)?SIZEOF (.cy_checksum_exclude):0x0
                0x00000001                ASSERT ((cy_checksum_exclude_size <= CY_CHECKSUM_EXCLUDE_SIZE), CY_BOOT: Section .cy_checksum_exclude size exceedes specified limit.)

.cyloadermeta
 *(.cyloadermeta)

.cyloadablemeta
 *(.cyloadablemeta)

.cyconfigecc    0x80000000      0xc2c
 *(.cyconfigecc)
 .cyconfigecc   0x80000000      0xc2c .\CortexM3\ARM_GCC_541\Debug\cymetadata.o
                0x80000000                cy_meta_configecc

.cycustnvl      0x90000000        0x4
 *(.cycustnvl)
 .cycustnvl     0x90000000        0x4 .\CortexM3\ARM_GCC_541\Debug\cymetadata.o
                0x90000000                cy_meta_custnvl

.cywolatch      0x90100000        0x4
 *(.cywolatch)
 .cywolatch     0x90100000        0x4 .\CortexM3\ARM_GCC_541\Debug\cymetadata.o
                0x90100000                cy_meta_wonvl

.cyeeprom       0x90200000        0x0
 *(.cyeeprom)
                0x00000001                ASSERT ((. <= ((0x90200000 + ee_offset) + ee_size)), .cyeeprom data will not fit in EEPROM)

.cyflashprotect
                0x90400000       0x80
 *(.cyflashprotect)
 .cyflashprotect
                0x90400000       0x80 .\CortexM3\ARM_GCC_541\Debug\cymetadata.o
                0x90400000                cy_meta_flashprotect

.cymeta         0x90500000        0xc
 *(.cymeta)
 .cymeta        0x90500000        0xc .\CortexM3\ARM_GCC_541\Debug\cymetadata.o
                0x90500000                cy_metadata

.rel.dyn        0x00006bc8        0x0 load address 0x9050000c
 .rel.iplt      0x00006bc8        0x0 c:/program files (x86)/cypress/psoc creator/4.3/psoc creator/import/gnu/arm/5.4.1/bin/../lib/gcc/arm-none-eabi/5.4.1/armv7-m/crtbegin.o

.stab
 *(.stab)

.stabstr
 *(.stabstr)

.debug
 *(.debug)

.line
 *(.line)

.debug_srcinfo
 *(.debug_srcinfo)

.debug_sfnames
 *(.debug_sfnames)

.debug_aranges  0x00000000     0x1b48
 *(.debug_aranges)
 .debug_aranges
                0x00000000       0x38 .\CortexM3\ARM_GCC_541\Debug\main.o
 .debug_aranges
                0x00000038       0x88 .\CortexM3\ARM_GCC_541\Debug\ControllerTest.o
 .debug_aranges
                0x000000c0       0x70 .\CortexM3\ARM_GCC_541\Debug\UART_230400_Functions.o
 .debug_aranges
                0x00000130       0x78 .\CortexM3\ARM_GCC_541\Debug\SirenTest.o
 .debug_aranges
                0x000001a8       0xc8 .\CortexM3\ARM_GCC_541\Debug\RelayTest.o
 .debug_aranges
                0x00000270       0x58 .\CortexM3\ARM_GCC_541\Debug\UART_460800_Functions.o
 .debug_aranges
                0x000002c8       0x38 .\CortexM3\ARM_GCC_541\Debug\UART_115200_Functions.o
 .debug_aranges
                0x00000300       0x30 .\CortexM3\ARM_GCC_541\Debug\CD4051BPW_Driver.o
 .debug_aranges
                0x00000330       0x20 .\CortexM3\ARM_GCC_541\Debug\ControllerTest_Complete.o
 .debug_aranges
                0x00000350       0x60 .\CortexM3\ARM_GCC_541\Debug\RelayTest_Complete.o
 .debug_aranges
                0x000003b0       0x60 .\CortexM3\ARM_GCC_541\Debug\cyfitter_cfg.o
 .debug_aranges
                0x00000410       0x18 .\CortexM3\ARM_GCC_541\Debug\cymetadata.o
 .debug_aranges
                0x00000428       0x48 .\CortexM3\ARM_GCC_541\Debug\Cm3Start.o
 .debug_aranges
                0x00000470       0xd8 .\CortexM3\ARM_GCC_541\Debug\F1-TestFixture.a(CyDmac.o)
 .debug_aranges
                0x00000548      0x2a0 .\CortexM3\ARM_GCC_541\Debug\F1-TestFixture.a(CyLib.o)
 .debug_aranges
                0x000007e8       0x98 .\CortexM3\ARM_GCC_541\Debug\F1-TestFixture.a(cyPm.o)
 .debug_aranges
                0x00000880       0x38 .\CortexM3\ARM_GCC_541\Debug\F1-TestFixture.a(STest_SIREN_EN.o)
 .debug_aranges
                0x000008b8       0x38 .\CortexM3\ARM_GCC_541\Debug\F1-TestFixture.a(CTest_CONT_VBATT_EN.o)
 .debug_aranges
                0x000008f0       0x38 .\CortexM3\ARM_GCC_541\Debug\F1-TestFixture.a(CTest_USB_5V_EN.o)
 .debug_aranges
                0x00000928       0x38 .\CortexM3\ARM_GCC_541\Debug\F1-TestFixture.a(RTest_SIREN_EN.o)
 .debug_aranges
                0x00000960       0x38 .\CortexM3\ARM_GCC_541\Debug\F1-TestFixture.a(RS1.o)
 .debug_aranges
                0x00000998       0x38 .\CortexM3\ARM_GCC_541\Debug\F1-TestFixture.a(RS2.o)
 .debug_aranges
                0x000009d0       0x38 .\CortexM3\ARM_GCC_541\Debug\F1-TestFixture.a(RTest_HSide1.o)
 .debug_aranges
                0x00000a08       0x38 .\CortexM3\ARM_GCC_541\Debug\F1-TestFixture.a(RTest_HSide3.o)
 .debug_aranges
                0x00000a40       0x38 .\CortexM3\ARM_GCC_541\Debug\F1-TestFixture.a(RTest_HSide2.o)
 .debug_aranges
                0x00000a78       0x38 .\CortexM3\ARM_GCC_541\Debug\F1-TestFixture.a(RTest_HSide4.o)
 .debug_aranges
                0x00000ab0       0x38 .\CortexM3\ARM_GCC_541\Debug\F1-TestFixture.a(RTest_HSide5.o)
 .debug_aranges
                0x00000ae8       0x38 .\CortexM3\ARM_GCC_541\Debug\F1-TestFixture.a(RTest_HSide6.o)
 .debug_aranges
                0x00000b20       0x38 .\CortexM3\ARM_GCC_541\Debug\F1-TestFixture.a(RTest_HSide7.o)
 .debug_aranges
                0x00000b58       0x38 .\CortexM3\ARM_GCC_541\Debug\F1-TestFixture.a(RTest_HSide8.o)
 .debug_aranges
                0x00000b90       0x80 .\CortexM3\ARM_GCC_541\Debug\F1-TestFixture.a(isr_UART_230400.o)
 .debug_aranges
                0x00000c10       0xf0 .\CortexM3\ARM_GCC_541\Debug\F1-TestFixture.a(UART_230400.o)
 .debug_aranges
                0x00000d00       0x20 .\CortexM3\ARM_GCC_541\Debug\F1-TestFixture.a(UART_230400_INT.o)
 .debug_aranges
                0x00000d20       0x70 .\CortexM3\ARM_GCC_541\Debug\F1-TestFixture.a(UART_230400_IntClock.o)
 .debug_aranges
                0x00000d90       0x28 .\CortexM3\ARM_GCC_541\Debug\F1-TestFixture.a(MUX_CTRL_230400.o)
 .debug_aranges
                0x00000db8       0x88 .\CortexM3\ARM_GCC_541\Debug\F1-TestFixture.a(Timer_20ms.o)
 .debug_aranges
                0x00000e40       0x38 .\CortexM3\ARM_GCC_541\Debug\F1-TestFixture.a(LED_EN.o)
 .debug_aranges
                0x00000e78       0x80 .\CortexM3\ARM_GCC_541\Debug\F1-TestFixture.a(isr_Timer_20ms.o)
 .debug_aranges
                0x00000ef8       0xf0 .\CortexM3\ARM_GCC_541\Debug\F1-TestFixture.a(UART_115200.o)
 .debug_aranges
                0x00000fe8       0x20 .\CortexM3\ARM_GCC_541\Debug\F1-TestFixture.a(UART_115200_INT.o)
 .debug_aranges
                0x00001008       0x80 .\CortexM3\ARM_GCC_541\Debug\F1-TestFixture.a(isr_UART_115200.o)
 .debug_aranges
                0x00001088       0x70 .\CortexM3\ARM_GCC_541\Debug\F1-TestFixture.a(UART_115200_IntClock.o)
 .debug_aranges
                0x000010f8       0x28 .\CortexM3\ARM_GCC_541\Debug\F1-TestFixture.a(DEMUX_CTRL_230400.o)
 .debug_aranges
                0x00001120       0x80 .\CortexM3\ARM_GCC_541\Debug\F1-TestFixture.a(isr_UART_460800.o)
 .debug_aranges
                0x000011a0       0xf0 .\CortexM3\ARM_GCC_541\Debug\F1-TestFixture.a(UART_460800.o)
 .debug_aranges
                0x00001290       0x20 .\CortexM3\ARM_GCC_541\Debug\F1-TestFixture.a(UART_460800_INT.o)
 .debug_aranges
                0x000012b0       0x28 .\CortexM3\ARM_GCC_541\Debug\F1-TestFixture.a(MUX_CTRL_460800.o)
 .debug_aranges
                0x000012d8       0x28 .\CortexM3\ARM_GCC_541\Debug\F1-TestFixture.a(DEMUX_CTRL_460800.o)
 .debug_aranges
                0x00001300       0x70 .\CortexM3\ARM_GCC_541\Debug\F1-TestFixture.a(UART_460800_IntClock.o)
 .debug_aranges
                0x00001370       0x88 .\CortexM3\ARM_GCC_541\Debug\F1-TestFixture.a(Timer_10ms.o)
 .debug_aranges
                0x000013f8       0x80 .\CortexM3\ARM_GCC_541\Debug\F1-TestFixture.a(isr_Timer_10ms.o)
 .debug_aranges
                0x00001478       0x88 .\CortexM3\ARM_GCC_541\Debug\F1-TestFixture.a(Timer_50ms.o)
 .debug_aranges
                0x00001500       0x80 .\CortexM3\ARM_GCC_541\Debug\F1-TestFixture.a(isr_Timer_50ms.o)
 .debug_aranges
                0x00001580       0x38 .\CortexM3\ARM_GCC_541\Debug\F1-TestFixture.a(PB_NextAction.o)
 .debug_aranges
                0x000015b8       0x50 .\CortexM3\ARM_GCC_541\Debug\F1-TestFixture.a(WaveDAC.o)
 .debug_aranges
                0x00001608       0x70 .\CortexM3\ARM_GCC_541\Debug\F1-TestFixture.a(WaveDAC_DacClk.o)
 .debug_aranges
                0x00001678       0x28 .\CortexM3\ARM_GCC_541\Debug\F1-TestFixture.a(WaveDAC_Wave1_DMA_dma.o)
 .debug_aranges
                0x000016a0       0x28 .\CortexM3\ARM_GCC_541\Debug\F1-TestFixture.a(WaveDAC_Wave2_DMA_dma.o)
 .debug_aranges
                0x000016c8       0x58 .\CortexM3\ARM_GCC_541\Debug\F1-TestFixture.a(WaveDAC_VDAC8.o)
 .debug_aranges
                0x00001720       0x38 .\CortexM3\ARM_GCC_541\Debug\F1-TestFixture.a(RTest_BLOCK_4_EN.o)
 .debug_aranges
                0x00001758       0x38 .\CortexM3\ARM_GCC_541\Debug\F1-TestFixture.a(RTest_BLOCK_3_EN.o)
 .debug_aranges
                0x00001790       0x38 .\CortexM3\ARM_GCC_541\Debug\F1-TestFixture.a(RTest_BLOCK_2_EN.o)
 .debug_aranges
                0x000017c8       0x38 .\CortexM3\ARM_GCC_541\Debug\F1-TestFixture.a(RTest_BLOCK_1_EN.o)
 .debug_aranges
                0x00001800       0x38 .\CortexM3\ARM_GCC_541\Debug\F1-TestFixture.a(RTest_DEMUX_C.o)
 .debug_aranges
                0x00001838       0x38 .\CortexM3\ARM_GCC_541\Debug\F1-TestFixture.a(RTest_DEMUX_B.o)
 .debug_aranges
                0x00001870       0x38 .\CortexM3\ARM_GCC_541\Debug\F1-TestFixture.a(RTest_DEMUX_A.o)
 .debug_aranges
                0x000018a8       0x38 .\CortexM3\ARM_GCC_541\Debug\F1-TestFixture.a(RTest_DEMUX_COM.o)
 .debug_aranges
                0x000018e0       0x28 .\CortexM3\ARM_GCC_541\Debug\F1-TestFixture.a(MUX_CTRL_115200.o)
 .debug_aranges
                0x00001908       0x38 .\CortexM3\ARM_GCC_541\Debug\F1-TestFixture.a(Overload1.o)
 .debug_aranges
                0x00001940       0x38 .\CortexM3\ARM_GCC_541\Debug\F1-TestFixture.a(Overload2.o)
 .debug_aranges
                0x00001978       0x20 .\CortexM3\ARM_GCC_541\Debug\F1-TestFixture.a(CyBootAsmGnu.o)
 .debug_aranges
                0x00001998       0x88 .\CortexM3\ARM_GCC_541\Debug\F1-TestFixture.a(CyFlash.o)
 .debug_aranges
                0x00001a20       0x80 .\CortexM3\ARM_GCC_541\Debug\F1-TestFixture.a(CySpc.o)
 .debug_aranges
                0x00001aa0       0x38 .\CortexM3\ARM_GCC_541\Debug\F1-TestFixture.a(LED1.o)
 .debug_aranges
                0x00001ad8       0x38 .\CortexM3\ARM_GCC_541\Debug\F1-TestFixture.a(LED2.o)
 .debug_aranges
                0x00001b10       0x38 .\CortexM3\ARM_GCC_541\Debug\F1-TestFixture.a(LED3.o)

.debug_pubnames
 *(.debug_pubnames)

.debug_info     0x00000000     0xf822
 *(.debug_info .gnu.linkonce.wi.*)
 .debug_info    0x00000000      0x1e0 .\CortexM3\ARM_GCC_541\Debug\main.o
 .debug_info    0x000001e0      0xf2f .\CortexM3\ARM_GCC_541\Debug\ControllerTest.o
 .debug_info    0x0000110f     0x1047 .\CortexM3\ARM_GCC_541\Debug\UART_230400_Functions.o
 .debug_info    0x00002156      0xa74 .\CortexM3\ARM_GCC_541\Debug\SirenTest.o
 .debug_info    0x00002bca     0x1267 .\CortexM3\ARM_GCC_541\Debug\RelayTest.o
 .debug_info    0x00003e31      0xb70 .\CortexM3\ARM_GCC_541\Debug\UART_460800_Functions.o
 .debug_info    0x000049a1      0x329 .\CortexM3\ARM_GCC_541\Debug\UART_115200_Functions.o
 .debug_info    0x00004cca      0x14e .\CortexM3\ARM_GCC_541\Debug\CD4051BPW_Driver.o
 .debug_info    0x00004e18      0xd6e .\CortexM3\ARM_GCC_541\Debug\ControllerTest_Complete.o
 .debug_info    0x00005b86     0x1097 .\CortexM3\ARM_GCC_541\Debug\RelayTest_Complete.o
 .debug_info    0x00006c1d      0x452 .\CortexM3\ARM_GCC_541\Debug\cyfitter_cfg.o
 .debug_info    0x0000706f      0x139 .\CortexM3\ARM_GCC_541\Debug\cymetadata.o
 .debug_info    0x000071a8      0x32b .\CortexM3\ARM_GCC_541\Debug\Cm3Start.o
 .debug_info    0x000074d3      0x8c0 .\CortexM3\ARM_GCC_541\Debug\F1-TestFixture.a(CyDmac.o)
 .debug_info    0x00007d93      0xe51 .\CortexM3\ARM_GCC_541\Debug\F1-TestFixture.a(CyLib.o)
 .debug_info    0x00008be4      0x57a .\CortexM3\ARM_GCC_541\Debug\F1-TestFixture.a(cyPm.o)
 .debug_info    0x0000915e      0x11e .\CortexM3\ARM_GCC_541\Debug\F1-TestFixture.a(STest_SIREN_EN.o)
 .debug_info    0x0000927c      0x11e .\CortexM3\ARM_GCC_541\Debug\F1-TestFixture.a(CTest_CONT_VBATT_EN.o)
 .debug_info    0x0000939a      0x11e .\CortexM3\ARM_GCC_541\Debug\F1-TestFixture.a(CTest_USB_5V_EN.o)
 .debug_info    0x000094b8      0x11e .\CortexM3\ARM_GCC_541\Debug\F1-TestFixture.a(RTest_SIREN_EN.o)
 .debug_info    0x000095d6      0x11e .\CortexM3\ARM_GCC_541\Debug\F1-TestFixture.a(RS1.o)
 .debug_info    0x000096f4      0x11e .\CortexM3\ARM_GCC_541\Debug\F1-TestFixture.a(RS2.o)
 .debug_info    0x00009812      0x11e .\CortexM3\ARM_GCC_541\Debug\F1-TestFixture.a(RTest_HSide1.o)
 .debug_info    0x00009930      0x11e .\CortexM3\ARM_GCC_541\Debug\F1-TestFixture.a(RTest_HSide3.o)
 .debug_info    0x00009a4e      0x11e .\CortexM3\ARM_GCC_541\Debug\F1-TestFixture.a(RTest_HSide2.o)
 .debug_info    0x00009b6c      0x11e .\CortexM3\ARM_GCC_541\Debug\F1-TestFixture.a(RTest_HSide4.o)
 .debug_info    0x00009c8a      0x11e .\CortexM3\ARM_GCC_541\Debug\F1-TestFixture.a(RTest_HSide5.o)
 .debug_info    0x00009da8      0x11e .\CortexM3\ARM_GCC_541\Debug\F1-TestFixture.a(RTest_HSide6.o)
 .debug_info    0x00009ec6      0x11e .\CortexM3\ARM_GCC_541\Debug\F1-TestFixture.a(RTest_HSide7.o)
 .debug_info    0x00009fe4      0x11e .\CortexM3\ARM_GCC_541\Debug\F1-TestFixture.a(RTest_HSide8.o)
 .debug_info    0x0000a102      0x268 .\CortexM3\ARM_GCC_541\Debug\F1-TestFixture.a(isr_UART_230400.o)
 .debug_info    0x0000a36a      0x593 .\CortexM3\ARM_GCC_541\Debug\F1-TestFixture.a(UART_230400.o)
 .debug_info    0x0000a8fd      0x108 .\CortexM3\ARM_GCC_541\Debug\F1-TestFixture.a(UART_230400_INT.o)
 .debug_info    0x0000aa05      0x25d .\CortexM3\ARM_GCC_541\Debug\F1-TestFixture.a(UART_230400_IntClock.o)
 .debug_info    0x0000ac62       0xd7 .\CortexM3\ARM_GCC_541\Debug\F1-TestFixture.a(MUX_CTRL_230400.o)
 .debug_info    0x0000ad39      0x245 .\CortexM3\ARM_GCC_541\Debug\F1-TestFixture.a(Timer_20ms.o)
 .debug_info    0x0000af7e      0x11e .\CortexM3\ARM_GCC_541\Debug\F1-TestFixture.a(LED_EN.o)
 .debug_info    0x0000b09c      0x268 .\CortexM3\ARM_GCC_541\Debug\F1-TestFixture.a(isr_Timer_20ms.o)
 .debug_info    0x0000b304      0x593 .\CortexM3\ARM_GCC_541\Debug\F1-TestFixture.a(UART_115200.o)
 .debug_info    0x0000b897      0x108 .\CortexM3\ARM_GCC_541\Debug\F1-TestFixture.a(UART_115200_INT.o)
 .debug_info    0x0000b99f      0x268 .\CortexM3\ARM_GCC_541\Debug\F1-TestFixture.a(isr_UART_115200.o)
 .debug_info    0x0000bc07      0x25d .\CortexM3\ARM_GCC_541\Debug\F1-TestFixture.a(UART_115200_IntClock.o)
 .debug_info    0x0000be64       0xd7 .\CortexM3\ARM_GCC_541\Debug\F1-TestFixture.a(DEMUX_CTRL_230400.o)
 .debug_info    0x0000bf3b      0x268 .\CortexM3\ARM_GCC_541\Debug\F1-TestFixture.a(isr_UART_460800.o)
 .debug_info    0x0000c1a3      0x593 .\CortexM3\ARM_GCC_541\Debug\F1-TestFixture.a(UART_460800.o)
 .debug_info    0x0000c736      0x108 .\CortexM3\ARM_GCC_541\Debug\F1-TestFixture.a(UART_460800_INT.o)
 .debug_info    0x0000c83e       0xd7 .\CortexM3\ARM_GCC_541\Debug\F1-TestFixture.a(MUX_CTRL_460800.o)
 .debug_info    0x0000c915       0xd7 .\CortexM3\ARM_GCC_541\Debug\F1-TestFixture.a(DEMUX_CTRL_460800.o)
 .debug_info    0x0000c9ec      0x25d .\CortexM3\ARM_GCC_541\Debug\F1-TestFixture.a(UART_460800_IntClock.o)
 .debug_info    0x0000cc49      0x245 .\CortexM3\ARM_GCC_541\Debug\F1-TestFixture.a(Timer_10ms.o)
 .debug_info    0x0000ce8e      0x26a .\CortexM3\ARM_GCC_541\Debug\F1-TestFixture.a(isr_Timer_10ms.o)
 .debug_info    0x0000d0f8      0x245 .\CortexM3\ARM_GCC_541\Debug\F1-TestFixture.a(Timer_50ms.o)
 .debug_info    0x0000d33d      0x2ff .\CortexM3\ARM_GCC_541\Debug\F1-TestFixture.a(isr_Timer_50ms.o)
 .debug_info    0x0000d63c      0x11e .\CortexM3\ARM_GCC_541\Debug\F1-TestFixture.a(PB_NextAction.o)
 .debug_info    0x0000d75a      0x248 .\CortexM3\ARM_GCC_541\Debug\F1-TestFixture.a(WaveDAC.o)
 .debug_info    0x0000d9a2      0x25d .\CortexM3\ARM_GCC_541\Debug\F1-TestFixture.a(WaveDAC_DacClk.o)
 .debug_info    0x0000dbff      0x11b .\CortexM3\ARM_GCC_541\Debug\F1-TestFixture.a(WaveDAC_Wave1_DMA_dma.o)
 .debug_info    0x0000dd1a      0x11b .\CortexM3\ARM_GCC_541\Debug\F1-TestFixture.a(WaveDAC_Wave2_DMA_dma.o)
 .debug_info    0x0000de35      0x185 .\CortexM3\ARM_GCC_541\Debug\F1-TestFixture.a(WaveDAC_VDAC8.o)
 .debug_info    0x0000dfba      0x11e .\CortexM3\ARM_GCC_541\Debug\F1-TestFixture.a(RTest_BLOCK_4_EN.o)
 .debug_info    0x0000e0d8      0x11e .\CortexM3\ARM_GCC_541\Debug\F1-TestFixture.a(RTest_BLOCK_3_EN.o)
 .debug_info    0x0000e1f6      0x11e .\CortexM3\ARM_GCC_541\Debug\F1-TestFixture.a(RTest_BLOCK_2_EN.o)
 .debug_info    0x0000e314      0x11e .\CortexM3\ARM_GCC_541\Debug\F1-TestFixture.a(RTest_BLOCK_1_EN.o)
 .debug_info    0x0000e432      0x11e .\CortexM3\ARM_GCC_541\Debug\F1-TestFixture.a(RTest_DEMUX_C.o)
 .debug_info    0x0000e550      0x11e .\CortexM3\ARM_GCC_541\Debug\F1-TestFixture.a(RTest_DEMUX_B.o)
 .debug_info    0x0000e66e      0x11e .\CortexM3\ARM_GCC_541\Debug\F1-TestFixture.a(RTest_DEMUX_A.o)
 .debug_info    0x0000e78c      0x11e .\CortexM3\ARM_GCC_541\Debug\F1-TestFixture.a(RTest_DEMUX_COM.o)
 .debug_info    0x0000e8aa       0xd7 .\CortexM3\ARM_GCC_541\Debug\F1-TestFixture.a(MUX_CTRL_115200.o)
 .debug_info    0x0000e981      0x11e .\CortexM3\ARM_GCC_541\Debug\F1-TestFixture.a(Overload1.o)
 .debug_info    0x0000ea9f      0x11e .\CortexM3\ARM_GCC_541\Debug\F1-TestFixture.a(Overload2.o)
 .debug_info    0x0000ebbd       0x92 .\CortexM3\ARM_GCC_541\Debug\F1-TestFixture.a(CyBootAsmGnu.o)
 .debug_info    0x0000ec4f      0x3b9 .\CortexM3\ARM_GCC_541\Debug\F1-TestFixture.a(CyFlash.o)
 .debug_info    0x0000f008      0x4c0 .\CortexM3\ARM_GCC_541\Debug\F1-TestFixture.a(CySpc.o)
 .debug_info    0x0000f4c8      0x11e .\CortexM3\ARM_GCC_541\Debug\F1-TestFixture.a(LED1.o)
 .debug_info    0x0000f5e6      0x11e .\CortexM3\ARM_GCC_541\Debug\F1-TestFixture.a(LED2.o)
 .debug_info    0x0000f704      0x11e .\CortexM3\ARM_GCC_541\Debug\F1-TestFixture.a(LED3.o)

.debug_abbrev   0x00000000     0x490c
 *(.debug_abbrev)
 .debug_abbrev  0x00000000      0x12c .\CortexM3\ARM_GCC_541\Debug\main.o
 .debug_abbrev  0x0000012c      0x247 .\CortexM3\ARM_GCC_541\Debug\ControllerTest.o
 .debug_abbrev  0x00000373      0x230 .\CortexM3\ARM_GCC_541\Debug\UART_230400_Functions.o
 .debug_abbrev  0x000005a3      0x225 .\CortexM3\ARM_GCC_541\Debug\SirenTest.o
 .debug_abbrev  0x000007c8      0x254 .\CortexM3\ARM_GCC_541\Debug\RelayTest.o
 .debug_abbrev  0x00000a1c      0x1e9 .\CortexM3\ARM_GCC_541\Debug\UART_460800_Functions.o
 .debug_abbrev  0x00000c05      0x169 .\CortexM3\ARM_GCC_541\Debug\UART_115200_Functions.o
 .debug_abbrev  0x00000d6e       0xd8 .\CortexM3\ARM_GCC_541\Debug\CD4051BPW_Driver.o
 .debug_abbrev  0x00000e46      0x1ab .\CortexM3\ARM_GCC_541\Debug\ControllerTest_Complete.o
 .debug_abbrev  0x00000ff1      0x20f .\CortexM3\ARM_GCC_541\Debug\RelayTest_Complete.o
 .debug_abbrev  0x00001200      0x1b7 .\CortexM3\ARM_GCC_541\Debug\cyfitter_cfg.o
 .debug_abbrev  0x000013b7       0x77 .\CortexM3\ARM_GCC_541\Debug\cymetadata.o
 .debug_abbrev  0x0000142e      0x1d6 .\CortexM3\ARM_GCC_541\Debug\Cm3Start.o
 .debug_abbrev  0x00001604      0x194 .\CortexM3\ARM_GCC_541\Debug\F1-TestFixture.a(CyDmac.o)
 .debug_abbrev  0x00001798      0x217 .\CortexM3\ARM_GCC_541\Debug\F1-TestFixture.a(CyLib.o)
 .debug_abbrev  0x000019af      0x161 .\CortexM3\ARM_GCC_541\Debug\F1-TestFixture.a(cyPm.o)
 .debug_abbrev  0x00001b10       0x90 .\CortexM3\ARM_GCC_541\Debug\F1-TestFixture.a(STest_SIREN_EN.o)
 .debug_abbrev  0x00001ba0       0x90 .\CortexM3\ARM_GCC_541\Debug\F1-TestFixture.a(CTest_CONT_VBATT_EN.o)
 .debug_abbrev  0x00001c30       0x90 .\CortexM3\ARM_GCC_541\Debug\F1-TestFixture.a(CTest_USB_5V_EN.o)
 .debug_abbrev  0x00001cc0       0x90 .\CortexM3\ARM_GCC_541\Debug\F1-TestFixture.a(RTest_SIREN_EN.o)
 .debug_abbrev  0x00001d50       0x90 .\CortexM3\ARM_GCC_541\Debug\F1-TestFixture.a(RS1.o)
 .debug_abbrev  0x00001de0       0x90 .\CortexM3\ARM_GCC_541\Debug\F1-TestFixture.a(RS2.o)
 .debug_abbrev  0x00001e70       0x90 .\CortexM3\ARM_GCC_541\Debug\F1-TestFixture.a(RTest_HSide1.o)
 .debug_abbrev  0x00001f00       0x90 .\CortexM3\ARM_GCC_541\Debug\F1-TestFixture.a(RTest_HSide3.o)
 .debug_abbrev  0x00001f90       0x90 .\CortexM3\ARM_GCC_541\Debug\F1-TestFixture.a(RTest_HSide2.o)
 .debug_abbrev  0x00002020       0x90 .\CortexM3\ARM_GCC_541\Debug\F1-TestFixture.a(RTest_HSide4.o)
 .debug_abbrev  0x000020b0       0x90 .\CortexM3\ARM_GCC_541\Debug\F1-TestFixture.a(RTest_HSide5.o)
 .debug_abbrev  0x00002140       0x90 .\CortexM3\ARM_GCC_541\Debug\F1-TestFixture.a(RTest_HSide6.o)
 .debug_abbrev  0x000021d0       0x90 .\CortexM3\ARM_GCC_541\Debug\F1-TestFixture.a(RTest_HSide7.o)
 .debug_abbrev  0x00002260       0x90 .\CortexM3\ARM_GCC_541\Debug\F1-TestFixture.a(RTest_HSide8.o)
 .debug_abbrev  0x000022f0      0x178 .\CortexM3\ARM_GCC_541\Debug\F1-TestFixture.a(isr_UART_230400.o)
 .debug_abbrev  0x00002468      0x15d .\CortexM3\ARM_GCC_541\Debug\F1-TestFixture.a(UART_230400.o)
 .debug_abbrev  0x000025c5       0x79 .\CortexM3\ARM_GCC_541\Debug\F1-TestFixture.a(UART_230400_INT.o)
 .debug_abbrev  0x0000263e      0x11d .\CortexM3\ARM_GCC_541\Debug\F1-TestFixture.a(UART_230400_IntClock.o)
 .debug_abbrev  0x0000275b       0x81 .\CortexM3\ARM_GCC_541\Debug\F1-TestFixture.a(MUX_CTRL_230400.o)
 .debug_abbrev  0x000027dc       0xe9 .\CortexM3\ARM_GCC_541\Debug\F1-TestFixture.a(Timer_20ms.o)
 .debug_abbrev  0x000028c5       0x90 .\CortexM3\ARM_GCC_541\Debug\F1-TestFixture.a(LED_EN.o)
 .debug_abbrev  0x00002955      0x178 .\CortexM3\ARM_GCC_541\Debug\F1-TestFixture.a(isr_Timer_20ms.o)
 .debug_abbrev  0x00002acd      0x15d .\CortexM3\ARM_GCC_541\Debug\F1-TestFixture.a(UART_115200.o)
 .debug_abbrev  0x00002c2a       0x79 .\CortexM3\ARM_GCC_541\Debug\F1-TestFixture.a(UART_115200_INT.o)
 .debug_abbrev  0x00002ca3      0x178 .\CortexM3\ARM_GCC_541\Debug\F1-TestFixture.a(isr_UART_115200.o)
 .debug_abbrev  0x00002e1b      0x11d .\CortexM3\ARM_GCC_541\Debug\F1-TestFixture.a(UART_115200_IntClock.o)
 .debug_abbrev  0x00002f38       0x81 .\CortexM3\ARM_GCC_541\Debug\F1-TestFixture.a(DEMUX_CTRL_230400.o)
 .debug_abbrev  0x00002fb9      0x178 .\CortexM3\ARM_GCC_541\Debug\F1-TestFixture.a(isr_UART_460800.o)
 .debug_abbrev  0x00003131      0x15d .\CortexM3\ARM_GCC_541\Debug\F1-TestFixture.a(UART_460800.o)
 .debug_abbrev  0x0000328e       0x79 .\CortexM3\ARM_GCC_541\Debug\F1-TestFixture.a(UART_460800_INT.o)
 .debug_abbrev  0x00003307       0x81 .\CortexM3\ARM_GCC_541\Debug\F1-TestFixture.a(MUX_CTRL_460800.o)
 .debug_abbrev  0x00003388       0x81 .\CortexM3\ARM_GCC_541\Debug\F1-TestFixture.a(DEMUX_CTRL_460800.o)
 .debug_abbrev  0x00003409      0x11d .\CortexM3\ARM_GCC_541\Debug\F1-TestFixture.a(UART_460800_IntClock.o)
 .debug_abbrev  0x00003526       0xe9 .\CortexM3\ARM_GCC_541\Debug\F1-TestFixture.a(Timer_10ms.o)
 .debug_abbrev  0x0000360f      0x15c .\CortexM3\ARM_GCC_541\Debug\F1-TestFixture.a(isr_Timer_10ms.o)
 .debug_abbrev  0x0000376b       0xe9 .\CortexM3\ARM_GCC_541\Debug\F1-TestFixture.a(Timer_50ms.o)
 .debug_abbrev  0x00003854      0x18b .\CortexM3\ARM_GCC_541\Debug\F1-TestFixture.a(isr_Timer_50ms.o)
 .debug_abbrev  0x000039df       0x90 .\CortexM3\ARM_GCC_541\Debug\F1-TestFixture.a(PB_NextAction.o)
 .debug_abbrev  0x00003a6f       0xe3 .\CortexM3\ARM_GCC_541\Debug\F1-TestFixture.a(WaveDAC.o)
 .debug_abbrev  0x00003b52      0x11d .\CortexM3\ARM_GCC_541\Debug\F1-TestFixture.a(WaveDAC_DacClk.o)
 .debug_abbrev  0x00003c6f       0x8b .\CortexM3\ARM_GCC_541\Debug\F1-TestFixture.a(WaveDAC_Wave1_DMA_dma.o)
 .debug_abbrev  0x00003cfa       0x8b .\CortexM3\ARM_GCC_541\Debug\F1-TestFixture.a(WaveDAC_Wave2_DMA_dma.o)
 .debug_abbrev  0x00003d85       0xeb .\CortexM3\ARM_GCC_541\Debug\F1-TestFixture.a(WaveDAC_VDAC8.o)
 .debug_abbrev  0x00003e70       0x90 .\CortexM3\ARM_GCC_541\Debug\F1-TestFixture.a(RTest_BLOCK_4_EN.o)
 .debug_abbrev  0x00003f00       0x90 .\CortexM3\ARM_GCC_541\Debug\F1-TestFixture.a(RTest_BLOCK_3_EN.o)
 .debug_abbrev  0x00003f90       0x90 .\CortexM3\ARM_GCC_541\Debug\F1-TestFixture.a(RTest_BLOCK_2_EN.o)
 .debug_abbrev  0x00004020       0x90 .\CortexM3\ARM_GCC_541\Debug\F1-TestFixture.a(RTest_BLOCK_1_EN.o)
 .debug_abbrev  0x000040b0       0x90 .\CortexM3\ARM_GCC_541\Debug\F1-TestFixture.a(RTest_DEMUX_C.o)
 .debug_abbrev  0x00004140       0x90 .\CortexM3\ARM_GCC_541\Debug\F1-TestFixture.a(RTest_DEMUX_B.o)
 .debug_abbrev  0x000041d0       0x90 .\CortexM3\ARM_GCC_541\Debug\F1-TestFixture.a(RTest_DEMUX_A.o)
 .debug_abbrev  0x00004260       0x90 .\CortexM3\ARM_GCC_541\Debug\F1-TestFixture.a(RTest_DEMUX_COM.o)
 .debug_abbrev  0x000042f0       0x81 .\CortexM3\ARM_GCC_541\Debug\F1-TestFixture.a(MUX_CTRL_115200.o)
 .debug_abbrev  0x00004371       0x90 .\CortexM3\ARM_GCC_541\Debug\F1-TestFixture.a(Overload1.o)
 .debug_abbrev  0x00004401       0x90 .\CortexM3\ARM_GCC_541\Debug\F1-TestFixture.a(Overload2.o)
 .debug_abbrev  0x00004491       0x14 .\CortexM3\ARM_GCC_541\Debug\F1-TestFixture.a(CyBootAsmGnu.o)
 .debug_abbrev  0x000044a5      0x14b .\CortexM3\ARM_GCC_541\Debug\F1-TestFixture.a(CyFlash.o)
 .debug_abbrev  0x000045f0      0x16c .\CortexM3\ARM_GCC_541\Debug\F1-TestFixture.a(CySpc.o)
 .debug_abbrev  0x0000475c       0x90 .\CortexM3\ARM_GCC_541\Debug\F1-TestFixture.a(LED1.o)
 .debug_abbrev  0x000047ec       0x90 .\CortexM3\ARM_GCC_541\Debug\F1-TestFixture.a(LED2.o)
 .debug_abbrev  0x0000487c       0x90 .\CortexM3\ARM_GCC_541\Debug\F1-TestFixture.a(LED3.o)

.debug_line     0x00000000     0x773a
 *(.debug_line)
 .debug_line    0x00000000      0x22c .\CortexM3\ARM_GCC_541\Debug\main.o
 .debug_line    0x0000022c      0x518 .\CortexM3\ARM_GCC_541\Debug\ControllerTest.o
 .debug_line    0x00000744      0x36d .\CortexM3\ARM_GCC_541\Debug\UART_230400_Functions.o
 .debug_line    0x00000ab1      0x3ea .\CortexM3\ARM_GCC_541\Debug\SirenTest.o
 .debug_line    0x00000e9b      0x591 .\CortexM3\ARM_GCC_541\Debug\RelayTest.o
 .debug_line    0x0000142c      0x309 .\CortexM3\ARM_GCC_541\Debug\UART_460800_Functions.o
 .debug_line    0x00001735      0x22f .\CortexM3\ARM_GCC_541\Debug\UART_115200_Functions.o
 .debug_line    0x00001964      0x1d3 .\CortexM3\ARM_GCC_541\Debug\CD4051BPW_Driver.o
 .debug_line    0x00001b37      0x2d8 .\CortexM3\ARM_GCC_541\Debug\ControllerTest_Complete.o
 .debug_line    0x00001e0f      0x459 .\CortexM3\ARM_GCC_541\Debug\RelayTest_Complete.o
 .debug_line    0x00002268      0x230 .\CortexM3\ARM_GCC_541\Debug\cyfitter_cfg.o
 .debug_line    0x00002498      0x141 .\CortexM3\ARM_GCC_541\Debug\cymetadata.o
 .debug_line    0x000025d9      0x1db .\CortexM3\ARM_GCC_541\Debug\Cm3Start.o
 .debug_line    0x000027b4      0x2b6 .\CortexM3\ARM_GCC_541\Debug\F1-TestFixture.a(CyDmac.o)
 .debug_line    0x00002a6a      0x883 .\CortexM3\ARM_GCC_541\Debug\F1-TestFixture.a(CyLib.o)
 .debug_line    0x000032ed      0x38e .\CortexM3\ARM_GCC_541\Debug\F1-TestFixture.a(cyPm.o)
 .debug_line    0x0000367b       0x9e .\CortexM3\ARM_GCC_541\Debug\F1-TestFixture.a(STest_SIREN_EN.o)
 .debug_line    0x00003719       0xa3 .\CortexM3\ARM_GCC_541\Debug\F1-TestFixture.a(CTest_CONT_VBATT_EN.o)
 .debug_line    0x000037bc       0x9f .\CortexM3\ARM_GCC_541\Debug\F1-TestFixture.a(CTest_USB_5V_EN.o)
 .debug_line    0x0000385b       0x9e .\CortexM3\ARM_GCC_541\Debug\F1-TestFixture.a(RTest_SIREN_EN.o)
 .debug_line    0x000038f9       0x93 .\CortexM3\ARM_GCC_541\Debug\F1-TestFixture.a(RS1.o)
 .debug_line    0x0000398c       0x93 .\CortexM3\ARM_GCC_541\Debug\F1-TestFixture.a(RS2.o)
 .debug_line    0x00003a1f       0x9c .\CortexM3\ARM_GCC_541\Debug\F1-TestFixture.a(RTest_HSide1.o)
 .debug_line    0x00003abb       0x9c .\CortexM3\ARM_GCC_541\Debug\F1-TestFixture.a(RTest_HSide3.o)
 .debug_line    0x00003b57       0x9c .\CortexM3\ARM_GCC_541\Debug\F1-TestFixture.a(RTest_HSide2.o)
 .debug_line    0x00003bf3       0x9c .\CortexM3\ARM_GCC_541\Debug\F1-TestFixture.a(RTest_HSide4.o)
 .debug_line    0x00003c8f       0x9c .\CortexM3\ARM_GCC_541\Debug\F1-TestFixture.a(RTest_HSide5.o)
 .debug_line    0x00003d2b       0x9c .\CortexM3\ARM_GCC_541\Debug\F1-TestFixture.a(RTest_HSide6.o)
 .debug_line    0x00003dc7       0x9c .\CortexM3\ARM_GCC_541\Debug\F1-TestFixture.a(RTest_HSide7.o)
 .debug_line    0x00003e63       0x9c .\CortexM3\ARM_GCC_541\Debug\F1-TestFixture.a(RTest_HSide8.o)
 .debug_line    0x00003eff      0x264 .\CortexM3\ARM_GCC_541\Debug\F1-TestFixture.a(isr_UART_230400.o)
 .debug_line    0x00004163      0x324 .\CortexM3\ARM_GCC_541\Debug\F1-TestFixture.a(UART_230400.o)
 .debug_line    0x00004487       0x8e .\CortexM3\ARM_GCC_541\Debug\F1-TestFixture.a(UART_230400_INT.o)
 .debug_line    0x00004515      0x1b3 .\CortexM3\ARM_GCC_541\Debug\F1-TestFixture.a(UART_230400_IntClock.o)
 .debug_line    0x000046c8       0x78 .\CortexM3\ARM_GCC_541\Debug\F1-TestFixture.a(MUX_CTRL_230400.o)
 .debug_line    0x00004740      0x162 .\CortexM3\ARM_GCC_541\Debug\F1-TestFixture.a(Timer_20ms.o)
 .debug_line    0x000048a2       0x96 .\CortexM3\ARM_GCC_541\Debug\F1-TestFixture.a(LED_EN.o)
 .debug_line    0x00004938      0x26a .\CortexM3\ARM_GCC_541\Debug\F1-TestFixture.a(isr_Timer_20ms.o)
 .debug_line    0x00004ba2      0x324 .\CortexM3\ARM_GCC_541\Debug\F1-TestFixture.a(UART_115200.o)
 .debug_line    0x00004ec6       0x8e .\CortexM3\ARM_GCC_541\Debug\F1-TestFixture.a(UART_115200_INT.o)
 .debug_line    0x00004f54      0x264 .\CortexM3\ARM_GCC_541\Debug\F1-TestFixture.a(isr_UART_115200.o)
 .debug_line    0x000051b8      0x1b3 .\CortexM3\ARM_GCC_541\Debug\F1-TestFixture.a(UART_115200_IntClock.o)
 .debug_line    0x0000536b       0x7a .\CortexM3\ARM_GCC_541\Debug\F1-TestFixture.a(DEMUX_CTRL_230400.o)
 .debug_line    0x000053e5      0x264 .\CortexM3\ARM_GCC_541\Debug\F1-TestFixture.a(isr_UART_460800.o)
 .debug_line    0x00005649      0x324 .\CortexM3\ARM_GCC_541\Debug\F1-TestFixture.a(UART_460800.o)
 .debug_line    0x0000596d       0x8e .\CortexM3\ARM_GCC_541\Debug\F1-TestFixture.a(UART_460800_INT.o)
 .debug_line    0x000059fb       0x78 .\CortexM3\ARM_GCC_541\Debug\F1-TestFixture.a(MUX_CTRL_460800.o)
 .debug_line    0x00005a73       0x7a .\CortexM3\ARM_GCC_541\Debug\F1-TestFixture.a(DEMUX_CTRL_460800.o)
 .debug_line    0x00005aed      0x1b3 .\CortexM3\ARM_GCC_541\Debug\F1-TestFixture.a(UART_460800_IntClock.o)
 .debug_line    0x00005ca0      0x162 .\CortexM3\ARM_GCC_541\Debug\F1-TestFixture.a(Timer_10ms.o)
 .debug_line    0x00005e02      0x269 .\CortexM3\ARM_GCC_541\Debug\F1-TestFixture.a(isr_Timer_10ms.o)
 .debug_line    0x0000606b      0x162 .\CortexM3\ARM_GCC_541\Debug\F1-TestFixture.a(Timer_50ms.o)
 .debug_line    0x000061cd      0x313 .\CortexM3\ARM_GCC_541\Debug\F1-TestFixture.a(isr_Timer_50ms.o)
 .debug_line    0x000064e0       0x9d .\CortexM3\ARM_GCC_541\Debug\F1-TestFixture.a(PB_NextAction.o)
 .debug_line    0x0000657d       0xf1 .\CortexM3\ARM_GCC_541\Debug\F1-TestFixture.a(WaveDAC.o)
 .debug_line    0x0000666e      0x1ad .\CortexM3\ARM_GCC_541\Debug\F1-TestFixture.a(WaveDAC_DacClk.o)
 .debug_line    0x0000681b       0x84 .\CortexM3\ARM_GCC_541\Debug\F1-TestFixture.a(WaveDAC_Wave1_DMA_dma.o)
 .debug_line    0x0000689f       0x84 .\CortexM3\ARM_GCC_541\Debug\F1-TestFixture.a(WaveDAC_Wave2_DMA_dma.o)
 .debug_line    0x00006923       0xf5 .\CortexM3\ARM_GCC_541\Debug\F1-TestFixture.a(WaveDAC_VDAC8.o)