Archive member included to satisfy reference by file (symbol)

.\CortexM3\ARM_GCC_541\Debug\F1-TestFixture.a(CyLib.o)
                              .\CortexM3\ARM_GCC_541\Debug\Cm3Start.o (CyResetStatus)
.\CortexM3\ARM_GCC_541\Debug\F1-TestFixture.a(cyPm.o)
                              .\CortexM3\ARM_GCC_541\Debug\F1-TestFixture.a(CyLib.o) (CyPmReadStatus)
.\CortexM3\ARM_GCC_541\Debug\F1-TestFixture.a(isr_UART_230400.o)
                              .\CortexM3\ARM_GCC_541\Debug\main.o (isr_UART_230400_Start)
.\CortexM3\ARM_GCC_541\Debug\F1-TestFixture.a(UART_230400.o)
                              .\CortexM3\ARM_GCC_541\Debug\main.o (UART_230400_Start)
.\CortexM3\ARM_GCC_541\Debug\F1-TestFixture.a(UART_230400_INT.o)
                              .\CortexM3\ARM_GCC_541\Debug\F1-TestFixture.a(UART_230400.o) (UART_230400_TXISR)
.\CortexM3\ARM_GCC_541\Debug\F1-TestFixture.a(UART_230400_IntClock.o)
                              .\CortexM3\ARM_GCC_541\Debug\F1-TestFixture.a(UART_230400.o) (UART_230400_IntClock_Start)
.\CortexM3\ARM_GCC_541\Debug\F1-TestFixture.a(Timer_20ms.o)
                              .\CortexM3\ARM_GCC_541\Debug\main.o (Timer_20ms_Start)
.\CortexM3\ARM_GCC_541\Debug\F1-TestFixture.a(isr_Timer_20ms.o)
                              .\CortexM3\ARM_GCC_541\Debug\main.o (isr_Timer_20ms_Start)
.\CortexM3\ARM_GCC_541\Debug\F1-TestFixture.a(Timer_Quick.o)
                              .\CortexM3\ARM_GCC_541\Debug\main.o (Timer_Quick_Start)
.\CortexM3\ARM_GCC_541\Debug\F1-TestFixture.a(isr_Timer_Quick.o)
                              .\CortexM3\ARM_GCC_541\Debug\main.o (isr_Timer_Quick_Start)
.\CortexM3\ARM_GCC_541\Debug\F1-TestFixture.a(DEMUX_CTRL_230400.o)
                              .\CortexM3\ARM_GCC_541\Debug\RelayTest.o (DEMUX_CTRL_230400_Write)
.\CortexM3\ARM_GCC_541\Debug\F1-TestFixture.a(isr_UART_460800.o)
                              .\CortexM3\ARM_GCC_541\Debug\main.o (isr_UART_460800_Start)
.\CortexM3\ARM_GCC_541\Debug\F1-TestFixture.a(UART_460800.o)
                              .\CortexM3\ARM_GCC_541\Debug\main.o (UART_460800_Start)
.\CortexM3\ARM_GCC_541\Debug\F1-TestFixture.a(UART_460800_IntClock.o)
                              .\CortexM3\ARM_GCC_541\Debug\F1-TestFixture.a(UART_460800.o) (UART_460800_IntClock_Start)
.\CortexM3\ARM_GCC_541\Debug\F1-TestFixture.a(CyBootAsmGnu.o)
                              .\CortexM3\ARM_GCC_541\Debug\cyfitter_cfg.o (CyDelayCycles)
.\CortexM3\ARM_GCC_541\Debug\F1-TestFixture.a(CyFlash.o)
                              .\CortexM3\ARM_GCC_541\Debug\F1-TestFixture.a(cyPm.o) (CyFlash_SetWaitCycles)
.\CortexM3\ARM_GCC_541\Debug\F1-TestFixture.a(CySpc.o)
                              .\CortexM3\ARM_GCC_541\Debug\F1-TestFixture.a(CyFlash.o) (CySpcStart)
c:/program files (x86)/cypress/psoc creator/4.3/psoc creator/import/gnu/arm/5.4.1/bin/../lib/gcc/arm-none-eabi/5.4.1/../../../../arm-none-eabi/lib/armv7-m\libg_nano.a(lib_a-errno.o)
                              .\CortexM3\ARM_GCC_541\Debug\Cm3Start.o (__errno)
c:/program files (x86)/cypress/psoc creator/4.3/psoc creator/import/gnu/arm/5.4.1/bin/../lib/gcc/arm-none-eabi/5.4.1/../../../../arm-none-eabi/lib/armv7-m\libg_nano.a(lib_a-exit.o)
                              c:/program files (x86)/cypress/psoc creator/4.3/psoc creator/import/gnu/arm/5.4.1/bin/../lib/gcc/arm-none-eabi/5.4.1/../../../../arm-none-eabi/lib/armv7-m/crt0.o (exit)
c:/program files (x86)/cypress/psoc creator/4.3/psoc creator/import/gnu/arm/5.4.1/bin/../lib/gcc/arm-none-eabi/5.4.1/../../../../arm-none-eabi/lib/armv7-m\libg_nano.a(lib_a-impure.o)
                              c:/program files (x86)/cypress/psoc creator/4.3/psoc creator/import/gnu/arm/5.4.1/bin/../lib/gcc/arm-none-eabi/5.4.1/../../../../arm-none-eabi/lib/armv7-m\libg_nano.a(lib_a-exit.o) (_global_impure_ptr)
c:/program files (x86)/cypress/psoc creator/4.3/psoc creator/import/gnu/arm/5.4.1/bin/../lib/gcc/arm-none-eabi/5.4.1/../../../../arm-none-eabi/lib/armv7-m\libg_nano.a(lib_a-init.o)
                              c:/program files (x86)/cypress/psoc creator/4.3/psoc creator/import/gnu/arm/5.4.1/bin/../lib/gcc/arm-none-eabi/5.4.1/../../../../arm-none-eabi/lib/armv7-m/crt0.o (__libc_init_array)
c:/program files (x86)/cypress/psoc creator/4.3/psoc creator/import/gnu/arm/5.4.1/bin/../lib/gcc/arm-none-eabi/5.4.1/../../../../arm-none-eabi/lib/armv7-m\libg_nano.a(lib_a-memcpy-stub.o)
                              .\CortexM3\ARM_GCC_541\Debug\UART_230400_Functions.o (memcpy)
c:/program files (x86)/cypress/psoc creator/4.3/psoc creator/import/gnu/arm/5.4.1/bin/../lib/gcc/arm-none-eabi/5.4.1/../../../../arm-none-eabi/lib/armv7-m\libg_nano.a(lib_a-memset.o)
                              c:/program files (x86)/cypress/psoc creator/4.3/psoc creator/import/gnu/arm/5.4.1/bin/../lib/gcc/arm-none-eabi/5.4.1/../../../../arm-none-eabi/lib/armv7-m/crt0.o (memset)

Allocating common symbols
Common symbol       size              file

[...]
Memory Configuration

Name             Origin             Length             Attributes
rom              0x00000000         0x00020000         xr
ram              0x1fffc000         0x00008000         xrw
*default*        0x00000000         0xffffffff

Linker script and memory map

LOAD c:/program files (x86)/cypress/psoc creator/4.3/psoc creator/import/gnu/arm/5.4.1/bin/../lib/gcc/arm-none-eabi/5.4.1/armv7-m/crti.o
LOAD c:/program files (x86)/cypress/psoc creator/4.3/psoc creator/import/gnu/arm/5.4.1/bin/../lib/gcc/arm-none-eabi/5.4.1/armv7-m/crtbegin.o
LOAD c:/program files (x86)/cypress/psoc creator/4.3/psoc creator/import/gnu/arm/5.4.1/bin/../lib/gcc/arm-none-eabi/5.4.1/../../../../arm-none-eabi/lib/armv7-m/crt0.o
START GROUP
LOAD .\CortexM3\ARM_GCC_541\Debug\main.o
LOAD .\CortexM3\ARM_GCC_541\Debug\ControllerTest.o
LOAD .\CortexM3\ARM_GCC_541\Debug\UART_230400_Functions.o
LOAD .\CortexM3\ARM_GCC_541\Debug\SirenTest.o
LOAD .\CortexM3\ARM_GCC_541\Debug\RelayTest.o
LOAD .\CortexM3\ARM_GCC_541\Debug\UART_460800_Functions.o
LOAD .\CortexM3\ARM_GCC_541\Debug\UART_115200_Functions.o
LOAD .\CortexM3\ARM_GCC_541\Debug\CD4051BPW_Driver.o
LOAD .\CortexM3\ARM_GCC_541\Debug\cyfitter_cfg.o
LOAD .\CortexM3\ARM_GCC_541\Debug\cymetadata.o
LOAD .\CortexM3\ARM_GCC_541\Debug\Cm3Start.o
LOAD .\CortexM3\ARM_GCC_541\Debug\F1-TestFixture.a
LOAD C:\Program Files (x86)\Cypress\PSoC Creator\4.3\PSoC Creator\psoc\content\cycomponentlibrary\CyComponentLibrary.cylib\CortexM3\ARM_GCC_541\Debug\CyComponentLibrary.a
END GROUP
START GROUP
LOAD c:/program files (x86)/cypress/psoc creator/4.3/psoc creator/import/gnu/arm/5.4.1/bin/../lib/gcc/arm-none-eabi/5.4.1/armv7-m\libgcc.a
LOAD c:/program files (x86)/cypress/psoc creator/4.3/psoc creator/import/gnu/arm/5.4.1/bin/../lib/gcc/arm-none-eabi/5.4.1/../../../../arm-none-eabi/lib/armv7-m\libg_nano.a
LOAD c:/program files (x86)/cypress/psoc creator/4.3/psoc creator/import/gnu/arm/5.4.1/bin/../lib/gcc/arm-none-eabi/5.4.1/../../../../arm-none-eabi/lib/armv7-m\libc_nano.a
END GROUP
START GROUP
LOAD c:/program files (x86)/cypress/psoc creator/4.3/psoc creator/import/gnu/arm/5.4.1/bin/../lib/gcc/arm-none-eabi/5.4.1/armv7-m\libgcc.a
LOAD c:/program files (x86)/cypress/psoc creator/4.3/psoc creator/import/gnu/arm/5.4.1/bin/../lib/gcc/arm-none-eabi/5.4.1/../../../../arm-none-eabi/lib/armv7-m\libc_nano.a
END GROUP
LOAD c:/program files (x86)/cypress/psoc creator/4.3/psoc creator/import/gnu/arm/5.4.1/bin/../lib/gcc/arm-none-eabi/5.4.1/armv7-m/crtend.o
LOAD c:/program files (x86)/cypress/psoc creator/4.3/psoc creator/import/gnu/arm/5.4.1/bin/../lib/gcc/arm-none-eabi/5.4.1/armv7-m/crtn.o
START GROUP
LOAD c:/program files (x86)/cypress/psoc creator/4.3/psoc creator/import/gnu/arm/5.4.1/bin/../lib/gcc/arm-none-eabi/5.4.1/armv7-m\libgcc.a
LOAD c:/program files (x86)/cypress/psoc creator/4.3/psoc creator/import/gnu/arm/5.4.1/bin/../lib/gcc/arm-none-eabi/5.4.1/../../../../arm-none-eabi/lib/armv7-m\libc.a
LOAD c:/program files (x86)/cypress/psoc creator/4.3/psoc creator/import/gnu/arm/5.4.1/bin/../lib/gcc/arm-none-eabi/5.4.1/../../../../arm-none-eabi/lib/armv7-m\libnosys.a
END GROUP
                0x00000000                CY_APPL_ORIGIN = 0x0
                0x00000100                CY_FLASH_ROW_SIZE = 0x100
                0x00000020                CY_ECC_ROW_SIZE = 0x20
                0x00000000                CY_EE_IN_BTLDR = 0x0
                0x00000000                CY_APPL_LOADABLE = 0x0
                0x00000800                CY_EE_SIZE = 0x800
                0x00000001                CY_APPL_NUM = 0x1
                0x00000001                CY_APPL_MAX = 0x1
                0x00000040                CY_METADATA_SIZE = 0x40
                0x00000000                CY_APPL_LOADABLE = 0x0
                0x00000000                CY_CHECKSUM_EXCLUDE_SIZE = ALIGN (0x0, CY_FLASH_ROW_SIZE)
                [!provide]                PROVIDE (__cy_heap_start, _end)
                0x00000001                PROVIDE (__cy_region_num, ((__cy_regions_end - __cy_regions) / 0x10))
                0x20004000                PROVIDE (__cy_stack, (ORIGIN (ram) + LENGTH (ram)))
                [!provide]                PROVIDE (__cy_heap_end, (__cy_stack - 0x800))

.cybootloader   0x00000000        0x0
 *(.cybootloader)
                0x00000000                appl1_start = CY_APPL_ORIGIN?CY_APPL_ORIGIN:ALIGN (CY_FLASH_ROW_SIZE)
                0x0000ff00                appl2_start = (appl1_start + ALIGN ((((LENGTH (rom) - appl1_start) - (0x2 * CY_FLASH_ROW_SIZE)) / 0x2), CY_FLASH_ROW_SIZE))
                0x00000000                appl_start = (CY_APPL_NUM == 0x1)?appl1_start:appl2_start
                0x00000000                ecc_offset = ((appl_start / CY_FLASH_ROW_SIZE) * CY_ECC_ROW_SIZE)
                0x00000000                ee_offset = (CY_APPL_LOADABLE && ! (CY_EE_IN_BTLDR))?((CY_EE_SIZE / CY_APPL_MAX) * (CY_APPL_NUM - 0x1)):0x0
                0x00000800                ee_size = (CY_APPL_LOADABLE && ! (CY_EE_IN_BTLDR))?(CY_EE_SIZE / CY_APPL_MAX):CY_EE_SIZE
                [!provide]                PROVIDE (CY_ECC_OFFSET, ecc_offset)

.text           0x00000000     0x2156
 CREATE_OBJECT_SYMBOLS
                0x00000000                PROVIDE (__cy_interrupt_vector, RomVectors)
 *(.romvectors)
 .romvectors    0x00000000       0x10 .\CortexM3\ARM_GCC_541\Debug\Cm3Start.o
                0x00000000                RomVectors
                0x00000001                ASSERT ((. != __cy_interrupt_vector), No interrupt vector)
                0x00000001                ASSERT (CY_APPL_ORIGIN?(SIZEOF (.cybootloader) <= CY_APPL_ORIGIN):0x1, Wrong image location)
                0x00000010                PROVIDE (__cy_reset, Reset)
 *(.text.Reset)
 .text.Reset    0x00000010       0x18 .\CortexM3\ARM_GCC_541\Debug\Cm3Start.o
                0x00000010                Reset
                0x00000001                ASSERT ((. != __cy_reset), No reset code)
 *(.dma_init)
                0x00000001                ASSERT ((((appl_start + .) <= 0x10000) || 0x1), DMA Init must be within the first 64k of flash)
 *(.text .text.* .gnu.linkonce.t.*)
 .text          0x00000028       0x5c c:/program files (x86)/cypress/psoc creator/4.3/psoc creator/import/gnu/arm/5.4.1/bin/../lib/gcc/arm-none-eabi/5.4.1/armv7-m/crtbegin.o
 .text.main     0x00000084       0x30 .\CortexM3\ARM_GCC_541\Debug\main.o
                0x00000084                main
 .text.initializePeripherals
                0x000000b4       0x28 .\CortexM3\ARM_GCC_541\Debug\main.o
 .text.ControllerTest
                0x000000dc       0x8c .\CortexM3\ARM_GCC_541\Debug\ControllerTest.o
                0x000000dc                ControllerTest
 .text.CTest_ReadPowerMode
                0x00000168       0x1c .\CortexM3\ARM_GCC_541\Debug\ControllerTest.o
                0x00000168                CTest_ReadPowerMode
 .text.getRxPacket_Controller
                0x00000184       0x20 .\CortexM3\ARM_GCC_541\Debug\ControllerTest.o
                0x00000184                getRxPacket_Controller
 .text.processByteReceivedHandler
                0x000001a4       0x60 .\CortexM3\ARM_GCC_541\Debug\UART_230400_Functions.o
                0x000001a4                processByteReceivedHandler
 .text.detectPacket
                0x00000204      0x2d4 .\CortexM3\ARM_GCC_541\Debug\UART_230400_Functions.o
 .text.sendPacketToRelaySiren
                0x000004d8       0x60 .\CortexM3\ARM_GCC_541\Debug\UART_230400_Functions.o
                0x000004d8                sendPacketToRelaySiren
 .text.ResetPacketSuccess
                0x00000538       0x28 .\CortexM3\ARM_GCC_541\Debug\UART_230400_Functions.o
                0x00000538                ResetPacketSuccess
 .text.VerifyPacket_230400
                0x00000560       0x40 .\CortexM3\ARM_GCC_541\Debug\UART_230400_Functions.o
                0x00000560                VerifyPacket_230400
 .text.RelayTest
                0x000005a0      0x468 .\CortexM3\ARM_GCC_541\Debug\RelayTest.o
                0x000005a0                RelayTest
 .text.RTest_Test_Outputs
                0x00000a08       0x98 .\CortexM3\ARM_GCC_541\Debug\RelayTest.o
                0x00000a08                RTest_Test_Outputs
 .text.RTest_Test_DataLink
                0x00000aa0       0x10 .\CortexM3\ARM_GCC_541\Debug\RelayTest.o
                0x00000aa0                RTest_Test_DataLink
 .text.RTest_Test_QuadPorts
                0x00000ab0       0x28 .\CortexM3\ARM_GCC_541\Debug\RelayTest.o
                0x00000ab0                RTest_Test_QuadPorts
 .text.RTest_Test_UART_Siren
                0x00000ad8       0x48 .\CortexM3\ARM_GCC_541\Debug\RelayTest.o
                0x00000ad8                RTest_Test_UART_Siren
 .text.RTest_Test_Inputs
                0x00000b20       0x50 .\CortexM3\ARM_GCC_541\Debug\RelayTest.o
                0x00000b20                RTest_Test_Inputs
 .text.RTest_Test_Vbatt
                0x00000b70       0x3c .\CortexM3\ARM_GCC_541\Debug\RelayTest.o
                0x00000b70                RTest_Test_Vbatt
 .text.RTest_Test_BlockCurrents
                0x00000bac       0x78 .\CortexM3\ARM_GCC_541\Debug\RelayTest.o
                0x00000bac                RTest_Test_BlockCurrents
 .text.RTest_Test_GPS
                0x00000c24       0x24 .\CortexM3\ARM_GCC_541\Debug\RelayTest.o
                0x00000c24                RTest_Test_GPS
 .text.getRxPacket_Relay
                0x00000c48       0x20 .\CortexM3\ARM_GCC_541\Debug\RelayTest.o
                0x00000c48                getRxPacket_Relay
 .text.getTxPacket_Relay
                0x00000c68       0x20 .\CortexM3\ARM_GCC_541\Debug\RelayTest.o
                0x00000c68                getTxPacket_Relay
 .text.getTxPacket_RelaySiren
                0x00000c88       0x20 .\CortexM3\ARM_GCC_541\Debug\RelayTest.o
                0x00000c88                getTxPacket_RelaySiren
 .text.RTest_BlockCurrent
                0x00000ca8       0x7c .\CortexM3\ARM_GCC_541\Debug\RelayTest.o
                0x00000ca8                RTest_BlockCurrent
 .text.RTest_20ms_isr
                0x00000d24       0x68 .\CortexM3\ARM_GCC_541\Debug\RelayTest.o
                0x00000d24                RTest_20ms_isr
 .text.SetRelayOutputs
                0x00000d8c       0x70 .\CortexM3\ARM_GCC_541\Debug\RelayTest.o
                0x00000d8c                SetRelayOutputs
 .text.processByteReceivedHandler_460800
                0x00000dfc       0x60 .\CortexM3\ARM_GCC_541\Debug\UART_460800_Functions.o
                0x00000dfc                processByteReceivedHandler_460800
 .text.detectPacket
                0x00000e5c      0x298 .\CortexM3\ARM_GCC_541\Debug\UART_460800_Functions.o
 .text.VerifyPacket_460800
                0x000010f4       0x2c .\CortexM3\ARM_GCC_541\Debug\UART_460800_Functions.o
                0x000010f4                VerifyPacket_460800
 .text.sendPacketToRelay_Quad
                0x00001120       0x4c .\CortexM3\ARM_GCC_541\Debug\UART_460800_Functions.o
                0x00001120                sendPacketToRelay_Quad
 .text.CYMEMZERO
                0x0000116c       0x1c .\CortexM3\ARM_GCC_541\Debug\cyfitter_cfg.o
 .text.CYCONFIGCPY
                0x00001188       0x20 .\CortexM3\ARM_GCC_541\Debug\cyfitter_cfg.o
 .text.CyClockStartupError
                0x000011a8        0xc .\CortexM3\ARM_GCC_541\Debug\cyfitter_cfg.o
 .text.cfg_write_bytes32
                0x000011b4       0x74 .\CortexM3\ARM_GCC_541\Debug\cyfitter_cfg.o
 .text.ClockSetup
                0x00001228      0x144 .\CortexM3\ARM_GCC_541\Debug\cyfitter_cfg.o
 .text.AnalogSetDefault
                0x0000136c       0x44 .\CortexM3\ARM_GCC_541\Debug\cyfitter_cfg.o
 .text.cyfitter_cfg
                0x000013b0      0x158 .\CortexM3\ARM_GCC_541\Debug\cyfitter_cfg.o
                0x000013b0                cyfitter_cfg
 .text.IntDefaultHandler
                0x00001508       0x14 .\CortexM3\ARM_GCC_541\Debug\Cm3Start.o
                0x00001508                IntDefaultHandler
 .text.Start_c  0x0000151c       0x98 .\CortexM3\ARM_GCC_541\Debug\Cm3Start.o
                0x0000151c                Start_c
 .text.initialize_psoc
                0x000015b4       0x90 .\CortexM3\ARM_GCC_541\Debug\Cm3Start.o
                0x000015b4                initialize_psoc
 .text.CyHalt   0x00001644       0x18 .\CortexM3\ARM_GCC_541\Debug\F1-TestFixture.a(CyLib.o)
                0x00001644                CyHalt
 .text.CyDelay  0x0000165c       0x44 .\CortexM3\ARM_GCC_541\Debug\F1-TestFixture.a(CyLib.o)
                0x0000165c                CyDelay
 .text.CyIntSetVector
                0x000016a0       0x50 .\CortexM3\ARM_GCC_541\Debug\F1-TestFixture.a(CyLib.o)
                0x000016a0                CyIntSetVector
 .text.CyIntSetPriority
                0x000016f0       0x48 .\CortexM3\ARM_GCC_541\Debug\F1-TestFixture.a(CyLib.o)
                0x000016f0                CyIntSetPriority
 .text.isr_UART_230400_Start
                0x00001738       0x20 .\CortexM3\ARM_GCC_541\Debug\F1-TestFixture.a(isr_UART_230400.o)
                0x00001738                isr_UART_230400_Start
 .text.isr_UART_230400_Interrupt
                0x00001758        0xc .\CortexM3\ARM_GCC_541\Debug\F1-TestFixture.a(isr_UART_230400.o)
                0x00001758                isr_UART_230400_Interrupt
 .text.isr_UART_230400_SetVector
                0x00001764       0x24 .\CortexM3\ARM_GCC_541\Debug\F1-TestFixture.a(isr_UART_230400.o)
                0x00001764                isr_UART_230400_SetVector
 .text.isr_UART_230400_SetPriority
                0x00001788       0x24 .\CortexM3\ARM_GCC_541\Debug\F1-TestFixture.a(isr_UART_230400.o)
                0x00001788                isr_UART_230400_SetPriority
 .text.isr_UART_230400_Enable
                0x000017ac       0x18 .\CortexM3\ARM_GCC_541\Debug\F1-TestFixture.a(isr_UART_230400.o)
                0x000017ac                isr_UART_230400_Enable
 .text.isr_UART_230400_Disable
                0x000017c4       0x18 .\CortexM3\ARM_GCC_541\Debug\F1-TestFixture.a(isr_UART_230400.o)
                0x000017c4                isr_UART_230400_Disable
 .text.UART_230400_Start
                0x000017dc       0x24 .\CortexM3\ARM_GCC_541\Debug\F1-TestFixture.a(UART_230400.o)
                0x000017dc                UART_230400_Start
 .text.UART_230400_Init
                0x00001800       0x50 .\CortexM3\ARM_GCC_541\Debug\F1-TestFixture.a(UART_230400.o)
                0x00001800                UART_230400_Init
 .text.UART_230400_Enable
                0x00001850       0x74 .\CortexM3\ARM_GCC_541\Debug\F1-TestFixture.a(UART_230400.o)
                0x00001850                UART_230400_Enable
 .text.UART_230400_ReadRxStatus
                0x000018c4       0x24 .\CortexM3\ARM_GCC_541\Debug\F1-TestFixture.a(UART_230400.o)
                0x000018c4                UART_230400_ReadRxStatus
 .text.UART_230400_GetChar
                0x000018e8       0x44 .\CortexM3\ARM_GCC_541\Debug\F1-TestFixture.a(UART_230400.o)
                0x000018e8                UART_230400_GetChar
 .text.UART_230400_WriteTxData
                0x0000192c       0x94 .\CortexM3\ARM_GCC_541\Debug\F1-TestFixture.a(UART_230400.o)
                0x0000192c                UART_230400_WriteTxData
 .text.UART_230400_TXISR
                0x000019c0       0x70 .\CortexM3\ARM_GCC_541\Debug\F1-TestFixture.a(UART_230400_INT.o)
                0x000019c0                UART_230400_TXISR
 .text.UART_230400_IntClock_Start
                0x00001a30       0x34 .\CortexM3\ARM_GCC_541\Debug\F1-TestFixture.a(UART_230400_IntClock.o)
                0x00001a30                UART_230400_IntClock_Start
 .text.Timer_20ms_Init
                0x00001a64       0xa0 .\CortexM3\ARM_GCC_541\Debug\F1-TestFixture.a(Timer_20ms.o)
                0x00001a64                Timer_20ms_Init
 .text.Timer_20ms_Enable
                0x00001b04       0x48 .\CortexM3\ARM_GCC_541\Debug\F1-TestFixture.a(Timer_20ms.o)
                0x00001b04                Timer_20ms_Enable
 .text.Timer_20ms_Start
                0x00001b4c       0x24 .\CortexM3\ARM_GCC_541\Debug\F1-TestFixture.a(Timer_20ms.o)
                0x00001b4c                Timer_20ms_Start
 .text.Timer_20ms_SetInterruptMode
                0x00001b70       0x20 .\CortexM3\ARM_GCC_541\Debug\F1-TestFixture.a(Timer_20ms.o)
                0x00001b70                Timer_20ms_SetInterruptMode
 .text.Timer_20ms_WritePeriod
                0x00001b90       0x24 .\CortexM3\ARM_GCC_541\Debug\F1-TestFixture.a(Timer_20ms.o)
                0x00001b90                Timer_20ms_WritePeriod
 .text.Timer_20ms_WriteCounter
                0x00001bb4       0x20 .\CortexM3\ARM_GCC_541\Debug\F1-TestFixture.a(Timer_20ms.o)
                0x00001bb4                Timer_20ms_WriteCounter
 .text.isr_Timer_20ms_Start
                0x00001bd4       0x20 .\CortexM3\ARM_GCC_541\Debug\F1-TestFixture.a(isr_Timer_20ms.o)
                0x00001bd4                isr_Timer_20ms_Start
 .text.isr_Timer_20ms_Interrupt
                0x00001bf4        0xc .\CortexM3\ARM_GCC_541\Debug\F1-TestFixture.a(isr_Timer_20ms.o)
                0x00001bf4                isr_Timer_20ms_Interrupt
 .text.isr_Timer_20ms_SetVector
                0x00001c00       0x24 .\CortexM3\ARM_GCC_541\Debug\F1-TestFixture.a(isr_Timer_20ms.o)
                0x00001c00                isr_Timer_20ms_SetVector
 .text.isr_Timer_20ms_SetPriority
                0x00001c24       0x24 .\CortexM3\ARM_GCC_541\Debug\F1-TestFixture.a(isr_Timer_20ms.o)
                0x00001c24                isr_Timer_20ms_SetPriority
 .text.isr_Timer_20ms_Enable
                0x00001c48       0x18 .\CortexM3\ARM_GCC_541\Debug\F1-TestFixture.a(isr_Timer_20ms.o)
                0x00001c48                isr_Timer_20ms_Enable
 .text.isr_Timer_20ms_Disable
                0x00001c60       0x18 .\CortexM3\ARM_GCC_541\Debug\F1-TestFixture.a(isr_Timer_20ms.o)
                0x00001c60                isr_Timer_20ms_Disable
 .text.Timer_Quick_Init
                0x00001c78       0xa0 .\CortexM3\ARM_GCC_541\Debug\F1-TestFixture.a(Timer_Quick.o)
                0x00001c78                Timer_Quick_Init
 .text.Timer_Quick_Enable
                0x00001d18       0x48 .\CortexM3\ARM_GCC_541\Debug\F1-TestFixture.a(Timer_Quick.o)
                0x00001d18                Timer_Quick_Enable
 .text.Timer_Quick_Start
                0x00001d60       0x24 .\CortexM3\ARM_GCC_541\Debug\F1-TestFixture.a(Timer_Quick.o)
                0x00001d60                Timer_Quick_Start
 .text.Timer_Quick_SetInterruptMode
                0x00001d84       0x20 .\CortexM3\ARM_GCC_541\Debug\F1-TestFixture.a(Timer_Quick.o)
                0x00001d84                Timer_Quick_SetInterruptMode
 .text.Timer_Quick_WritePeriod
                0x00001da4       0x24 .\CortexM3\ARM_GCC_541\Debug\F1-TestFixture.a(Timer_Quick.o)
                0x00001da4                Timer_Quick_WritePeriod
 .text.Timer_Quick_WriteCounter
                0x00001dc8       0x20 .\CortexM3\ARM_GCC_541\Debug\F1-TestFixture.a(Timer_Quick.o)
                0x00001dc8                Timer_Quick_WriteCounter
 .text.isr_Timer_Quick_Start
                0x00001de8       0x20 .\CortexM3\ARM_GCC_541\Debug\F1-TestFixture.a(isr_Timer_Quick.o)
                0x00001de8                isr_Timer_Quick_Start
 .text.isr_Timer_Quick_Interrupt
                0x00001e08       0x10 .\CortexM3\ARM_GCC_541\Debug\F1-TestFixture.a(isr_Timer_Quick.o)
                0x00001e08                isr_Timer_Quick_Interrupt
 .text.isr_Timer_Quick_SetVector
                0x00001e18       0x24 .\CortexM3\ARM_GCC_541\Debug\F1-TestFixture.a(isr_Timer_Quick.o)
                0x00001e18                isr_Timer_Quick_SetVector
 .text.isr_Timer_Quick_SetPriority
                0x00001e3c       0x24 .\CortexM3\ARM_GCC_541\Debug\F1-TestFixture.a(isr_Timer_Quick.o)
                0x00001e3c                isr_Timer_Quick_SetPriority
 .text.isr_Timer_Quick_Enable
                0x00001e60       0x18 .\CortexM3\ARM_GCC_541\Debug\F1-TestFixture.a(isr_Timer_Quick.o)
                0x00001e60                isr_Timer_Quick_Enable
 .text.isr_Timer_Quick_Disable
                0x00001e78       0x18 .\CortexM3\ARM_GCC_541\Debug\F1-TestFixture.a(isr_Timer_Quick.o)
                0x00001e78                isr_Timer_Quick_Disable
 .text.DEMUX_CTRL_230400_Write
                0x00001e90       0x20 .\CortexM3\ARM_GCC_541\Debug\F1-TestFixture.a(DEMUX_CTRL_230400.o)
                0x00001e90                DEMUX_CTRL_230400_Write
 .text.isr_UART_460800_Start
                0x00001eb0       0x20 .\CortexM3\ARM_GCC_541\Debug\F1-TestFixture.a(isr_UART_460800.o)
                0x00001eb0                isr_UART_460800_Start
 .text.isr_UART_460800_Interrupt
                0x00001ed0        0xc .\CortexM3\ARM_GCC_541\Debug\F1-TestFixture.a(isr_UART_460800.o)
                0x00001ed0                isr_UART_460800_Interrupt
 .text.isr_UART_460800_SetVector
                0x00001edc       0x24 .\CortexM3\ARM_GCC_541\Debug\F1-TestFixture.a(isr_UART_460800.o)
                0x00001edc                isr_UART_460800_SetVector
 .text.isr_UART_460800_SetPriority
                0x00001f00       0x24 .\CortexM3\ARM_GCC_541\Debug\F1-TestFixture.a(isr_UART_460800.o)
                0x00001f00                isr_UART_460800_SetPriority
 .text.isr_UART_460800_Enable
                0x00001f24       0x18 .\CortexM3\ARM_GCC_541\Debug\F1-TestFixture.a(isr_UART_460800.o)
                0x00001f24                isr_UART_460800_Enable
 .text.isr_UART_460800_Disable
                0x00001f3c       0x18 .\CortexM3\ARM_GCC_541\Debug\F1-TestFixture.a(isr_UART_460800.o)
                0x00001f3c                isr_UART_460800_Disable
 .text.UART_460800_Start
                0x00001f54       0x24 .\CortexM3\ARM_GCC_541\Debug\F1-TestFixture.a(UART_460800.o)
                0x00001f54                UART_460800_Start
 .text.UART_460800_Init
                0x00001f78       0x40 .\CortexM3\ARM_GCC_541\Debug\F1-TestFixture.a(UART_460800.o)
                0x00001f78                UART_460800_Init
 .text.UART_460800_Enable
                0x00001fb8       0x60 .\CortexM3\ARM_GCC_541\Debug\F1-TestFixture.a(UART_460800.o)
                0x00001fb8                UART_460800_Enable
 .text.UART_460800_ReadRxStatus
                0x00002018       0x24 .\CortexM3\ARM_GCC_541\Debug\F1-TestFixture.a(UART_460800.o)
                0x00002018                UART_460800_ReadRxStatus
 .text.UART_460800_GetChar
                0x0000203c       0x44 .\CortexM3\ARM_GCC_541\Debug\F1-TestFixture.a(UART_460800.o)
                0x0000203c                UART_460800_GetChar
 .text.UART_460800_IntClock_Start
                0x00002080       0x34 .\CortexM3\ARM_GCC_541\Debug\F1-TestFixture.a(UART_460800_IntClock.o)
                0x00002080                UART_460800_IntClock_Start
 *fill*         0x000020b4        0x4 
 .text          0x000020b8       0x20 .\CortexM3\ARM_GCC_541\Debug\F1-TestFixture.a(CyBootAsmGnu.o)
                0x000020b8                CyDelayCycles
                0x000020c8                CyEnterCriticalSection
                0x000020d0                CyExitCriticalSection
 .text.__errno  0x000020d8        0xc c:/program files (x86)/cypress/psoc creator/4.3/psoc creator/import/gnu/arm/5.4.1/bin/../lib/gcc/arm-none-eabi/5.4.1/../../../../arm-none-eabi/lib/armv7-m\libg_nano.a(lib_a-errno.o)
                0x000020d8                __errno
 .text.__libc_init_array
                0x000020e4       0x4c c:/program files (x86)/cypress/psoc creator/4.3/psoc creator/import/gnu/arm/5.4.1/bin/../lib/gcc/arm-none-eabi/5.4.1/../../../../arm-none-eabi/lib/armv7-m\libg_nano.a(lib_a-init.o)
                0x000020e4                __libc_init_array
 .text.memcpy   0x00002130       0x16 c:/program files (x86)/cypress/psoc creator/4.3/psoc creator/import/gnu/arm/5.4.1/bin/../lib/gcc/arm-none-eabi/5.4.1/../../../../arm-none-eabi/lib/armv7-m\libg_nano.a(lib_a-memcpy-stub.o)
                0x00002130                memcpy
 .text.memset   0x00002146       0x10 c:/program files (x86)/cypress/psoc creator/4.3/psoc creator/import/gnu/arm/5.4.1/bin/../lib/gcc/arm-none-eabi/5.4.1/../../../../arm-none-eabi/lib/armv7-m\libg_nano.a(lib_a-memset.o)
                0x00002146                memset
 *(.plt)
 *(.gnu.warning)
 *(.glue_7t)
 .glue_7t       0x00002156        0x0 linker stubs
 *(.glue_7)
 .glue_7        0x00002156        0x0 linker stubs
 *(.vfp11_veneer)
 .vfp11_veneer  0x00002156        0x0 linker stubs
 *(.bootloader)
 *(.ARM.extab* .gnu.linkonce.armextab.*)
 *(.gcc_except_table)

.v4_bx          0x00002158        0x0
 .v4_bx         0x00002158        0x0 linker stubs

.iplt           0x00002158        0x0
 .iplt          0x00002158        0x0 c:/program files (x86)/cypress/psoc creator/4.3/psoc creator/import/gnu/arm/5.4.1/bin/../lib/gcc/arm-none-eabi/5.4.1/armv7-m/crtbegin.o

.eh_frame_hdr
 *(.eh_frame_hdr)

.eh_frame       0x00002158        0x4
 *(.eh_frame)
 .eh_frame      0x00002158        0x0 c:/program files (x86)/cypress/psoc creator/4.3/psoc creator/import/gnu/arm/5.4.1/bin/../lib/gcc/arm-none-eabi/5.4.1/armv7-m/crtbegin.o
 .eh_frame      0x00002158        0x4 c:/program files (x86)/cypress/psoc creator/4.3/psoc creator/import/gnu/arm/5.4.1/bin/../lib/gcc/arm-none-eabi/5.4.1/armv7-m/crtend.o
                [!provide]                PROVIDE (__exidx_start, .)

.ARM.exidx
 *(.ARM.exidx* .gnu.linkonce.armexidx.*)
                0x0000215c                __exidx_end = .

.rodata         0x0000215c       0x9c
 *(.rodata .rodata.* .gnu.linkonce.r.*)
 .rodata        0x0000215c        0x6 .\CortexM3\ARM_GCC_541\Debug\RelayTest.o
 *fill*         0x00002162        0x2 
 .rodata        0x00002164       0x58 .\CortexM3\ARM_GCC_541\Debug\cyfitter_cfg.o
 .rodata.str1.1
                0x000021bc        0x2 c:/program files (x86)/cypress/psoc creator/4.3/psoc creator/import/gnu/arm/5.4.1/bin/../lib/gcc/arm-none-eabi/5.4.1/../../../../arm-none-eabi/lib/armv7-m\libg_nano.a(lib_a-impure.o)
                0x000021c0                . = ALIGN (0x4)
 *fill*         0x000021be        0x2 
 *(.init)
 .init          0x000021c0        0x4 c:/program files (x86)/cypress/psoc creator/4.3/psoc creator/import/gnu/arm/5.4.1/bin/../lib/gcc/arm-none-eabi/5.4.1/armv7-m/crti.o
                0x000021c0                _init
 .init          0x000021c4        0x8 c:/program files (x86)/cypress/psoc creator/4.3/psoc creator/import/gnu/arm/5.4.1/bin/../lib/gcc/arm-none-eabi/5.4.1/armv7-m/crtn.o
                0x000021cc                . = ALIGN (0x4)
                0x000021cc                __preinit_array_start = .
 *(.preinit_array)
                0x000021cc                __preinit_array_end = .
                0x000021cc                . = ALIGN (0x4)
                0x000021cc                __init_array_start = .
 *(SORT(.init_array.*))
 *(.init_array)
 .init_array    0x000021cc        0x4 c:/program files (x86)/cypress/psoc creator/4.3/psoc creator/import/gnu/arm/5.4.1/bin/../lib/gcc/arm-none-eabi/5.4.1/armv7-m/crtbegin.o
 .init_array    0x000021d0        0x4 .\CortexM3\ARM_GCC_541\Debug\Cm3Start.o
                0x000021d4                __init_array_end = .
                0x000021d4                . = ALIGN (0x4)
 *(.fini)
 .fini          0x000021d4        0x4 c:/program files (x86)/cypress/psoc creator/4.3/psoc creator/import/gnu/arm/5.4.1/bin/../lib/gcc/arm-none-eabi/5.4.1/armv7-m/crti.o
                0x000021d4                _fini
 .fini          0x000021d8        0x8 c:/program files (x86)/cypress/psoc creator/4.3/psoc creator/import/gnu/arm/5.4.1/bin/../lib/gcc/arm-none-eabi/5.4.1/armv7-m/crtn.o
                0x000021e0                . = ALIGN (0x4)
                0x000021e0                __fini_array_start = .
 *(.fini_array)
 .fini_array    0x000021e0        0x4 c:/program files (x86)/cypress/psoc creator/4.3/psoc creator/import/gnu/arm/5.4.1/bin/../lib/gcc/arm-none-eabi/5.4.1/armv7-m/crtbegin.o
 *(SORT(.fini_array.*))
                0x000021e4                __fini_array_end = .
                0x000021e4                . = ALIGN (0x4)
 *crtbegin.o(.ctors)
 *(EXCLUDE_FILE(*crtend.o) .ctors)
 *(SORT(.ctors.*))
 *crtend.o(.ctors)
                0x000021e4                . = ALIGN (0x4)
 *crtbegin.o(.dtors)
 *(EXCLUDE_FILE(*crtend.o) .dtors)
 *(SORT(.dtors.*))
 *crtend.o(.dtors)
                0x000021e4                . = ALIGN (0x4)
                0x000021e4                __cy_regions = .
                0x000021e4        0x4 LONG 0x21f8 __cy_region_init_ram
                0x000021e8        0x4 LONG 0x1fffc0c8 __cy_region_start_data
                0x000021ec        0x4 LONG 0xa0 __cy_region_init_size_ram
                0x000021f0        0x4 LONG 0x900 __cy_region_zero_size_ram
                0x000021f4                __cy_regions_end = .
                0x000021f8                . = ALIGN (0x8)
 *fill*         0x000021f4        0x4 
                0x000021f8                _etext = .

.cy_checksum_exclude
                0x000021f8        0x0
 *(.cy_checksum_exclude)

.ramvectors     0x1fffc000       0xc0
                0x1fffc000                __cy_region_start_ram = .
 *(.ramvectors)
 .ramvectors    0x1fffc000       0xc0 .\CortexM3\ARM_GCC_541\Debug\Cm3Start.o
                0x1fffc000                CyRamVectors

.noinit         0x1fffc0c0        0x5
 *(.noinit)
 .noinit        0x1fffc0c0        0x4 .\CortexM3\ARM_GCC_541\Debug\Cm3Start.o
 .noinit        0x1fffc0c4        0x1 .\CortexM3\ARM_GCC_541\Debug\F1-TestFixture.a(CyLib.o)
                0x1fffc0c4                CyResetStatus

.data           0x1fffc0c8       0xa0 load address 0x000021f8
                0x1fffc0c8                __cy_region_start_data = .
 *(.jcr)
 .jcr           0x1fffc0c8        0x0 c:/program files (x86)/cypress/psoc creator/4.3/psoc creator/import/gnu/arm/5.4.1/bin/../lib/gcc/arm-none-eabi/5.4.1/armv7-m/crtbegin.o
 .jcr           0x1fffc0c8        0x4 c:/program files (x86)/cypress/psoc creator/4.3/psoc creator/import/gnu/arm/5.4.1/bin/../lib/gcc/arm-none-eabi/5.4.1/armv7-m/crtend.o
 *(.got.plt)
 *(.got)
 *(.shdata)
 *(.data .data.* .gnu.linkonce.d.*)
 .data          0x1fffc0cc       0x14 .\CortexM3\ARM_GCC_541\Debug\UART_230400_Functions.o
 .data          0x1fffc0e0       0x14 .\CortexM3\ARM_GCC_541\Debug\UART_460800_Functions.o
 .data          0x1fffc0f4       0x10 .\CortexM3\ARM_GCC_541\Debug\F1-TestFixture.a(CyLib.o)
                0x1fffc0f4                cydelay_freq_hz
                0x1fffc0f8                cydelay_freq_khz
                0x1fffc0fc                cydelay_freq_mhz
                0x1fffc100                cydelay_32k_ms
 .data.impure_data
                0x1fffc104       0x60 c:/program files (x86)/cypress/psoc creator/4.3/psoc creator/import/gnu/arm/5.4.1/bin/../lib/gcc/arm-none-eabi/5.4.1/../../../../arm-none-eabi/lib/armv7-m\libg_nano.a(lib_a-impure.o)
 .data._impure_ptr
                0x1fffc164        0x4 c:/program files (x86)/cypress/psoc creator/4.3/psoc creator/import/gnu/arm/5.4.1/bin/../lib/gcc/arm-none-eabi/5.4.1/../../../../arm-none-eabi/lib/armv7-m\libg_nano.a(lib_a-impure.o)
                0x1fffc164                _impure_ptr
                0x1fffc168                . = ALIGN (0x8)
 *(.ram)
                0x1fffc168                _edata = .

.igot.plt       0x1fffc168        0x0 load address 0x00002298
 .igot.plt      0x1fffc168        0x0 c:/program files (x86)/cypress/psoc creator/4.3/psoc creator/import/gnu/arm/5.4.1/bin/../lib/gcc/arm-none-eabi/5.4.1/armv7-m/crtbegin.o

.bss            0x1fffc168      0x900 load address 0x00002298
                0x1fffc168                PROVIDE (__bss_start__, .)
 *(.shbss)
 *(.bss .bss.* .gnu.linkonce.b.*)
 .bss           0x1fffc168       0x1c c:/program files (x86)/cypress/psoc creator/4.3/psoc creator/import/gnu/arm/5.4.1/bin/../lib/gcc/arm-none-eabi/5.4.1/armv7-m/crtbegin.o
 .bss           0x1fffc184        0x1 .\CortexM3\ARM_GCC_541\Debug\main.o
 *fill*         0x1fffc185        0x3 
 .bss           0x1fffc188      0x1b5 .\CortexM3\ARM_GCC_541\Debug\ControllerTest.o
 *fill*         0x1fffc33d        0x3 
 .bss           0x1fffc340      0x10e .\CortexM3\ARM_GCC_541\Debug\UART_230400_Functions.o
 *fill*         0x1fffc44e        0x2 
 .bss           0x1fffc450       0xfc .\CortexM3\ARM_GCC_541\Debug\RelayTest.o
 .bss           0x1fffc54c      0x110 .\CortexM3\ARM_GCC_541\Debug\UART_460800_Functions.o
 .bss           0x1fffc65c        0x7 .\CortexM3\ARM_GCC_541\Debug\F1-TestFixture.a(UART_230400.o)
                0x1fffc65c                UART_230400_initVar
                0x1fffc65e                UART_230400_txBufferRead
                0x1fffc660                UART_230400_txBufferWrite
 .bss           0x1fffc663        0x1 .\CortexM3\ARM_GCC_541\Debug\F1-TestFixture.a(Timer_20ms.o)
                0x1fffc663                Timer_20ms_initVar
 .bss           0x1fffc664        0x1 .\CortexM3\ARM_GCC_541\Debug\F1-TestFixture.a(Timer_Quick.o)
                0x1fffc664                Timer_Quick_initVar
 .bss           0x1fffc665        0x2 .\CortexM3\ARM_GCC_541\Debug\F1-TestFixture.a(UART_460800.o)
                0x1fffc665                UART_460800_initVar
 *(COMMON)
 *fill*         0x1fffc667        0x1 
 COMMON         0x1fffc668      0x400 .\CortexM3\ARM_GCC_541\Debug\F1-TestFixture.a(UART_230400.o)
                0x1fffc668                UART_230400_txBuffer
                0x1fffca68                . = ALIGN (0x8)
 *(.ram.b)
                0x1fffca68                _end = .
                0x1fffca68                __end = .
                0x1fffca68                PROVIDE (end, .)
                0x1fffca68                PROVIDE (__bss_end__, .)
                0x000021f8                __cy_region_init_ram = LOADADDR (.data)
                0x000000a0                __cy_region_init_size_ram = (_edata - ADDR (.data))
                0x00000900                __cy_region_zero_size_ram = (_end - _edata)

.heap           0x1fffca68       0x80 load address 0x00002298
                0x1fffca68                . = _end
                0x1fffcae8                . = (. + 0x80)
 *fill*         0x1fffca68       0x80 
                0x1fffcae8                __cy_heap_limit = .

.stack          0x20003800      0x800
                0x20003800                __cy_stack_limit = .
                0x20004000                . = (. + 0x800)
 *fill*         0x20003800      0x800 
                0x00000001                ASSERT ((__cy_stack_limit >= __cy_heap_limit), region RAM overflowed with stack)
                0x00000000                cy_checksum_exclude_size = (CY_APPL_LOADABLE == 0x1)?SIZEOF (.cy_checksum_exclude):0x0
                0x00000001                ASSERT ((cy_checksum_exclude_size <= CY_CHECKSUM_EXCLUDE_SIZE), CY_BOOT: Section .cy_checksum_exclude size exceedes specified limit.)

.cyloadermeta
 *(.cyloadermeta)

.cyloadablemeta
 *(.cyloadablemeta)

.cyconfigecc    0x80000000      0x584
 *(.cyconfigecc)
 .cyconfigecc   0x80000000      0x584 .\CortexM3\ARM_GCC_541\Debug\cymetadata.o
                0x80000000                cy_meta_configecc

.cycustnvl      0x90000000        0x4
 *(.cycustnvl)
 .cycustnvl     0x90000000        0x4 .\CortexM3\ARM_GCC_541\Debug\cymetadata.o
                0x90000000                cy_meta_custnvl

.cywolatch      0x90100000        0x4
 *(.cywolatch)
 .cywolatch     0x90100000        0x4 .\CortexM3\ARM_GCC_541\Debug\cymetadata.o
                0x90100000                cy_meta_wonvl

.cyeeprom       0x90200000        0x0
 *(.cyeeprom)
                0x00000001                ASSERT ((. <= ((0x90200000 + ee_offset) + ee_size)), .cyeeprom data will not fit in EEPROM)

.cyflashprotect
                0x90400000       0x80
 *(.cyflashprotect)
 .cyflashprotect
                0x90400000       0x80 .\CortexM3\ARM_GCC_541\Debug\cymetadata.o
                0x90400000                cy_meta_flashprotect

.cymeta         0x90500000        0xc
 *(.cymeta)
 .cymeta        0x90500000        0xc .\CortexM3\ARM_GCC_541\Debug\cymetadata.o
                0x90500000                cy_metadata

.rel.dyn        0x00002298        0x0 load address 0x9050000c
 .rel.iplt      0x00002298        0x0 c:/program files (x86)/cypress/psoc creator/4.3/psoc creator/import/gnu/arm/5.4.1/bin/../lib/gcc/arm-none-eabi/5.4.1/armv7-m/crtbegin.o

.stab
 *(.stab)

.stabstr
 *(.stabstr)

.debug
 *(.debug)

.line
 *(.line)

.debug_srcinfo
 *(.debug_srcinfo)

.debug_sfnames
 *(.debug_sfnames)

.debug_aranges  0x00000000      0xd60
 *(.debug_aranges)
 .debug_aranges
                0x00000000       0x38 .\CortexM3\ARM_GCC_541\Debug\main.o
 .debug_aranges
                0x00000038       0x50 .\CortexM3\ARM_GCC_541\Debug\ControllerTest.o
 .debug_aranges
                0x00000088       0x40 .\CortexM3\ARM_GCC_541\Debug\UART_230400_Functions.o
 .debug_aranges
                0x000000c8       0x20 .\CortexM3\ARM_GCC_541\Debug\SirenTest.o
 .debug_aranges
                0x000000e8       0x98 .\CortexM3\ARM_GCC_541\Debug\RelayTest.o
 .debug_aranges
                0x00000180       0x40 .\CortexM3\ARM_GCC_541\Debug\UART_460800_Functions.o
 .debug_aranges
                0x000001c0       0x38 .\CortexM3\ARM_GCC_541\Debug\UART_115200_Functions.o
 .debug_aranges
                0x000001f8       0x30 .\CortexM3\ARM_GCC_541\Debug\CD4051BPW_Driver.o
 .debug_aranges
                0x00000228       0x60 .\CortexM3\ARM_GCC_541\Debug\cyfitter_cfg.o
 .debug_aranges
                0x00000288       0x18 .\CortexM3\ARM_GCC_541\Debug\cymetadata.o
 .debug_aranges
                0x000002a0       0x48 .\CortexM3\ARM_GCC_541\Debug\Cm3Start.o
 .debug_aranges
                0x000002e8      0x2a0 .\CortexM3\ARM_GCC_541\Debug\F1-TestFixture.a(CyLib.o)
 .debug_aranges
                0x00000588       0x98 .\CortexM3\ARM_GCC_541\Debug\F1-TestFixture.a(cyPm.o)
 .debug_aranges
                0x00000620       0x80 .\CortexM3\ARM_GCC_541\Debug\F1-TestFixture.a(isr_UART_230400.o)
 .debug_aranges
                0x000006a0       0xf0 .\CortexM3\ARM_GCC_541\Debug\F1-TestFixture.a(UART_230400.o)
 .debug_aranges
                0x00000790       0x20 .\CortexM3\ARM_GCC_541\Debug\F1-TestFixture.a(UART_230400_INT.o)
 .debug_aranges
                0x000007b0       0x70 .\CortexM3\ARM_GCC_541\Debug\F1-TestFixture.a(UART_230400_IntClock.o)
 .debug_aranges
                0x00000820       0x88 .\CortexM3\ARM_GCC_541\Debug\F1-TestFixture.a(Timer_20ms.o)
 .debug_aranges
                0x000008a8       0x80 .\CortexM3\ARM_GCC_541\Debug\F1-TestFixture.a(isr_Timer_20ms.o)
 .debug_aranges
                0x00000928       0x88 .\CortexM3\ARM_GCC_541\Debug\F1-TestFixture.a(Timer_Quick.o)
 .debug_aranges
                0x000009b0       0x80 .\CortexM3\ARM_GCC_541\Debug\F1-TestFixture.a(isr_Timer_Quick.o)
 .debug_aranges
                0x00000a30       0x28 .\CortexM3\ARM_GCC_541\Debug\F1-TestFixture.a(DEMUX_CTRL_230400.o)
 .debug_aranges
                0x00000a58       0x80 .\CortexM3\ARM_GCC_541\Debug\F1-TestFixture.a(isr_UART_460800.o)
 .debug_aranges
                0x00000ad8       0xf0 .\CortexM3\ARM_GCC_541\Debug\F1-TestFixture.a(UART_460800.o)
 .debug_aranges
                0x00000bc8       0x70 .\CortexM3\ARM_GCC_541\Debug\F1-TestFixture.a(UART_460800_IntClock.o)
 .debug_aranges
                0x00000c38       0x20 .\CortexM3\ARM_GCC_541\Debug\F1-TestFixture.a(CyBootAsmGnu.o)
 .debug_aranges
                0x00000c58       0x88 .\CortexM3\ARM_GCC_541\Debug\F1-TestFixture.a(CyFlash.o)
 .debug_aranges
                0x00000ce0       0x80 .\CortexM3\ARM_GCC_541\Debug\F1-TestFixture.a(CySpc.o)

.debug_pubnames
 *(.debug_pubnames)

.debug_info     0x00000000     0x74b3
 *(.debug_info .gnu.linkonce.wi.*)
 .debug_info    0x00000000      0x13e .\CortexM3\ARM_GCC_541\Debug\main.o
 .debug_info    0x0000013e      0x3dd .\CortexM3\ARM_GCC_541\Debug\ControllerTest.o
 .debug_info    0x0000051b      0xab7 .\CortexM3\ARM_GCC_541\Debug\UART_230400_Functions.o
 .debug_info    0x00000fd2      0x11f .\CortexM3\ARM_GCC_541\Debug\SirenTest.o
 .debug_info    0x000010f1     0x1001 .\CortexM3\ARM_GCC_541\Debug\RelayTest.o
 .debug_info    0x000020f2      0x97c .\CortexM3\ARM_GCC_541\Debug\UART_460800_Functions.o
 .debug_info    0x00002a6e      0x2f6 .\CortexM3\ARM_GCC_541\Debug\UART_115200_Functions.o
 .debug_info    0x00002d64      0x24a .\CortexM3\ARM_GCC_541\Debug\CD4051BPW_Driver.o
 .debug_info    0x00002fae      0x452 .\CortexM3\ARM_GCC_541\Debug\cyfitter_cfg.o
 .debug_info    0x00003400      0x136 .\CortexM3\ARM_GCC_541\Debug\cymetadata.o
 .debug_info    0x00003536      0x32b .\CortexM3\ARM_GCC_541\Debug\Cm3Start.o
 .debug_info    0x00003861      0xe51 .\CortexM3\ARM_GCC_541\Debug\F1-TestFixture.a(CyLib.o)
 .debug_info    0x000046b2      0x57a .\CortexM3\ARM_GCC_541\Debug\F1-TestFixture.a(cyPm.o)
 .debug_info    0x00004c2c      0x268 .\CortexM3\ARM_GCC_541\Debug\F1-TestFixture.a(isr_UART_230400.o)
 .debug_info    0x00004e94      0x593 .\CortexM3\ARM_GCC_541\Debug\F1-TestFixture.a(UART_230400.o)
 .debug_info    0x00005427      0x108 .\CortexM3\ARM_GCC_541\Debug\F1-TestFixture.a(UART_230400_INT.o)
 .debug_info    0x0000552f      0x25d .\CortexM3\ARM_GCC_541\Debug\F1-TestFixture.a(UART_230400_IntClock.o)
 .debug_info    0x0000578c      0x245 .\CortexM3\ARM_GCC_541\Debug\F1-TestFixture.a(Timer_20ms.o)
 .debug_info    0x000059d1      0x27e .\CortexM3\ARM_GCC_541\Debug\F1-TestFixture.a(isr_Timer_20ms.o)
 .debug_info    0x00005c4f      0x245 .\CortexM3\ARM_GCC_541\Debug\F1-TestFixture.a(Timer_Quick.o)
 .debug_info    0x00005e94      0x26a .\CortexM3\ARM_GCC_541\Debug\F1-TestFixture.a(isr_Timer_Quick.o)
 .debug_info    0x000060fe       0xd7 .\CortexM3\ARM_GCC_541\Debug\F1-TestFixture.a(DEMUX_CTRL_230400.o)
 .debug_info    0x000061d5      0x268 .\CortexM3\ARM_GCC_541\Debug\F1-TestFixture.a(isr_UART_460800.o)
 .debug_info    0x0000643d      0x50a .\CortexM3\ARM_GCC_541\Debug\F1-TestFixture.a(UART_460800.o)
 .debug_info    0x00006947      0x25d .\CortexM3\ARM_GCC_541\Debug\F1-TestFixture.a(UART_460800_IntClock.o)
 .debug_info    0x00006ba4       0x96 .\CortexM3\ARM_GCC_541\Debug\F1-TestFixture.a(CyBootAsmGnu.o)
 .debug_info    0x00006c3a      0x3b9 .\CortexM3\ARM_GCC_541\Debug\F1-TestFixture.a(CyFlash.o)
 .debug_info    0x00006ff3      0x4c0 .\CortexM3\ARM_GCC_541\Debug\F1-TestFixture.a(CySpc.o)

.debug_abbrev   0x00000000     0x2220
 *(.debug_abbrev)
 .debug_abbrev  0x00000000       0xcb .\CortexM3\ARM_GCC_541\Debug\main.o
 .debug_abbrev  0x000000cb      0x14f .\CortexM3\ARM_GCC_541\Debug\ControllerTest.o
 .debug_abbrev  0x0000021a      0x1aa .\CortexM3\ARM_GCC_541\Debug\UART_230400_Functions.o
 .debug_abbrev  0x000003c4       0x9d .\CortexM3\ARM_GCC_541\Debug\SirenTest.o
 .debug_abbrev  0x00000461      0x1fa .\CortexM3\ARM_GCC_541\Debug\RelayTest.o
 .debug_abbrev  0x0000065b      0x19b .\CortexM3\ARM_GCC_541\Debug\UART_460800_Functions.o
 .debug_abbrev  0x000007f6      0x176 .\CortexM3\ARM_GCC_541\Debug\UART_115200_Functions.o
 .debug_abbrev  0x0000096c       0xe3 .\CortexM3\ARM_GCC_541\Debug\CD4051BPW_Driver.o
 .debug_abbrev  0x00000a4f      0x1b7 .\CortexM3\ARM_GCC_541\Debug\cyfitter_cfg.o
 .debug_abbrev  0x00000c06       0x77 .\CortexM3\ARM_GCC_541\Debug\cymetadata.o
 .debug_abbrev  0x00000c7d      0x1d6 .\CortexM3\ARM_GCC_541\Debug\Cm3Start.o
 .debug_abbrev  0x00000e53      0x217 .\CortexM3\ARM_GCC_541\Debug\F1-TestFixture.a(CyLib.o)
 .debug_abbrev  0x0000106a      0x161 .\CortexM3\ARM_GCC_541\Debug\F1-TestFixture.a(cyPm.o)
 .debug_abbrev  0x000011cb      0x178 .\CortexM3\ARM_GCC_541\Debug\F1-TestFixture.a(isr_UART_230400.o)
 .debug_abbrev  0x00001343      0x15d .\CortexM3\ARM_GCC_541\Debug\F1-TestFixture.a(UART_230400.o)
 .debug_abbrev  0x000014a0       0x79 .\CortexM3\ARM_GCC_541\Debug\F1-TestFixture.a(UART_230400_INT.o)
 .debug_abbrev  0x00001519      0x11d .\CortexM3\ARM_GCC_541\Debug\F1-TestFixture.a(UART_230400_IntClock.o)
 .debug_abbrev  0x00001636       0xe9 .\CortexM3\ARM_GCC_541\Debug\F1-TestFixture.a(Timer_20ms.o)
 .debug_abbrev  0x0000171f      0x178 .\CortexM3\ARM_GCC_541\Debug\F1-TestFixture.a(isr_Timer_20ms.o)
 .debug_abbrev  0x00001897       0xe9 .\CortexM3\ARM_GCC_541\Debug\F1-TestFixture.a(Timer_Quick.o)
 .debug_abbrev  0x00001980      0x15c .\CortexM3\ARM_GCC_541\Debug\F1-TestFixture.a(isr_Timer_Quick.o)
 .debug_abbrev  0x00001adc       0x81 .\CortexM3\ARM_GCC_541\Debug\F1-TestFixture.a(DEMUX_CTRL_230400.o)
 .debug_abbrev  0x00001b5d      0x178 .\CortexM3\ARM_GCC_541\Debug\F1-TestFixture.a(isr_UART_460800.o)
 .debug_abbrev  0x00001cd5      0x163 .\CortexM3\ARM_GCC_541\Debug\F1-TestFixture.a(UART_460800.o)
 .debug_abbrev  0x00001e38      0x11d .\CortexM3\ARM_GCC_541\Debug\F1-TestFixture.a(UART_460800_IntClock.o)
 .debug_abbrev  0x00001f55       0x14 .\CortexM3\ARM_GCC_541\Debug\F1-TestFixture.a(CyBootAsmGnu.o)
 .debug_abbrev  0x00001f69      0x14b .\CortexM3\ARM_GCC_541\Debug\F1-TestFixture.a(CyFlash.o)
 .debug_abbrev  0x000020b4      0x16c .\CortexM3\ARM_GCC_541\Debug\F1-TestFixture.a(CySpc.o)

.debug_line     0x00000000     0x3f56
 *(.debug_line)
 .debug_line    0x00000000      0x1af .\CortexM3\ARM_GCC_541\Debug\main.o
 .debug_line    0x000001af      0x234 .\CortexM3\ARM_GCC_541\Debug\ControllerTest.o
 .debug_line    0x000003e3      0x291 .\CortexM3\ARM_GCC_541\Debug\UART_230400_Functions.o
 .debug_line    0x00000674      0x170 .\CortexM3\ARM_GCC_541\Debug\SirenTest.o
 .debug_line    0x000007e4      0x438 .\CortexM3\ARM_GCC_541\Debug\RelayTest.o
 .debug_line    0x00000c1c      0x288 .\CortexM3\ARM_GCC_541\Debug\UART_460800_Functions.o
 .debug_line    0x00000ea4      0x228 .\CortexM3\ARM_GCC_541\Debug\UART_115200_Functions.o
 .debug_line    0x000010cc      0x1a2 .\CortexM3\ARM_GCC_541\Debug\CD4051BPW_Driver.o
 .debug_line    0x0000126e      0x21c .\CortexM3\ARM_GCC_541\Debug\cyfitter_cfg.o
 .debug_line    0x0000148a      0x141 .\CortexM3\ARM_GCC_541\Debug\cymetadata.o
 .debug_line    0x000015cb      0x1dc .\CortexM3\ARM_GCC_541\Debug\Cm3Start.o
 .debug_line    0x000017a7      0x883 .\CortexM3\ARM_GCC_541\Debug\F1-TestFixture.a(CyLib.o)
 .debug_line    0x0000202a      0x38e .\CortexM3\ARM_GCC_541\Debug\F1-TestFixture.a(cyPm.o)
 .debug_line    0x000023b8      0x264 .\CortexM3\ARM_GCC_541\Debug\F1-TestFixture.a(isr_UART_230400.o)
 .debug_line    0x0000261c      0x324 .\CortexM3\ARM_GCC_541\Debug\F1-TestFixture.a(UART_230400.o)
 .debug_line    0x00002940       0x8e .\CortexM3\ARM_GCC_541\Debug\F1-TestFixture.a(UART_230400_INT.o)
 .debug_line    0x000029ce      0x1b3 .\CortexM3\ARM_GCC_541\Debug\F1-TestFixture.a(UART_230400_IntClock.o)
 .debug_line    0x00002b81      0x162 .\CortexM3\ARM_GCC_541\Debug\F1-TestFixture.a(Timer_20ms.o)
 .debug_line    0x00002ce3      0x268 .\CortexM3\ARM_GCC_541\Debug\F1-TestFixture.a(isr_Timer_20ms.o)
 .debug_line    0x00002f4b      0x163 .\CortexM3\ARM_GCC_541\Debug\F1-TestFixture.a(Timer_Quick.o)
 .debug_line    0x000030ae      0x268 .\CortexM3\ARM_GCC_541\Debug\F1-TestFixture.a(isr_Timer_Quick.o)
 .debug_line    0x00003316       0x7a .\CortexM3\ARM_GCC_541\Debug\F1-TestFixture.a(DEMUX_CTRL_230400.o)
 .debug_line    0x00003390      0x264 .\CortexM3\ARM_GCC_541\Debug\F1-TestFixture.a(isr_UART_460800.o)
 .debug_line    0x000035f4      0x2e9 .\CortexM3\ARM_GCC_541\Debug\F1-TestFixture.a(UART_460800.o)
 .debug_line    0x000038dd      0x1b3 .\CortexM3\ARM_GCC_541\Debug\F1-TestFixture.a(UART_460800_IntClock.o)
 .debug_line    0x00003a90       0x66 .\CortexM3\ARM_GCC_541\Debug\F1-TestFixture.a(CyBootAsmGnu.o)
 .debug_line    0x00003af6      0x22f .\CortexM3\ARM_GCC_541\Debug\F1-TestFixture.a(CyFlash.o)
 .debug_line    0x00003d25      0x231 .\CortexM3\ARM_GCC_541\Debug\F1-TestFixture.a(CySpc.o)

.debug_frame    0x00000000     0x3454
 *(.debug_frame)
 .debug_frame   0x00000000       0x90 .\CortexM3\ARM_GCC_541\Debug\main.o
 .debug_frame   0x00000090       0xf8 .\CortexM3\ARM_GCC_541\Debug\ControllerTest.o
 .debug_frame   0x00000188       0xc8 .\CortexM3\ARM_GCC_541\Debug\UART_230400_Functions.o
 .debug_frame   0x00000250       0x34 .\CortexM3\ARM_GCC_541\Debug\SirenTest.o
 .debug_frame   0x00000284      0x260 .\CortexM3\ARM_GCC_541\Debug\RelayTest.o
 .debug_frame   0x000004e4       0xcc .\CortexM3\ARM_GCC_541\Debug\UART_460800_Functions.o
 .debug_frame   0x000005b0       0xa8 .\CortexM3\ARM_GCC_541\Debug\UART_115200_Functions.o
 .debug_frame   0x00000658       0x84 .\CortexM3\ARM_GCC_541\Debug\CD4051BPW_Driver.o
 .debug_frame   0x000006dc      0x16c .\CortexM3\ARM_GCC_541\Debug\cyfitter_cfg.o
 .debug_frame   0x00000848       0xd8 .\CortexM3\ARM_GCC_541\Debug\Cm3Start.o
 .debug_frame   0x00000920      0xc0c .\CortexM3\ARM_GCC_541\Debug\F1-TestFixture.a(CyLib.o)
 .debug_frame   0x0000152c      0x234 .\CortexM3\ARM_GCC_541\Debug\F1-TestFixture.a(cyPm.o)
 .debug_frame   0x00001760      0x1e0 .\CortexM3\ARM_GCC_541\Debug\F1-TestFixture.a(isr_UART_230400.o)
 .debug_frame   0x00001940      0x424 .\CortexM3\ARM_GCC_541\Debug\F1-TestFixture.a(UART_230400.o)
 .debug_frame   0x00001d64       0x34 .\CortexM3\ARM_GCC_541\Debug\F1-TestFixture.a(UART_230400_INT.o)
 .debug_frame   0x00001d98      0x1b4 .\CortexM3\ARM_GCC_541\Debug\F1-TestFixture.a(UART_230400_IntClock.o)
 .debug_frame   0x00001f4c      0x208 .\CortexM3\ARM_GCC_541\Debug\F1-TestFixture.a(Timer_20ms.o)
 .debug_frame   0x00002154      0x1e0 .\CortexM3\ARM_GCC_541\Debug\F1-TestFixture.a(isr_Timer_20ms.o)
 .debug_frame   0x00002334      0x208 .\CortexM3\ARM_GCC_541\Debug\F1-TestFixture.a(Timer_Quick.o)
 .debug_frame   0x0000253c      0x1e0 .\CortexM3\ARM_GCC_541\Debug\F1-TestFixture.a(isr_Timer_Quick.o)
 .debug_frame   0x0000271c       0x5c .\CortexM3\ARM_GCC_541\Debug\F1-TestFixture.a(DEMUX_CTRL_230400.o)
 .debug_frame   0x00002778      0x1e0 .\CortexM3\ARM_GCC_541\Debug\F1-TestFixture.a(isr_UART_460800.o)
 .debug_frame   0x00002958      0x42c .\CortexM3\ARM_GCC_541\Debug\F1-TestFixture.a(UART_460800.o)
 .debug_frame   0x00002d84      0x1b4 .\CortexM3\ARM_GCC_541\Debug\F1-TestFixture.a(UART_460800_IntClock.o)
 .debug_frame   0x00002f38      0x238 .\CortexM3\ARM_GCC_541\Debug\F1-TestFixture.a(CyFlash.o)
 .debug_frame   0x00003170      0x228 .\CortexM3\ARM_GCC_541\Debug\F1-TestFixture.a(CySpc.o)
 .debug_frame   0x00003398       0x20 c:/program files (x86)/cypress/psoc creator/4.3/psoc creator/import/gnu/arm/5.4.1/bin/../lib/gcc/arm-none-eabi/5.4.1/../../../../arm-none-eabi/lib/armv7-m\libg_nano.a(lib_a-errno.o)
 .debug_frame   0x000033b8       0x28 c:/program files (x86)/cypress/psoc creator/4.3/psoc creator/import/gnu/arm/5.4.1/bin/../lib/gcc/arm-none-eabi/5.4.1/../../../../arm-none-eabi/lib/armv7-m\libg_nano.a(lib_a-exit.o)
 .debug_frame   0x000033e0       0x2c c:/program files (x86)/cypress/psoc creator/4.3/psoc creator/import/gnu/arm/5.4.1/bin/../lib/gcc/arm-none-eabi/5.4.1/../../../../arm-none-eabi/lib/armv7-m\libg_nano.a(lib_a-init.o)
 .debug_frame   0x0000340c       0x28 c:/program files (x86)/cypress/psoc creator/4.3/psoc creator/import/gnu/arm/5.4.1/bin/../lib/gcc/arm-none-eabi/5.4.1/../../../../arm-none-eabi/lib/armv7-m\libg_nano.a(lib_a-memcpy-stub.o)
 .debug_frame   0x00003434       0x20 c:/program files (x86)/cypress/psoc creator/4.3/psoc creator/import/gnu/arm/5.4.1/bin/../lib/gcc/arm-none-eabi/5.4.1/../../../../arm-none-eabi/lib/armv7-m\libg_nano.a(lib_a-memset.o)

.debug_str      0x00000000     0x3b0a
 *(.debug_str)
 .debug_str     0x00000000      0x1c1 .\CortexM3\ARM_GCC_541\Debug\main.o
                                0x209 (size before relaxing)
 .debug_str     0x000001c1      0x2a8 .\CortexM3\ARM_GCC_541\Debug\ControllerTest.o
                                0x498 (size before relaxing)
 .debug_str     0x00000469      0x5b1 .\CortexM3\ARM_GCC_541\Debug\UART_230400_Functions.o
                                0x984 (size before relaxing)
 .debug_str     0x00000a1a       0x44 .\CortexM3\ARM_GCC_541\Debug\SirenTest.o
                                0x211 (size before relaxing)
 .debug_str     0x00000a5e      0x931 .\CortexM3\ARM_GCC_541\Debug\RelayTest.o
                               0x1039 (size before relaxing)
 .debug_str     0x0000138f       0xc9 .\CortexM3\ARM_GCC_541\Debug\UART_460800_Functions.o
                                0xa5d (size before relaxing)
 .debug_str     0x00001458       0xa5 .\CortexM3\ARM_GCC_541\Debug\UART_115200_Functions.o
                                0x389 (size before relaxing)
 .debug_str     0x000014fd      0x218 .\CortexM3\ARM_GCC_541\Debug\CD4051BPW_Driver.o
                                0x3b8 (size before relaxing)
 .debug_str     0x00001715      0x190 .\CortexM3\ARM_GCC_541\Debug\cyfitter_cfg.o
                                0x33e (size before relaxing)
 .debug_str     0x000018a5       0x7f .\CortexM3\ARM_GCC_541\Debug\cymetadata.o
                                0x1ea (size before relaxing)
 .debug_str     0x00001924      0x123 .\CortexM3\ARM_GCC_541\Debug\Cm3Start.o
                                0x2dd (size before relaxing)
 .debug_str     0x00001a47      0x7fe .\CortexM3\ARM_GCC_541\Debug\F1-TestFixture.a(CyLib.o)
                                0x9f0 (size before relaxing)
 .debug_str     0x00002245      0x371 .\CortexM3\ARM_GCC_541\Debug\F1-TestFixture.a(cyPm.o)
                                0x549 (size before relaxing)
 .debug_str     0x000025b6      0x172 .\CortexM3\ARM_GCC_541\Debug\F1-TestFixture.a(isr_UART_230400.o)
                                0x357 (size before relaxing)
 .debug_str     0x00002728      0x377 .\CortexM3\ARM_GCC_541\Debug\F1-TestFixture.a(UART_230400.o)
                                0x568 (size before relaxing)
 .debug_str     0x00002a9f       0x3b .\CortexM3\ARM_GCC_541\Debug\F1-TestFixture.a(UART_230400_INT.o)
                                0x216 (size before relaxing)
 .debug_str     0x00002ada      0x1fe .\CortexM3\ARM_GCC_541\Debug\F1-TestFixture.a(UART_230400_IntClock.o)
                                0x390 (size before relaxing)
 .debug_str     0x00002cd8      0x177 .\CortexM3\ARM_GCC_541\Debug\F1-TestFixture.a(Timer_20ms.o)
                                0x34b (size before relaxing)
 .debug_str     0x00002e4f      0x164 .\CortexM3\ARM_GCC_541\Debug\F1-TestFixture.a(isr_Timer_20ms.o)
                                0x353 (size before relaxing)
 .debug_str     0x00002fb3      0x15b .\CortexM3\ARM_GCC_541\Debug\F1-TestFixture.a(Timer_Quick.o)
                                0x35b (size before relaxing)
 .debug_str     0x0000310e      0x172 .\CortexM3\ARM_GCC_541\Debug\F1-TestFixture.a(isr_Timer_Quick.o)
                                0x357 (size before relaxing)
 .debug_str     0x00003280       0x5a .\CortexM3\ARM_GCC_541\Debug\F1-TestFixture.a(DEMUX_CTRL_230400.o)
                                0x1d9 (size before relaxing)
 .debug_str     0x000032da      0x172 .\CortexM3\ARM_GCC_541\Debug\F1-TestFixture.a(isr_UART_460800.o)
                                0x357 (size before relaxing)
 .debug_str     0x0000344c      0x295 .\CortexM3\ARM_GCC_541\Debug\F1-TestFixture.a(UART_460800.o)
                                0x4f2 (size before relaxing)
 .debug_str     0x000036e1      0x1b3 .\CortexM3\ARM_GCC_541\Debug\F1-TestFixture.a(UART_460800_IntClock.o)
                                0x390 (size before relaxing)
 .debug_str     0x00003894      0x14f .\CortexM3\ARM_GCC_541\Debug\F1-TestFixture.a(CyFlash.o)
                                0x30d (size before relaxing)
 .debug_str     0x000039e3      0x127 .\CortexM3\ARM_GCC_541\Debug\F1-TestFixture.a(CySpc.o)
                                0x307 (size before relaxing)

.debug_loc
 *(.debug_loc)

.debug_macinfo
 *(.debug_macinfo)

.debug_ranges   0x00000000      0xb88
 *(.debug_ranges)
 .debug_ranges  0x00000000       0x28 .\CortexM3\ARM_GCC_541\Debug\main.o
 .debug_ranges  0x00000028       0x40 .\CortexM3\ARM_GCC_541\Debug\ControllerTest.o
 .debug_ranges  0x00000068       0x30 .\CortexM3\ARM_GCC_541\Debug\UART_230400_Functions.o
 .debug_ranges  0x00000098       0x10 .\CortexM3\ARM_GCC_541\Debug\SirenTest.o
 .debug_ranges  0x000000a8       0x88 .\CortexM3\ARM_GCC_541\Debug\RelayTest.o
 .debug_ranges  0x00000130       0x30 .\CortexM3\ARM_GCC_541\Debug\UART_460800_Functions.o
 .debug_ranges  0x00000160       0x28 .\CortexM3\ARM_GCC_541\Debug\UART_115200_Functions.o
 .debug_ranges  0x00000188       0x20 .\CortexM3\ARM_GCC_541\Debug\CD4051BPW_Driver.o
 .debug_ranges  0x000001a8       0x50 .\CortexM3\ARM_GCC_541\Debug\cyfitter_cfg.o
 .debug_ranges  0x000001f8       0x38 .\CortexM3\ARM_GCC_541\Debug\Cm3Start.o
 .debug_ranges  0x00000230      0x290 .\CortexM3\ARM_GCC_541\Debug\F1-TestFixture.a(CyLib.o)
 .debug_ranges  0x000004c0       0x88 .\CortexM3\ARM_GCC_541\Debug\F1-TestFixture.a(cyPm.o)
 .debug_ranges  0x00000548       0x70 .\CortexM3\ARM_GCC_541\Debug\F1-TestFixture.a(isr_UART_230400.o)
 .debug_ranges  0x000005b8       0xe0 .\CortexM3\ARM_GCC_541\Debug\F1-TestFixture.a(UART_230400.o)
 .debug_ranges  0x00000698       0x10 .\CortexM3\ARM_GCC_541\Debug\F1-TestFixture.a(UART_230400_INT.o)
 .debug_ranges  0x000006a8       0x60 .\CortexM3\ARM_GCC_541\Debug\F1-TestFixture.a(UART_230400_IntClock.o)
 .debug_ranges  0x00000708       0x78 .\CortexM3\ARM_GCC_541\Debug\F1-TestFixture.a(Timer_20ms.o)
 .debug_ranges  0x00000780       0x70 .\CortexM3\ARM_GCC_541\Debug\F1-TestFixture.a(isr_Timer_20ms.o)
 .debug_ranges  0x000007f0       0x78 .\CortexM3\ARM_GCC_541\Debug\F1-TestFixture.a(Timer_Quick.o)
 .debug_ranges  0x00000868       0x70 .\CortexM3\ARM_GCC_541\Debug\F1-TestFixture.a(isr_Timer_Quick.o)
 .debug_ranges  0x000008d8       0x18 .\CortexM3\ARM_GCC_541\Debug\F1-TestFixture.a(DEMUX_CTRL_230400.o)
 .debug_ranges  0x000008f0       0x70 .\CortexM3\ARM_GCC_541\Debug\F1-TestFixture.a(isr_UART_460800.o)
 .debug_ranges  0x00000960       0xe0 .\CortexM3\ARM_GCC_541\Debug\F1-TestFixture.a(UART_460800.o)
 .debug_ranges  0x00000a40       0x60 .\CortexM3\ARM_GCC_541\Debug\F1-TestFixture.a(UART_460800_IntClock.o)
 .debug_ranges  0x00000aa0       0x78 .\CortexM3\ARM_GCC_541\Debug\F1-TestFixture.a(CyFlash.o)
 .debug_ranges  0x00000b18       0x70 .\CortexM3\ARM_GCC_541\Debug\F1-TestFixture.a(CySpc.o)

.comment        0x00000000       0x6e
 .comment       0x00000000       0x6e .\CortexM3\ARM_GCC_541\Debug\main.o
                                 0x6f (size before relaxing)
 .comment       0x0000006e       0x6f .\CortexM3\ARM_GCC_541\Debug\ControllerTest.o
 .comment       0x0000006e       0x6f .\CortexM3\ARM_GCC_541\Debug\UART_230400_Functions.o
 .comment       0x0000006e       0x6f .\CortexM3\ARM_GCC_541\Debug\SirenTest.o
 .comment       0x0000006e       0x6f .\CortexM3\ARM_GCC_541\Debug\RelayTest.o
 .comment       0x0000006e       0x6f .\CortexM3\ARM_GCC_541\Debug\UART_460800_Functions.o
 .comment       0x0000006e       0x6f .\CortexM3\ARM_GCC_541\Debug\UART_115200_Functions.o
 .comment       0x0000006e       0x6f .\CortexM3\ARM_GCC_541\Debug\CD4051BPW_Driver.o
 .comment       0x0000006e       0x6f .\CortexM3\ARM_GCC_541\Debug\cyfitter_cfg.o
 .comment       0x0000006e       0x6f .\CortexM3\ARM_GCC_541\Debug\cymetadata.o
 .comment       0x0000006e       0x6f .\CortexM3\ARM_GCC_541\Debug\Cm3Start.o
 .comment       0x0000006e       0x6f .\CortexM3\ARM_GCC_541\Debug\F1-TestFixture.a(CyLib.o)
 .comment       0x0000006e       0x6f .\CortexM3\ARM_GCC_541\Debug\F1-TestFixture.a(cyPm.o)
 .comment       0x0000006e       0x6f .\CortexM3\ARM_GCC_541\Debug\F1-TestFixture.a(isr_UART_230400.o)
 .comment       0x0000006e       0x6f .\CortexM3\ARM_GCC_541\Debug\F1-TestFixture.a(UART_230400.o)
 .comment       0x0000006e       0x6f .\CortexM3\ARM_GCC_541\Debug\F1-TestFixture.a(UART_230400_INT.o)
 .comment       0x0000006e       0x6f .\CortexM3\ARM_GCC_541\Debug\F1-TestFixture.a(UART_230400_IntClock.o)
 .comment       0x0000006e       0x6f .\CortexM3\ARM_GCC_541\Debug\F1-TestFixture.a(Timer_20ms.o)
 .comment       0x0000006e       0x6f .\CortexM3\ARM_GCC_541\Debug\F1-TestFixture.a(isr_Timer_20ms.o)
 .comment       0x0000006e       0x6f .\CortexM3\ARM_GCC_541\Debug\F1-TestFixture.a(Timer_Quick.o)
 .comment       0x0000006e       0x6f .\CortexM3\ARM_GCC_541\Debug\F1-TestFixture.a(isr_Timer_Quick.o)
 .comment       0x0000006e       0x6f .\CortexM3\ARM_GCC_541\Debug\F1-TestFixture.a(DEMUX_CTRL_230400.o)
 .comment       0x0000006e       0x6f .\CortexM3\ARM_GCC_541\Debug\F1-TestFixture.a(isr_UART_460800.o)
 .comment       0x0000006e       0x6f .\CortexM3\ARM_GCC_541\Debug\F1-TestFixture.a(UART_460800.o)
 .comment       0x0000006e       0x6f .\CortexM3\ARM_GCC_541\Debug\F1-TestFixture.a(UART_460800_IntClock.o)
 .comment       0x0000006e       0x6f .\CortexM3\ARM_GCC_541\Debug\F1-TestFixture.a(CyFlash.o)
 .comment       0x0000006e       0x6f .\CortexM3\ARM_GCC_541\Debug\F1-TestFixture.a(CySpc.o)

.debug_weaknames
 *(.debug_weaknames)

.debug_funcnames
 *(.debug_funcnames)

.debug_typenames
 *(.debug_typenames)

.debug_varnames
 *(.debug_varnames)

.note.gnu.arm.ident
 *(.note.gnu.arm.ident)

.ARM.attributes
                0x00000000       0x29
 *(.ARM.attributes)
 .ARM.attributes
                0x00000000       0x1d c:/program files (x86)/cypress/psoc creator/4.3/psoc creator/import/gnu/arm/5.4.1/bin/../lib/gcc/arm-none-eabi/5.4.1/armv7-m/crti.o
 .ARM.attributes
                0x0000001d       0x2d c:/program files (x86)/cypress/psoc creator/4.3/psoc creator/import/gnu/arm/5.4.1/bin/../lib/gcc/arm-none-eabi/5.4.1/armv7-m/crtbegin.o
 .ARM.attributes
                0x0000004a       0x1b c:/program files (x86)/cypress/psoc creator/4.3/psoc creator/import/gnu/arm/5.4.1/bin/../lib/gcc/arm-none-eabi/5.4.1/../../../../arm-none-eabi/lib/armv7-m/crt0.o
 .ARM.attributes
                0x00000065       0x33 .\CortexM3\ARM_GCC_541\Debug\main.o
 .ARM.attributes
                0x00000098       0x33 .\CortexM3\ARM_GCC_541\Debug\ControllerTest.o
 .ARM.attributes
                0x000000cb       0x33 .\CortexM3\ARM_GCC_541\Debug\UART_230400_Functions.o
 .ARM.attributes
                0x000000fe       0x33 .\CortexM3\ARM_GCC_541\Debug\SirenTest.o
 .ARM.attributes
                0x00000131       0x33 .\CortexM3\ARM_GCC_541\Debug\RelayTest.o
 .ARM.attributes
                0x00000164       0x33 .\CortexM3\ARM_GCC_541\Debug\UART_460800_Functions.o
 .ARM.attributes
                0x00000197       0x33 .\CortexM3\ARM_GCC_541\Debug\UART_115200_Functions.o
 .ARM.attributes
                0x000001ca       0x33 .\CortexM3\ARM_GCC_541\Debug\CD4051BPW_Driver.o
 .ARM.attributes
                0x000001fd       0x33 .\CortexM3\ARM_GCC_541\Debug\cyfitter_cfg.o
 .ARM.attributes
                0x00000230       0x33 .\CortexM3\ARM_GCC_541\Debug\cymetadata.o
 .ARM.attributes
                0x00000263       0x33 .\CortexM3\ARM_GCC_541\Debug\Cm3Start.o
 .ARM.attributes
                0x00000296       0x33 .\CortexM3\ARM_GCC_541\Debug\F1-TestFixture.a(CyLib.o)
 .ARM.attributes
                0x000002c9       0x33 .\CortexM3\ARM_GCC_541\Debug\F1-TestFixture.a(cyPm.o)
 .ARM.attributes
                0x000002fc       0x33 .\CortexM3\ARM_GCC_541\Debug\F1-TestFixture.a(isr_UART_230400.o)
 .ARM.attributes
                0x0000032f       0x33 .\CortexM3\ARM_GCC_541\Debug\F1-TestFixture.a(UART_230400.o)
 .ARM.attributes
                0x00000362       0x33 .\CortexM3\ARM_GCC_541\Debug\F1-TestFixture.a(UART_230400_INT.o)
 .ARM.attributes
                0x00000395       0x33 .\CortexM3\ARM_GCC_541\Debug\F1-TestFixture.a(UART_230400_IntClock.o)
 .ARM.attributes
                0x000003c8       0x33 .\CortexM3\ARM_GCC_541\Debug\F1-TestFixture.a(Timer_20ms.o)
 .ARM.attributes
                0x000003fb       0x33 .\CortexM3\ARM_GCC_541\Debug\F1-TestFixture.a(isr_Timer_20ms.o)
 .ARM.attributes
                0x0000042e       0x33 .\CortexM3\ARM_GCC_541\Debug\F1-TestFixture.a(Timer_Quick.o)
 .ARM.attributes
                0x00000461       0x33 .\CortexM3\ARM_GCC_541\Debug\F1-TestFixture.a(isr_Timer_Quick.o)
 .ARM.attributes
                0x00000494       0x33 .\CortexM3\ARM_GCC_541\Debug\F1-TestFixture.a(DEMUX_CTRL_230400.o)
 .ARM.attributes
                0x000004c7       0x33 .\CortexM3\ARM_GCC_541\Debug\F1-TestFixture.a(isr_UART_460800.o)
 .ARM.attributes
                0x000004fa       0x33 .\CortexM3\ARM_GCC_541\Debug\F1-TestFixture.a(UART_460800.o)
 .ARM.attributes
                0x0000052d       0x33 .\CortexM3\ARM_GCC_541\Debug\F1-TestFixture.a(UART_460800_IntClock.o)
 .ARM.attributes
                0x00000560       0x21 .\CortexM3\ARM_GCC_541\Debug\F1-TestFixture.a(CyBootAsmGnu.o)
 .ARM.attributes
                0x00000581       0x33 .\CortexM3\ARM_GCC_541\Debug\F1-TestFixture.a(CyFlash.o)
 .ARM.attributes
                0x000005b4       0x33 .\CortexM3\ARM_GCC_541\Debug\F1-TestFixture.a(CySpc.o)
 .ARM.attributes
                0x000005e7       0x2d c:/program files (x86)/cypress/psoc creator/4.3/psoc creator/import/gnu/arm/5.4.1/bin/../lib/gcc/arm-none-eabi/5.4.1/../../../../arm-none-eabi/lib/armv7-m\libg_nano.a(lib_a-errno.o)
 .ARM.attributes
                0x00000614       0x2d c:/program files (x86)/cypress/psoc creator/4.3/psoc creator/import/gnu/arm/5.4.1/bin/../lib/gcc/arm-none-eabi/5.4.1/../../../../arm-none-eabi/lib/armv7-m\libg_nano.a(lib_a-exit.o)
 .ARM.attributes
                0x00000641       0x2d c:/program files (x86)/cypress/psoc creator/4.3/psoc creator/import/gnu/arm/5.4.1/bin/../lib/gcc/arm-none-eabi/5.4.1/../../../../arm-none-eabi/lib/armv7-m\libg_nano.a(lib_a-impure.o)
 .ARM.attributes
                0x0000066e       0x2d c:/program files (x86)/cypress/psoc creator/4.3/psoc creator/import/gnu/arm/5.4.1/bin/../lib/gcc/arm-none-eabi/5.4.1/../../../../arm-none-eabi/lib/armv7-m\libg_nano.a(lib_a-init.o)
 .ARM.attributes
                0x0000069b       0x2d c:/program files (x86)/cypress/psoc creator/4.3/psoc creator/import/gnu/arm/5.4.1/bin/../lib/gcc/arm-none-eabi/5.4.1/../../../../arm-none-eabi/lib/armv7-m\libg_nano.a(lib_a-memcpy-stub.o)
 .ARM.attributes
                0x000006c8       0x2d c:/program files (x86)/cypress/psoc creator/4.3/psoc creator/import/gnu/arm/5.4.1/bin/../lib/gcc/arm-none-eabi/5.4.1/../../../../arm-none-eabi/lib/armv7-m\libg_nano.a(lib_a-memset.o)
 .ARM.attributes
                0x000006f5       0x2d c:/program files (x86)/cypress/psoc creator/4.3/psoc creator/import/gnu/arm/5.4.1/bin/../lib/gcc/arm-none-eabi/5.4.1/armv7-m/crtend.o
 .ARM.attributes
                0x00000722       0x1d c:/program files (x86)/cypress/psoc creator/4.3/psoc creator/import/gnu/arm/5.4.1/bin/../lib/gcc/arm-none-eabi/5.4.1/armv7-m/crtn.o

/DISCARD/
 *(.note.GNU-stack)
OUTPUT(C:\Users\marthnick\Desktop\F1-TestFixture _Sandbox\F1-TestFixture.cydsn\CortexM3\ARM_GCC_541\Debug\F1-TestFixture.elf elf32-littlearm)
