Archive member included to satisfy reference by file (symbol)

.\CortexM3\ARM_GCC_541\Debug\F1-TestFixture.a(CyDmac.o)
                              .\CortexM3\ARM_GCC_541\Debug\Cm3Start.o (CyDmacConfigure)
.\CortexM3\ARM_GCC_541\Debug\F1-TestFixture.a(CyLib.o)
                              .\CortexM3\ARM_GCC_541\Debug\Cm3Start.o (CyResetStatus)
.\CortexM3\ARM_GCC_541\Debug\F1-TestFixture.a(cyPm.o)
                              .\CortexM3\ARM_GCC_541\Debug\F1-TestFixture.a(CyLib.o) (CyPmReadStatus)
.\CortexM3\ARM_GCC_541\Debug\F1-TestFixture.a(RTest_SIREN_EN.o)
                              .\CortexM3\ARM_GCC_541\Debug\RelayTest.o (RTest_SIREN_EN_Read)
.\CortexM3\ARM_GCC_541\Debug\F1-TestFixture.a(RTest_HSide1.o)
                              .\CortexM3\ARM_GCC_541\Debug\RelayTest.o (RTest_HSide1_Write)
.\CortexM3\ARM_GCC_541\Debug\F1-TestFixture.a(RTest_HSide3.o)
                              .\CortexM3\ARM_GCC_541\Debug\RelayTest.o (RTest_HSide3_Write)
.\CortexM3\ARM_GCC_541\Debug\F1-TestFixture.a(RTest_HSide2.o)
                              .\CortexM3\ARM_GCC_541\Debug\RelayTest.o (RTest_HSide2_Write)
.\CortexM3\ARM_GCC_541\Debug\F1-TestFixture.a(RTest_HSide4.o)
                              .\CortexM3\ARM_GCC_541\Debug\RelayTest.o (RTest_HSide4_Write)
.\CortexM3\ARM_GCC_541\Debug\F1-TestFixture.a(RTest_HSide5.o)
                              .\CortexM3\ARM_GCC_541\Debug\RelayTest.o (RTest_HSide5_Write)
.\CortexM3\ARM_GCC_541\Debug\F1-TestFixture.a(RTest_HSide6.o)
                              .\CortexM3\ARM_GCC_541\Debug\RelayTest.o (RTest_HSide6_Write)
.\CortexM3\ARM_GCC_541\Debug\F1-TestFixture.a(RTest_HSide7.o)
                              .\CortexM3\ARM_GCC_541\Debug\RelayTest.o (RTest_HSide7_Write)
.\CortexM3\ARM_GCC_541\Debug\F1-TestFixture.a(RTest_HSide8.o)
                              .\CortexM3\ARM_GCC_541\Debug\RelayTest.o (RTest_HSide8_Write)
.\CortexM3\ARM_GCC_541\Debug\F1-TestFixture.a(isr_UART_230400.o)
                              .\CortexM3\ARM_GCC_541\Debug\main.o (isr_UART_230400_Start)
.\CortexM3\ARM_GCC_541\Debug\F1-TestFixture.a(UART_230400.o)
                              .\CortexM3\ARM_GCC_541\Debug\main.o (UART_230400_Start)
.\CortexM3\ARM_GCC_541\Debug\F1-TestFixture.a(UART_230400_INT.o)
                              .\CortexM3\ARM_GCC_541\Debug\F1-TestFixture.a(UART_230400.o) (UART_230400_TXISR)
.\CortexM3\ARM_GCC_541\Debug\F1-TestFixture.a(UART_230400_IntClock.o)
                              .\CortexM3\ARM_GCC_541\Debug\F1-TestFixture.a(UART_230400.o) (UART_230400_IntClock_Start)
.\CortexM3\ARM_GCC_541\Debug\F1-TestFixture.a(MUX_CTRL_230400.o)
                              .\CortexM3\ARM_GCC_541\Debug\ControllerTest.o (MUX_CTRL_230400_Write)
.\CortexM3\ARM_GCC_541\Debug\F1-TestFixture.a(Timer_20ms.o)
                              .\CortexM3\ARM_GCC_541\Debug\main.o (Timer_20ms_Start)
.\CortexM3\ARM_GCC_541\Debug\F1-TestFixture.a(LED_EN.o)
                              .\CortexM3\ARM_GCC_541\Debug\SirenTest.o (LED_EN_Write)
.\CortexM3\ARM_GCC_541\Debug\F1-TestFixture.a(isr_Timer_20ms.o)
                              .\CortexM3\ARM_GCC_541\Debug\main.o (isr_Timer_20ms_Start)
.\CortexM3\ARM_GCC_541\Debug\F1-TestFixture.a(UART_115200.o)
                              .\CortexM3\ARM_GCC_541\Debug\main.o (UART_115200_Start)
.\CortexM3\ARM_GCC_541\Debug\F1-TestFixture.a(UART_115200_INT.o)
                              .\CortexM3\ARM_GCC_541\Debug\F1-TestFixture.a(UART_115200.o) (UART_115200_TXISR)
.\CortexM3\ARM_GCC_541\Debug\F1-TestFixture.a(isr_UART_115200.o)
                              .\CortexM3\ARM_GCC_541\Debug\main.o (isr_UART_115200_Start)
.\CortexM3\ARM_GCC_541\Debug\F1-TestFixture.a(UART_115200_IntClock.o)
                              .\CortexM3\ARM_GCC_541\Debug\F1-TestFixture.a(UART_115200.o) (UART_115200_IntClock_Start)
.\CortexM3\ARM_GCC_541\Debug\F1-TestFixture.a(DEMUX_CTRL_230400.o)
                              .\CortexM3\ARM_GCC_541\Debug\UART_230400_Functions.o (DEMUX_CTRL_230400_Write)
.\CortexM3\ARM_GCC_541\Debug\F1-TestFixture.a(isr_UART_460800.o)
                              .\CortexM3\ARM_GCC_541\Debug\main.o (isr_UART_460800_Start)
.\CortexM3\ARM_GCC_541\Debug\F1-TestFixture.a(UART_460800.o)
                              .\CortexM3\ARM_GCC_541\Debug\main.o (UART_460800_Start)
.\CortexM3\ARM_GCC_541\Debug\F1-TestFixture.a(UART_460800_INT.o)
                              .\CortexM3\ARM_GCC_541\Debug\F1-TestFixture.a(UART_460800.o) (UART_460800_TXISR)
.\CortexM3\ARM_GCC_541\Debug\F1-TestFixture.a(MUX_CTRL_460800.o)
                              .\CortexM3\ARM_GCC_541\Debug\RelayTest.o (MUX_CTRL_460800_Write)
.\CortexM3\ARM_GCC_541\Debug\F1-TestFixture.a(DEMUX_CTRL_460800.o)
                              .\CortexM3\ARM_GCC_541\Debug\RelayTest.o (DEMUX_CTRL_460800_Write)
.\CortexM3\ARM_GCC_541\Debug\F1-TestFixture.a(UART_460800_IntClock.o)
[...]
Memory Configuration

Name             Origin             Length             Attributes
rom              0x00000000         0x00020000         xr
ram              0x1fffc000         0x00008000         xrw
*default*        0x00000000         0xffffffff

Linker script and memory map

LOAD c:/program files (x86)/cypress/psoc creator/4.3/psoc creator/import/gnu/arm/5.4.1/bin/../lib/gcc/arm-none-eabi/5.4.1/armv7-m/crti.o
LOAD c:/program files (x86)/cypress/psoc creator/4.3/psoc creator/import/gnu/arm/5.4.1/bin/../lib/gcc/arm-none-eabi/5.4.1/armv7-m/crtbegin.o
LOAD c:/program files (x86)/cypress/psoc creator/4.3/psoc creator/import/gnu/arm/5.4.1/bin/../lib/gcc/arm-none-eabi/5.4.1/../../../../arm-none-eabi/lib/armv7-m/crt0.o
START GROUP
LOAD .\CortexM3\ARM_GCC_541\Debug\main.o
LOAD .\CortexM3\ARM_GCC_541\Debug\ControllerTest.o
LOAD .\CortexM3\ARM_GCC_541\Debug\UART_230400_Functions.o
LOAD .\CortexM3\ARM_GCC_541\Debug\SirenTest.o
LOAD .\CortexM3\ARM_GCC_541\Debug\RelayTest.o
LOAD .\CortexM3\ARM_GCC_541\Debug\UART_460800_Functions.o
LOAD .\CortexM3\ARM_GCC_541\Debug\UART_115200_Functions.o
LOAD .\CortexM3\ARM_GCC_541\Debug\CD4051BPW_Driver.o
LOAD .\CortexM3\ARM_GCC_541\Debug\cyfitter_cfg.o
LOAD .\CortexM3\ARM_GCC_541\Debug\cymetadata.o
LOAD .\CortexM3\ARM_GCC_541\Debug\Cm3Start.o
LOAD .\CortexM3\ARM_GCC_541\Debug\F1-TestFixture.a
LOAD C:\Program Files (x86)\Cypress\PSoC Creator\4.3\PSoC Creator\psoc\content\cycomponentlibrary\CyComponentLibrary.cylib\CortexM3\ARM_GCC_541\Debug\CyComponentLibrary.a
END GROUP
START GROUP
LOAD c:/program files (x86)/cypress/psoc creator/4.3/psoc creator/import/gnu/arm/5.4.1/bin/../lib/gcc/arm-none-eabi/5.4.1/armv7-m\libgcc.a
LOAD c:/program files (x86)/cypress/psoc creator/4.3/psoc creator/import/gnu/arm/5.4.1/bin/../lib/gcc/arm-none-eabi/5.4.1/../../../../arm-none-eabi/lib/armv7-m\libg_nano.a
LOAD c:/program files (x86)/cypress/psoc creator/4.3/psoc creator/import/gnu/arm/5.4.1/bin/../lib/gcc/arm-none-eabi/5.4.1/../../../../arm-none-eabi/lib/armv7-m\libc_nano.a
END GROUP
START GROUP
LOAD c:/program files (x86)/cypress/psoc creator/4.3/psoc creator/import/gnu/arm/5.4.1/bin/../lib/gcc/arm-none-eabi/5.4.1/armv7-m\libgcc.a
LOAD c:/program files (x86)/cypress/psoc creator/4.3/psoc creator/import/gnu/arm/5.4.1/bin/../lib/gcc/arm-none-eabi/5.4.1/../../../../arm-none-eabi/lib/armv7-m\libc_nano.a
END GROUP
LOAD c:/program files (x86)/cypress/psoc creator/4.3/psoc creator/import/gnu/arm/5.4.1/bin/../lib/gcc/arm-none-eabi/5.4.1/armv7-m/crtend.o
LOAD c:/program files (x86)/cypress/psoc creator/4.3/psoc creator/import/gnu/arm/5.4.1/bin/../lib/gcc/arm-none-eabi/5.4.1/armv7-m/crtn.o
START GROUP
LOAD c:/program files (x86)/cypress/psoc creator/4.3/psoc creator/import/gnu/arm/5.4.1/bin/../lib/gcc/arm-none-eabi/5.4.1/armv7-m\libgcc.a
LOAD c:/program files (x86)/cypress/psoc creator/4.3/psoc creator/import/gnu/arm/5.4.1/bin/../lib/gcc/arm-none-eabi/5.4.1/../../../../arm-none-eabi/lib/armv7-m\libc.a
LOAD c:/program files (x86)/cypress/psoc creator/4.3/psoc creator/import/gnu/arm/5.4.1/bin/../lib/gcc/arm-none-eabi/5.4.1/../../../../arm-none-eabi/lib/armv7-m\libnosys.a
END GROUP
                0x00000000                CY_APPL_ORIGIN = 0x0
                0x00000100                CY_FLASH_ROW_SIZE = 0x100
                0x00000020                CY_ECC_ROW_SIZE = 0x20
                0x00000000                CY_EE_IN_BTLDR = 0x0
                0x00000000                CY_APPL_LOADABLE = 0x0
                0x00000800                CY_EE_SIZE = 0x800
                0x00000001                CY_APPL_NUM = 0x1
                0x00000001                CY_APPL_MAX = 0x1
                0x00000040                CY_METADATA_SIZE = 0x40
                0x00000000                CY_APPL_LOADABLE = 0x0
                0x00000000                CY_CHECKSUM_EXCLUDE_SIZE = ALIGN (0x0, CY_FLASH_ROW_SIZE)
                [!provide]                PROVIDE (__cy_heap_start, _end)
                0x00000001                PROVIDE (__cy_region_num, ((__cy_regions_end - __cy_regions) / 0x10))
                0x20004000                PROVIDE (__cy_stack, (ORIGIN (ram) + LENGTH (ram)))
                [!provide]                PROVIDE (__cy_heap_end, (__cy_stack - 0x800))

.cybootloader   0x00000000        0x0
 *(.cybootloader)
                0x00000000                appl1_start = CY_APPL_ORIGIN?CY_APPL_ORIGIN:ALIGN (CY_FLASH_ROW_SIZE)
                0x0000ff00                appl2_start = (appl1_start + ALIGN ((((LENGTH (rom) - appl1_start) - (0x2 * CY_FLASH_ROW_SIZE)) / 0x2), CY_FLASH_ROW_SIZE))
                0x00000000                appl_start = (CY_APPL_NUM == 0x1)?appl1_start:appl2_start
                0x00000000                ecc_offset = ((appl_start / CY_FLASH_ROW_SIZE) * CY_ECC_ROW_SIZE)
                0x00000000                ee_offset = (CY_APPL_LOADABLE && ! (CY_EE_IN_BTLDR))?((CY_EE_SIZE / CY_APPL_MAX) * (CY_APPL_NUM - 0x1)):0x0
                0x00000800                ee_size = (CY_APPL_LOADABLE && ! (CY_EE_IN_BTLDR))?(CY_EE_SIZE / CY_APPL_MAX):CY_EE_SIZE
                [!provide]                PROVIDE (CY_ECC_OFFSET, ecc_offset)

.text           0x00000000     0x4906
 CREATE_OBJECT_SYMBOLS
                0x00000000                PROVIDE (__cy_interrupt_vector, RomVectors)
 *(.romvectors)
 .romvectors    0x00000000       0x10 .\CortexM3\ARM_GCC_541\Debug\Cm3Start.o
                0x00000000                RomVectors
                0x00000001                ASSERT ((. != __cy_interrupt_vector), No interrupt vector)
                0x00000001                ASSERT (CY_APPL_ORIGIN?(SIZEOF (.cybootloader) <= CY_APPL_ORIGIN):0x1, Wrong image location)
                0x00000010                PROVIDE (__cy_reset, Reset)
 *(.text.Reset)
 .text.Reset    0x00000010       0x18 .\CortexM3\ARM_GCC_541\Debug\Cm3Start.o
                0x00000010                Reset
                0x00000001                ASSERT ((. != __cy_reset), No reset code)
 *(.dma_init)
                0x00000001                ASSERT ((((appl_start + .) <= 0x10000) || 0x1), DMA Init must be within the first 64k of flash)
 *(.text .text.* .gnu.linkonce.t.*)
 .text          0x00000028       0x5c c:/program files (x86)/cypress/psoc creator/4.3/psoc creator/import/gnu/arm/5.4.1/bin/../lib/gcc/arm-none-eabi/5.4.1/armv7-m/crtbegin.o
 .text.main     0x00000084       0x64 .\CortexM3\ARM_GCC_541\Debug\main.o
                0x00000084                main
 .text.initializePeripherals
                0x000000e8       0x44 .\CortexM3\ARM_GCC_541\Debug\main.o
 .text.ControllerTest
                0x0000012c       0x94 .\CortexM3\ARM_GCC_541\Debug\ControllerTest.o
                0x0000012c                ControllerTest
 .text.CTest_ReadPowerMode
                0x000001c0       0x1c .\CortexM3\ARM_GCC_541\Debug\ControllerTest.o
                0x000001c0                CTest_ReadPowerMode
 .text.getRxPacket_Controller
                0x000001dc       0x20 .\CortexM3\ARM_GCC_541\Debug\ControllerTest.o
                0x000001dc                getRxPacket_Controller
 .text.CTest_sendDiagPacket
                0x000001fc       0x58 .\CortexM3\ARM_GCC_541\Debug\ControllerTest.o
                0x000001fc                CTest_sendDiagPacket
 .text.CTest_20ms_isr
                0x00000254       0x68 .\CortexM3\ARM_GCC_541\Debug\ControllerTest.o
                0x00000254                CTest_20ms_isr
 .text.CTest_50ms_isr
                0x000002bc        0xc .\CortexM3\ARM_GCC_541\Debug\ControllerTest.o
                0x000002bc                CTest_50ms_isr
 .text.processByteReceivedHandler
                0x000002c8       0x60 .\CortexM3\ARM_GCC_541\Debug\UART_230400_Functions.o
                0x000002c8                processByteReceivedHandler
 .text.detectPacket
                0x00000328      0x324 .\CortexM3\ARM_GCC_541\Debug\UART_230400_Functions.o
 .text.VerifyPacket_230400
                0x0000064c       0x34 .\CortexM3\ARM_GCC_541\Debug\UART_230400_Functions.o
                0x0000064c                VerifyPacket_230400
 .text.sendPacketToRelaySiren
                0x00000680       0xdc .\CortexM3\ARM_GCC_541\Debug\UART_230400_Functions.o
                0x00000680                sendPacketToRelaySiren
 .text.sendPacket_SirenToRelay
                0x0000075c       0x64 .\CortexM3\ARM_GCC_541\Debug\UART_230400_Functions.o
                0x0000075c                sendPacket_SirenToRelay
 .text.SirenTest
                0x000007c0      0x2b8 .\CortexM3\ARM_GCC_541\Debug\SirenTest.o
                0x000007c0                SirenTest
 .text.STest_isr_PB
                0x00000a78       0xe4 .\CortexM3\ARM_GCC_541\Debug\SirenTest.o
                0x00000a78                STest_isr_PB
 .text.STest_10ms_isr
                0x00000b5c       0x20 .\CortexM3\ARM_GCC_541\Debug\SirenTest.o
                0x00000b5c                STest_10ms_isr
 .text.STest_20ms_isr
                0x00000b7c       0x68 .\CortexM3\ARM_GCC_541\Debug\SirenTest.o
                0x00000b7c                STest_20ms_isr
 .text.STest_50ms_isr
                0x00000be4       0x4c .\CortexM3\ARM_GCC_541\Debug\SirenTest.o
                0x00000be4                STest_50ms_isr
 .text.PB_WaitForAction
                0x00000c30       0x60 .\CortexM3\ARM_GCC_541\Debug\SirenTest.o
                0x00000c30                PB_WaitForAction
 .text.STest_PlayTestTone
                0x00000c90       0x50 .\CortexM3\ARM_GCC_541\Debug\SirenTest.o
                0x00000c90                STest_PlayTestTone
 .text.StartAutomatedStep
                0x00000ce0       0x34 .\CortexM3\ARM_GCC_541\Debug\SirenTest.o
                0x00000ce0                StartAutomatedStep
 .text.StopAutomatedStep
                0x00000d14       0x3c .\CortexM3\ARM_GCC_541\Debug\SirenTest.o
                0x00000d14                StopAutomatedStep
 .text.RelayTest
                0x00000d50      0x304 .\CortexM3\ARM_GCC_541\Debug\RelayTest.o
                0x00000d50                RelayTest
 .text.RTest_Test_Outputs
                0x00001054       0x64 .\CortexM3\ARM_GCC_541\Debug\RelayTest.o
                0x00001054                RTest_Test_Outputs
 .text.RTest_Test_DataLink
                0x000010b8       0x58 .\CortexM3\ARM_GCC_541\Debug\RelayTest.o
                0x000010b8                RTest_Test_DataLink
 .text.RTest_Test_QuadPorts
                0x00001110       0x54 .\CortexM3\ARM_GCC_541\Debug\RelayTest.o
                0x00001110                RTest_Test_QuadPorts
 .text.RTest_Test_UART_Siren
                0x00001164       0xb8 .\CortexM3\ARM_GCC_541\Debug\RelayTest.o
                0x00001164                RTest_Test_UART_Siren
 .text.RTest_Test_Inputs
                0x0000121c       0x54 .\CortexM3\ARM_GCC_541\Debug\RelayTest.o
                0x0000121c                RTest_Test_Inputs
 .text.RTest_Test_Vbatt
                0x00001270       0x40 .\CortexM3\ARM_GCC_541\Debug\RelayTest.o
                0x00001270                RTest_Test_Vbatt
 .text.RTest_Test_BlockCurrents
                0x000012b0       0x7c .\CortexM3\ARM_GCC_541\Debug\RelayTest.o
                0x000012b0                RTest_Test_BlockCurrents
 .text.RTest_Test_GPS
                0x0000132c       0x10 .\CortexM3\ARM_GCC_541\Debug\RelayTest.o
                0x0000132c                RTest_Test_GPS
 .text.getRxPacket_Relay
                0x0000133c       0x20 .\CortexM3\ARM_GCC_541\Debug\RelayTest.o
                0x0000133c                getRxPacket_Relay
 .text.getTxPacket_RelaySiren
                0x0000135c       0x20 .\CortexM3\ARM_GCC_541\Debug\RelayTest.o
                0x0000135c                getTxPacket_RelaySiren
 .text.getRxPacket_RelaySiren
                0x0000137c       0x20 .\CortexM3\ARM_GCC_541\Debug\RelayTest.o
                0x0000137c                getRxPacket_RelaySiren
 .text.getTxPacket_H
                0x0000139c       0x20 .\CortexM3\ARM_GCC_541\Debug\RelayTest.o
                0x0000139c                getTxPacket_H
 .text.getRxPacket_H
                0x000013bc       0x20 .\CortexM3\ARM_GCC_541\Debug\RelayTest.o
                0x000013bc                getRxPacket_H
 .text.RTest_BlockCurrent
                0x000013dc       0x7c .\CortexM3\ARM_GCC_541\Debug\RelayTest.o
                0x000013dc                RTest_BlockCurrent
 .text.RTest_10ms_isr
                0x00001458       0x1c .\CortexM3\ARM_GCC_541\Debug\RelayTest.o
                0x00001458                RTest_10ms_isr
 .text.RTest_20ms_isr
                0x00001474       0x84 .\CortexM3\ARM_GCC_541\Debug\RelayTest.o
                0x00001474                RTest_20ms_isr
 .text.RTest_50ms_isr
                0x000014f8       0x4c .\CortexM3\ARM_GCC_541\Debug\RelayTest.o
                0x000014f8                RTest_50ms_isr
 .text.SetRelayOutputs
                0x00001544       0x78 .\CortexM3\ARM_GCC_541\Debug\RelayTest.o
                0x00001544                SetRelayOutputs
 .text.RTest_StartAutomatedStep
                0x000015bc       0x3c .\CortexM3\ARM_GCC_541\Debug\RelayTest.o
                0x000015bc                RTest_StartAutomatedStep
 .text.RTest_StopAutomatedStep
                0x000015f8       0x40 .\CortexM3\ARM_GCC_541\Debug\RelayTest.o
                0x000015f8                RTest_StopAutomatedStep
 .text.SetRelayInputs
                0x00001638       0x7c .\CortexM3\ARM_GCC_541\Debug\RelayTest.o
                0x00001638                SetRelayInputs
 .text.processByteReceivedHandler_460800
                0x000016b4       0x60 .\CortexM3\ARM_GCC_541\Debug\UART_460800_Functions.o
                0x000016b4                processByteReceivedHandler_460800
 .text.detectPacket
                0x00001714      0x21c .\CortexM3\ARM_GCC_541\Debug\UART_460800_Functions.o
 .text.VerifyPacket_460800
                0x00001930       0x34 .\CortexM3\ARM_GCC_541\Debug\UART_460800_Functions.o
                0x00001930                VerifyPacket_460800
 .text.sendPacketToRelay_Quad
                0x00001964       0x40 .\CortexM3\ARM_GCC_541\Debug\UART_460800_Functions.o
                0x00001964                sendPacketToRelay_Quad
 .text.sendPacketToSiren_Audio
                0x000019a4       0x2c .\CortexM3\ARM_GCC_541\Debug\UART_460800_Functions.o
                0x000019a4                sendPacketToSiren_Audio
 .text.processByteReceivedHandler_115200
                0x000019d0       0x60 .\CortexM3\ARM_GCC_541\Debug\UART_115200_Functions.o
                0x000019d0                processByteReceivedHandler_115200
 .text.detectPacket
                0x00001a30      0x1d8 .\CortexM3\ARM_GCC_541\Debug\UART_115200_Functions.o
 .text.VerifyPacket_115200
                0x00001c08       0x34 .\CortexM3\ARM_GCC_541\Debug\UART_115200_Functions.o
                0x00001c08                VerifyPacket_115200
 .text.getMuxValue
                0x00001c3c       0x20 .\CortexM3\ARM_GCC_541\Debug\CD4051BPW_Driver.o
 .text.selectADCChannelMux
                0x00001c5c      0x17c .\CortexM3\ARM_GCC_541\Debug\CD4051BPW_Driver.o
                0x00001c5c                selectADCChannelMux
 .text.CYMEMZERO
                0x00001dd8       0x1c .\CortexM3\ARM_GCC_541\Debug\cyfitter_cfg.o
 .text.CYCONFIGCPY
                0x00001df4       0x20 .\CortexM3\ARM_GCC_541\Debug\cyfitter_cfg.o
 .text.CyClockStartupError
                0x00001e14        0xc .\CortexM3\ARM_GCC_541\Debug\cyfitter_cfg.o
 .text.cfg_write_bytes32
                0x00001e20       0x74 .\CortexM3\ARM_GCC_541\Debug\cyfitter_cfg.o
 .text.ClockSetup
                0x00001e94      0x1b4 .\CortexM3\ARM_GCC_541\Debug\cyfitter_cfg.o
 .text.AnalogSetDefault
                0x00002048       0xd0 .\CortexM3\ARM_GCC_541\Debug\cyfitter_cfg.o
 .text.cyfitter_cfg
                0x00002118      0x1f8 .\CortexM3\ARM_GCC_541\Debug\cyfitter_cfg.o
                0x00002118                cyfitter_cfg
 .text.IntDefaultHandler
                0x00002310       0x14 .\CortexM3\ARM_GCC_541\Debug\Cm3Start.o
                0x00002310                IntDefaultHandler
 .text.Start_c  0x00002324       0x98 .\CortexM3\ARM_GCC_541\Debug\Cm3Start.o
                0x00002324                Start_c
 .text.initialize_psoc
                0x000023bc       0x94 .\CortexM3\ARM_GCC_541\Debug\Cm3Start.o
                0x000023bc                initialize_psoc
 .text.CyDmacConfigure
                0x00002450       0x5c .\CortexM3\ARM_GCC_541\Debug\F1-TestFixture.a(CyDmac.o)
                0x00002450                CyDmacConfigure
 .text.CyDmaChEnable
                0x000024ac       0x8c .\CortexM3\ARM_GCC_541\Debug\F1-TestFixture.a(CyDmac.o)
                0x000024ac                CyDmaChEnable
 .text.CyDmaChDisable
                0x00002538       0x60 .\CortexM3\ARM_GCC_541\Debug\F1-TestFixture.a(CyDmac.o)
                0x00002538                CyDmaChDisable
 .text.CyDmaChPriority
                0x00002598       0x64 .\CortexM3\ARM_GCC_541\Debug\F1-TestFixture.a(CyDmac.o)
                0x00002598                CyDmaChPriority
 .text.CyDmaChSetExtendedAddress
                0x000025fc       0x78 .\CortexM3\ARM_GCC_541\Debug\F1-TestFixture.a(CyDmac.o)
                0x000025fc                CyDmaChSetExtendedAddress
 .text.CyDmaChSetInitialTd
                0x00002674       0x3c .\CortexM3\ARM_GCC_541\Debug\F1-TestFixture.a(CyDmac.o)
                0x00002674                CyDmaChSetInitialTd
 .text.CyDmaChSetConfiguration
                0x000026b0       0xa0 .\CortexM3\ARM_GCC_541\Debug\F1-TestFixture.a(CyDmac.o)
                0x000026b0                CyDmaChSetConfiguration
 .text.CyDmaTdAllocate
                0x00002750       0x5c .\CortexM3\ARM_GCC_541\Debug\F1-TestFixture.a(CyDmac.o)
                0x00002750                CyDmaTdAllocate
 .text.CyDmaTdSetConfiguration
                0x000027ac       0x80 .\CortexM3\ARM_GCC_541\Debug\F1-TestFixture.a(CyDmac.o)
                0x000027ac                CyDmaTdSetConfiguration
 .text.CyDmaTdSetAddress
                0x0000282c       0x5c .\CortexM3\ARM_GCC_541\Debug\F1-TestFixture.a(CyDmac.o)
                0x0000282c                CyDmaTdSetAddress
 .text.CyHalt   0x00002888       0x18 .\CortexM3\ARM_GCC_541\Debug\F1-TestFixture.a(CyLib.o)
                0x00002888                CyHalt
 .text.CyDelay  0x000028a0       0x44 .\CortexM3\ARM_GCC_541\Debug\F1-TestFixture.a(CyLib.o)
                0x000028a0                CyDelay
 .text.CyDelayUs
                0x000028e4       0x28 .\CortexM3\ARM_GCC_541\Debug\F1-TestFixture.a(CyLib.o)
                0x000028e4                CyDelayUs
 .text.CyIntSetVector
                0x0000290c       0x50 .\CortexM3\ARM_GCC_541\Debug\F1-TestFixture.a(CyLib.o)
                0x0000290c                CyIntSetVector
 .text.CyIntSetPriority
                0x0000295c       0x48 .\CortexM3\ARM_GCC_541\Debug\F1-TestFixture.a(CyLib.o)
                0x0000295c                CyIntSetPriority
 .text.RTest_SIREN_EN_Read
                0x000029a4       0x1c .\CortexM3\ARM_GCC_541\Debug\F1-TestFixture.a(RTest_SIREN_EN.o)
                0x000029a4                RTest_SIREN_EN_Read
 .text.RTest_HSide1_Write
                0x000029c0       0x3c .\CortexM3\ARM_GCC_541\Debug\F1-TestFixture.a(RTest_HSide1.o)
                0x000029c0                RTest_HSide1_Write
 .text.RTest_HSide3_Write
                0x000029fc       0x34 .\CortexM3\ARM_GCC_541\Debug\F1-TestFixture.a(RTest_HSide3.o)
                0x000029fc                RTest_HSide3_Write
 .text.RTest_HSide2_Write
                0x00002a30       0x3c .\CortexM3\ARM_GCC_541\Debug\F1-TestFixture.a(RTest_HSide2.o)
                0x00002a30                RTest_HSide2_Write
 .text.RTest_HSide4_Write
                0x00002a6c       0x3c .\CortexM3\ARM_GCC_541\Debug\F1-TestFixture.a(RTest_HSide4.o)
                0x00002a6c                RTest_HSide4_Write
 .text.RTest_HSide5_Write
                0x00002aa8       0x3c .\CortexM3\ARM_GCC_541\Debug\F1-TestFixture.a(RTest_HSide5.o)
                0x00002aa8                RTest_HSide5_Write
 .text.RTest_HSide6_Write
                0x00002ae4       0x3c .\CortexM3\ARM_GCC_541\Debug\F1-TestFixture.a(RTest_HSide6.o)
                0x00002ae4                RTest_HSide6_Write
 .text.RTest_HSide7_Write
                0x00002b20       0x3c .\CortexM3\ARM_GCC_541\Debug\F1-TestFixture.a(RTest_HSide7.o)
                0x00002b20                RTest_HSide7_Write
 .text.RTest_HSide8_Write
                0x00002b5c       0x38 .\CortexM3\ARM_GCC_541\Debug\F1-TestFixture.a(RTest_HSide8.o)
                0x00002b5c                RTest_HSide8_Write
 .text.isr_UART_230400_Start
                0x00002b94       0x20 .\CortexM3\ARM_GCC_541\Debug\F1-TestFixture.a(isr_UART_230400.o)
                0x00002b94                isr_UART_230400_Start
 .text.isr_UART_230400_Interrupt
                0x00002bb4        0xc .\CortexM3\ARM_GCC_541\Debug\F1-TestFixture.a(isr_UART_230400.o)
                0x00002bb4                isr_UART_230400_Interrupt
 .text.isr_UART_230400_SetVector
                0x00002bc0       0x24 .\CortexM3\ARM_GCC_541\Debug\F1-TestFixture.a(isr_UART_230400.o)
                0x00002bc0                isr_UART_230400_SetVector
 .text.isr_UART_230400_SetPriority
                0x00002be4       0x24 .\CortexM3\ARM_GCC_541\Debug\F1-TestFixture.a(isr_UART_230400.o)
                0x00002be4                isr_UART_230400_SetPriority
 .text.isr_UART_230400_Enable
                0x00002c08       0x18 .\CortexM3\ARM_GCC_541\Debug\F1-TestFixture.a(isr_UART_230400.o)
                0x00002c08                isr_UART_230400_Enable
 .text.isr_UART_230400_Disable
                0x00002c20       0x18 .\CortexM3\ARM_GCC_541\Debug\F1-TestFixture.a(isr_UART_230400.o)
                0x00002c20                isr_UART_230400_Disable
 .text.UART_230400_Start
                0x00002c38       0x24 .\CortexM3\ARM_GCC_541\Debug\F1-TestFixture.a(UART_230400.o)
                0x00002c38                UART_230400_Start
 .text.UART_230400_Init
                0x00002c5c       0x50 .\CortexM3\ARM_GCC_541\Debug\F1-TestFixture.a(UART_230400.o)
                0x00002c5c                UART_230400_Init
 .text.UART_230400_Enable
                0x00002cac       0x74 .\CortexM3\ARM_GCC_541\Debug\F1-TestFixture.a(UART_230400.o)
                0x00002cac                UART_230400_Enable
 .text.UART_230400_ReadRxStatus
                0x00002d20       0x24 .\CortexM3\ARM_GCC_541\Debug\F1-TestFixture.a(UART_230400.o)
                0x00002d20                UART_230400_ReadRxStatus
 .text.UART_230400_GetChar
                0x00002d44       0x44 .\CortexM3\ARM_GCC_541\Debug\F1-TestFixture.a(UART_230400.o)
                0x00002d44                UART_230400_GetChar
 .text.UART_230400_WriteTxData
                0x00002d88       0x94 .\CortexM3\ARM_GCC_541\Debug\F1-TestFixture.a(UART_230400.o)
                0x00002d88                UART_230400_WriteTxData
 .text.UART_230400_PutChar
                0x00002e1c       0xbc .\CortexM3\ARM_GCC_541\Debug\F1-TestFixture.a(UART_230400.o)
                0x00002e1c                UART_230400_PutChar
 .text.UART_230400_PutArray
                0x00002ed8       0x44 .\CortexM3\ARM_GCC_541\Debug\F1-TestFixture.a(UART_230400.o)
                0x00002ed8                UART_230400_PutArray
 .text.UART_230400_TXISR
                0x00002f1c       0x70 .\CortexM3\ARM_GCC_541\Debug\F1-TestFixture.a(UART_230400_INT.o)
                0x00002f1c                UART_230400_TXISR
 .text.UART_230400_IntClock_Start
                0x00002f8c       0x34 .\CortexM3\ARM_GCC_541\Debug\F1-TestFixture.a(UART_230400_IntClock.o)
                0x00002f8c                UART_230400_IntClock_Start
 .text.MUX_CTRL_230400_Write
                0x00002fc0       0x20 .\CortexM3\ARM_GCC_541\Debug\F1-TestFixture.a(MUX_CTRL_230400.o)
                0x00002fc0                MUX_CTRL_230400_Write
 .text.Timer_20ms_Init
                0x00002fe0       0xa0 .\CortexM3\ARM_GCC_541\Debug\F1-TestFixture.a(Timer_20ms.o)
                0x00002fe0                Timer_20ms_Init
 .text.Timer_20ms_Enable
                0x00003080       0x48 .\CortexM3\ARM_GCC_541\Debug\F1-TestFixture.a(Timer_20ms.o)
                0x00003080                Timer_20ms_Enable
 .text.Timer_20ms_Start
                0x000030c8       0x24 .\CortexM3\ARM_GCC_541\Debug\F1-TestFixture.a(Timer_20ms.o)
                0x000030c8                Timer_20ms_Start
 .text.Timer_20ms_SetInterruptMode
                0x000030ec       0x20 .\CortexM3\ARM_GCC_541\Debug\F1-TestFixture.a(Timer_20ms.o)
                0x000030ec                Timer_20ms_SetInterruptMode
 .text.Timer_20ms_WritePeriod
                0x0000310c       0x24 .\CortexM3\ARM_GCC_541\Debug\F1-TestFixture.a(Timer_20ms.o)
                0x0000310c                Timer_20ms_WritePeriod
 .text.Timer_20ms_WriteCounter
                0x00003130       0x20 .\CortexM3\ARM_GCC_541\Debug\F1-TestFixture.a(Timer_20ms.o)
                0x00003130                Timer_20ms_WriteCounter
 .text.LED_EN_Write
                0x00003150       0x3c .\CortexM3\ARM_GCC_541\Debug\F1-TestFixture.a(LED_EN.o)
                0x00003150                LED_EN_Write
 .text.isr_Timer_20ms_Start
                0x0000318c       0x20 .\CortexM3\ARM_GCC_541\Debug\F1-TestFixture.a(isr_Timer_20ms.o)
                0x0000318c                isr_Timer_20ms_Start
 .text.isr_Timer_20ms_Interrupt
                0x000031ac       0x18 .\CortexM3\ARM_GCC_541\Debug\F1-TestFixture.a(isr_Timer_20ms.o)
                0x000031ac                isr_Timer_20ms_Interrupt
 .text.isr_Timer_20ms_SetVector
                0x000031c4       0x24 .\CortexM3\ARM_GCC_541\Debug\F1-TestFixture.a(isr_Timer_20ms.o)
                0x000031c4                isr_Timer_20ms_SetVector
 .text.isr_Timer_20ms_SetPriority
                0x000031e8       0x24 .\CortexM3\ARM_GCC_541\Debug\F1-TestFixture.a(isr_Timer_20ms.o)
                0x000031e8                isr_Timer_20ms_SetPriority
 .text.isr_Timer_20ms_Enable
                0x0000320c       0x18 .\CortexM3\ARM_GCC_541\Debug\F1-TestFixture.a(isr_Timer_20ms.o)
                0x0000320c                isr_Timer_20ms_Enable
 .text.isr_Timer_20ms_Disable
                0x00003224       0x18 .\CortexM3\ARM_GCC_541\Debug\F1-TestFixture.a(isr_Timer_20ms.o)
                0x00003224                isr_Timer_20ms_Disable
 .text.UART_115200_Start
                0x0000323c       0x24 .\CortexM3\ARM_GCC_541\Debug\F1-TestFixture.a(UART_115200.o)
                0x0000323c                UART_115200_Start
 .text.UART_115200_Init
                0x00003260       0x50 .\CortexM3\ARM_GCC_541\Debug\F1-TestFixture.a(UART_115200.o)
                0x00003260                UART_115200_Init
 .text.UART_115200_Enable
                0x000032b0       0x74 .\CortexM3\ARM_GCC_541\Debug\F1-TestFixture.a(UART_115200.o)
                0x000032b0                UART_115200_Enable
 .text.UART_115200_ReadRxStatus
                0x00003324       0x24 .\CortexM3\ARM_GCC_541\Debug\F1-TestFixture.a(UART_115200.o)
                0x00003324                UART_115200_ReadRxStatus
 .text.UART_115200_GetChar
                0x00003348       0x44 .\CortexM3\ARM_GCC_541\Debug\F1-TestFixture.a(UART_115200.o)
                0x00003348                UART_115200_GetChar
 .text.UART_115200_TXISR
                0x0000338c       0x70 .\CortexM3\ARM_GCC_541\Debug\F1-TestFixture.a(UART_115200_INT.o)
                0x0000338c                UART_115200_TXISR
 .text.isr_UART_115200_Start
                0x000033fc       0x20 .\CortexM3\ARM_GCC_541\Debug\F1-TestFixture.a(isr_UART_115200.o)
                0x000033fc                isr_UART_115200_Start
 .text.isr_UART_115200_Interrupt
                0x0000341c        0xc .\CortexM3\ARM_GCC_541\Debug\F1-TestFixture.a(isr_UART_115200.o)
                0x0000341c                isr_UART_115200_Interrupt
 .text.isr_UART_115200_SetVector
                0x00003428       0x24 .\CortexM3\ARM_GCC_541\Debug\F1-TestFixture.a(isr_UART_115200.o)
                0x00003428                isr_UART_115200_SetVector
 .text.isr_UART_115200_SetPriority
                0x0000344c       0x24 .\CortexM3\ARM_GCC_541\Debug\F1-TestFixture.a(isr_UART_115200.o)
                0x0000344c                isr_UART_115200_SetPriority
 .text.isr_UART_115200_Enable
                0x00003470       0x18 .\CortexM3\ARM_GCC_541\Debug\F1-TestFixture.a(isr_UART_115200.o)
                0x00003470                isr_UART_115200_Enable
 .text.isr_UART_115200_Disable
                0x00003488       0x18 .\CortexM3\ARM_GCC_541\Debug\F1-TestFixture.a(isr_UART_115200.o)
                0x00003488                isr_UART_115200_Disable
 .text.UART_115200_IntClock_Start
                0x000034a0       0x34 .\CortexM3\ARM_GCC_541\Debug\F1-TestFixture.a(UART_115200_IntClock.o)
                0x000034a0                UART_115200_IntClock_Start
 .text.DEMUX_CTRL_230400_Write
                0x000034d4       0x20 .\CortexM3\ARM_GCC_541\Debug\F1-TestFixture.a(DEMUX_CTRL_230400.o)
                0x000034d4                DEMUX_CTRL_230400_Write
 .text.isr_UART_460800_Start
                0x000034f4       0x20 .\CortexM3\ARM_GCC_541\Debug\F1-TestFixture.a(isr_UART_460800.o)
                0x000034f4                isr_UART_460800_Start
 .text.isr_UART_460800_Interrupt
                0x00003514        0xc .\CortexM3\ARM_GCC_541\Debug\F1-TestFixture.a(isr_UART_460800.o)
                0x00003514                isr_UART_460800_Interrupt
 .text.isr_UART_460800_SetVector
                0x00003520       0x24 .\CortexM3\ARM_GCC_541\Debug\F1-TestFixture.a(isr_UART_460800.o)
                0x00003520                isr_UART_460800_SetVector
 .text.isr_UART_460800_SetPriority
                0x00003544       0x24 .\CortexM3\ARM_GCC_541\Debug\F1-TestFixture.a(isr_UART_460800.o)
                0x00003544                isr_UART_460800_SetPriority
 .text.isr_UART_460800_Enable
                0x00003568       0x18 .\CortexM3\ARM_GCC_541\Debug\F1-TestFixture.a(isr_UART_460800.o)
                0x00003568                isr_UART_460800_Enable
 .text.isr_UART_460800_Disable
                0x00003580       0x18 .\CortexM3\ARM_GCC_541\Debug\F1-TestFixture.a(isr_UART_460800.o)
                0x00003580                isr_UART_460800_Disable
 .text.UART_460800_Start
                0x00003598       0x24 .\CortexM3\ARM_GCC_541\Debug\F1-TestFixture.a(UART_460800.o)
                0x00003598                UART_460800_Start
 .text.UART_460800_Init
                0x000035bc       0x50 .\CortexM3\ARM_GCC_541\Debug\F1-TestFixture.a(UART_460800.o)
                0x000035bc                UART_460800_Init
 .text.UART_460800_Enable
                0x0000360c       0x74 .\CortexM3\ARM_GCC_541\Debug\F1-TestFixture.a(UART_460800.o)
                0x0000360c                UART_460800_Enable
 .text.UART_460800_ReadRxStatus
                0x00003680       0x24 .\CortexM3\ARM_GCC_541\Debug\F1-TestFixture.a(UART_460800.o)
                0x00003680                UART_460800_ReadRxStatus
 .text.UART_460800_GetChar
                0x000036a4       0x44 .\CortexM3\ARM_GCC_541\Debug\F1-TestFixture.a(UART_460800.o)
                0x000036a4                UART_460800_GetChar
 .text.UART_460800_WriteTxData
                0x000036e8       0x94 .\CortexM3\ARM_GCC_541\Debug\F1-TestFixture.a(UART_460800.o)
                0x000036e8                UART_460800_WriteTxData
 .text.UART_460800_TXISR
                0x0000377c       0x70 .\CortexM3\ARM_GCC_541\Debug\F1-TestFixture.a(UART_460800_INT.o)
                0x0000377c                UART_460800_TXISR
 .text.MUX_CTRL_460800_Write
                0x000037ec       0x20 .\CortexM3\ARM_GCC_541\Debug\F1-TestFixture.a(MUX_CTRL_460800.o)
                0x000037ec                MUX_CTRL_460800_Write
 .text.DEMUX_CTRL_460800_Write
                0x0000380c       0x20 .\CortexM3\ARM_GCC_541\Debug\F1-TestFixture.a(DEMUX_CTRL_460800.o)
                0x0000380c                DEMUX_CTRL_460800_Write
 .text.UART_460800_IntClock_Start
                0x0000382c       0x34 .\CortexM3\ARM_GCC_541\Debug\F1-TestFixture.a(UART_460800_IntClock.o)
                0x0000382c                UART_460800_IntClock_Start
 .text.Timer_10ms_Init
                0x00003860       0x9c .\CortexM3\ARM_GCC_541\Debug\F1-TestFixture.a(Timer_10ms.o)
                0x00003860                Timer_10ms_Init
 .text.Timer_10ms_Enable
                0x000038fc       0x48 .\CortexM3\ARM_GCC_541\Debug\F1-TestFixture.a(Timer_10ms.o)
                0x000038fc                Timer_10ms_Enable
 .text.Timer_10ms_Start
                0x00003944       0x24 .\CortexM3\ARM_GCC_541\Debug\F1-TestFixture.a(Timer_10ms.o)
                0x00003944                Timer_10ms_Start
 .text.Timer_10ms_SetInterruptMode
                0x00003968       0x20 .\CortexM3\ARM_GCC_541\Debug\F1-TestFixture.a(Timer_10ms.o)
                0x00003968                Timer_10ms_SetInterruptMode
 .text.Timer_10ms_WritePeriod
                0x00003988       0x24 .\CortexM3\ARM_GCC_541\Debug\F1-TestFixture.a(Timer_10ms.o)
                0x00003988                Timer_10ms_WritePeriod
 .text.Timer_10ms_WriteCounter
                0x000039ac       0x20 .\CortexM3\ARM_GCC_541\Debug\F1-TestFixture.a(Timer_10ms.o)
                0x000039ac                Timer_10ms_WriteCounter
 .text.isr_Timer_10ms_Start
                0x000039cc       0x20 .\CortexM3\ARM_GCC_541\Debug\F1-TestFixture.a(isr_Timer_10ms.o)
                0x000039cc                isr_Timer_10ms_Start
 .text.isr_Timer_10ms_Interrupt
                0x000039ec       0x10 .\CortexM3\ARM_GCC_541\Debug\F1-TestFixture.a(isr_Timer_10ms.o)
                0x000039ec                isr_Timer_10ms_Interrupt
 .text.isr_Timer_10ms_SetVector
                0x000039fc       0x24 .\CortexM3\ARM_GCC_541\Debug\F1-TestFixture.a(isr_Timer_10ms.o)
                0x000039fc                isr_Timer_10ms_SetVector
 .text.isr_Timer_10ms_SetPriority
                0x00003a20       0x24 .\CortexM3\ARM_GCC_541\Debug\F1-TestFixture.a(isr_Timer_10ms.o)
                0x00003a20                isr_Timer_10ms_SetPriority
 .text.isr_Timer_10ms_Enable
                0x00003a44       0x18 .\CortexM3\ARM_GCC_541\Debug\F1-TestFixture.a(isr_Timer_10ms.o)
                0x00003a44                isr_Timer_10ms_Enable
 .text.isr_Timer_10ms_Disable
                0x00003a5c       0x18 .\CortexM3\ARM_GCC_541\Debug\F1-TestFixture.a(isr_Timer_10ms.o)
                0x00003a5c                isr_Timer_10ms_Disable
 .text.Timer_50ms_Init
                0x00003a74       0xa0 .\CortexM3\ARM_GCC_541\Debug\F1-TestFixture.a(Timer_50ms.o)
                0x00003a74                Timer_50ms_Init
 .text.Timer_50ms_Enable
                0x00003b14       0x48 .\CortexM3\ARM_GCC_541\Debug\F1-TestFixture.a(Timer_50ms.o)
                0x00003b14                Timer_50ms_Enable
 .text.Timer_50ms_Start
                0x00003b5c       0x24 .\CortexM3\ARM_GCC_541\Debug\F1-TestFixture.a(Timer_50ms.o)
                0x00003b5c                Timer_50ms_Start
 .text.Timer_50ms_SetInterruptMode
                0x00003b80       0x20 .\CortexM3\ARM_GCC_541\Debug\F1-TestFixture.a(Timer_50ms.o)
                0x00003b80                Timer_50ms_SetInterruptMode
 .text.Timer_50ms_WritePeriod
                0x00003ba0       0x24 .\CortexM3\ARM_GCC_541\Debug\F1-TestFixture.a(Timer_50ms.o)
                0x00003ba0                Timer_50ms_WritePeriod
 .text.Timer_50ms_WriteCounter
                0x00003bc4       0x20 .\CortexM3\ARM_GCC_541\Debug\F1-TestFixture.a(Timer_50ms.o)
                0x00003bc4                Timer_50ms_WriteCounter
 .text.isr_Timer_50ms_Start
                0x00003be4       0x20 .\CortexM3\ARM_GCC_541\Debug\F1-TestFixture.a(isr_Timer_50ms.o)
                0x00003be4                isr_Timer_50ms_Start
 .text.isr_Timer_50ms_Interrupt
                0x00003c04       0x98 .\CortexM3\ARM_GCC_541\Debug\F1-TestFixture.a(isr_Timer_50ms.o)
                0x00003c04                isr_Timer_50ms_Interrupt
 .text.isr_Timer_50ms_SetVector
                0x00003c9c       0x24 .\CortexM3\ARM_GCC_541\Debug\F1-TestFixture.a(isr_Timer_50ms.o)
                0x00003c9c                isr_Timer_50ms_SetVector
 .text.isr_Timer_50ms_SetPriority
                0x00003cc0       0x24 .\CortexM3\ARM_GCC_541\Debug\F1-TestFixture.a(isr_Timer_50ms.o)
                0x00003cc0                isr_Timer_50ms_SetPriority
 .text.isr_Timer_50ms_Enable
                0x00003ce4       0x18 .\CortexM3\ARM_GCC_541\Debug\F1-TestFixture.a(isr_Timer_50ms.o)
                0x00003ce4                isr_Timer_50ms_Enable
 .text.isr_Timer_50ms_Disable
                0x00003cfc       0x18 .\CortexM3\ARM_GCC_541\Debug\F1-TestFixture.a(isr_Timer_50ms.o)
                0x00003cfc                isr_Timer_50ms_Disable
 .text.PB_NextAction_Read
                0x00003d14       0x20 .\CortexM3\ARM_GCC_541\Debug\F1-TestFixture.a(PB_NextAction.o)
                0x00003d14                PB_NextAction_Read
 .text.WaveDAC_Init
                0x00003d34       0x50 .\CortexM3\ARM_GCC_541\Debug\F1-TestFixture.a(WaveDAC.o)
                0x00003d34                WaveDAC_Init
 .text.WaveDAC_Enable
                0x00003d84       0x34 .\CortexM3\ARM_GCC_541\Debug\F1-TestFixture.a(WaveDAC.o)
                0x00003d84                WaveDAC_Enable
 .text.WaveDAC_Start
                0x00003db8       0x24 .\CortexM3\ARM_GCC_541\Debug\F1-TestFixture.a(WaveDAC.o)
                0x00003db8                WaveDAC_Start
 .text.WaveDAC_Stop
                0x00003ddc       0x28 .\CortexM3\ARM_GCC_541\Debug\F1-TestFixture.a(WaveDAC.o)
                0x00003ddc                WaveDAC_Stop
 .text.WaveDAC_Wave1Setup
                0x00003e04       0x68 .\CortexM3\ARM_GCC_541\Debug\F1-TestFixture.a(WaveDAC.o)
                0x00003e04                WaveDAC_Wave1Setup
 .text.WaveDAC_Wave2Setup
                0x00003e6c       0x68 .\CortexM3\ARM_GCC_541\Debug\F1-TestFixture.a(WaveDAC.o)
                0x00003e6c                WaveDAC_Wave2Setup
 .text.WaveDAC_Wave1_DMA_DmaInitialize
                0x00003ed4       0x64 .\CortexM3\ARM_GCC_541\Debug\F1-TestFixture.a(WaveDAC_Wave1_DMA_dma.o)
                0x00003ed4                WaveDAC_Wave1_DMA_DmaInitialize
 .text.WaveDAC_Wave2_DMA_DmaInitialize
                0x00003f38       0x64 .\CortexM3\ARM_GCC_541\Debug\F1-TestFixture.a(WaveDAC_Wave2_DMA_dma.o)
                0x00003f38                WaveDAC_Wave2_DMA_DmaInitialize
 .text.WaveDAC_VDAC8_Init
                0x00003f9c       0x3c .\CortexM3\ARM_GCC_541\Debug\F1-TestFixture.a(WaveDAC_VDAC8.o)
                0x00003f9c                WaveDAC_VDAC8_Init
 .text.WaveDAC_VDAC8_Enable
                0x00003fd8       0x34 .\CortexM3\ARM_GCC_541\Debug\F1-TestFixture.a(WaveDAC_VDAC8.o)
                0x00003fd8                WaveDAC_VDAC8_Enable
 .text.WaveDAC_VDAC8_Stop
                0x0000400c       0x34 .\CortexM3\ARM_GCC_541\Debug\F1-TestFixture.a(WaveDAC_VDAC8.o)
                0x0000400c                WaveDAC_VDAC8_Stop
 .text.WaveDAC_VDAC8_SetSpeed
                0x00004040       0x40 .\CortexM3\ARM_GCC_541\Debug\F1-TestFixture.a(WaveDAC_VDAC8.o)
                0x00004040                WaveDAC_VDAC8_SetSpeed
 .text.WaveDAC_VDAC8_SetRange
                0x00004080       0x40 .\CortexM3\ARM_GCC_541\Debug\F1-TestFixture.a(WaveDAC_VDAC8.o)
                0x00004080                WaveDAC_VDAC8_SetRange
 .text.WaveDAC_VDAC8_SetValue
                0x000040c0       0x20 .\CortexM3\ARM_GCC_541\Debug\F1-TestFixture.a(WaveDAC_VDAC8.o)
                0x000040c0                WaveDAC_VDAC8_SetValue
 .text.WaveDAC_VDAC8_DacTrim
                0x000040e0       0x3c .\CortexM3\ARM_GCC_541\Debug\F1-TestFixture.a(WaveDAC_VDAC8.o)
                0x000040e0                WaveDAC_VDAC8_DacTrim
 .text.Timer_DAC_Init
                0x0000411c       0x9c .\CortexM3\ARM_GCC_541\Debug\F1-TestFixture.a(Timer_DAC.o)
                0x0000411c                Timer_DAC_Init
 .text.Timer_DAC_Enable
                0x000041b8       0x48 .\CortexM3\ARM_GCC_541\Debug\F1-TestFixture.a(Timer_DAC.o)
                0x000041b8                Timer_DAC_Enable
 .text.Timer_DAC_Start
                0x00004200       0x24 .\CortexM3\ARM_GCC_541\Debug\F1-TestFixture.a(Timer_DAC.o)
                0x00004200                Timer_DAC_Start
 .text.Timer_DAC_SetInterruptMode
                0x00004224       0x20 .\CortexM3\ARM_GCC_541\Debug\F1-TestFixture.a(Timer_DAC.o)
                0x00004224                Timer_DAC_SetInterruptMode
 .text.Timer_DAC_WritePeriod
                0x00004244       0x24 .\CortexM3\ARM_GCC_541\Debug\F1-TestFixture.a(Timer_DAC.o)
                0x00004244                Timer_DAC_WritePeriod
 .text.Timer_DAC_WriteCounter
                0x00004268       0x20 .\CortexM3\ARM_GCC_541\Debug\F1-TestFixture.a(Timer_DAC.o)
                0x00004268                Timer_DAC_WriteCounter
 .text.isr_ADC_AudioStream_Start
                0x00004288       0x20 .\CortexM3\ARM_GCC_541\Debug\F1-TestFixture.a(isr_ADC_AudioStream.o)
                0x00004288                isr_ADC_AudioStream_Start
 .text.isr_ADC_AudioStream_Interrupt
                0x000042a8       0x40 .\CortexM3\ARM_GCC_541\Debug\F1-TestFixture.a(isr_ADC_AudioStream.o)
                0x000042a8                isr_ADC_AudioStream_Interrupt
 .text.isr_ADC_AudioStream_SetVector
                0x000042e8       0x24 .\CortexM3\ARM_GCC_541\Debug\F1-TestFixture.a(isr_ADC_AudioStream.o)
                0x000042e8                isr_ADC_AudioStream_SetVector
 .text.isr_ADC_AudioStream_SetPriority
                0x0000430c       0x24 .\CortexM3\ARM_GCC_541\Debug\F1-TestFixture.a(isr_ADC_AudioStream.o)
                0x0000430c                isr_ADC_AudioStream_SetPriority
 .text.isr_ADC_AudioStream_Enable
                0x00004330       0x18 .\CortexM3\ARM_GCC_541\Debug\F1-TestFixture.a(isr_ADC_AudioStream.o)
                0x00004330                isr_ADC_AudioStream_Enable
 .text.isr_ADC_AudioStream_Disable
                0x00004348       0x18 .\CortexM3\ARM_GCC_541\Debug\F1-TestFixture.a(isr_ADC_AudioStream.o)
                0x00004348                isr_ADC_AudioStream_Disable
 .text.ADC_AudioStream_Start
                0x00004360       0x24 .\CortexM3\ARM_GCC_541\Debug\F1-TestFixture.a(ADC_AudioStream.o)
                0x00004360                ADC_AudioStream_Start
 .text.ADC_AudioStream_Init
                0x00004384       0x48 .\CortexM3\ARM_GCC_541\Debug\F1-TestFixture.a(ADC_AudioStream.o)
                0x00004384                ADC_AudioStream_Init
 .text.ADC_AudioStream_Enable
                0x000043cc       0xf4 .\CortexM3\ARM_GCC_541\Debug\F1-TestFixture.a(ADC_AudioStream.o)
                0x000043cc                ADC_AudioStream_Enable
 .text.ADC_AudioStream_SetResolution
                0x000044c0       0x54 .\CortexM3\ARM_GCC_541\Debug\F1-TestFixture.a(ADC_AudioStream.o)
                0x000044c0                ADC_AudioStream_SetResolution
 .text.ADC_AudioStream_StartConvert
                0x00004514       0x20 .\CortexM3\ARM_GCC_541\Debug\F1-TestFixture.a(ADC_AudioStream.o)
                0x00004514                ADC_AudioStream_StartConvert
 .text.ADC_AudioStream_GetResult16
                0x00004534       0x30 .\CortexM3\ARM_GCC_541\Debug\F1-TestFixture.a(ADC_AudioStream.o)
                0x00004534                ADC_AudioStream_GetResult16
 .text.ADC_AudioStream_CalcGain
                0x00004564       0x80 .\CortexM3\ARM_GCC_541\Debug\F1-TestFixture.a(ADC_AudioStream.o)
 .text.ADC_AudioStream_ISR
                0x000045e4        0xc .\CortexM3\ARM_GCC_541\Debug\F1-TestFixture.a(ADC_AudioStream_INT.o)
                0x000045e4                ADC_AudioStream_ISR
 .text.ADC_AudioStream_theACLK_SetModeRegister
                0x000045f0       0x34 .\CortexM3\ARM_GCC_541\Debug\F1-TestFixture.a(ADC_AudioStream_theACLK.o)
                0x000045f0                ADC_AudioStream_theACLK_SetModeRegister
 .text.RTest_BLOCK_4_EN_Write
                0x00004624       0x34 .\CortexM3\ARM_GCC_541\Debug\F1-TestFixture.a(RTest_BLOCK_4_EN.o)
                0x00004624                RTest_BLOCK_4_EN_Write
 .text.RTest_BLOCK_3_EN_Write
                0x00004658       0x38 .\CortexM3\ARM_GCC_541\Debug\F1-TestFixture.a(RTest_BLOCK_3_EN.o)
                0x00004658                RTest_BLOCK_3_EN_Write
 .text.RTest_BLOCK_2_EN_Write
                0x00004690       0x3c .\CortexM3\ARM_GCC_541\Debug\F1-TestFixture.a(RTest_BLOCK_2_EN.o)
                0x00004690                RTest_BLOCK_2_EN_Write
 .text.RTest_BLOCK_1_EN_Write
                0x000046cc       0x38 .\CortexM3\ARM_GCC_541\Debug\F1-TestFixture.a(RTest_BLOCK_1_EN.o)
                0x000046cc                RTest_BLOCK_1_EN_Write
 .text.RTest_DEMUX_C_Write
                0x00004704       0x3c .\CortexM3\ARM_GCC_541\Debug\F1-TestFixture.a(RTest_DEMUX_C.o)
                0x00004704                RTest_DEMUX_C_Write
 .text.RTest_DEMUX_B_Write
                0x00004740       0x3c .\CortexM3\ARM_GCC_541\Debug\F1-TestFixture.a(RTest_DEMUX_B.o)
                0x00004740                RTest_DEMUX_B_Write
 .text.RTest_DEMUX_A_Write
                0x0000477c       0x3c .\CortexM3\ARM_GCC_541\Debug\F1-TestFixture.a(RTest_DEMUX_A.o)
                0x0000477c                RTest_DEMUX_A_Write
 .text.RTest_DEMUX_COM_Read
                0x000047b8       0x20 .\CortexM3\ARM_GCC_541\Debug\F1-TestFixture.a(RTest_DEMUX_COM.o)
                0x000047b8                RTest_DEMUX_COM_Read
 .text.MUX_CTRL_115200_Write
                0x000047d8       0x20 .\CortexM3\ARM_GCC_541\Debug\F1-TestFixture.a(MUX_CTRL_115200.o)
                0x000047d8                MUX_CTRL_115200_Write
 .text          0x000047f8       0x20 .\CortexM3\ARM_GCC_541\Debug\F1-TestFixture.a(CyBootAsmGnu.o)
                0x000047f8                CyDelayCycles
                0x00004808                CyEnterCriticalSection
                0x00004810                CyExitCriticalSection
 .text.LED1_Write
                0x00004818       0x3c .\CortexM3\ARM_GCC_541\Debug\F1-TestFixture.a(LED1.o)
                0x00004818                LED1_Write
 .text.LED2_Write
                0x00004854       0x34 .\CortexM3\ARM_GCC_541\Debug\F1-TestFixture.a(LED2.o)
                0x00004854                LED2_Write
 .text.__errno  0x00004888        0xc c:/program files (x86)/cypress/psoc creator/4.3/psoc creator/import/gnu/arm/5.4.1/bin/../lib/gcc/arm-none-eabi/5.4.1/../../../../arm-none-eabi/lib/armv7-m\libg_nano.a(lib_a-errno.o)
                0x00004888                __errno
 .text.__libc_init_array
                0x00004894       0x4c c:/program files (x86)/cypress/psoc creator/4.3/psoc creator/import/gnu/arm/5.4.1/bin/../lib/gcc/arm-none-eabi/5.4.1/../../../../arm-none-eabi/lib/armv7-m\libg_nano.a(lib_a-init.o)
                0x00004894                __libc_init_array
 .text.memcpy   0x000048e0       0x16 c:/program files (x86)/cypress/psoc creator/4.3/psoc creator/import/gnu/arm/5.4.1/bin/../lib/gcc/arm-none-eabi/5.4.1/../../../../arm-none-eabi/lib/armv7-m\libg_nano.a(lib_a-memcpy-stub.o)
                0x000048e0                memcpy
 .text.memset   0x000048f6       0x10 c:/program files (x86)/cypress/psoc creator/4.3/psoc creator/import/gnu/arm/5.4.1/bin/../lib/gcc/arm-none-eabi/5.4.1/../../../../arm-none-eabi/lib/armv7-m\libg_nano.a(lib_a-memset.o)
                0x000048f6                memset
 *(.plt)
 *(.gnu.warning)
 *(.glue_7t)
 .glue_7t       0x00004906        0x0 linker stubs
 *(.glue_7)
 .glue_7        0x00004906        0x0 linker stubs
 *(.vfp11_veneer)
 .vfp11_veneer  0x00004906        0x0 linker stubs
 *(.bootloader)
 *(.ARM.extab* .gnu.linkonce.armextab.*)
 *(.gcc_except_table)

.v4_bx          0x00004908        0x0
 .v4_bx         0x00004908        0x0 linker stubs

.iplt           0x00004908        0x0
 .iplt          0x00004908        0x0 c:/program files (x86)/cypress/psoc creator/4.3/psoc creator/import/gnu/arm/5.4.1/bin/../lib/gcc/arm-none-eabi/5.4.1/armv7-m/crtbegin.o

.eh_frame_hdr
 *(.eh_frame_hdr)

.eh_frame       0x00004908        0x4
 *(.eh_frame)
 .eh_frame      0x00004908        0x0 c:/program files (x86)/cypress/psoc creator/4.3/psoc creator/import/gnu/arm/5.4.1/bin/../lib/gcc/arm-none-eabi/5.4.1/armv7-m/crtbegin.o
 .eh_frame      0x00004908        0x4 c:/program files (x86)/cypress/psoc creator/4.3/psoc creator/import/gnu/arm/5.4.1/bin/../lib/gcc/arm-none-eabi/5.4.1/armv7-m/crtend.o
                [!provide]                PROVIDE (__exidx_start, .)

.ARM.exidx
 *(.ARM.exidx* .gnu.linkonce.armexidx.*)
                0x0000490c                __exidx_end = .

.rodata         0x0000490c      0x144
 *(.rodata .rodata.* .gnu.linkonce.r.*)
 .rodata        0x0000490c       0x44 .\CortexM3\ARM_GCC_541\Debug\cyfitter_cfg.o
 .rodata        0x00004950       0xc8 .\CortexM3\ARM_GCC_541\Debug\F1-TestFixture.a(WaveDAC.o)
                0x00004950                WaveDAC_wave1
                0x000049b4                WaveDAC_wave2
 .rodata.str1.1
                0x00004a18        0x2 c:/program files (x86)/cypress/psoc creator/4.3/psoc creator/import/gnu/arm/5.4.1/bin/../lib/gcc/arm-none-eabi/5.4.1/../../../../arm-none-eabi/lib/armv7-m\libg_nano.a(lib_a-impure.o)
                0x00004a1c                . = ALIGN (0x4)
 *fill*         0x00004a1a        0x2 
 *(.init)
 .init          0x00004a1c        0x4 c:/program files (x86)/cypress/psoc creator/4.3/psoc creator/import/gnu/arm/5.4.1/bin/../lib/gcc/arm-none-eabi/5.4.1/armv7-m/crti.o
                0x00004a1c                _init
 .init          0x00004a20        0x8 c:/program files (x86)/cypress/psoc creator/4.3/psoc creator/import/gnu/arm/5.4.1/bin/../lib/gcc/arm-none-eabi/5.4.1/armv7-m/crtn.o
                0x00004a28                . = ALIGN (0x4)
                0x00004a28                __preinit_array_start = .
 *(.preinit_array)
                0x00004a28                __preinit_array_end = .
                0x00004a28                . = ALIGN (0x4)
                0x00004a28                __init_array_start = .
 *(SORT(.init_array.*))
 *(.init_array)
 .init_array    0x00004a28        0x4 c:/program files (x86)/cypress/psoc creator/4.3/psoc creator/import/gnu/arm/5.4.1/bin/../lib/gcc/arm-none-eabi/5.4.1/armv7-m/crtbegin.o
 .init_array    0x00004a2c        0x4 .\CortexM3\ARM_GCC_541\Debug\Cm3Start.o
                0x00004a30                __init_array_end = .
                0x00004a30                . = ALIGN (0x4)
 *(.fini)
 .fini          0x00004a30        0x4 c:/program files (x86)/cypress/psoc creator/4.3/psoc creator/import/gnu/arm/5.4.1/bin/../lib/gcc/arm-none-eabi/5.4.1/armv7-m/crti.o
                0x00004a30                _fini
 .fini          0x00004a34        0x8 c:/program files (x86)/cypress/psoc creator/4.3/psoc creator/import/gnu/arm/5.4.1/bin/../lib/gcc/arm-none-eabi/5.4.1/armv7-m/crtn.o
                0x00004a3c                . = ALIGN (0x4)
                0x00004a3c                __fini_array_start = .
 *(.fini_array)
 .fini_array    0x00004a3c        0x4 c:/program files (x86)/cypress/psoc creator/4.3/psoc creator/import/gnu/arm/5.4.1/bin/../lib/gcc/arm-none-eabi/5.4.1/armv7-m/crtbegin.o
 *(SORT(.fini_array.*))
                0x00004a40                __fini_array_end = .
                0x00004a40                . = ALIGN (0x4)
 *crtbegin.o(.ctors)
 *(EXCLUDE_FILE(*crtend.o) .ctors)
 *(SORT(.ctors.*))
 *crtend.o(.ctors)
                0x00004a40                . = ALIGN (0x4)
 *crtbegin.o(.dtors)
 *(EXCLUDE_FILE(*crtend.o) .dtors)
 *(SORT(.dtors.*))
 *crtend.o(.dtors)
                0x00004a40                . = ALIGN (0x4)
                0x00004a40                __cy_regions = .
                0x00004a40        0x4 LONG 0x4a50 __cy_region_init_ram
                0x00004a44        0x4 LONG 0x1fffc0c8 __cy_region_start_data
                0x00004a48        0x4 LONG 0xf8 __cy_region_init_size_ram
                0x00004a4c        0x4 LONG 0x18f0 __cy_region_zero_size_ram
                0x00004a50                __cy_regions_end = .
                0x00004a50                . = ALIGN (0x8)
                0x00004a50                _etext = .

.cy_checksum_exclude
                0x00004a50        0x0
 *(.cy_checksum_exclude)

.ramvectors     0x1fffc000       0xc0
                0x1fffc000                __cy_region_start_ram = .
 *(.ramvectors)
 .ramvectors    0x1fffc000       0xc0 .\CortexM3\ARM_GCC_541\Debug\Cm3Start.o
                0x1fffc000                CyRamVectors

.noinit         0x1fffc0c0        0x5
 *(.noinit)
 .noinit        0x1fffc0c0        0x4 .\CortexM3\ARM_GCC_541\Debug\Cm3Start.o
 .noinit        0x1fffc0c4        0x1 .\CortexM3\ARM_GCC_541\Debug\F1-TestFixture.a(CyLib.o)
                0x1fffc0c4                CyResetStatus

.data           0x1fffc0c8       0xf8 load address 0x00004a50
                0x1fffc0c8                __cy_region_start_data = .
 *(.jcr)
 .jcr           0x1fffc0c8        0x0 c:/program files (x86)/cypress/psoc creator/4.3/psoc creator/import/gnu/arm/5.4.1/bin/../lib/gcc/arm-none-eabi/5.4.1/armv7-m/crtbegin.o
 .jcr           0x1fffc0c8        0x4 c:/program files (x86)/cypress/psoc creator/4.3/psoc creator/import/gnu/arm/5.4.1/bin/../lib/gcc/arm-none-eabi/5.4.1/armv7-m/crtend.o
 *(.got.plt)
 *(.got)
 *(.shdata)
 *(.data .data.* .gnu.linkonce.d.*)
 .data          0x1fffc0cc       0x1a .\CortexM3\ARM_GCC_541\Debug\UART_230400_Functions.o
 *fill*         0x1fffc0e6        0x2 
 .data          0x1fffc0e8       0x1e .\CortexM3\ARM_GCC_541\Debug\RelayTest.o
 *fill*         0x1fffc106        0x2 
 .data          0x1fffc108        0xa .\CortexM3\ARM_GCC_541\Debug\UART_460800_Functions.o
 *fill*         0x1fffc112        0x2 
 .data          0x1fffc114        0x5 .\CortexM3\ARM_GCC_541\Debug\UART_115200_Functions.o
 *fill*         0x1fffc119        0x3 
 .data          0x1fffc11c       0x20 .\CortexM3\ARM_GCC_541\Debug\CD4051BPW_Driver.o
 .data          0x1fffc13c        0x8 .\CortexM3\ARM_GCC_541\Debug\F1-TestFixture.a(CyDmac.o)
 .data          0x1fffc144       0x10 .\CortexM3\ARM_GCC_541\Debug\F1-TestFixture.a(CyLib.o)
                0x1fffc144                cydelay_freq_hz
                0x1fffc148                cydelay_freq_khz
                0x1fffc14c                cydelay_freq_mhz
                0x1fffc150                cydelay_32k_ms
 .data          0x1fffc154        0x1 .\CortexM3\ARM_GCC_541\Debug\F1-TestFixture.a(WaveDAC_Wave1_DMA_dma.o)
                0x1fffc154                WaveDAC_Wave1_DMA_DmaHandle
 .data          0x1fffc155        0x1 .\CortexM3\ARM_GCC_541\Debug\F1-TestFixture.a(WaveDAC_Wave2_DMA_dma.o)
                0x1fffc155                WaveDAC_Wave2_DMA_DmaHandle
 *fill*         0x1fffc156        0x2 
 .data.impure_data
                0x1fffc158       0x60 c:/program files (x86)/cypress/psoc creator/4.3/psoc creator/import/gnu/arm/5.4.1/bin/../lib/gcc/arm-none-eabi/5.4.1/../../../../arm-none-eabi/lib/armv7-m\libg_nano.a(lib_a-impure.o)
 .data._impure_ptr
                0x1fffc1b8        0x4 c:/program files (x86)/cypress/psoc creator/4.3/psoc creator/import/gnu/arm/5.4.1/bin/../lib/gcc/arm-none-eabi/5.4.1/../../../../arm-none-eabi/lib/armv7-m\libg_nano.a(lib_a-impure.o)
                0x1fffc1b8                _impure_ptr
                0x1fffc1c0                . = ALIGN (0x8)
 *fill*         0x1fffc1bc        0x4 
 *(.ram)
                0x1fffc1c0                _edata = .

.igot.plt       0x1fffc1c0        0x0 load address 0x00004b48
 .igot.plt      0x1fffc1c0        0x0 c:/program files (x86)/cypress/psoc creator/4.3/psoc creator/import/gnu/arm/5.4.1/bin/../lib/gcc/arm-none-eabi/5.4.1/armv7-m/crtbegin.o

.bss            0x1fffc1c0     0x18f0 load address 0x00004b48
                0x1fffc1c0                PROVIDE (__bss_start__, .)
 *(.shbss)
 *(.bss .bss.* .gnu.linkonce.b.*)
 .bss           0x1fffc1c0       0x1c c:/program files (x86)/cypress/psoc creator/4.3/psoc creator/import/gnu/arm/5.4.1/bin/../lib/gcc/arm-none-eabi/5.4.1/armv7-m/crtbegin.o
 .bss           0x1fffc1dc      0x1d8 .\CortexM3\ARM_GCC_541\Debug\ControllerTest.o
 .bss           0x1fffc3b4      0x17a .\CortexM3\ARM_GCC_541\Debug\UART_230400_Functions.o
 *fill*         0x1fffc52e        0x2 
 .bss           0x1fffc530       0x9a .\CortexM3\ARM_GCC_541\Debug\SirenTest.o
 *fill*         0x1fffc5ca        0x2 
 .bss           0x1fffc5cc      0x12e .\CortexM3\ARM_GCC_541\Debug\RelayTest.o
 *fill*         0x1fffc6fa        0x2 
 .bss           0x1fffc6fc      0x238 .\CortexM3\ARM_GCC_541\Debug\UART_460800_Functions.o
 .bss           0x1fffc934       0x78 .\CortexM3\ARM_GCC_541\Debug\UART_115200_Functions.o
 .bss           0x1fffc9ac        0x7 .\CortexM3\ARM_GCC_541\Debug\F1-TestFixture.a(UART_230400.o)
                0x1fffc9ac                UART_230400_initVar
                0x1fffc9ae                UART_230400_txBufferRead
                0x1fffc9b0                UART_230400_txBufferWrite
 .bss           0x1fffc9b3        0x1 .\CortexM3\ARM_GCC_541\Debug\F1-TestFixture.a(Timer_20ms.o)
                0x1fffc9b3                Timer_20ms_initVar
 .bss           0x1fffc9b4        0x7 .\CortexM3\ARM_GCC_541\Debug\F1-TestFixture.a(UART_115200.o)
                0x1fffc9b4                UART_115200_initVar
                0x1fffc9b6                UART_115200_txBufferRead
                0x1fffc9b8                UART_115200_txBufferWrite
 *fill*         0x1fffc9bb        0x1 
 .bss           0x1fffc9bc        0x7 .\CortexM3\ARM_GCC_541\Debug\F1-TestFixture.a(UART_460800.o)
                0x1fffc9bc                UART_460800_initVar
                0x1fffc9be                UART_460800_txBufferRead
                0x1fffc9c0                UART_460800_txBufferWrite
 .bss           0x1fffc9c3        0x1 .\CortexM3\ARM_GCC_541\Debug\F1-TestFixture.a(Timer_10ms.o)
                0x1fffc9c3                Timer_10ms_initVar
 .bss           0x1fffc9c4        0x1 .\CortexM3\ARM_GCC_541\Debug\F1-TestFixture.a(Timer_50ms.o)
                0x1fffc9c4                Timer_50ms_initVar
 .bss           0x1fffc9c5        0x5 .\CortexM3\ARM_GCC_541\Debug\F1-TestFixture.a(WaveDAC.o)
                0x1fffc9c5                WaveDAC_initVar
 .bss           0x1fffc9ca        0x1 .\CortexM3\ARM_GCC_541\Debug\F1-TestFixture.a(Timer_DAC.o)
                0x1fffc9ca                Timer_DAC_initVar
 *fill*         0x1fffc9cb        0x1 
 .bss           0x1fffc9cc       0xcc .\CortexM3\ARM_GCC_541\Debug\F1-TestFixture.a(isr_ADC_AudioStream.o)
 .bss           0x1fffca98        0x1 .\CortexM3\ARM_GCC_541\Debug\F1-TestFixture.a(ADC_AudioStream.o)
                0x1fffca98                ADC_AudioStream_initVar
 *(COMMON)
 *fill*         0x1fffca99        0x3 
 COMMON         0x1fffca9c      0x400 .\CortexM3\ARM_GCC_541\Debug\F1-TestFixture.a(UART_230400.o)
                0x1fffca9c                UART_230400_txBuffer
 COMMON         0x1fffce9c      0x400 .\CortexM3\ARM_GCC_541\Debug\F1-TestFixture.a(UART_115200.o)
                0x1fffce9c                UART_115200_txBuffer
 COMMON         0x1fffd29c      0x800 .\CortexM3\ARM_GCC_541\Debug\F1-TestFixture.a(UART_460800.o)
                0x1fffd29c                UART_460800_txBuffer
 COMMON         0x1fffda9c        0x3 .\CortexM3\ARM_GCC_541\Debug\F1-TestFixture.a(isr_Timer_50ms.o)
                0x1fffda9c                CurrentTest
 *fill*         0x1fffda9f        0x1 
 COMMON         0x1fffdaa0        0xc .\CortexM3\ARM_GCC_541\Debug\F1-TestFixture.a(ADC_AudioStream.o)
                0x1fffdaa0                ADC_AudioStream_shift
                0x1fffdaa2                ADC_AudioStream_offset
                0x1fffdaa4                ADC_AudioStream_countsPerVolt
                0x1fffdaa8                ADC_AudioStream_countsPer10Volt
                0x1fffdab0                . = ALIGN (0x8)
 *fill*         0x1fffdaac        0x4 
 *(.ram.b)
                0x1fffdab0                _end = .
                0x1fffdab0                __end = .
                0x1fffdab0                PROVIDE (end, .)
                0x1fffdab0                PROVIDE (__bss_end__, .)
                0x00004a50                __cy_region_init_ram = LOADADDR (.data)
                0x000000f8                __cy_region_init_size_ram = (_edata - ADDR (.data))
                0x000018f0                __cy_region_zero_size_ram = (_end - _edata)

.heap           0x1fffdab0       0x80 load address 0x00004b48
                0x1fffdab0                . = _end
                0x1fffdb30                . = (. + 0x80)
 *fill*         0x1fffdab0       0x80 
                0x1fffdb30                __cy_heap_limit = .

.stack          0x20003800      0x800
                0x20003800                __cy_stack_limit = .
                0x20004000                . = (. + 0x800)
 *fill*         0x20003800      0x800 
                0x00000001                ASSERT ((__cy_stack_limit >= __cy_heap_limit), region RAM overflowed with stack)
                0x00000000                cy_checksum_exclude_size = (CY_APPL_LOADABLE == 0x1)?SIZEOF (.cy_checksum_exclude):0x0
                0x00000001                ASSERT ((cy_checksum_exclude_size <= CY_CHECKSUM_EXCLUDE_SIZE), CY_BOOT: Section .cy_checksum_exclude size exceedes specified limit.)

.cyloadermeta
 *(.cyloadermeta)

.cyloadablemeta
 *(.cyloadablemeta)

.cyconfigecc    0x80000000      0xb48
 *(.cyconfigecc)
 .cyconfigecc   0x80000000      0xb48 .\CortexM3\ARM_GCC_541\Debug\cymetadata.o
                0x80000000                cy_meta_configecc

.cycustnvl      0x90000000        0x4
 *(.cycustnvl)
 .cycustnvl     0x90000000        0x4 .\CortexM3\ARM_GCC_541\Debug\cymetadata.o
                0x90000000                cy_meta_custnvl

.cywolatch      0x90100000        0x4
 *(.cywolatch)
 .cywolatch     0x90100000        0x4 .\CortexM3\ARM_GCC_541\Debug\cymetadata.o
                0x90100000                cy_meta_wonvl

.cyeeprom       0x90200000        0x0
 *(.cyeeprom)
                0x00000001                ASSERT ((. <= ((0x90200000 + ee_offset) + ee_size)), .cyeeprom data will not fit in EEPROM)

.cyflashprotect
                0x90400000       0x80
 *(.cyflashprotect)
 .cyflashprotect
                0x90400000       0x80 .\CortexM3\ARM_GCC_541\Debug\cymetadata.o
                0x90400000                cy_meta_flashprotect

.cymeta         0x90500000        0xc
 *(.cymeta)
 .cymeta        0x90500000        0xc .\CortexM3\ARM_GCC_541\Debug\cymetadata.o
                0x90500000                cy_metadata

.rel.dyn        0x00004b48        0x0 load address 0x9050000c
 .rel.iplt      0x00004b48        0x0 c:/program files (x86)/cypress/psoc creator/4.3/psoc creator/import/gnu/arm/5.4.1/bin/../lib/gcc/arm-none-eabi/5.4.1/armv7-m/crtbegin.o

.stab
 *(.stab)

.stabstr
 *(.stabstr)

.debug
 *(.debug)

.line
 *(.line)

.debug_srcinfo
 *(.debug_srcinfo)

.debug_sfnames
 *(.debug_sfnames)

.debug_aranges  0x00000000     0x1aa8
 *(.debug_aranges)
 .debug_aranges
                0x00000000       0x38 .\CortexM3\ARM_GCC_541\Debug\main.o
 .debug_aranges
                0x00000038       0x68 .\CortexM3\ARM_GCC_541\Debug\ControllerTest.o
 .debug_aranges
                0x000000a0       0x58 .\CortexM3\ARM_GCC_541\Debug\UART_230400_Functions.o
 .debug_aranges
                0x000000f8       0x78 .\CortexM3\ARM_GCC_541\Debug\SirenTest.o
 .debug_aranges
                0x00000170       0xd0 .\CortexM3\ARM_GCC_541\Debug\RelayTest.o
 .debug_aranges
                0x00000240       0x48 .\CortexM3\ARM_GCC_541\Debug\UART_460800_Functions.o
 .debug_aranges
                0x00000288       0x38 .\CortexM3\ARM_GCC_541\Debug\UART_115200_Functions.o
 .debug_aranges
                0x000002c0       0x30 .\CortexM3\ARM_GCC_541\Debug\CD4051BPW_Driver.o
 .debug_aranges
                0x000002f0       0x60 .\CortexM3\ARM_GCC_541\Debug\cyfitter_cfg.o
 .debug_aranges
                0x00000350       0x18 .\CortexM3\ARM_GCC_541\Debug\cymetadata.o
 .debug_aranges
                0x00000368       0x48 .\CortexM3\ARM_GCC_541\Debug\Cm3Start.o
 .debug_aranges
                0x000003b0       0xd8 .\CortexM3\ARM_GCC_541\Debug\F1-TestFixture.a(CyDmac.o)
 .debug_aranges
                0x00000488      0x2a0 .\CortexM3\ARM_GCC_541\Debug\F1-TestFixture.a(CyLib.o)
 .debug_aranges
                0x00000728       0x98 .\CortexM3\ARM_GCC_541\Debug\F1-TestFixture.a(cyPm.o)
 .debug_aranges
                0x000007c0       0x38 .\CortexM3\ARM_GCC_541\Debug\F1-TestFixture.a(RTest_SIREN_EN.o)
 .debug_aranges
                0x000007f8       0x38 .\CortexM3\ARM_GCC_541\Debug\F1-TestFixture.a(RTest_HSide1.o)
 .debug_aranges
                0x00000830       0x38 .\CortexM3\ARM_GCC_541\Debug\F1-TestFixture.a(RTest_HSide3.o)
 .debug_aranges
                0x00000868       0x38 .\CortexM3\ARM_GCC_541\Debug\F1-TestFixture.a(RTest_HSide2.o)
 .debug_aranges
                0x000008a0       0x38 .\CortexM3\ARM_GCC_541\Debug\F1-TestFixture.a(RTest_HSide4.o)
 .debug_aranges
                0x000008d8       0x38 .\CortexM3\ARM_GCC_541\Debug\F1-TestFixture.a(RTest_HSide5.o)
 .debug_aranges
                0x00000910       0x38 .\CortexM3\ARM_GCC_541\Debug\F1-TestFixture.a(RTest_HSide6.o)
 .debug_aranges
                0x00000948       0x38 .\CortexM3\ARM_GCC_541\Debug\F1-TestFixture.a(RTest_HSide7.o)
 .debug_aranges
                0x00000980       0x38 .\CortexM3\ARM_GCC_541\Debug\F1-TestFixture.a(RTest_HSide8.o)
 .debug_aranges
                0x000009b8       0x80 .\CortexM3\ARM_GCC_541\Debug\F1-TestFixture.a(isr_UART_230400.o)
 .debug_aranges
                0x00000a38       0xf0 .\CortexM3\ARM_GCC_541\Debug\F1-TestFixture.a(UART_230400.o)
 .debug_aranges
                0x00000b28       0x20 .\CortexM3\ARM_GCC_541\Debug\F1-TestFixture.a(UART_230400_INT.o)
 .debug_aranges
                0x00000b48       0x70 .\CortexM3\ARM_GCC_541\Debug\F1-TestFixture.a(UART_230400_IntClock.o)
 .debug_aranges
                0x00000bb8       0x28 .\CortexM3\ARM_GCC_541\Debug\F1-TestFixture.a(MUX_CTRL_230400.o)
 .debug_aranges
                0x00000be0       0x88 .\CortexM3\ARM_GCC_541\Debug\F1-TestFixture.a(Timer_20ms.o)
 .debug_aranges
                0x00000c68       0x38 .\CortexM3\ARM_GCC_541\Debug\F1-TestFixture.a(LED_EN.o)
 .debug_aranges
                0x00000ca0       0x80 .\CortexM3\ARM_GCC_541\Debug\F1-TestFixture.a(isr_Timer_20ms.o)
 .debug_aranges
                0x00000d20       0xf0 .\CortexM3\ARM_GCC_541\Debug\F1-TestFixture.a(UART_115200.o)
 .debug_aranges
                0x00000e10       0x20 .\CortexM3\ARM_GCC_541\Debug\F1-TestFixture.a(UART_115200_INT.o)
 .debug_aranges
                0x00000e30       0x80 .\CortexM3\ARM_GCC_541\Debug\F1-TestFixture.a(isr_UART_115200.o)
 .debug_aranges
                0x00000eb0       0x70 .\CortexM3\ARM_GCC_541\Debug\F1-TestFixture.a(UART_115200_IntClock.o)
 .debug_aranges
                0x00000f20       0x28 .\CortexM3\ARM_GCC_541\Debug\F1-TestFixture.a(DEMUX_CTRL_230400.o)
 .debug_aranges
                0x00000f48       0x80 .\CortexM3\ARM_GCC_541\Debug\F1-TestFixture.a(isr_UART_460800.o)
 .debug_aranges
                0x00000fc8       0xf0 .\CortexM3\ARM_GCC_541\Debug\F1-TestFixture.a(UART_460800.o)
 .debug_aranges
                0x000010b8       0x20 .\CortexM3\ARM_GCC_541\Debug\F1-TestFixture.a(UART_460800_INT.o)
 .debug_aranges
                0x000010d8       0x28 .\CortexM3\ARM_GCC_541\Debug\F1-TestFixture.a(MUX_CTRL_460800.o)
 .debug_aranges
                0x00001100       0x28 .\CortexM3\ARM_GCC_541\Debug\F1-TestFixture.a(DEMUX_CTRL_460800.o)
 .debug_aranges
                0x00001128       0x70 .\CortexM3\ARM_GCC_541\Debug\F1-TestFixture.a(UART_460800_IntClock.o)
 .debug_aranges
                0x00001198       0x88 .\CortexM3\ARM_GCC_541\Debug\F1-TestFixture.a(Timer_10ms.o)
 .debug_aranges
                0x00001220       0x80 .\CortexM3\ARM_GCC_541\Debug\F1-TestFixture.a(isr_Timer_10ms.o)
 .debug_aranges
                0x000012a0       0x88 .\CortexM3\ARM_GCC_541\Debug\F1-TestFixture.a(Timer_50ms.o)
 .debug_aranges
                0x00001328       0x80 .\CortexM3\ARM_GCC_541\Debug\F1-TestFixture.a(isr_Timer_50ms.o)
 .debug_aranges
                0x000013a8       0x38 .\CortexM3\ARM_GCC_541\Debug\F1-TestFixture.a(PB_NextAction.o)
 .debug_aranges
                0x000013e0       0x50 .\CortexM3\ARM_GCC_541\Debug\F1-TestFixture.a(WaveDAC.o)
 .debug_aranges
                0x00001430       0x28 .\CortexM3\ARM_GCC_541\Debug\F1-TestFixture.a(WaveDAC_Wave1_DMA_dma.o)
 .debug_aranges
                0x00001458       0x28 .\CortexM3\ARM_GCC_541\Debug\F1-TestFixture.a(WaveDAC_Wave2_DMA_dma.o)
 .debug_aranges
                0x00001480       0x58 .\CortexM3\ARM_GCC_541\Debug\F1-TestFixture.a(WaveDAC_VDAC8.o)
 .debug_aranges
                0x000014d8       0x88 .\CortexM3\ARM_GCC_541\Debug\F1-TestFixture.a(Timer_DAC.o)
 .debug_aranges
                0x00001560       0x80 .\CortexM3\ARM_GCC_541\Debug\F1-TestFixture.a(isr_ADC_AudioStream.o)
 .debug_aranges
                0x000015e0       0xa8 .\CortexM3\ARM_GCC_541\Debug\F1-TestFixture.a(ADC_AudioStream.o)
 .debug_aranges
                0x00001688       0x20 .\CortexM3\ARM_GCC_541\Debug\F1-TestFixture.a(ADC_AudioStream_INT.o)
 .debug_aranges
                0x000016a8       0x80 .\CortexM3\ARM_GCC_541\Debug\F1-TestFixture.a(ADC_AudioStream_theACLK.o)
 .debug_aranges
                0x00001728       0x38 .\CortexM3\ARM_GCC_541\Debug\F1-TestFixture.a(RTest_BLOCK_4_EN.o)
 .debug_aranges
                0x00001760       0x38 .\CortexM3\ARM_GCC_541\Debug\F1-TestFixture.a(RTest_BLOCK_3_EN.o)
 .debug_aranges
                0x00001798       0x38 .\CortexM3\ARM_GCC_541\Debug\F1-TestFixture.a(RTest_BLOCK_2_EN.o)
 .debug_aranges
                0x000017d0       0x38 .\CortexM3\ARM_GCC_541\Debug\F1-TestFixture.a(RTest_BLOCK_1_EN.o)
 .debug_aranges
                0x00001808       0x38 .\CortexM3\ARM_GCC_541\Debug\F1-TestFixture.a(RTest_DEMUX_C.o)
 .debug_aranges
                0x00001840       0x38 .\CortexM3\ARM_GCC_541\Debug\F1-TestFixture.a(RTest_DEMUX_B.o)
 .debug_aranges
                0x00001878       0x38 .\CortexM3\ARM_GCC_541\Debug\F1-TestFixture.a(RTest_DEMUX_A.o)
 .debug_aranges
                0x000018b0       0x38 .\CortexM3\ARM_GCC_541\Debug\F1-TestFixture.a(RTest_DEMUX_COM.o)
 .debug_aranges
                0x000018e8       0x28 .\CortexM3\ARM_GCC_541\Debug\F1-TestFixture.a(MUX_CTRL_115200.o)
 .debug_aranges
                0x00001910       0x20 .\CortexM3\ARM_GCC_541\Debug\F1-TestFixture.a(CyBootAsmGnu.o)
 .debug_aranges
                0x00001930       0x88 .\CortexM3\ARM_GCC_541\Debug\F1-TestFixture.a(CyFlash.o)
 .debug_aranges
                0x000019b8       0x80 .\CortexM3\ARM_GCC_541\Debug\F1-TestFixture.a(CySpc.o)
 .debug_aranges
                0x00001a38       0x38 .\CortexM3\ARM_GCC_541\Debug\F1-TestFixture.a(LED1.o)
 .debug_aranges
                0x00001a70       0x38 .\CortexM3\ARM_GCC_541\Debug\F1-TestFixture.a(LED2.o)

.debug_pubnames
 *(.debug_pubnames)

.debug_info     0x00000000     0xc8e1
 *(.debug_info .gnu.linkonce.wi.*)
 .debug_info    0x00000000      0x185 .\CortexM3\ARM_GCC_541\Debug\main.o
 .debug_info    0x00000185      0x4b0 .\CortexM3\ARM_GCC_541\Debug\ControllerTest.o
 .debug_info    0x00000635      0xbb5 .\CortexM3\ARM_GCC_541\Debug\UART_230400_Functions.o
 .debug_info    0x000011ea      0x8fe .\CortexM3\ARM_GCC_541\Debug\SirenTest.o
 .debug_info    0x00001ae8     0x1259 .\CortexM3\ARM_GCC_541\Debug\RelayTest.o
 .debug_info    0x00002d41      0x9f2 .\CortexM3\ARM_GCC_541\Debug\UART_460800_Functions.o
 .debug_info    0x00003733      0x329 .\CortexM3\ARM_GCC_541\Debug\UART_115200_Functions.o
 .debug_info    0x00003a5c      0x14e .\CortexM3\ARM_GCC_541\Debug\CD4051BPW_Driver.o
 .debug_info    0x00003baa      0x470 .\CortexM3\ARM_GCC_541\Debug\cyfitter_cfg.o
 .debug_info    0x0000401a      0x139 .\CortexM3\ARM_GCC_541\Debug\cymetadata.o
 .debug_info    0x00004153      0x32b .\CortexM3\ARM_GCC_541\Debug\Cm3Start.o
 .debug_info    0x0000447e      0x8c0 .\CortexM3\ARM_GCC_541\Debug\F1-TestFixture.a(CyDmac.o)
 .debug_info    0x00004d3e      0xe51 .\CortexM3\ARM_GCC_541\Debug\F1-TestFixture.a(CyLib.o)
 .debug_info    0x00005b8f      0x57a .\CortexM3\ARM_GCC_541\Debug\F1-TestFixture.a(cyPm.o)
 .debug_info    0x00006109      0x11e .\CortexM3\ARM_GCC_541\Debug\F1-TestFixture.a(RTest_SIREN_EN.o)
 .debug_info    0x00006227      0x11e .\CortexM3\ARM_GCC_541\Debug\F1-TestFixture.a(RTest_HSide1.o)
 .debug_info    0x00006345      0x11e .\CortexM3\ARM_GCC_541\Debug\F1-TestFixture.a(RTest_HSide3.o)
 .debug_info    0x00006463      0x11e .\CortexM3\ARM_GCC_541\Debug\F1-TestFixture.a(RTest_HSide2.o)
 .debug_info    0x00006581      0x11e .\CortexM3\ARM_GCC_541\Debug\F1-TestFixture.a(RTest_HSide4.o)
 .debug_info    0x0000669f      0x11e .\CortexM3\ARM_GCC_541\Debug\F1-TestFixture.a(RTest_HSide5.o)
 .debug_info    0x000067bd      0x11e .\CortexM3\ARM_GCC_541\Debug\F1-TestFixture.a(RTest_HSide6.o)
 .debug_info    0x000068db      0x11e .\CortexM3\ARM_GCC_541\Debug\F1-TestFixture.a(RTest_HSide7.o)
 .debug_info    0x000069f9      0x11e .\CortexM3\ARM_GCC_541\Debug\F1-TestFixture.a(RTest_HSide8.o)
 .debug_info    0x00006b17      0x268 .\CortexM3\ARM_GCC_541\Debug\F1-TestFixture.a(isr_UART_230400.o)
 .debug_info    0x00006d7f      0x593 .\CortexM3\ARM_GCC_541\Debug\F1-TestFixture.a(UART_230400.o)
 .debug_info    0x00007312      0x108 .\CortexM3\ARM_GCC_541\Debug\F1-TestFixture.a(UART_230400_INT.o)
 .debug_info    0x0000741a      0x25d .\CortexM3\ARM_GCC_541\Debug\F1-TestFixture.a(UART_230400_IntClock.o)
 .debug_info    0x00007677       0xd7 .\CortexM3\ARM_GCC_541\Debug\F1-TestFixture.a(MUX_CTRL_230400.o)
 .debug_info    0x0000774e      0x245 .\CortexM3\ARM_GCC_541\Debug\F1-TestFixture.a(Timer_20ms.o)
 .debug_info    0x00007993      0x11e .\CortexM3\ARM_GCC_541\Debug\F1-TestFixture.a(LED_EN.o)
 .debug_info    0x00007ab1      0x268 .\CortexM3\ARM_GCC_541\Debug\F1-TestFixture.a(isr_Timer_20ms.o)
 .debug_info    0x00007d19      0x593 .\CortexM3\ARM_GCC_541\Debug\F1-TestFixture.a(UART_115200.o)
 .debug_info    0x000082ac      0x108 .\CortexM3\ARM_GCC_541\Debug\F1-TestFixture.a(UART_115200_INT.o)
 .debug_info    0x000083b4      0x268 .\CortexM3\ARM_GCC_541\Debug\F1-TestFixture.a(isr_UART_115200.o)
 .debug_info    0x0000861c      0x25d .\CortexM3\ARM_GCC_541\Debug\F1-TestFixture.a(UART_115200_IntClock.o)
 .debug_info    0x00008879       0xd7 .\CortexM3\ARM_GCC_541\Debug\F1-TestFixture.a(DEMUX_CTRL_230400.o)
 .debug_info    0x00008950      0x268 .\CortexM3\ARM_GCC_541\Debug\F1-TestFixture.a(isr_UART_460800.o)
 .debug_info    0x00008bb8      0x593 .\CortexM3\ARM_GCC_541\Debug\F1-TestFixture.a(UART_460800.o)
 .debug_info    0x0000914b      0x108 .\CortexM3\ARM_GCC_541\Debug\F1-TestFixture.a(UART_460800_INT.o)
 .debug_info    0x00009253       0xd7 .\CortexM3\ARM_GCC_541\Debug\F1-TestFixture.a(MUX_CTRL_460800.o)
 .debug_info    0x0000932a       0xd7 .\CortexM3\ARM_GCC_541\Debug\F1-TestFixture.a(DEMUX_CTRL_460800.o)
 .debug_info    0x00009401      0x25d .\CortexM3\ARM_GCC_541\Debug\F1-TestFixture.a(UART_460800_IntClock.o)
 .debug_info    0x0000965e      0x245 .\CortexM3\ARM_GCC_541\Debug\F1-TestFixture.a(Timer_10ms.o)
 .debug_info    0x000098a3      0x26a .\CortexM3\ARM_GCC_541\Debug\F1-TestFixture.a(isr_Timer_10ms.o)
 .debug_info    0x00009b0d      0x245 .\CortexM3\ARM_GCC_541\Debug\F1-TestFixture.a(Timer_50ms.o)
 .debug_info    0x00009d52      0x2cb .\CortexM3\ARM_GCC_541\Debug\F1-TestFixture.a(isr_Timer_50ms.o)
 .debug_info    0x0000a01d      0x11e .\CortexM3\ARM_GCC_541\Debug\F1-TestFixture.a(PB_NextAction.o)
 .debug_info    0x0000a13b      0x248 .\CortexM3\ARM_GCC_541\Debug\F1-TestFixture.a(WaveDAC.o)
 .debug_info    0x0000a383      0x11b .\CortexM3\ARM_GCC_541\Debug\F1-TestFixture.a(WaveDAC_Wave1_DMA_dma.o)
 .debug_info    0x0000a49e      0x11b .\CortexM3\ARM_GCC_541\Debug\F1-TestFixture.a(WaveDAC_Wave2_DMA_dma.o)
 .debug_info    0x0000a5b9      0x185 .\CortexM3\ARM_GCC_541\Debug\F1-TestFixture.a(WaveDAC_VDAC8.o)
 .debug_info    0x0000a73e      0x245 .\CortexM3\ARM_GCC_541\Debug\F1-TestFixture.a(Timer_DAC.o)
 .debug_info    0x0000a983      0x2a6 .\CortexM3\ARM_GCC_541\Debug\F1-TestFixture.a(isr_ADC_AudioStream.o)
 .debug_info    0x0000ac29      0x47f .\CortexM3\ARM_GCC_541\Debug\F1-TestFixture.a(ADC_AudioStream.o)
 .debug_info    0x0000b0a8       0x92 .\CortexM3\ARM_GCC_541\Debug\F1-TestFixture.a(ADC_AudioStream_INT.o)
 .debug_info    0x0000b13a      0x299 .\CortexM3\ARM_GCC_541\Debug\F1-TestFixture.a(ADC_AudioStream_theACLK.o)
 .debug_info    0x0000b3d3      0x11e .\CortexM3\ARM_GCC_541\Debug\F1-TestFixture.a(RTest_BLOCK_4_EN.o)
 .debug_info    0x0000b4f1      0x11e .\CortexM3\ARM_GCC_541\Debug\F1-TestFixture.a(RTest_BLOCK_3_EN.o)
 .debug_info    0x0000b60f      0x11e .\CortexM3\ARM_GCC_541\Debug\F1-TestFixture.a(RTest_BLOCK_2_EN.o)
 .debug_info    0x0000b72d      0x11e .\CortexM3\ARM_GCC_541\Debug\F1-TestFixture.a(RTest_BLOCK_1_EN.o)
 .debug_info    0x0000b84b      0x11e .\CortexM3\ARM_GCC_541\Debug\F1-TestFixture.a(RTest_DEMUX_C.o)
 .debug_info    0x0000b969      0x11e .\CortexM3\ARM_GCC_541\Debug\F1-TestFixture.a(RTest_DEMUX_B.o)
 .debug_info    0x0000ba87      0x11e .\CortexM3\ARM_GCC_541\Debug\F1-TestFixture.a(RTest_DEMUX_A.o)
 .debug_info    0x0000bba5      0x11e .\CortexM3\ARM_GCC_541\Debug\F1-TestFixture.a(RTest_DEMUX_COM.o)
 .debug_info    0x0000bcc3       0xd7 .\CortexM3\ARM_GCC_541\Debug\F1-TestFixture.a(MUX_CTRL_115200.o)
 .debug_info    0x0000bd9a       0x92 .\CortexM3\ARM_GCC_541\Debug\F1-TestFixture.a(CyBootAsmGnu.o)
 .debug_info    0x0000be2c      0x3b9 .\CortexM3\ARM_GCC_541\Debug\F1-TestFixture.a(CyFlash.o)
 .debug_info    0x0000c1e5      0x4c0 .\CortexM3\ARM_GCC_541\Debug\F1-TestFixture.a(CySpc.o)
 .debug_info    0x0000c6a5      0x11e .\CortexM3\ARM_GCC_541\Debug\F1-TestFixture.a(LED1.o)
 .debug_info    0x0000c7c3      0x11e .\CortexM3\ARM_GCC_541\Debug\F1-TestFixture.a(LED2.o)

.debug_abbrev   0x00000000     0x433b
 *(.debug_abbrev)
 .debug_abbrev  0x00000000       0xfc .\CortexM3\ARM_GCC_541\Debug\main.o
 .debug_abbrev  0x000000fc      0x1a8 .\CortexM3\ARM_GCC_541\Debug\ControllerTest.o
 .debug_abbrev  0x000002a4      0x1e0 .\CortexM3\ARM_GCC_541\Debug\UART_230400_Functions.o
 .debug_abbrev  0x00000484      0x1ca .\CortexM3\ARM_GCC_541\Debug\SirenTest.o
 .debug_abbrev  0x0000064e      0x252 .\CortexM3\ARM_GCC_541\Debug\RelayTest.o
 .debug_abbrev  0x000008a0      0x1cf .\CortexM3\ARM_GCC_541\Debug\UART_460800_Functions.o
 .debug_abbrev  0x00000a6f      0x169 .\CortexM3\ARM_GCC_541\Debug\UART_115200_Functions.o
 .debug_abbrev  0x00000bd8       0xd8 .\CortexM3\ARM_GCC_541\Debug\CD4051BPW_Driver.o
 .debug_abbrev  0x00000cb0      0x1b7 .\CortexM3\ARM_GCC_541\Debug\cyfitter_cfg.o
 .debug_abbrev  0x00000e67       0x77 .\CortexM3\ARM_GCC_541\Debug\cymetadata.o
 .debug_abbrev  0x00000ede      0x1d6 .\CortexM3\ARM_GCC_541\Debug\Cm3Start.o
 .debug_abbrev  0x000010b4      0x194 .\CortexM3\ARM_GCC_541\Debug\F1-TestFixture.a(CyDmac.o)
 .debug_abbrev  0x00001248      0x217 .\CortexM3\ARM_GCC_541\Debug\F1-TestFixture.a(CyLib.o)
 .debug_abbrev  0x0000145f      0x161 .\CortexM3\ARM_GCC_541\Debug\F1-TestFixture.a(cyPm.o)
 .debug_abbrev  0x000015c0       0x90 .\CortexM3\ARM_GCC_541\Debug\F1-TestFixture.a(RTest_SIREN_EN.o)
 .debug_abbrev  0x00001650       0x90 .\CortexM3\ARM_GCC_541\Debug\F1-TestFixture.a(RTest_HSide1.o)
 .debug_abbrev  0x000016e0       0x90 .\CortexM3\ARM_GCC_541\Debug\F1-TestFixture.a(RTest_HSide3.o)
 .debug_abbrev  0x00001770       0x90 .\CortexM3\ARM_GCC_541\Debug\F1-TestFixture.a(RTest_HSide2.o)
 .debug_abbrev  0x00001800       0x90 .\CortexM3\ARM_GCC_541\Debug\F1-TestFixture.a(RTest_HSide4.o)
 .debug_abbrev  0x00001890       0x90 .\CortexM3\ARM_GCC_541\Debug\F1-TestFixture.a(RTest_HSide5.o)
 .debug_abbrev  0x00001920       0x90 .\CortexM3\ARM_GCC_541\Debug\F1-TestFixture.a(RTest_HSide6.o)
 .debug_abbrev  0x000019b0       0x90 .\CortexM3\ARM_GCC_541\Debug\F1-TestFixture.a(RTest_HSide7.o)
 .debug_abbrev  0x00001a40       0x90 .\CortexM3\ARM_GCC_541\Debug\F1-TestFixture.a(RTest_HSide8.o)
 .debug_abbrev  0x00001ad0      0x178 .\CortexM3\ARM_GCC_541\Debug\F1-TestFixture.a(isr_UART_230400.o)
 .debug_abbrev  0x00001c48      0x15d .\CortexM3\ARM_GCC_541\Debug\F1-TestFixture.a(UART_230400.o)
 .debug_abbrev  0x00001da5       0x79 .\CortexM3\ARM_GCC_541\Debug\F1-TestFixture.a(UART_230400_INT.o)
 .debug_abbrev  0x00001e1e      0x11d .\CortexM3\ARM_GCC_541\Debug\F1-TestFixture.a(UART_230400_IntClock.o)
 .debug_abbrev  0x00001f3b       0x81 .\CortexM3\ARM_GCC_541\Debug\F1-TestFixture.a(MUX_CTRL_230400.o)
 .debug_abbrev  0x00001fbc       0xe9 .\CortexM3\ARM_GCC_541\Debug\F1-TestFixture.a(Timer_20ms.o)
 .debug_abbrev  0x000020a5       0x90 .\CortexM3\ARM_GCC_541\Debug\F1-TestFixture.a(LED_EN.o)
 .debug_abbrev  0x00002135      0x178 .\CortexM3\ARM_GCC_541\Debug\F1-TestFixture.a(isr_Timer_20ms.o)
 .debug_abbrev  0x000022ad      0x15d .\CortexM3\ARM_GCC_541\Debug\F1-TestFixture.a(UART_115200.o)
 .debug_abbrev  0x0000240a       0x79 .\CortexM3\ARM_GCC_541\Debug\F1-TestFixture.a(UART_115200_INT.o)
 .debug_abbrev  0x00002483      0x178 .\CortexM3\ARM_GCC_541\Debug\F1-TestFixture.a(isr_UART_115200.o)
 .debug_abbrev  0x000025fb      0x11d .\CortexM3\ARM_GCC_541\Debug\F1-TestFixture.a(UART_115200_IntClock.o)
 .debug_abbrev  0x00002718       0x81 .\CortexM3\ARM_GCC_541\Debug\F1-TestFixture.a(DEMUX_CTRL_230400.o)
 .debug_abbrev  0x00002799      0x178 .\CortexM3\ARM_GCC_541\Debug\F1-TestFixture.a(isr_UART_460800.o)
 .debug_abbrev  0x00002911      0x15d .\CortexM3\ARM_GCC_541\Debug\F1-TestFixture.a(UART_460800.o)
 .debug_abbrev  0x00002a6e       0x79 .\CortexM3\ARM_GCC_541\Debug\F1-TestFixture.a(UART_460800_INT.o)
 .debug_abbrev  0x00002ae7       0x81 .\CortexM3\ARM_GCC_541\Debug\F1-TestFixture.a(MUX_CTRL_460800.o)
 .debug_abbrev  0x00002b68       0x81 .\CortexM3\ARM_GCC_541\Debug\F1-TestFixture.a(DEMUX_CTRL_460800.o)
 .debug_abbrev  0x00002be9      0x11d .\CortexM3\ARM_GCC_541\Debug\F1-TestFixture.a(UART_460800_IntClock.o)
 .debug_abbrev  0x00002d06       0xe9 .\CortexM3\ARM_GCC_541\Debug\F1-TestFixture.a(Timer_10ms.o)
 .debug_abbrev  0x00002def      0x15c .\CortexM3\ARM_GCC_541\Debug\F1-TestFixture.a(isr_Timer_10ms.o)
 .debug_abbrev  0x00002f4b       0xe9 .\CortexM3\ARM_GCC_541\Debug\F1-TestFixture.a(Timer_50ms.o)
 .debug_abbrev  0x00003034      0x162 .\CortexM3\ARM_GCC_541\Debug\F1-TestFixture.a(isr_Timer_50ms.o)
 .debug_abbrev  0x00003196       0x90 .\CortexM3\ARM_GCC_541\Debug\F1-TestFixture.a(PB_NextAction.o)
 .debug_abbrev  0x00003226       0xe3 .\CortexM3\ARM_GCC_541\Debug\F1-TestFixture.a(WaveDAC.o)
 .debug_abbrev  0x00003309       0x8b .\CortexM3\ARM_GCC_541\Debug\F1-TestFixture.a(WaveDAC_Wave1_DMA_dma.o)
 .debug_abbrev  0x00003394       0x8b .\CortexM3\ARM_GCC_541\Debug\F1-TestFixture.a(WaveDAC_Wave2_DMA_dma.o)
 .debug_abbrev  0x0000341f       0xeb .\CortexM3\ARM_GCC_541\Debug\F1-TestFixture.a(WaveDAC_VDAC8.o)
 .debug_abbrev  0x0000350a       0xe9 .\CortexM3\ARM_GCC_541\Debug\F1-TestFixture.a(Timer_DAC.o)
 .debug_abbrev  0x000035f3      0x18a .\CortexM3\ARM_GCC_541\Debug\F1-TestFixture.a(isr_ADC_AudioStream.o)
 .debug_abbrev  0x0000377d      0x173 .\CortexM3\ARM_GCC_541\Debug\F1-TestFixture.a(ADC_AudioStream.o)
 .debug_abbrev  0x000038f0       0x42 .\CortexM3\ARM_GCC_541\Debug\F1-TestFixture.a(ADC_AudioStream_INT.o)
 .debug_abbrev  0x00003932      0x11d .\CortexM3\ARM_GCC_541\Debug\F1-TestFixture.a(ADC_AudioStream_theACLK.o)
 .debug_abbrev  0x00003a4f       0x90 .\CortexM3\ARM_GCC_541\Debug\F1-TestFixture.a(RTest_BLOCK_4_EN.o)
 .debug_abbrev  0x00003adf       0x90 .\CortexM3\ARM_GCC_541\Debug\F1-TestFixture.a(RTest_BLOCK_3_EN.o)
 .debug_abbrev  0x00003b6f       0x90 .\CortexM3\ARM_GCC_541\Debug\F1-TestFixture.a(RTest_BLOCK_2_EN.o)
 .debug_abbrev  0x00003bff       0x90 .\CortexM3\ARM_GCC_541\Debug\F1-TestFixture.a(RTest_BLOCK_1_EN.o)
 .debug_abbrev  0x00003c8f       0x90 .\CortexM3\ARM_GCC_541\Debug\F1-TestFixture.a(RTest_DEMUX_C.o)
 .debug_abbrev  0x00003d1f       0x90 .\CortexM3\ARM_GCC_541\Debug\F1-TestFixture.a(RTest_DEMUX_B.o)
 .debug_abbrev  0x00003daf       0x90 .\CortexM3\ARM_GCC_541\Debug\F1-TestFixture.a(RTest_DEMUX_A.o)
 .debug_abbrev  0x00003e3f       0x90 .\CortexM3\ARM_GCC_541\Debug\F1-TestFixture.a(RTest_DEMUX_COM.o)
 .debug_abbrev  0x00003ecf       0x81 .\CortexM3\ARM_GCC_541\Debug\F1-TestFixture.a(MUX_CTRL_115200.o)
 .debug_abbrev  0x00003f50       0x14 .\CortexM3\ARM_GCC_541\Debug\F1-TestFixture.a(CyBootAsmGnu.o)
 .debug_abbrev  0x00003f64      0x14b .\CortexM3\ARM_GCC_541\Debug\F1-TestFixture.a(CyFlash.o)
 .debug_abbrev  0x000040af      0x16c .\CortexM3\ARM_GCC_541\Debug\F1-TestFixture.a(CySpc.o)
 .debug_abbrev  0x0000421b       0x90 .\CortexM3\ARM_GCC_541\Debug\F1-TestFixture.a(LED1.o)
 .debug_abbrev  0x000042ab       0x90 .\CortexM3\ARM_GCC_541\Debug\F1-TestFixture.a(LED2.o)

.debug_line     0x00000000     0x6d07
 *(.debug_line)
 .debug_line    0x00000000      0x1e9 .\CortexM3\ARM_GCC_541\Debug\main.o
 .debug_line    0x000001e9      0x281 .\CortexM3\ARM_GCC_541\Debug\ControllerTest.o
 .debug_line    0x0000046a      0x2fa .\CortexM3\ARM_GCC_541\Debug\UART_230400_Functions.o
 .debug_line    0x00000764      0x37c .\CortexM3\ARM_GCC_541\Debug\SirenTest.o
 .debug_line    0x00000ae0      0x576 .\CortexM3\ARM_GCC_541\Debug\RelayTest.o
 .debug_line    0x00001056      0x2a0 .\CortexM3\ARM_GCC_541\Debug\UART_460800_Functions.o
 .debug_line    0x000012f6      0x22d .\CortexM3\ARM_GCC_541\Debug\UART_115200_Functions.o
 .debug_line    0x00001523      0x1d3 .\CortexM3\ARM_GCC_541\Debug\CD4051BPW_Driver.o
 .debug_line    0x000016f6      0x23f .\CortexM3\ARM_GCC_541\Debug\cyfitter_cfg.o
 .debug_line    0x00001935      0x141 .\CortexM3\ARM_GCC_541\Debug\cymetadata.o
 .debug_line    0x00001a76      0x1db .\CortexM3\ARM_GCC_541\Debug\Cm3Start.o
 .debug_line    0x00001c51      0x2b6 .\CortexM3\ARM_GCC_541\Debug\F1-TestFixture.a(CyDmac.o)
 .debug_line    0x00001f07      0x883 .\CortexM3\ARM_GCC_541\Debug\F1-TestFixture.a(CyLib.o)
 .debug_line    0x0000278a      0x38e .\CortexM3\ARM_GCC_541\Debug\F1-TestFixture.a(cyPm.o)
 .debug_line    0x00002b18       0x9e .\CortexM3\ARM_GCC_541\Debug\F1-TestFixture.a(RTest_SIREN_EN.o)
 .debug_line    0x00002bb6       0x9c .\CortexM3\ARM_GCC_541\Debug\F1-TestFixture.a(RTest_HSide1.o)
 .debug_line    0x00002c52       0x9c .\CortexM3\ARM_GCC_541\Debug\F1-TestFixture.a(RTest_HSide3.o)
 .debug_line    0x00002cee       0x9c .\CortexM3\ARM_GCC_541\Debug\F1-TestFixture.a(RTest_HSide2.o)
 .debug_line    0x00002d8a       0x9c .\CortexM3\ARM_GCC_541\Debug\F1-TestFixture.a(RTest_HSide4.o)
 .debug_line    0x00002e26       0x9c .\CortexM3\ARM_GCC_541\Debug\F1-TestFixture.a(RTest_HSide5.o)
 .debug_line    0x00002ec2       0x9c .\CortexM3\ARM_GCC_541\Debug\F1-TestFixture.a(RTest_HSide6.o)
 .debug_line    0x00002f5e       0x9c .\CortexM3\ARM_GCC_541\Debug\F1-TestFixture.a(RTest_HSide7.o)
 .debug_line    0x00002ffa       0x9c .\CortexM3\ARM_GCC_541\Debug\F1-TestFixture.a(RTest_HSide8.o)
 .debug_line    0x00003096      0x264 .\CortexM3\ARM_GCC_541\Debug\F1-TestFixture.a(isr_UART_230400.o)
 .debug_line    0x000032fa      0x324 .\CortexM3\ARM_GCC_541\Debug\F1-TestFixture.a(UART_230400.o)
 .debug_line    0x0000361e       0x8e .\CortexM3\ARM_GCC_541\Debug\F1-TestFixture.a(UART_230400_INT.o)
 .debug_line    0x000036ac      0x1b3 .\CortexM3\ARM_GCC_541\Debug\F1-TestFixture.a(UART_230400_IntClock.o)
 .debug_line    0x0000385f       0x78 .\CortexM3\ARM_GCC_541\Debug\F1-TestFixture.a(MUX_CTRL_230400.o)
 .debug_line    0x000038d7      0x162 .\CortexM3\ARM_GCC_541\Debug\F1-TestFixture.a(Timer_20ms.o)
 .debug_line    0x00003a39       0x96 .\CortexM3\ARM_GCC_541\Debug\F1-TestFixture.a(LED_EN.o)
 .debug_line    0x00003acf      0x269 .\CortexM3\ARM_GCC_541\Debug\F1-TestFixture.a(isr_Timer_20ms.o)
 .debug_line    0x00003d38      0x324 .\CortexM3\ARM_GCC_541\Debug\F1-TestFixture.a(UART_115200.o)
 .debug_line    0x0000405c       0x8e .\CortexM3\ARM_GCC_541\Debug\F1-TestFixture.a(UART_115200_INT.o)
 .debug_line    0x000040ea      0x264 .\CortexM3\ARM_GCC_541\Debug\F1-TestFixture.a(isr_UART_115200.o)
 .debug_line    0x0000434e      0x1b3 .\CortexM3\ARM_GCC_541\Debug\F1-TestFixture.a(UART_115200_IntClock.o)
 .debug_line    0x00004501       0x7a .\CortexM3\ARM_GCC_541\Debug\F1-TestFixture.a(DEMUX_CTRL_230400.o)
 .debug_line    0x0000457b      0x264 .\CortexM3\ARM_GCC_541\Debug\F1-TestFixture.a(isr_UART_460800.o)
 .debug_line    0x000047df      0x324 .\CortexM3\ARM_GCC_541\Debug\F1-TestFixture.a(UART_460800.o)
 .debug_line    0x00004b03       0x8e .\CortexM3\ARM_GCC_541\Debug\F1-TestFixture.a(UART_460800_INT.o)
 .debug_line    0x00004b91       0x78 .\CortexM3\ARM_GCC_541\Debug\F1-TestFixture.a(MUX_CTRL_460800.o)
 .debug_line    0x00004c09       0x7a .\CortexM3\ARM_GCC_541\Debug\F1-TestFixture.a(DEMUX_CTRL_460800.o)
 .debug_line    0x00004c83      0x1b3 .\CortexM3\ARM_GCC_541\Debug\F1-TestFixture.a(UART_460800_IntClock.o)
 .debug_line    0x00004e36      0x162 .\CortexM3\ARM_GCC_541\Debug\F1-TestFixture.a(Timer_10ms.o)
 .debug_line    0x00004f98      0x269 .\CortexM3\ARM_GCC_541\Debug\F1-TestFixture.a(isr_Timer_10ms.o)
 .debug_line    0x00005201      0x162 .\CortexM3\ARM_GCC_541\Debug\F1-TestFixture.a(Timer_50ms.o)
 .debug_line    0x00005363      0x2a4 .\CortexM3\ARM_GCC_541\Debug\F1-TestFixture.a(isr_Timer_50ms.o)
 .debug_line    0x00005607       0x9d .\CortexM3\ARM_GCC_541\Debug\F1-TestFixture.a(PB_NextAction.o)
 .debug_line    0x000056a4       0xef .\CortexM3\ARM_GCC_541\Debug\F1-TestFixture.a(WaveDAC.o)
 .debug_line    0x00005793       0x84 .\CortexM3\ARM_GCC_541\Debug\F1-TestFixture.a(WaveDAC_Wave1_DMA_dma.o)
 .debug_line    0x00005817       0x84 .\CortexM3\ARM_GCC_541\Debug\F1-TestFixture.a(WaveDAC_Wave2_DMA_dma.o)
 .debug_line    0x0000589b       0xf5 .\CortexM3\ARM_GCC_541\Debug\F1-TestFixture.a(WaveDAC_VDAC8.o)
 .debug_line    0x00005990      0x161 .\CortexM3\ARM_GCC_541\Debug\F1-TestFixture.a(Timer_DAC.o)
 .debug_line    0x00005af1      0x26e .\CortexM3\ARM_GCC_541\Debug\F1-TestFixture.a(isr_ADC_AudioStream.o)
 .debug_line    0x00005d5f      0x213 .\CortexM3\ARM_GCC_541\Debug\F1-TestFixture.a(ADC_AudioStream.o)
 .debug_line    0x00005f72       0x5f .\CortexM3\ARM_GCC_541\Debug\F1-TestFixture.a(ADC_AudioStream_INT.o)
 .debug_line    0x00005fd1      0x1da .\CortexM3\ARM_GCC_541\Debug\F1-TestFixture.a(ADC_AudioStream_theACLK.o)
 .debug_line    0x000061ab       0xa0 .\CortexM3\ARM_GCC_541\Debug\F1-TestFixture.a(RTest_BLOCK_4_EN.o)
 .debug_line    0x0000624b       0xa0 .\CortexM3\ARM_GCC_541\Debug\F1-TestFixture.a(RTest_BLOCK_3_EN.o)
 .debug_line    0x000062eb       0xa0 .\CortexM3\ARM_GCC_541\Debug\F1-TestFixture.a(RTest_BLOCK_2_EN.o)
 .debug_line    0x0000638b       0xa0 .\CortexM3\ARM_GCC_541\Debug\F1-TestFixture.a(RTest_BLOCK_1_EN.o)
 .debug_line    0x0000642b       0x9d .\CortexM3\ARM_GCC_541\Debug\F1-TestFixture.a(RTest_DEMUX_C.o)
 .debug_line    0x000064c8       0x9d .\CortexM3\ARM_GCC_541\Debug\F1-TestFixture.a(RTest_DEMUX_B.o)
 .debug_line    0x00006565       0x9d .\CortexM3\ARM_GCC_541\Debug\F1-TestFixture.a(RTest_DEMUX_A.o)
 .debug_line    0x00006602       0x9f .\CortexM3\ARM_GCC_541\Debug\F1-TestFixture.a(RTest_DEMUX_COM.o)
 .debug_line    0x000066a1       0x78 .\CortexM3\ARM_GCC_541\Debug\F1-TestFixture.a(MUX_CTRL_115200.o)
 .debug_line    0x00006719       0x66 .\CortexM3\ARM_GCC_541\Debug\F1-TestFixture.a(CyBootAsmGnu.o)
 .debug_line    0x0000677f      0x22f .\CortexM3\ARM_GCC_541\Debug\F1-TestFixture.a(CyFlash.o)
 .debug_line    0x000069ae      0x231 .\CortexM3\ARM_GCC_541\Debug\F1-TestFixture.a(CySpc.o)
 .debug_line    0x00006bdf       0x94 .\CortexM3\ARM_GCC_541\Debug\F1-TestFixture.a(LED1.o)
 .debug_line    0x00006c73       0x94 .\CortexM3\ARM_GCC_541\Debug\F1-TestFixture.a(LED2.o)

.debug_frame    0x00000000     0x62d4
 *(.debug_frame)
 .debug_frame   0x00000000       0x90 .\CortexM3\ARM_GCC_541\Debug\main.o
 .debug_frame   0x00000090      0x160 .\CortexM3\ARM_GCC_541\Debug\ControllerTest.o
 .debug_frame   0x000001f0      0x130 .\CortexM3\ARM_GCC_541\Debug\UART_230400_Functions.o
 .debug_frame   0x00000320      0x198 .\CortexM3\ARM_GCC_541\Debug\SirenTest.o
 .debug_frame   0x000004b8      0x340 .\CortexM3\ARM_GCC_541\Debug\RelayTest.o
 .debug_frame   0x000007f8       0xf8 .\CortexM3\ARM_GCC_541\Debug\UART_460800_Functions.o
 .debug_frame   0x000008f0       0xac .\CortexM3\ARM_GCC_541\Debug\UART_115200_Functions.o
 .debug_frame   0x0000099c       0x84 .\CortexM3\ARM_GCC_541\Debug\CD4051BPW_Driver.o
 .debug_frame   0x00000a20      0x16c .\CortexM3\ARM_GCC_541\Debug\cyfitter_cfg.o
 .debug_frame   0x00000b8c       0xd8 .\CortexM3\ARM_GCC_541\Debug\Cm3Start.o
 .debug_frame   0x00000c64      0x3d0 .\CortexM3\ARM_GCC_541\Debug\F1-TestFixture.a(CyDmac.o)
 .debug_frame   0x00001034      0xc0c .\CortexM3\ARM_GCC_541\Debug\F1-TestFixture.a(CyLib.o)
 .debug_frame   0x00001c40      0x234 .\CortexM3\ARM_GCC_541\Debug\F1-TestFixture.a(cyPm.o)
 .debug_frame   0x00001e74       0xa8 .\CortexM3\ARM_GCC_541\Debug\F1-TestFixture.a(RTest_SIREN_EN.o)
 .debug_frame   0x00001f1c       0xa8 .\CortexM3\ARM_GCC_541\Debug\F1-TestFixture.a(RTest_HSide1.o)
 .debug_frame   0x00001fc4       0xa8 .\CortexM3\ARM_GCC_541\Debug\F1-TestFixture.a(RTest_HSide3.o)
 .debug_frame   0x0000206c       0xa8 .\CortexM3\ARM_GCC_541\Debug\F1-TestFixture.a(RTest_HSide2.o)
 .debug_frame   0x00002114       0xa8 .\CortexM3\ARM_GCC_541\Debug\F1-TestFixture.a(RTest_HSide4.o)
 .debug_frame   0x000021bc       0xa8 .\CortexM3\ARM_GCC_541\Debug\F1-TestFixture.a(RTest_HSide5.o)
 .debug_frame   0x00002264       0xa8 .\CortexM3\ARM_GCC_541\Debug\F1-TestFixture.a(RTest_HSide6.o)
 .debug_frame   0x0000230c       0xa8 .\CortexM3\ARM_GCC_541\Debug\F1-TestFixture.a(RTest_HSide7.o)
 .debug_frame   0x000023b4       0xa8 .\CortexM3\ARM_GCC_541\Debug\F1-TestFixture.a(RTest_HSide8.o)
 .debug_frame   0x0000245c      0x1e0 .\CortexM3\ARM_GCC_541\Debug\F1-TestFixture.a(isr_UART_230400.o)
 .debug_frame   0x0000263c      0x424 .\CortexM3\ARM_GCC_541\Debug\F1-TestFixture.a(UART_230400.o)
 .debug_frame   0x00002a60       0x34 .\CortexM3\ARM_GCC_541\Debug\F1-TestFixture.a(UART_230400_INT.o)
 .debug_frame   0x00002a94      0x1b4 .\CortexM3\ARM_GCC_541\Debug\F1-TestFixture.a(UART_230400_IntClock.o)
 .debug_frame   0x00002c48       0x5c .\CortexM3\ARM_GCC_541\Debug\F1-TestFixture.a(MUX_CTRL_230400.o)
 .debug_frame   0x00002ca4      0x208 .\CortexM3\ARM_GCC_541\Debug\F1-TestFixture.a(Timer_20ms.o)
 .debug_frame   0x00002eac       0xa8 .\CortexM3\ARM_GCC_541\Debug\F1-TestFixture.a(LED_EN.o)