Archive member included to satisfy reference by file (symbol)

.\CortexM3\ARM_GCC_541\Debug\F1-TestFixture.a(CyDmac.o)
                              .\CortexM3\ARM_GCC_541\Debug\Cm3Start.o (CyDmacConfigure)
.\CortexM3\ARM_GCC_541\Debug\F1-TestFixture.a(CyLib.o)
                              .\CortexM3\ARM_GCC_541\Debug\Cm3Start.o (CyResetStatus)
.\CortexM3\ARM_GCC_541\Debug\F1-TestFixture.a(cyPm.o)
                              .\CortexM3\ARM_GCC_541\Debug\F1-TestFixture.a(CyLib.o) (CyPmReadStatus)
.\CortexM3\ARM_GCC_541\Debug\F1-TestFixture.a(isr_UART_230400.o)
                              .\CortexM3\ARM_GCC_541\Debug\main.o (isr_UART_230400_Start)
.\CortexM3\ARM_GCC_541\Debug\F1-TestFixture.a(UART_230400.o)
                              .\CortexM3\ARM_GCC_541\Debug\main.o (UART_230400_Start)
.\CortexM3\ARM_GCC_541\Debug\F1-TestFixture.a(UART_230400_INT.o)
                              .\CortexM3\ARM_GCC_541\Debug\F1-TestFixture.a(UART_230400.o) (UART_230400_TXISR)
.\CortexM3\ARM_GCC_541\Debug\F1-TestFixture.a(UART_230400_IntClock.o)
                              .\CortexM3\ARM_GCC_541\Debug\F1-TestFixture.a(UART_230400.o) (UART_230400_IntClock_Start)
.\CortexM3\ARM_GCC_541\Debug\F1-TestFixture.a(RS485_RX_EN.o)
                              .\CortexM3\ARM_GCC_541\Debug\main.o (RS485_RX_EN_Write)
.\CortexM3\ARM_GCC_541\Debug\F1-TestFixture.a(Timer_20ms.o)
                              .\CortexM3\ARM_GCC_541\Debug\main.o (Timer_20ms_Start)
.\CortexM3\ARM_GCC_541\Debug\F1-TestFixture.a(LED_EN.o)
                              .\CortexM3\ARM_GCC_541\Debug\SirenTest.o (LED_EN_Write)
.\CortexM3\ARM_GCC_541\Debug\F1-TestFixture.a(isr_Timer_20ms.o)
                              .\CortexM3\ARM_GCC_541\Debug\main.o (isr_Timer_20ms_Start)
.\CortexM3\ARM_GCC_541\Debug\F1-TestFixture.a(isr_UART_460800.o)
                              .\CortexM3\ARM_GCC_541\Debug\main.o (isr_UART_460800_Start)
.\CortexM3\ARM_GCC_541\Debug\F1-TestFixture.a(UART_460800.o)
                              .\CortexM3\ARM_GCC_541\Debug\main.o (UART_460800_Start)
.\CortexM3\ARM_GCC_541\Debug\F1-TestFixture.a(UART_460800_IntClock.o)
                              .\CortexM3\ARM_GCC_541\Debug\F1-TestFixture.a(UART_460800.o) (UART_460800_IntClock_Start)
.\CortexM3\ARM_GCC_541\Debug\F1-TestFixture.a(Timer_10ms.o)
                              .\CortexM3\ARM_GCC_541\Debug\main.o (Timer_10ms_Start)
.\CortexM3\ARM_GCC_541\Debug\F1-TestFixture.a(isr_Timer_10ms.o)
                              .\CortexM3\ARM_GCC_541\Debug\main.o (isr_Timer_10ms_Start)
.\CortexM3\ARM_GCC_541\Debug\F1-TestFixture.a(Timer_50ms.o)
                              .\CortexM3\ARM_GCC_541\Debug\main.o (Timer_50ms_Start)
.\CortexM3\ARM_GCC_541\Debug\F1-TestFixture.a(isr_Timer_50ms.o)
                              .\CortexM3\ARM_GCC_541\Debug\main.o (CurrentTest)
.\CortexM3\ARM_GCC_541\Debug\F1-TestFixture.a(PB_NextAction.o)
                              .\CortexM3\ARM_GCC_541\Debug\SirenTest.o (PB_NextAction_Read)
.\CortexM3\ARM_GCC_541\Debug\F1-TestFixture.a(WaveDAC.o)
                              .\CortexM3\ARM_GCC_541\Debug\SirenTest.o (WaveDAC_Start)
.\CortexM3\ARM_GCC_541\Debug\F1-TestFixture.a(WaveDAC_Wave1_DMA_dma.o)
                              .\CortexM3\ARM_GCC_541\Debug\F1-TestFixture.a(WaveDAC.o) (WaveDAC_Wave1_DMA_DmaInitialize)
.\CortexM3\ARM_GCC_541\Debug\F1-TestFixture.a(WaveDAC_Wave2_DMA_dma.o)
                              .\CortexM3\ARM_GCC_541\Debug\F1-TestFixture.a(WaveDAC.o) (WaveDAC_Wave2_DMA_DmaInitialize)
.\CortexM3\ARM_GCC_541\Debug\F1-TestFixture.a(WaveDAC_VDAC8.o)
                              .\CortexM3\ARM_GCC_541\Debug\F1-TestFixture.a(WaveDAC.o) (WaveDAC_VDAC8_Init)
.\CortexM3\ARM_GCC_541\Debug\F1-TestFixture.a(Timer_DAC.o)
                              .\CortexM3\ARM_GCC_541\Debug\SirenTest.o (Timer_DAC_WritePeriod)
.\CortexM3\ARM_GCC_541\Debug\F1-TestFixture.a(isr_ADC_AudioStream.o)
                              .\CortexM3\ARM_GCC_541\Debug\main.o (isr_ADC_AudioStream_Start)
.\CortexM3\ARM_GCC_541\Debug\F1-TestFixture.a(ADC_AudioStream.o)
                              .\CortexM3\ARM_GCC_541\Debug\main.o (ADC_AudioStream_Start)
.\CortexM3\ARM_GCC_541\Debug\F1-TestFixture.a(ADC_AudioStream_INT.o)
                              .\CortexM3\ARM_GCC_541\Debug\F1-TestFixture.a(ADC_AudioStream.o) (ADC_AudioStream_ISR)
.\CortexM3\ARM_GCC_541\Debug\F1-TestFixture.a(ADC_AudioStream_theACLK.o)
                              .\CortexM3\ARM_GCC_541\Debug\F1-TestFixture.a(ADC_AudioStream.o) (ADC_AudioStream_theACLK_SetModeRegister)
.\CortexM3\ARM_GCC_541\Debug\F1-TestFixture.a(CyBootAsmGnu.o)
                              .\CortexM3\ARM_GCC_541\Debug\cyfitter_cfg.o (CyDelayCycles)
.\CortexM3\ARM_GCC_541\Debug\F1-TestFixture.a(CyFlash.o)
                              .\CortexM3\ARM_GCC_541\Debug\F1-TestFixture.a(cyPm.o) (CyFlash_SetWaitCycles)
.\CortexM3\ARM_GCC_541\Debug\F1-TestFixture.a(CySpc.o)
[...]
Memory Configuration

Name             Origin             Length             Attributes
rom              0x00000000         0x00020000         xr
ram              0x1fffc000         0x00008000         xrw
*default*        0x00000000         0xffffffff

Linker script and memory map

LOAD c:/program files (x86)/cypress/psoc creator/4.3/psoc creator/import/gnu/arm/5.4.1/bin/../lib/gcc/arm-none-eabi/5.4.1/armv7-m/crti.o
LOAD c:/program files (x86)/cypress/psoc creator/4.3/psoc creator/import/gnu/arm/5.4.1/bin/../lib/gcc/arm-none-eabi/5.4.1/armv7-m/crtbegin.o
LOAD c:/program files (x86)/cypress/psoc creator/4.3/psoc creator/import/gnu/arm/5.4.1/bin/../lib/gcc/arm-none-eabi/5.4.1/../../../../arm-none-eabi/lib/armv7-m/crt0.o
START GROUP
LOAD .\CortexM3\ARM_GCC_541\Debug\main.o
LOAD .\CortexM3\ARM_GCC_541\Debug\ControllerTest.o
LOAD .\CortexM3\ARM_GCC_541\Debug\UART_230400_Functions.o
LOAD .\CortexM3\ARM_GCC_541\Debug\SirenTest.o
LOAD .\CortexM3\ARM_GCC_541\Debug\RelayTest.o
LOAD .\CortexM3\ARM_GCC_541\Debug\UART_460800_Functions.o
LOAD .\CortexM3\ARM_GCC_541\Debug\UART_115200_Functions.o
LOAD .\CortexM3\ARM_GCC_541\Debug\CD4051BPW_Driver.o
LOAD .\CortexM3\ARM_GCC_541\Debug\cyfitter_cfg.o
LOAD .\CortexM3\ARM_GCC_541\Debug\cymetadata.o
LOAD .\CortexM3\ARM_GCC_541\Debug\Cm3Start.o
LOAD .\CortexM3\ARM_GCC_541\Debug\F1-TestFixture.a
LOAD C:\Program Files (x86)\Cypress\PSoC Creator\4.3\PSoC Creator\psoc\content\cycomponentlibrary\CyComponentLibrary.cylib\CortexM3\ARM_GCC_541\Debug\CyComponentLibrary.a
END GROUP
START GROUP
LOAD c:/program files (x86)/cypress/psoc creator/4.3/psoc creator/import/gnu/arm/5.4.1/bin/../lib/gcc/arm-none-eabi/5.4.1/armv7-m\libgcc.a
LOAD c:/program files (x86)/cypress/psoc creator/4.3/psoc creator/import/gnu/arm/5.4.1/bin/../lib/gcc/arm-none-eabi/5.4.1/../../../../arm-none-eabi/lib/armv7-m\libg_nano.a
LOAD c:/program files (x86)/cypress/psoc creator/4.3/psoc creator/import/gnu/arm/5.4.1/bin/../lib/gcc/arm-none-eabi/5.4.1/../../../../arm-none-eabi/lib/armv7-m\libc_nano.a
END GROUP
START GROUP
LOAD c:/program files (x86)/cypress/psoc creator/4.3/psoc creator/import/gnu/arm/5.4.1/bin/../lib/gcc/arm-none-eabi/5.4.1/armv7-m\libgcc.a
LOAD c:/program files (x86)/cypress/psoc creator/4.3/psoc creator/import/gnu/arm/5.4.1/bin/../lib/gcc/arm-none-eabi/5.4.1/../../../../arm-none-eabi/lib/armv7-m\libc_nano.a
END GROUP
LOAD c:/program files (x86)/cypress/psoc creator/4.3/psoc creator/import/gnu/arm/5.4.1/bin/../lib/gcc/arm-none-eabi/5.4.1/armv7-m/crtend.o
LOAD c:/program files (x86)/cypress/psoc creator/4.3/psoc creator/import/gnu/arm/5.4.1/bin/../lib/gcc/arm-none-eabi/5.4.1/armv7-m/crtn.o
START GROUP
LOAD c:/program files (x86)/cypress/psoc creator/4.3/psoc creator/import/gnu/arm/5.4.1/bin/../lib/gcc/arm-none-eabi/5.4.1/armv7-m\libgcc.a
LOAD c:/program files (x86)/cypress/psoc creator/4.3/psoc creator/import/gnu/arm/5.4.1/bin/../lib/gcc/arm-none-eabi/5.4.1/../../../../arm-none-eabi/lib/armv7-m\libc.a
LOAD c:/program files (x86)/cypress/psoc creator/4.3/psoc creator/import/gnu/arm/5.4.1/bin/../lib/gcc/arm-none-eabi/5.4.1/../../../../arm-none-eabi/lib/armv7-m\libnosys.a
END GROUP
                0x00000000                CY_APPL_ORIGIN = 0x0
                0x00000100                CY_FLASH_ROW_SIZE = 0x100
                0x00000020                CY_ECC_ROW_SIZE = 0x20
                0x00000000                CY_EE_IN_BTLDR = 0x0
                0x00000000                CY_APPL_LOADABLE = 0x0
                0x00000800                CY_EE_SIZE = 0x800
                0x00000001                CY_APPL_NUM = 0x1
                0x00000001                CY_APPL_MAX = 0x1
                0x00000040                CY_METADATA_SIZE = 0x40
                0x00000000                CY_APPL_LOADABLE = 0x0
                0x00000000                CY_CHECKSUM_EXCLUDE_SIZE = ALIGN (0x0, CY_FLASH_ROW_SIZE)
                [!provide]                PROVIDE (__cy_heap_start, _end)
                0x00000001                PROVIDE (__cy_region_num, ((__cy_regions_end - __cy_regions) / 0x10))
                0x20004000                PROVIDE (__cy_stack, (ORIGIN (ram) + LENGTH (ram)))
                [!provide]                PROVIDE (__cy_heap_end, (__cy_stack - 0x800))

.cybootloader   0x00000000        0x0
 *(.cybootloader)
                0x00000000                appl1_start = CY_APPL_ORIGIN?CY_APPL_ORIGIN:ALIGN (CY_FLASH_ROW_SIZE)
                0x0000ff00                appl2_start = (appl1_start + ALIGN ((((LENGTH (rom) - appl1_start) - (0x2 * CY_FLASH_ROW_SIZE)) / 0x2), CY_FLASH_ROW_SIZE))
                0x00000000                appl_start = (CY_APPL_NUM == 0x1)?appl1_start:appl2_start
                0x00000000                ecc_offset = ((appl_start / CY_FLASH_ROW_SIZE) * CY_ECC_ROW_SIZE)
                0x00000000                ee_offset = (CY_APPL_LOADABLE && ! (CY_EE_IN_BTLDR))?((CY_EE_SIZE / CY_APPL_MAX) * (CY_APPL_NUM - 0x1)):0x0
                0x00000800                ee_size = (CY_APPL_LOADABLE && ! (CY_EE_IN_BTLDR))?(CY_EE_SIZE / CY_APPL_MAX):CY_EE_SIZE
                [!provide]                PROVIDE (CY_ECC_OFFSET, ecc_offset)

.text           0x00000000     0x3a5e
 CREATE_OBJECT_SYMBOLS
                0x00000000                PROVIDE (__cy_interrupt_vector, RomVectors)
 *(.romvectors)
 .romvectors    0x00000000       0x10 .\CortexM3\ARM_GCC_541\Debug\Cm3Start.o
                0x00000000                RomVectors
                0x00000001                ASSERT ((. != __cy_interrupt_vector), No interrupt vector)
                0x00000001                ASSERT (CY_APPL_ORIGIN?(SIZEOF (.cybootloader) <= CY_APPL_ORIGIN):0x1, Wrong image location)
                0x00000010                PROVIDE (__cy_reset, Reset)
 *(.text.Reset)
 .text.Reset    0x00000010       0x18 .\CortexM3\ARM_GCC_541\Debug\Cm3Start.o
                0x00000010                Reset
                0x00000001                ASSERT ((. != __cy_reset), No reset code)
 *(.dma_init)
                0x00000001                ASSERT ((((appl_start + .) <= 0x10000) || 0x1), DMA Init must be within the first 64k of flash)
 *(.text .text.* .gnu.linkonce.t.*)
 .text          0x00000028       0x5c c:/program files (x86)/cypress/psoc creator/4.3/psoc creator/import/gnu/arm/5.4.1/bin/../lib/gcc/arm-none-eabi/5.4.1/armv7-m/crtbegin.o
 .text.main     0x00000084       0x64 .\CortexM3\ARM_GCC_541\Debug\main.o
                0x00000084                main
 .text.initializePeripherals
                0x000000e8       0x44 .\CortexM3\ARM_GCC_541\Debug\main.o
 .text.ControllerTest
                0x0000012c       0xac .\CortexM3\ARM_GCC_541\Debug\ControllerTest.o
                0x0000012c                ControllerTest
 .text.CTest_ReadPowerMode
                0x000001d8       0x1c .\CortexM3\ARM_GCC_541\Debug\ControllerTest.o
                0x000001d8                CTest_ReadPowerMode
 .text.getRxPacket_Controller
                0x000001f4       0x20 .\CortexM3\ARM_GCC_541\Debug\ControllerTest.o
                0x000001f4                getRxPacket_Controller
 .text.CTest_sendDiagPacket
                0x00000214       0x58 .\CortexM3\ARM_GCC_541\Debug\ControllerTest.o
                0x00000214                CTest_sendDiagPacket
 .text.CTest_20ms_isr
                0x0000026c       0x68 .\CortexM3\ARM_GCC_541\Debug\ControllerTest.o
                0x0000026c                CTest_20ms_isr
 .text.CTest_50ms_isr
                0x000002d4        0xc .\CortexM3\ARM_GCC_541\Debug\ControllerTest.o
                0x000002d4                CTest_50ms_isr
 .text.processByteReceivedHandler
                0x000002e0       0x60 .\CortexM3\ARM_GCC_541\Debug\UART_230400_Functions.o
                0x000002e0                processByteReceivedHandler
 .text.detectPacket
                0x00000340      0x324 .\CortexM3\ARM_GCC_541\Debug\UART_230400_Functions.o
 .text.ResetPacketSuccess
                0x00000664       0x28 .\CortexM3\ARM_GCC_541\Debug\UART_230400_Functions.o
                0x00000664                ResetPacketSuccess
 .text.VerifyPacket_230400
                0x0000068c       0x38 .\CortexM3\ARM_GCC_541\Debug\UART_230400_Functions.o
                0x0000068c                VerifyPacket_230400
 .text.sendPacketToRelaySiren
                0x000006c4       0xb0 .\CortexM3\ARM_GCC_541\Debug\UART_230400_Functions.o
                0x000006c4                sendPacketToRelaySiren
 .text.SirenTest
                0x00000774      0x1dc .\CortexM3\ARM_GCC_541\Debug\SirenTest.o
                0x00000774                SirenTest
 .text.STest_isr_PB
                0x00000950       0xe4 .\CortexM3\ARM_GCC_541\Debug\SirenTest.o
                0x00000950                STest_isr_PB
 .text.STest_10ms_isr
                0x00000a34       0x20 .\CortexM3\ARM_GCC_541\Debug\SirenTest.o
                0x00000a34                STest_10ms_isr
 .text.STest_20ms_isr
                0x00000a54       0x68 .\CortexM3\ARM_GCC_541\Debug\SirenTest.o
                0x00000a54                STest_20ms_isr
 .text.STest_50ms_isr
                0x00000abc       0x4c .\CortexM3\ARM_GCC_541\Debug\SirenTest.o
                0x00000abc                STest_50ms_isr
 .text.PB_WaitForAction
                0x00000b08       0x60 .\CortexM3\ARM_GCC_541\Debug\SirenTest.o
                0x00000b08                PB_WaitForAction
 .text.STest_PlayTestTone
                0x00000b68       0x68 .\CortexM3\ARM_GCC_541\Debug\SirenTest.o
                0x00000b68                STest_PlayTestTone
 .text.STest_PlayTestTone_AudioStream
                0x00000bd0       0x68 .\CortexM3\ARM_GCC_541\Debug\SirenTest.o
                0x00000bd0                STest_PlayTestTone_AudioStream
 .text.RelayTest
                0x00000c38      0x460 .\CortexM3\ARM_GCC_541\Debug\RelayTest.o
                0x00000c38                RelayTest
 .text.RTest_Test_Outputs
                0x00001098       0x94 .\CortexM3\ARM_GCC_541\Debug\RelayTest.o
                0x00001098                RTest_Test_Outputs
 .text.RTest_Test_DataLink
                0x0000112c       0x10 .\CortexM3\ARM_GCC_541\Debug\RelayTest.o
                0x0000112c                RTest_Test_DataLink
 .text.RTest_Test_QuadPorts
                0x0000113c       0x28 .\CortexM3\ARM_GCC_541\Debug\RelayTest.o
                0x0000113c                RTest_Test_QuadPorts
 .text.RTest_Test_UART_Siren
                0x00001164       0x10 .\CortexM3\ARM_GCC_541\Debug\RelayTest.o
                0x00001164                RTest_Test_UART_Siren
 .text.RTest_Test_Inputs
                0x00001174       0x48 .\CortexM3\ARM_GCC_541\Debug\RelayTest.o
                0x00001174                RTest_Test_Inputs
 .text.RTest_Test_Vbatt
                0x000011bc       0x3c .\CortexM3\ARM_GCC_541\Debug\RelayTest.o
                0x000011bc                RTest_Test_Vbatt
 .text.RTest_Test_BlockCurrents
                0x000011f8       0x70 .\CortexM3\ARM_GCC_541\Debug\RelayTest.o
                0x000011f8                RTest_Test_BlockCurrents
 .text.RTest_Test_GPS
                0x00001268       0x10 .\CortexM3\ARM_GCC_541\Debug\RelayTest.o
                0x00001268                RTest_Test_GPS
 .text.getRxPacket_Relay
                0x00001278       0x20 .\CortexM3\ARM_GCC_541\Debug\RelayTest.o
                0x00001278                getRxPacket_Relay
 .text.getTxPacket_RelaySiren
                0x00001298       0x20 .\CortexM3\ARM_GCC_541\Debug\RelayTest.o
                0x00001298                getTxPacket_RelaySiren
 .text.getRxPacket_H
                0x000012b8       0x20 .\CortexM3\ARM_GCC_541\Debug\RelayTest.o
                0x000012b8                getRxPacket_H
 .text.RTest_BlockCurrent
                0x000012d8       0x7c .\CortexM3\ARM_GCC_541\Debug\RelayTest.o
                0x000012d8                RTest_BlockCurrent
 .text.RTest_10ms_isr
                0x00001354       0x1c .\CortexM3\ARM_GCC_541\Debug\RelayTest.o
                0x00001354                RTest_10ms_isr
 .text.RTest_20ms_isr
                0x00001370       0x68 .\CortexM3\ARM_GCC_541\Debug\RelayTest.o
                0x00001370                RTest_20ms_isr
 .text.RTest_50ms_isr
                0x000013d8       0x3c .\CortexM3\ARM_GCC_541\Debug\RelayTest.o
                0x000013d8                RTest_50ms_isr
 .text.SetRelayOutputs
                0x00001414       0x70 .\CortexM3\ARM_GCC_541\Debug\RelayTest.o
                0x00001414                SetRelayOutputs
 .text.processByteReceivedHandler_460800
                0x00001484       0x60 .\CortexM3\ARM_GCC_541\Debug\UART_460800_Functions.o
                0x00001484                processByteReceivedHandler_460800
 .text.detectPacket
                0x000014e4      0x298 .\CortexM3\ARM_GCC_541\Debug\UART_460800_Functions.o
 .text.VerifyPacket_460800
                0x0000177c       0x2c .\CortexM3\ARM_GCC_541\Debug\UART_460800_Functions.o
                0x0000177c                VerifyPacket_460800
 .text.sendPacketToRelay_Quad
                0x000017a8       0x4c .\CortexM3\ARM_GCC_541\Debug\UART_460800_Functions.o
                0x000017a8                sendPacketToRelay_Quad
 .text.sendPacketToSiren_Audio
                0x000017f4       0x2c .\CortexM3\ARM_GCC_541\Debug\UART_460800_Functions.o
                0x000017f4                sendPacketToSiren_Audio
 .text.CYMEMZERO
                0x00001820       0x1c .\CortexM3\ARM_GCC_541\Debug\cyfitter_cfg.o
 .text.CYCONFIGCPY
                0x0000183c       0x20 .\CortexM3\ARM_GCC_541\Debug\cyfitter_cfg.o
 .text.CyClockStartupError
                0x0000185c        0xc .\CortexM3\ARM_GCC_541\Debug\cyfitter_cfg.o
 .text.cfg_write_bytes32
                0x00001868       0x74 .\CortexM3\ARM_GCC_541\Debug\cyfitter_cfg.o
 .text.ClockSetup
                0x000018dc      0x1a0 .\CortexM3\ARM_GCC_541\Debug\cyfitter_cfg.o
 .text.AnalogSetDefault
                0x00001a7c       0xc4 .\CortexM3\ARM_GCC_541\Debug\cyfitter_cfg.o
 .text.cyfitter_cfg
                0x00001b40      0x194 .\CortexM3\ARM_GCC_541\Debug\cyfitter_cfg.o
                0x00001b40                cyfitter_cfg
 .text.IntDefaultHandler
                0x00001cd4       0x14 .\CortexM3\ARM_GCC_541\Debug\Cm3Start.o
                0x00001cd4                IntDefaultHandler
 .text.Start_c  0x00001ce8       0x98 .\CortexM3\ARM_GCC_541\Debug\Cm3Start.o
                0x00001ce8                Start_c
 .text.initialize_psoc
                0x00001d80       0x94 .\CortexM3\ARM_GCC_541\Debug\Cm3Start.o
                0x00001d80                initialize_psoc
 .text.CyDmacConfigure
                0x00001e14       0x5c .\CortexM3\ARM_GCC_541\Debug\F1-TestFixture.a(CyDmac.o)
                0x00001e14                CyDmacConfigure
 .text.CyDmaChEnable
                0x00001e70       0x8c .\CortexM3\ARM_GCC_541\Debug\F1-TestFixture.a(CyDmac.o)
                0x00001e70                CyDmaChEnable
 .text.CyDmaChDisable
                0x00001efc       0x60 .\CortexM3\ARM_GCC_541\Debug\F1-TestFixture.a(CyDmac.o)
                0x00001efc                CyDmaChDisable
 .text.CyDmaChPriority
                0x00001f5c       0x64 .\CortexM3\ARM_GCC_541\Debug\F1-TestFixture.a(CyDmac.o)
                0x00001f5c                CyDmaChPriority
 .text.CyDmaChSetExtendedAddress
                0x00001fc0       0x78 .\CortexM3\ARM_GCC_541\Debug\F1-TestFixture.a(CyDmac.o)
                0x00001fc0                CyDmaChSetExtendedAddress
 .text.CyDmaChSetInitialTd
                0x00002038       0x3c .\CortexM3\ARM_GCC_541\Debug\F1-TestFixture.a(CyDmac.o)
                0x00002038                CyDmaChSetInitialTd
 .text.CyDmaChSetConfiguration
                0x00002074       0xa0 .\CortexM3\ARM_GCC_541\Debug\F1-TestFixture.a(CyDmac.o)
                0x00002074                CyDmaChSetConfiguration
 .text.CyDmaTdAllocate
                0x00002114       0x5c .\CortexM3\ARM_GCC_541\Debug\F1-TestFixture.a(CyDmac.o)
                0x00002114                CyDmaTdAllocate
 .text.CyDmaTdSetConfiguration
                0x00002170       0x80 .\CortexM3\ARM_GCC_541\Debug\F1-TestFixture.a(CyDmac.o)
                0x00002170                CyDmaTdSetConfiguration
 .text.CyDmaTdSetAddress
                0x000021f0       0x5c .\CortexM3\ARM_GCC_541\Debug\F1-TestFixture.a(CyDmac.o)
                0x000021f0                CyDmaTdSetAddress
 .text.CyHalt   0x0000224c       0x18 .\CortexM3\ARM_GCC_541\Debug\F1-TestFixture.a(CyLib.o)
                0x0000224c                CyHalt
 .text.CyDelay  0x00002264       0x44 .\CortexM3\ARM_GCC_541\Debug\F1-TestFixture.a(CyLib.o)
                0x00002264                CyDelay
 .text.CyDelayUs
                0x000022a8       0x28 .\CortexM3\ARM_GCC_541\Debug\F1-TestFixture.a(CyLib.o)
                0x000022a8                CyDelayUs
 .text.CyIntSetVector
                0x000022d0       0x50 .\CortexM3\ARM_GCC_541\Debug\F1-TestFixture.a(CyLib.o)
                0x000022d0                CyIntSetVector
 .text.CyIntSetPriority
                0x00002320       0x48 .\CortexM3\ARM_GCC_541\Debug\F1-TestFixture.a(CyLib.o)
                0x00002320                CyIntSetPriority
 .text.isr_UART_230400_Start
                0x00002368       0x20 .\CortexM3\ARM_GCC_541\Debug\F1-TestFixture.a(isr_UART_230400.o)
                0x00002368                isr_UART_230400_Start
 .text.isr_UART_230400_Interrupt
                0x00002388        0xc .\CortexM3\ARM_GCC_541\Debug\F1-TestFixture.a(isr_UART_230400.o)
                0x00002388                isr_UART_230400_Interrupt
 .text.isr_UART_230400_SetVector
                0x00002394       0x24 .\CortexM3\ARM_GCC_541\Debug\F1-TestFixture.a(isr_UART_230400.o)
                0x00002394                isr_UART_230400_SetVector
 .text.isr_UART_230400_SetPriority
                0x000023b8       0x24 .\CortexM3\ARM_GCC_541\Debug\F1-TestFixture.a(isr_UART_230400.o)
                0x000023b8                isr_UART_230400_SetPriority
 .text.isr_UART_230400_Enable
                0x000023dc       0x18 .\CortexM3\ARM_GCC_541\Debug\F1-TestFixture.a(isr_UART_230400.o)
                0x000023dc                isr_UART_230400_Enable
 .text.isr_UART_230400_Disable
                0x000023f4       0x18 .\CortexM3\ARM_GCC_541\Debug\F1-TestFixture.a(isr_UART_230400.o)
                0x000023f4                isr_UART_230400_Disable
 .text.UART_230400_Start
                0x0000240c       0x24 .\CortexM3\ARM_GCC_541\Debug\F1-TestFixture.a(UART_230400.o)
                0x0000240c                UART_230400_Start
 .text.UART_230400_Init
                0x00002430       0x50 .\CortexM3\ARM_GCC_541\Debug\F1-TestFixture.a(UART_230400.o)
                0x00002430                UART_230400_Init
 .text.UART_230400_Enable
                0x00002480       0x74 .\CortexM3\ARM_GCC_541\Debug\F1-TestFixture.a(UART_230400.o)
                0x00002480                UART_230400_Enable
 .text.UART_230400_ReadRxStatus
                0x000024f4       0x24 .\CortexM3\ARM_GCC_541\Debug\F1-TestFixture.a(UART_230400.o)
                0x000024f4                UART_230400_ReadRxStatus
 .text.UART_230400_GetChar
                0x00002518       0x44 .\CortexM3\ARM_GCC_541\Debug\F1-TestFixture.a(UART_230400.o)
                0x00002518                UART_230400_GetChar
 .text.UART_230400_WriteTxData
                0x0000255c       0x94 .\CortexM3\ARM_GCC_541\Debug\F1-TestFixture.a(UART_230400.o)
                0x0000255c                UART_230400_WriteTxData
 .text.UART_230400_PutChar
                0x000025f0       0xbc .\CortexM3\ARM_GCC_541\Debug\F1-TestFixture.a(UART_230400.o)
                0x000025f0                UART_230400_PutChar
 .text.UART_230400_PutArray
                0x000026ac       0x44 .\CortexM3\ARM_GCC_541\Debug\F1-TestFixture.a(UART_230400.o)
                0x000026ac                UART_230400_PutArray
 .text.UART_230400_TXISR
                0x000026f0       0x70 .\CortexM3\ARM_GCC_541\Debug\F1-TestFixture.a(UART_230400_INT.o)
                0x000026f0                UART_230400_TXISR
 .text.UART_230400_IntClock_Start
                0x00002760       0x34 .\CortexM3\ARM_GCC_541\Debug\F1-TestFixture.a(UART_230400_IntClock.o)
                0x00002760                UART_230400_IntClock_Start
 .text.RS485_RX_EN_Write
                0x00002794       0x3c .\CortexM3\ARM_GCC_541\Debug\F1-TestFixture.a(RS485_RX_EN.o)
                0x00002794                RS485_RX_EN_Write
 .text.Timer_20ms_Init
                0x000027d0       0xa0 .\CortexM3\ARM_GCC_541\Debug\F1-TestFixture.a(Timer_20ms.o)
                0x000027d0                Timer_20ms_Init
 .text.Timer_20ms_Enable
                0x00002870       0x48 .\CortexM3\ARM_GCC_541\Debug\F1-TestFixture.a(Timer_20ms.o)
                0x00002870                Timer_20ms_Enable
 .text.Timer_20ms_Start
                0x000028b8       0x24 .\CortexM3\ARM_GCC_541\Debug\F1-TestFixture.a(Timer_20ms.o)
                0x000028b8                Timer_20ms_Start
 .text.Timer_20ms_SetInterruptMode
                0x000028dc       0x20 .\CortexM3\ARM_GCC_541\Debug\F1-TestFixture.a(Timer_20ms.o)
                0x000028dc                Timer_20ms_SetInterruptMode
 .text.Timer_20ms_WritePeriod
                0x000028fc       0x24 .\CortexM3\ARM_GCC_541\Debug\F1-TestFixture.a(Timer_20ms.o)
                0x000028fc                Timer_20ms_WritePeriod
 .text.Timer_20ms_WriteCounter
                0x00002920       0x20 .\CortexM3\ARM_GCC_541\Debug\F1-TestFixture.a(Timer_20ms.o)
                0x00002920                Timer_20ms_WriteCounter
 .text.LED_EN_Write
                0x00002940       0x3c .\CortexM3\ARM_GCC_541\Debug\F1-TestFixture.a(LED_EN.o)
                0x00002940                LED_EN_Write
 .text.isr_Timer_20ms_Start
                0x0000297c       0x20 .\CortexM3\ARM_GCC_541\Debug\F1-TestFixture.a(isr_Timer_20ms.o)
                0x0000297c                isr_Timer_20ms_Start
 .text.isr_Timer_20ms_Interrupt
                0x0000299c       0x18 .\CortexM3\ARM_GCC_541\Debug\F1-TestFixture.a(isr_Timer_20ms.o)
                0x0000299c                isr_Timer_20ms_Interrupt
 .text.isr_Timer_20ms_SetVector
                0x000029b4       0x24 .\CortexM3\ARM_GCC_541\Debug\F1-TestFixture.a(isr_Timer_20ms.o)
                0x000029b4                isr_Timer_20ms_SetVector
 .text.isr_Timer_20ms_SetPriority
                0x000029d8       0x24 .\CortexM3\ARM_GCC_541\Debug\F1-TestFixture.a(isr_Timer_20ms.o)
                0x000029d8                isr_Timer_20ms_SetPriority
 .text.isr_Timer_20ms_Enable
                0x000029fc       0x18 .\CortexM3\ARM_GCC_541\Debug\F1-TestFixture.a(isr_Timer_20ms.o)
                0x000029fc                isr_Timer_20ms_Enable
 .text.isr_Timer_20ms_Disable
                0x00002a14       0x18 .\CortexM3\ARM_GCC_541\Debug\F1-TestFixture.a(isr_Timer_20ms.o)
                0x00002a14                isr_Timer_20ms_Disable
 .text.isr_UART_460800_Start
                0x00002a2c       0x20 .\CortexM3\ARM_GCC_541\Debug\F1-TestFixture.a(isr_UART_460800.o)
                0x00002a2c                isr_UART_460800_Start
 .text.isr_UART_460800_Interrupt
                0x00002a4c        0xc .\CortexM3\ARM_GCC_541\Debug\F1-TestFixture.a(isr_UART_460800.o)
                0x00002a4c                isr_UART_460800_Interrupt
 .text.isr_UART_460800_SetVector
                0x00002a58       0x24 .\CortexM3\ARM_GCC_541\Debug\F1-TestFixture.a(isr_UART_460800.o)
                0x00002a58                isr_UART_460800_SetVector
 .text.isr_UART_460800_SetPriority
                0x00002a7c       0x24 .\CortexM3\ARM_GCC_541\Debug\F1-TestFixture.a(isr_UART_460800.o)
                0x00002a7c                isr_UART_460800_SetPriority
 .text.isr_UART_460800_Enable
                0x00002aa0       0x18 .\CortexM3\ARM_GCC_541\Debug\F1-TestFixture.a(isr_UART_460800.o)
                0x00002aa0                isr_UART_460800_Enable
 .text.isr_UART_460800_Disable
                0x00002ab8       0x18 .\CortexM3\ARM_GCC_541\Debug\F1-TestFixture.a(isr_UART_460800.o)
                0x00002ab8                isr_UART_460800_Disable
 .text.UART_460800_Start
                0x00002ad0       0x24 .\CortexM3\ARM_GCC_541\Debug\F1-TestFixture.a(UART_460800.o)
                0x00002ad0                UART_460800_Start
 .text.UART_460800_Init
                0x00002af4       0x40 .\CortexM3\ARM_GCC_541\Debug\F1-TestFixture.a(UART_460800.o)
                0x00002af4                UART_460800_Init
 .text.UART_460800_Enable
                0x00002b34       0x60 .\CortexM3\ARM_GCC_541\Debug\F1-TestFixture.a(UART_460800.o)
                0x00002b34                UART_460800_Enable
 .text.UART_460800_ReadRxStatus
                0x00002b94       0x24 .\CortexM3\ARM_GCC_541\Debug\F1-TestFixture.a(UART_460800.o)
                0x00002b94                UART_460800_ReadRxStatus
 .text.UART_460800_GetChar
                0x00002bb8       0x44 .\CortexM3\ARM_GCC_541\Debug\F1-TestFixture.a(UART_460800.o)
                0x00002bb8                UART_460800_GetChar
 .text.UART_460800_WriteTxData
                0x00002bfc       0x2c .\CortexM3\ARM_GCC_541\Debug\F1-TestFixture.a(UART_460800.o)
                0x00002bfc                UART_460800_WriteTxData
 .text.UART_460800_IntClock_Start
                0x00002c28       0x34 .\CortexM3\ARM_GCC_541\Debug\F1-TestFixture.a(UART_460800_IntClock.o)
                0x00002c28                UART_460800_IntClock_Start
 .text.Timer_10ms_Init
                0x00002c5c       0x9c .\CortexM3\ARM_GCC_541\Debug\F1-TestFixture.a(Timer_10ms.o)
                0x00002c5c                Timer_10ms_Init
 .text.Timer_10ms_Enable
                0x00002cf8       0x48 .\CortexM3\ARM_GCC_541\Debug\F1-TestFixture.a(Timer_10ms.o)
                0x00002cf8                Timer_10ms_Enable
 .text.Timer_10ms_Start
                0x00002d40       0x24 .\CortexM3\ARM_GCC_541\Debug\F1-TestFixture.a(Timer_10ms.o)
                0x00002d40                Timer_10ms_Start
 .text.Timer_10ms_SetInterruptMode
                0x00002d64       0x20 .\CortexM3\ARM_GCC_541\Debug\F1-TestFixture.a(Timer_10ms.o)
                0x00002d64                Timer_10ms_SetInterruptMode
 .text.Timer_10ms_WritePeriod
                0x00002d84       0x24 .\CortexM3\ARM_GCC_541\Debug\F1-TestFixture.a(Timer_10ms.o)
                0x00002d84                Timer_10ms_WritePeriod
 .text.Timer_10ms_WriteCounter
                0x00002da8       0x20 .\CortexM3\ARM_GCC_541\Debug\F1-TestFixture.a(Timer_10ms.o)
                0x00002da8                Timer_10ms_WriteCounter
 .text.isr_Timer_10ms_Start
                0x00002dc8       0x20 .\CortexM3\ARM_GCC_541\Debug\F1-TestFixture.a(isr_Timer_10ms.o)
                0x00002dc8                isr_Timer_10ms_Start
 .text.isr_Timer_10ms_Interrupt
                0x00002de8       0x10 .\CortexM3\ARM_GCC_541\Debug\F1-TestFixture.a(isr_Timer_10ms.o)
                0x00002de8                isr_Timer_10ms_Interrupt
 .text.isr_Timer_10ms_SetVector
                0x00002df8       0x24 .\CortexM3\ARM_GCC_541\Debug\F1-TestFixture.a(isr_Timer_10ms.o)
                0x00002df8                isr_Timer_10ms_SetVector
 .text.isr_Timer_10ms_SetPriority
                0x00002e1c       0x24 .\CortexM3\ARM_GCC_541\Debug\F1-TestFixture.a(isr_Timer_10ms.o)
                0x00002e1c                isr_Timer_10ms_SetPriority
 .text.isr_Timer_10ms_Enable
                0x00002e40       0x18 .\CortexM3\ARM_GCC_541\Debug\F1-TestFixture.a(isr_Timer_10ms.o)
                0x00002e40                isr_Timer_10ms_Enable
 .text.isr_Timer_10ms_Disable
                0x00002e58       0x18 .\CortexM3\ARM_GCC_541\Debug\F1-TestFixture.a(isr_Timer_10ms.o)
                0x00002e58                isr_Timer_10ms_Disable
 .text.Timer_50ms_Init
                0x00002e70       0xa0 .\CortexM3\ARM_GCC_541\Debug\F1-TestFixture.a(Timer_50ms.o)
                0x00002e70                Timer_50ms_Init
 .text.Timer_50ms_Enable
                0x00002f10       0x48 .\CortexM3\ARM_GCC_541\Debug\F1-TestFixture.a(Timer_50ms.o)
                0x00002f10                Timer_50ms_Enable
 .text.Timer_50ms_Start
                0x00002f58       0x24 .\CortexM3\ARM_GCC_541\Debug\F1-TestFixture.a(Timer_50ms.o)
                0x00002f58                Timer_50ms_Start
 .text.Timer_50ms_SetInterruptMode
                0x00002f7c       0x20 .\CortexM3\ARM_GCC_541\Debug\F1-TestFixture.a(Timer_50ms.o)
                0x00002f7c                Timer_50ms_SetInterruptMode
 .text.Timer_50ms_WritePeriod
                0x00002f9c       0x24 .\CortexM3\ARM_GCC_541\Debug\F1-TestFixture.a(Timer_50ms.o)
                0x00002f9c                Timer_50ms_WritePeriod
 .text.Timer_50ms_WriteCounter
                0x00002fc0       0x20 .\CortexM3\ARM_GCC_541\Debug\F1-TestFixture.a(Timer_50ms.o)
                0x00002fc0                Timer_50ms_WriteCounter
 .text.isr_Timer_50ms_Start
                0x00002fe0       0x20 .\CortexM3\ARM_GCC_541\Debug\F1-TestFixture.a(isr_Timer_50ms.o)
                0x00002fe0                isr_Timer_50ms_Start
 .text.isr_Timer_50ms_Interrupt
                0x00003000       0x34 .\CortexM3\ARM_GCC_541\Debug\F1-TestFixture.a(isr_Timer_50ms.o)
                0x00003000                isr_Timer_50ms_Interrupt
 .text.isr_Timer_50ms_SetVector
                0x00003034       0x24 .\CortexM3\ARM_GCC_541\Debug\F1-TestFixture.a(isr_Timer_50ms.o)
                0x00003034                isr_Timer_50ms_SetVector
 .text.isr_Timer_50ms_SetPriority
                0x00003058       0x24 .\CortexM3\ARM_GCC_541\Debug\F1-TestFixture.a(isr_Timer_50ms.o)
                0x00003058                isr_Timer_50ms_SetPriority
 .text.isr_Timer_50ms_Enable
                0x0000307c       0x18 .\CortexM3\ARM_GCC_541\Debug\F1-TestFixture.a(isr_Timer_50ms.o)
                0x0000307c                isr_Timer_50ms_Enable
 .text.isr_Timer_50ms_Disable
                0x00003094       0x18 .\CortexM3\ARM_GCC_541\Debug\F1-TestFixture.a(isr_Timer_50ms.o)
                0x00003094                isr_Timer_50ms_Disable
 .text.PB_NextAction_Read
                0x000030ac       0x20 .\CortexM3\ARM_GCC_541\Debug\F1-TestFixture.a(PB_NextAction.o)
                0x000030ac                PB_NextAction_Read
 .text.WaveDAC_Init
                0x000030cc       0x50 .\CortexM3\ARM_GCC_541\Debug\F1-TestFixture.a(WaveDAC.o)
                0x000030cc                WaveDAC_Init
 .text.WaveDAC_Enable
                0x0000311c       0x34 .\CortexM3\ARM_GCC_541\Debug\F1-TestFixture.a(WaveDAC.o)
                0x0000311c                WaveDAC_Enable
 .text.WaveDAC_Start
                0x00003150       0x24 .\CortexM3\ARM_GCC_541\Debug\F1-TestFixture.a(WaveDAC.o)
                0x00003150                WaveDAC_Start
 .text.WaveDAC_Stop
                0x00003174       0x28 .\CortexM3\ARM_GCC_541\Debug\F1-TestFixture.a(WaveDAC.o)
                0x00003174                WaveDAC_Stop
 .text.WaveDAC_Wave1Setup
                0x0000319c       0x68 .\CortexM3\ARM_GCC_541\Debug\F1-TestFixture.a(WaveDAC.o)
                0x0000319c                WaveDAC_Wave1Setup
 .text.WaveDAC_Wave2Setup
                0x00003204       0x68 .\CortexM3\ARM_GCC_541\Debug\F1-TestFixture.a(WaveDAC.o)
                0x00003204                WaveDAC_Wave2Setup
 .text.WaveDAC_Wave1_DMA_DmaInitialize
                0x0000326c       0x64 .\CortexM3\ARM_GCC_541\Debug\F1-TestFixture.a(WaveDAC_Wave1_DMA_dma.o)
                0x0000326c                WaveDAC_Wave1_DMA_DmaInitialize
 .text.WaveDAC_Wave2_DMA_DmaInitialize
                0x000032d0       0x64 .\CortexM3\ARM_GCC_541\Debug\F1-TestFixture.a(WaveDAC_Wave2_DMA_dma.o)
                0x000032d0                WaveDAC_Wave2_DMA_DmaInitialize
 .text.WaveDAC_VDAC8_Init
                0x00003334       0x3c .\CortexM3\ARM_GCC_541\Debug\F1-TestFixture.a(WaveDAC_VDAC8.o)
                0x00003334                WaveDAC_VDAC8_Init
 .text.WaveDAC_VDAC8_Enable
                0x00003370       0x34 .\CortexM3\ARM_GCC_541\Debug\F1-TestFixture.a(WaveDAC_VDAC8.o)
                0x00003370                WaveDAC_VDAC8_Enable
 .text.WaveDAC_VDAC8_Stop
                0x000033a4       0x34 .\CortexM3\ARM_GCC_541\Debug\F1-TestFixture.a(WaveDAC_VDAC8.o)
                0x000033a4                WaveDAC_VDAC8_Stop
 .text.WaveDAC_VDAC8_SetSpeed
                0x000033d8       0x40 .\CortexM3\ARM_GCC_541\Debug\F1-TestFixture.a(WaveDAC_VDAC8.o)
                0x000033d8                WaveDAC_VDAC8_SetSpeed
 .text.WaveDAC_VDAC8_SetRange
                0x00003418       0x40 .\CortexM3\ARM_GCC_541\Debug\F1-TestFixture.a(WaveDAC_VDAC8.o)
                0x00003418                WaveDAC_VDAC8_SetRange
 .text.WaveDAC_VDAC8_SetValue
                0x00003458       0x20 .\CortexM3\ARM_GCC_541\Debug\F1-TestFixture.a(WaveDAC_VDAC8.o)
                0x00003458                WaveDAC_VDAC8_SetValue
 .text.WaveDAC_VDAC8_DacTrim
                0x00003478       0x3c .\CortexM3\ARM_GCC_541\Debug\F1-TestFixture.a(WaveDAC_VDAC8.o)
                0x00003478                WaveDAC_VDAC8_DacTrim
 .text.Timer_DAC_Init
                0x000034b4       0x9c .\CortexM3\ARM_GCC_541\Debug\F1-TestFixture.a(Timer_DAC.o)
                0x000034b4                Timer_DAC_Init
 .text.Timer_DAC_Enable
                0x00003550       0x48 .\CortexM3\ARM_GCC_541\Debug\F1-TestFixture.a(Timer_DAC.o)
                0x00003550                Timer_DAC_Enable
 .text.Timer_DAC_Start
                0x00003598       0x24 .\CortexM3\ARM_GCC_541\Debug\F1-TestFixture.a(Timer_DAC.o)
                0x00003598                Timer_DAC_Start
 .text.Timer_DAC_SetInterruptMode
                0x000035bc       0x20 .\CortexM3\ARM_GCC_541\Debug\F1-TestFixture.a(Timer_DAC.o)
                0x000035bc                Timer_DAC_SetInterruptMode
 .text.Timer_DAC_WritePeriod
                0x000035dc       0x24 .\CortexM3\ARM_GCC_541\Debug\F1-TestFixture.a(Timer_DAC.o)
                0x000035dc                Timer_DAC_WritePeriod
 .text.Timer_DAC_WriteCounter
                0x00003600       0x20 .\CortexM3\ARM_GCC_541\Debug\F1-TestFixture.a(Timer_DAC.o)
                0x00003600                Timer_DAC_WriteCounter
 .text.isr_ADC_AudioStream_Start
                0x00003620       0x20 .\CortexM3\ARM_GCC_541\Debug\F1-TestFixture.a(isr_ADC_AudioStream.o)
                0x00003620                isr_ADC_AudioStream_Start
 .text.isr_ADC_AudioStream_Interrupt
                0x00003640       0x40 .\CortexM3\ARM_GCC_541\Debug\F1-TestFixture.a(isr_ADC_AudioStream.o)
                0x00003640                isr_ADC_AudioStream_Interrupt
 .text.isr_ADC_AudioStream_SetVector
                0x00003680       0x24 .\CortexM3\ARM_GCC_541\Debug\F1-TestFixture.a(isr_ADC_AudioStream.o)
                0x00003680                isr_ADC_AudioStream_SetVector
 .text.isr_ADC_AudioStream_SetPriority
                0x000036a4       0x24 .\CortexM3\ARM_GCC_541\Debug\F1-TestFixture.a(isr_ADC_AudioStream.o)
                0x000036a4                isr_ADC_AudioStream_SetPriority
 .text.isr_ADC_AudioStream_Enable
                0x000036c8       0x18 .\CortexM3\ARM_GCC_541\Debug\F1-TestFixture.a(isr_ADC_AudioStream.o)
                0x000036c8                isr_ADC_AudioStream_Enable
 .text.isr_ADC_AudioStream_Disable
                0x000036e0       0x18 .\CortexM3\ARM_GCC_541\Debug\F1-TestFixture.a(isr_ADC_AudioStream.o)
                0x000036e0                isr_ADC_AudioStream_Disable
 .text.ADC_AudioStream_Start
                0x000036f8       0x24 .\CortexM3\ARM_GCC_541\Debug\F1-TestFixture.a(ADC_AudioStream.o)
                0x000036f8                ADC_AudioStream_Start
 .text.ADC_AudioStream_Init
                0x0000371c       0x48 .\CortexM3\ARM_GCC_541\Debug\F1-TestFixture.a(ADC_AudioStream.o)
                0x0000371c                ADC_AudioStream_Init
 .text.ADC_AudioStream_Enable
                0x00003764       0xf4 .\CortexM3\ARM_GCC_541\Debug\F1-TestFixture.a(ADC_AudioStream.o)
                0x00003764                ADC_AudioStream_Enable
 .text.ADC_AudioStream_SetResolution
                0x00003858       0x54 .\CortexM3\ARM_GCC_541\Debug\F1-TestFixture.a(ADC_AudioStream.o)
                0x00003858                ADC_AudioStream_SetResolution
 .text.ADC_AudioStream_StartConvert
                0x000038ac       0x20 .\CortexM3\ARM_GCC_541\Debug\F1-TestFixture.a(ADC_AudioStream.o)
                0x000038ac                ADC_AudioStream_StartConvert
 .text.ADC_AudioStream_GetResult16
                0x000038cc       0x30 .\CortexM3\ARM_GCC_541\Debug\F1-TestFixture.a(ADC_AudioStream.o)
                0x000038cc                ADC_AudioStream_GetResult16
 .text.ADC_AudioStream_CalcGain
                0x000038fc       0x80 .\CortexM3\ARM_GCC_541\Debug\F1-TestFixture.a(ADC_AudioStream.o)
 .text.ADC_AudioStream_ISR
                0x0000397c        0xc .\CortexM3\ARM_GCC_541\Debug\F1-TestFixture.a(ADC_AudioStream_INT.o)
                0x0000397c                ADC_AudioStream_ISR
 .text.ADC_AudioStream_theACLK_SetModeRegister
                0x00003988       0x34 .\CortexM3\ARM_GCC_541\Debug\F1-TestFixture.a(ADC_AudioStream_theACLK.o)
                0x00003988                ADC_AudioStream_theACLK_SetModeRegister
 *fill*         0x000039bc        0x4 
 .text          0x000039c0       0x20 .\CortexM3\ARM_GCC_541\Debug\F1-TestFixture.a(CyBootAsmGnu.o)
                0x000039c0                CyDelayCycles
                0x000039d0                CyEnterCriticalSection
                0x000039d8                CyExitCriticalSection
 .text.__errno  0x000039e0        0xc c:/program files (x86)/cypress/psoc creator/4.3/psoc creator/import/gnu/arm/5.4.1/bin/../lib/gcc/arm-none-eabi/5.4.1/../../../../arm-none-eabi/lib/armv7-m\libg_nano.a(lib_a-errno.o)
                0x000039e0                __errno
 .text.__libc_init_array
                0x000039ec       0x4c c:/program files (x86)/cypress/psoc creator/4.3/psoc creator/import/gnu/arm/5.4.1/bin/../lib/gcc/arm-none-eabi/5.4.1/../../../../arm-none-eabi/lib/armv7-m\libg_nano.a(lib_a-init.o)
                0x000039ec                __libc_init_array
 .text.memcpy   0x00003a38       0x16 c:/program files (x86)/cypress/psoc creator/4.3/psoc creator/import/gnu/arm/5.4.1/bin/../lib/gcc/arm-none-eabi/5.4.1/../../../../arm-none-eabi/lib/armv7-m\libg_nano.a(lib_a-memcpy-stub.o)
                0x00003a38                memcpy
 .text.memset   0x00003a4e       0x10 c:/program files (x86)/cypress/psoc creator/4.3/psoc creator/import/gnu/arm/5.4.1/bin/../lib/gcc/arm-none-eabi/5.4.1/../../../../arm-none-eabi/lib/armv7-m\libg_nano.a(lib_a-memset.o)
                0x00003a4e                memset
 *(.plt)
 *(.gnu.warning)
 *(.glue_7t)
 .glue_7t       0x00003a5e        0x0 linker stubs
 *(.glue_7)
 .glue_7        0x00003a5e        0x0 linker stubs
 *(.vfp11_veneer)
 .vfp11_veneer  0x00003a5e        0x0 linker stubs
 *(.bootloader)
 *(.ARM.extab* .gnu.linkonce.armextab.*)
 *(.gcc_except_table)

.v4_bx          0x00003a60        0x0
 .v4_bx         0x00003a60        0x0 linker stubs

.iplt           0x00003a60        0x0
 .iplt          0x00003a60        0x0 c:/program files (x86)/cypress/psoc creator/4.3/psoc creator/import/gnu/arm/5.4.1/bin/../lib/gcc/arm-none-eabi/5.4.1/armv7-m/crtbegin.o

.eh_frame_hdr
 *(.eh_frame_hdr)

.eh_frame       0x00003a60        0x4
 *(.eh_frame)
 .eh_frame      0x00003a60        0x0 c:/program files (x86)/cypress/psoc creator/4.3/psoc creator/import/gnu/arm/5.4.1/bin/../lib/gcc/arm-none-eabi/5.4.1/armv7-m/crtbegin.o
 .eh_frame      0x00003a60        0x4 c:/program files (x86)/cypress/psoc creator/4.3/psoc creator/import/gnu/arm/5.4.1/bin/../lib/gcc/arm-none-eabi/5.4.1/armv7-m/crtend.o
                [!provide]                PROVIDE (__exidx_start, .)

.ARM.exidx
 *(.ARM.exidx* .gnu.linkonce.armexidx.*)
                0x00003a64                __exidx_end = .

.rodata         0x00003a64      0x15c
 *(.rodata .rodata.* .gnu.linkonce.r.*)
 .rodata        0x00003a64       0x58 .\CortexM3\ARM_GCC_541\Debug\cyfitter_cfg.o
 .rodata        0x00003abc       0xc8 .\CortexM3\ARM_GCC_541\Debug\F1-TestFixture.a(WaveDAC.o)
                0x00003abc                WaveDAC_wave1
                0x00003b20                WaveDAC_wave2
 .rodata.str1.1
                0x00003b84        0x2 c:/program files (x86)/cypress/psoc creator/4.3/psoc creator/import/gnu/arm/5.4.1/bin/../lib/gcc/arm-none-eabi/5.4.1/../../../../arm-none-eabi/lib/armv7-m\libg_nano.a(lib_a-impure.o)
                0x00003b88                . = ALIGN (0x4)
 *fill*         0x00003b86        0x2 
 *(.init)
 .init          0x00003b88        0x4 c:/program files (x86)/cypress/psoc creator/4.3/psoc creator/import/gnu/arm/5.4.1/bin/../lib/gcc/arm-none-eabi/5.4.1/armv7-m/crti.o
                0x00003b88                _init
 .init          0x00003b8c        0x8 c:/program files (x86)/cypress/psoc creator/4.3/psoc creator/import/gnu/arm/5.4.1/bin/../lib/gcc/arm-none-eabi/5.4.1/armv7-m/crtn.o
                0x00003b94                . = ALIGN (0x4)
                0x00003b94                __preinit_array_start = .
 *(.preinit_array)
                0x00003b94                __preinit_array_end = .
                0x00003b94                . = ALIGN (0x4)
                0x00003b94                __init_array_start = .
 *(SORT(.init_array.*))
 *(.init_array)
 .init_array    0x00003b94        0x4 c:/program files (x86)/cypress/psoc creator/4.3/psoc creator/import/gnu/arm/5.4.1/bin/../lib/gcc/arm-none-eabi/5.4.1/armv7-m/crtbegin.o
 .init_array    0x00003b98        0x4 .\CortexM3\ARM_GCC_541\Debug\Cm3Start.o
                0x00003b9c                __init_array_end = .
                0x00003b9c                . = ALIGN (0x4)
 *(.fini)
 .fini          0x00003b9c        0x4 c:/program files (x86)/cypress/psoc creator/4.3/psoc creator/import/gnu/arm/5.4.1/bin/../lib/gcc/arm-none-eabi/5.4.1/armv7-m/crti.o
                0x00003b9c                _fini
 .fini          0x00003ba0        0x8 c:/program files (x86)/cypress/psoc creator/4.3/psoc creator/import/gnu/arm/5.4.1/bin/../lib/gcc/arm-none-eabi/5.4.1/armv7-m/crtn.o
                0x00003ba8                . = ALIGN (0x4)
                0x00003ba8                __fini_array_start = .
 *(.fini_array)
 .fini_array    0x00003ba8        0x4 c:/program files (x86)/cypress/psoc creator/4.3/psoc creator/import/gnu/arm/5.4.1/bin/../lib/gcc/arm-none-eabi/5.4.1/armv7-m/crtbegin.o
 *(SORT(.fini_array.*))
                0x00003bac                __fini_array_end = .
                0x00003bac                . = ALIGN (0x4)
 *crtbegin.o(.ctors)
 *(EXCLUDE_FILE(*crtend.o) .ctors)
 *(SORT(.ctors.*))
 *crtend.o(.ctors)
                0x00003bac                . = ALIGN (0x4)
 *crtbegin.o(.dtors)
 *(EXCLUDE_FILE(*crtend.o) .dtors)
 *(SORT(.dtors.*))
 *crtend.o(.dtors)
                0x00003bac                . = ALIGN (0x4)
                0x00003bac                __cy_regions = .
                0x00003bac        0x4 LONG 0x3bc0 __cy_region_init_ram
                0x00003bb0        0x4 LONG 0x1fffc0c8 __cy_region_start_data
                0x00003bb4        0x4 LONG 0xb8 __cy_region_init_size_ram
                0x00003bb8        0x4 LONG 0xbf8 __cy_region_zero_size_ram
                0x00003bbc                __cy_regions_end = .
                0x00003bc0                . = ALIGN (0x8)
 *fill*         0x00003bbc        0x4 
                0x00003bc0                _etext = .

.cy_checksum_exclude
                0x00003bc0        0x0
 *(.cy_checksum_exclude)

.ramvectors     0x1fffc000       0xc0
                0x1fffc000                __cy_region_start_ram = .
 *(.ramvectors)
 .ramvectors    0x1fffc000       0xc0 .\CortexM3\ARM_GCC_541\Debug\Cm3Start.o
                0x1fffc000                CyRamVectors

.noinit         0x1fffc0c0        0x5
 *(.noinit)
 .noinit        0x1fffc0c0        0x4 .\CortexM3\ARM_GCC_541\Debug\Cm3Start.o
 .noinit        0x1fffc0c4        0x1 .\CortexM3\ARM_GCC_541\Debug\F1-TestFixture.a(CyLib.o)
                0x1fffc0c4                CyResetStatus

.data           0x1fffc0c8       0xb8 load address 0x00003bc0
                0x1fffc0c8                __cy_region_start_data = .
 *(.jcr)
 .jcr           0x1fffc0c8        0x0 c:/program files (x86)/cypress/psoc creator/4.3/psoc creator/import/gnu/arm/5.4.1/bin/../lib/gcc/arm-none-eabi/5.4.1/armv7-m/crtbegin.o
 .jcr           0x1fffc0c8        0x4 c:/program files (x86)/cypress/psoc creator/4.3/psoc creator/import/gnu/arm/5.4.1/bin/../lib/gcc/arm-none-eabi/5.4.1/armv7-m/crtend.o
 *(.got.plt)
 *(.got)
 *(.shdata)
 *(.data .data.* .gnu.linkonce.d.*)
 .data          0x1fffc0cc       0x1a .\CortexM3\ARM_GCC_541\Debug\UART_230400_Functions.o
 *fill*         0x1fffc0e6        0x2 
 .data          0x1fffc0e8       0x14 .\CortexM3\ARM_GCC_541\Debug\UART_460800_Functions.o
 .data          0x1fffc0fc        0x8 .\CortexM3\ARM_GCC_541\Debug\F1-TestFixture.a(CyDmac.o)
 .data          0x1fffc104       0x10 .\CortexM3\ARM_GCC_541\Debug\F1-TestFixture.a(CyLib.o)
                0x1fffc104                cydelay_freq_hz
                0x1fffc108                cydelay_freq_khz
                0x1fffc10c                cydelay_freq_mhz
                0x1fffc110                cydelay_32k_ms
 .data          0x1fffc114        0x1 .\CortexM3\ARM_GCC_541\Debug\F1-TestFixture.a(WaveDAC_Wave1_DMA_dma.o)
                0x1fffc114                WaveDAC_Wave1_DMA_DmaHandle
 .data          0x1fffc115        0x1 .\CortexM3\ARM_GCC_541\Debug\F1-TestFixture.a(WaveDAC_Wave2_DMA_dma.o)
                0x1fffc115                WaveDAC_Wave2_DMA_DmaHandle
 *fill*         0x1fffc116        0x2 
 .data.impure_data
                0x1fffc118       0x60 c:/program files (x86)/cypress/psoc creator/4.3/psoc creator/import/gnu/arm/5.4.1/bin/../lib/gcc/arm-none-eabi/5.4.1/../../../../arm-none-eabi/lib/armv7-m\libg_nano.a(lib_a-impure.o)
 .data._impure_ptr
                0x1fffc178        0x4 c:/program files (x86)/cypress/psoc creator/4.3/psoc creator/import/gnu/arm/5.4.1/bin/../lib/gcc/arm-none-eabi/5.4.1/../../../../arm-none-eabi/lib/armv7-m\libg_nano.a(lib_a-impure.o)
                0x1fffc178                _impure_ptr
                0x1fffc180                . = ALIGN (0x8)
 *fill*         0x1fffc17c        0x4 
 *(.ram)
                0x1fffc180                _edata = .

.igot.plt       0x1fffc180        0x0 load address 0x00003c78
 .igot.plt      0x1fffc180        0x0 c:/program files (x86)/cypress/psoc creator/4.3/psoc creator/import/gnu/arm/5.4.1/bin/../lib/gcc/arm-none-eabi/5.4.1/armv7-m/crtbegin.o

.bss            0x1fffc180      0xbf8 load address 0x00003c78
                0x1fffc180                PROVIDE (__bss_start__, .)
 *(.shbss)
 *(.bss .bss.* .gnu.linkonce.b.*)
 .bss           0x1fffc180       0x1c c:/program files (x86)/cypress/psoc creator/4.3/psoc creator/import/gnu/arm/5.4.1/bin/../lib/gcc/arm-none-eabi/5.4.1/armv7-m/crtbegin.o
 .bss           0x1fffc19c      0x1d8 .\CortexM3\ARM_GCC_541\Debug\ControllerTest.o
 .bss           0x1fffc374      0x17a .\CortexM3\ARM_GCC_541\Debug\UART_230400_Functions.o
 *fill*         0x1fffc4ee        0x2 
 .bss           0x1fffc4f0       0x9a .\CortexM3\ARM_GCC_541\Debug\SirenTest.o
 *fill*         0x1fffc58a        0x2 
 .bss           0x1fffc58c      0x11c .\CortexM3\ARM_GCC_541\Debug\RelayTest.o
 .bss           0x1fffc6a8      0x1dc .\CortexM3\ARM_GCC_541\Debug\UART_460800_Functions.o
 .bss           0x1fffc884        0x7 .\CortexM3\ARM_GCC_541\Debug\F1-TestFixture.a(UART_230400.o)
                0x1fffc884                UART_230400_initVar
                0x1fffc886                UART_230400_txBufferRead
                0x1fffc888                UART_230400_txBufferWrite
 .bss           0x1fffc88b        0x1 .\CortexM3\ARM_GCC_541\Debug\F1-TestFixture.a(Timer_20ms.o)
                0x1fffc88b                Timer_20ms_initVar
 .bss           0x1fffc88c        0x2 .\CortexM3\ARM_GCC_541\Debug\F1-TestFixture.a(UART_460800.o)
                0x1fffc88c                UART_460800_initVar
 .bss           0x1fffc88e        0x1 .\CortexM3\ARM_GCC_541\Debug\F1-TestFixture.a(Timer_10ms.o)
                0x1fffc88e                Timer_10ms_initVar
 .bss           0x1fffc88f        0x1 .\CortexM3\ARM_GCC_541\Debug\F1-TestFixture.a(Timer_50ms.o)
                0x1fffc88f                Timer_50ms_initVar
 .bss           0x1fffc890        0x5 .\CortexM3\ARM_GCC_541\Debug\F1-TestFixture.a(WaveDAC.o)
                0x1fffc890                WaveDAC_initVar
 .bss           0x1fffc895        0x1 .\CortexM3\ARM_GCC_541\Debug\F1-TestFixture.a(Timer_DAC.o)
                0x1fffc895                Timer_DAC_initVar
 *fill*         0x1fffc896        0x2 
 .bss           0x1fffc898       0xcc .\CortexM3\ARM_GCC_541\Debug\F1-TestFixture.a(isr_ADC_AudioStream.o)
 .bss           0x1fffc964        0x1 .\CortexM3\ARM_GCC_541\Debug\F1-TestFixture.a(ADC_AudioStream.o)
                0x1fffc964                ADC_AudioStream_initVar
 *(COMMON)
 *fill*         0x1fffc965        0x3 
 COMMON         0x1fffc968      0x400 .\CortexM3\ARM_GCC_541\Debug\F1-TestFixture.a(UART_230400.o)
                0x1fffc968                UART_230400_txBuffer
 COMMON         0x1fffcd68        0x3 .\CortexM3\ARM_GCC_541\Debug\F1-TestFixture.a(isr_Timer_50ms.o)
                0x1fffcd68                CurrentTest
 *fill*         0x1fffcd6b        0x1 
 COMMON         0x1fffcd6c        0xc .\CortexM3\ARM_GCC_541\Debug\F1-TestFixture.a(ADC_AudioStream.o)
                0x1fffcd6c                ADC_AudioStream_shift
                0x1fffcd6e                ADC_AudioStream_offset
                0x1fffcd70                ADC_AudioStream_countsPerVolt
                0x1fffcd74                ADC_AudioStream_countsPer10Volt
                0x1fffcd78                . = ALIGN (0x8)
 *(.ram.b)
                0x1fffcd78                _end = .
                0x1fffcd78                __end = .
                0x1fffcd78                PROVIDE (end, .)
                0x1fffcd78                PROVIDE (__bss_end__, .)
                0x00003bc0                __cy_region_init_ram = LOADADDR (.data)
                0x000000b8                __cy_region_init_size_ram = (_edata - ADDR (.data))
                0x00000bf8                __cy_region_zero_size_ram = (_end - _edata)

.heap           0x1fffcd78       0x80 load address 0x00003c78
                0x1fffcd78                . = _end
                0x1fffcdf8                . = (. + 0x80)
 *fill*         0x1fffcd78       0x80 
                0x1fffcdf8                __cy_heap_limit = .

.stack          0x20003800      0x800
                0x20003800                __cy_stack_limit = .
                0x20004000                . = (. + 0x800)
 *fill*         0x20003800      0x800 
                0x00000001                ASSERT ((__cy_stack_limit >= __cy_heap_limit), region RAM overflowed with stack)
                0x00000000                cy_checksum_exclude_size = (CY_APPL_LOADABLE == 0x1)?SIZEOF (.cy_checksum_exclude):0x0
                0x00000001                ASSERT ((cy_checksum_exclude_size <= CY_CHECKSUM_EXCLUDE_SIZE), CY_BOOT: Section .cy_checksum_exclude size exceedes specified limit.)

.cyloadermeta
 *(.cyloadermeta)

.cyloadablemeta
 *(.cyloadablemeta)

.cyconfigecc    0x80000000      0x658
 *(.cyconfigecc)
 .cyconfigecc   0x80000000      0x658 .\CortexM3\ARM_GCC_541\Debug\cymetadata.o
                0x80000000                cy_meta_configecc

.cycustnvl      0x90000000        0x4
 *(.cycustnvl)
 .cycustnvl     0x90000000        0x4 .\CortexM3\ARM_GCC_541\Debug\cymetadata.o
                0x90000000                cy_meta_custnvl

.cywolatch      0x90100000        0x4
 *(.cywolatch)
 .cywolatch     0x90100000        0x4 .\CortexM3\ARM_GCC_541\Debug\cymetadata.o
                0x90100000                cy_meta_wonvl

.cyeeprom       0x90200000        0x0
 *(.cyeeprom)
                0x00000001                ASSERT ((. <= ((0x90200000 + ee_offset) + ee_size)), .cyeeprom data will not fit in EEPROM)

.cyflashprotect
                0x90400000       0x80
 *(.cyflashprotect)
 .cyflashprotect
                0x90400000       0x80 .\CortexM3\ARM_GCC_541\Debug\cymetadata.o
                0x90400000                cy_meta_flashprotect

.cymeta         0x90500000        0xc
 *(.cymeta)
 .cymeta        0x90500000        0xc .\CortexM3\ARM_GCC_541\Debug\cymetadata.o
                0x90500000                cy_metadata

.rel.dyn        0x00003c78        0x0 load address 0x9050000c
 .rel.iplt      0x00003c78        0x0 c:/program files (x86)/cypress/psoc creator/4.3/psoc creator/import/gnu/arm/5.4.1/bin/../lib/gcc/arm-none-eabi/5.4.1/armv7-m/crtbegin.o

.stab
 *(.stab)

.stabstr
 *(.stabstr)

.debug
 *(.debug)

.line
 *(.line)

.debug_srcinfo
 *(.debug_srcinfo)

.debug_sfnames
 *(.debug_sfnames)

.debug_aranges  0x00000000     0x13a0
 *(.debug_aranges)
 .debug_aranges
                0x00000000       0x38 .\CortexM3\ARM_GCC_541\Debug\main.o
 .debug_aranges
                0x00000038       0x68 .\CortexM3\ARM_GCC_541\Debug\ControllerTest.o
 .debug_aranges
                0x000000a0       0x58 .\CortexM3\ARM_GCC_541\Debug\UART_230400_Functions.o
 .debug_aranges
                0x000000f8       0x68 .\CortexM3\ARM_GCC_541\Debug\SirenTest.o
 .debug_aranges
                0x00000160       0xb0 .\CortexM3\ARM_GCC_541\Debug\RelayTest.o
 .debug_aranges
                0x00000210       0x48 .\CortexM3\ARM_GCC_541\Debug\UART_460800_Functions.o
 .debug_aranges
                0x00000258       0x38 .\CortexM3\ARM_GCC_541\Debug\UART_115200_Functions.o
 .debug_aranges
                0x00000290       0x30 .\CortexM3\ARM_GCC_541\Debug\CD4051BPW_Driver.o
 .debug_aranges
                0x000002c0       0x60 .\CortexM3\ARM_GCC_541\Debug\cyfitter_cfg.o
 .debug_aranges
                0x00000320       0x18 .\CortexM3\ARM_GCC_541\Debug\cymetadata.o
 .debug_aranges
                0x00000338       0x48 .\CortexM3\ARM_GCC_541\Debug\Cm3Start.o
 .debug_aranges
                0x00000380       0xd8 .\CortexM3\ARM_GCC_541\Debug\F1-TestFixture.a(CyDmac.o)
 .debug_aranges
                0x00000458      0x2a0 .\CortexM3\ARM_GCC_541\Debug\F1-TestFixture.a(CyLib.o)
 .debug_aranges
                0x000006f8       0x98 .\CortexM3\ARM_GCC_541\Debug\F1-TestFixture.a(cyPm.o)
 .debug_aranges
                0x00000790       0x80 .\CortexM3\ARM_GCC_541\Debug\F1-TestFixture.a(isr_UART_230400.o)
 .debug_aranges
                0x00000810       0xf0 .\CortexM3\ARM_GCC_541\Debug\F1-TestFixture.a(UART_230400.o)
 .debug_aranges
                0x00000900       0x20 .\CortexM3\ARM_GCC_541\Debug\F1-TestFixture.a(UART_230400_INT.o)
 .debug_aranges
                0x00000920       0x70 .\CortexM3\ARM_GCC_541\Debug\F1-TestFixture.a(UART_230400_IntClock.o)
 .debug_aranges
                0x00000990       0x38 .\CortexM3\ARM_GCC_541\Debug\F1-TestFixture.a(RS485_RX_EN.o)
 .debug_aranges
                0x000009c8       0x88 .\CortexM3\ARM_GCC_541\Debug\F1-TestFixture.a(Timer_20ms.o)
 .debug_aranges
                0x00000a50       0x38 .\CortexM3\ARM_GCC_541\Debug\F1-TestFixture.a(LED_EN.o)
 .debug_aranges
                0x00000a88       0x80 .\CortexM3\ARM_GCC_541\Debug\F1-TestFixture.a(isr_Timer_20ms.o)
 .debug_aranges
                0x00000b08       0x80 .\CortexM3\ARM_GCC_541\Debug\F1-TestFixture.a(isr_UART_460800.o)
 .debug_aranges
                0x00000b88       0xf0 .\CortexM3\ARM_GCC_541\Debug\F1-TestFixture.a(UART_460800.o)
 .debug_aranges
                0x00000c78       0x70 .\CortexM3\ARM_GCC_541\Debug\F1-TestFixture.a(UART_460800_IntClock.o)
 .debug_aranges
                0x00000ce8       0x88 .\CortexM3\ARM_GCC_541\Debug\F1-TestFixture.a(Timer_10ms.o)
 .debug_aranges
                0x00000d70       0x80 .\CortexM3\ARM_GCC_541\Debug\F1-TestFixture.a(isr_Timer_10ms.o)
 .debug_aranges
                0x00000df0       0x88 .\CortexM3\ARM_GCC_541\Debug\F1-TestFixture.a(Timer_50ms.o)
 .debug_aranges
                0x00000e78       0x80 .\CortexM3\ARM_GCC_541\Debug\F1-TestFixture.a(isr_Timer_50ms.o)
 .debug_aranges
                0x00000ef8       0x38 .\CortexM3\ARM_GCC_541\Debug\F1-TestFixture.a(PB_NextAction.o)
 .debug_aranges
                0x00000f30       0x50 .\CortexM3\ARM_GCC_541\Debug\F1-TestFixture.a(WaveDAC.o)
 .debug_aranges
                0x00000f80       0x28 .\CortexM3\ARM_GCC_541\Debug\F1-TestFixture.a(WaveDAC_Wave1_DMA_dma.o)
 .debug_aranges
                0x00000fa8       0x28 .\CortexM3\ARM_GCC_541\Debug\F1-TestFixture.a(WaveDAC_Wave2_DMA_dma.o)
 .debug_aranges
                0x00000fd0       0x58 .\CortexM3\ARM_GCC_541\Debug\F1-TestFixture.a(WaveDAC_VDAC8.o)
 .debug_aranges
                0x00001028       0x88 .\CortexM3\ARM_GCC_541\Debug\F1-TestFixture.a(Timer_DAC.o)
 .debug_aranges
                0x000010b0       0x80 .\CortexM3\ARM_GCC_541\Debug\F1-TestFixture.a(isr_ADC_AudioStream.o)
 .debug_aranges
                0x00001130       0xa8 .\CortexM3\ARM_GCC_541\Debug\F1-TestFixture.a(ADC_AudioStream.o)
 .debug_aranges
                0x000011d8       0x20 .\CortexM3\ARM_GCC_541\Debug\F1-TestFixture.a(ADC_AudioStream_INT.o)
 .debug_aranges
                0x000011f8       0x80 .\CortexM3\ARM_GCC_541\Debug\F1-TestFixture.a(ADC_AudioStream_theACLK.o)
 .debug_aranges
                0x00001278       0x20 .\CortexM3\ARM_GCC_541\Debug\F1-TestFixture.a(CyBootAsmGnu.o)
 .debug_aranges
                0x00001298       0x88 .\CortexM3\ARM_GCC_541\Debug\F1-TestFixture.a(CyFlash.o)
 .debug_aranges
                0x00001320       0x80 .\CortexM3\ARM_GCC_541\Debug\F1-TestFixture.a(CySpc.o)

.debug_pubnames
 *(.debug_pubnames)

.debug_info     0x00000000     0xa245
 *(.debug_info .gnu.linkonce.wi.*)
 .debug_info    0x00000000      0x185 .\CortexM3\ARM_GCC_541\Debug\main.o
 .debug_info    0x00000185      0x4b0 .\CortexM3\ARM_GCC_541\Debug\ControllerTest.o
 .debug_info    0x00000635      0xbc7 .\CortexM3\ARM_GCC_541\Debug\UART_230400_Functions.o
 .debug_info    0x000011fc      0x8ac .\CortexM3\ARM_GCC_541\Debug\SirenTest.o
 .debug_info    0x00001aa8     0x10a5 .\CortexM3\ARM_GCC_541\Debug\RelayTest.o
 .debug_info    0x00002b4d      0x9c7 .\CortexM3\ARM_GCC_541\Debug\UART_460800_Functions.o
 .debug_info    0x00003514      0x2f6 .\CortexM3\ARM_GCC_541\Debug\UART_115200_Functions.o
 .debug_info    0x0000380a      0x24a .\CortexM3\ARM_GCC_541\Debug\CD4051BPW_Driver.o
 .debug_info    0x00003a54      0x470 .\CortexM3\ARM_GCC_541\Debug\cyfitter_cfg.o
 .debug_info    0x00003ec4      0x138 .\CortexM3\ARM_GCC_541\Debug\cymetadata.o
 .debug_info    0x00003ffc      0x32b .\CortexM3\ARM_GCC_541\Debug\Cm3Start.o
 .debug_info    0x00004327      0x8c0 .\CortexM3\ARM_GCC_541\Debug\F1-TestFixture.a(CyDmac.o)
 .debug_info    0x00004be7      0xe51 .\CortexM3\ARM_GCC_541\Debug\F1-TestFixture.a(CyLib.o)
 .debug_info    0x00005a38      0x57a .\CortexM3\ARM_GCC_541\Debug\F1-TestFixture.a(cyPm.o)
 .debug_info    0x00005fb2      0x268 .\CortexM3\ARM_GCC_541\Debug\F1-TestFixture.a(isr_UART_230400.o)
 .debug_info    0x0000621a      0x593 .\CortexM3\ARM_GCC_541\Debug\F1-TestFixture.a(UART_230400.o)
 .debug_info    0x000067ad      0x108 .\CortexM3\ARM_GCC_541\Debug\F1-TestFixture.a(UART_230400_INT.o)
 .debug_info    0x000068b5      0x25d .\CortexM3\ARM_GCC_541\Debug\F1-TestFixture.a(UART_230400_IntClock.o)
 .debug_info    0x00006b12      0x11e .\CortexM3\ARM_GCC_541\Debug\F1-TestFixture.a(RS485_RX_EN.o)
 .debug_info    0x00006c30      0x245 .\CortexM3\ARM_GCC_541\Debug\F1-TestFixture.a(Timer_20ms.o)
 .debug_info    0x00006e75      0x11e .\CortexM3\ARM_GCC_541\Debug\F1-TestFixture.a(LED_EN.o)
 .debug_info    0x00006f93      0x268 .\CortexM3\ARM_GCC_541\Debug\F1-TestFixture.a(isr_Timer_20ms.o)
 .debug_info    0x000071fb      0x268 .\CortexM3\ARM_GCC_541\Debug\F1-TestFixture.a(isr_UART_460800.o)
 .debug_info    0x00007463      0x50a .\CortexM3\ARM_GCC_541\Debug\F1-TestFixture.a(UART_460800.o)
 .debug_info    0x0000796d      0x25d .\CortexM3\ARM_GCC_541\Debug\F1-TestFixture.a(UART_460800_IntClock.o)
 .debug_info    0x00007bca      0x245 .\CortexM3\ARM_GCC_541\Debug\F1-TestFixture.a(Timer_10ms.o)
 .debug_info    0x00007e0f      0x26a .\CortexM3\ARM_GCC_541\Debug\F1-TestFixture.a(isr_Timer_10ms.o)
 .debug_info    0x00008079      0x245 .\CortexM3\ARM_GCC_541\Debug\F1-TestFixture.a(Timer_50ms.o)
 .debug_info    0x000082be      0x2c6 .\CortexM3\ARM_GCC_541\Debug\F1-TestFixture.a(isr_Timer_50ms.o)
 .debug_info    0x00008584      0x11e .\CortexM3\ARM_GCC_541\Debug\F1-TestFixture.a(PB_NextAction.o)
 .debug_info    0x000086a2      0x248 .\CortexM3\ARM_GCC_541\Debug\F1-TestFixture.a(WaveDAC.o)
 .debug_info    0x000088ea      0x11b .\CortexM3\ARM_GCC_541\Debug\F1-TestFixture.a(WaveDAC_Wave1_DMA_dma.o)
 .debug_info    0x00008a05      0x11b .\CortexM3\ARM_GCC_541\Debug\F1-TestFixture.a(WaveDAC_Wave2_DMA_dma.o)
 .debug_info    0x00008b20      0x185 .\CortexM3\ARM_GCC_541\Debug\F1-TestFixture.a(WaveDAC_VDAC8.o)
 .debug_info    0x00008ca5      0x245 .\CortexM3\ARM_GCC_541\Debug\F1-TestFixture.a(Timer_DAC.o)
 .debug_info    0x00008eea      0x2a6 .\CortexM3\ARM_GCC_541\Debug\F1-TestFixture.a(isr_ADC_AudioStream.o)
 .debug_info    0x00009190      0x47f .\CortexM3\ARM_GCC_541\Debug\F1-TestFixture.a(ADC_AudioStream.o)
 .debug_info    0x0000960f       0x92 .\CortexM3\ARM_GCC_541\Debug\F1-TestFixture.a(ADC_AudioStream_INT.o)
 .debug_info    0x000096a1      0x299 .\CortexM3\ARM_GCC_541\Debug\F1-TestFixture.a(ADC_AudioStream_theACLK.o)
 .debug_info    0x0000993a       0x92 .\CortexM3\ARM_GCC_541\Debug\F1-TestFixture.a(CyBootAsmGnu.o)
 .debug_info    0x000099cc      0x3b9 .\CortexM3\ARM_GCC_541\Debug\F1-TestFixture.a(CyFlash.o)
 .debug_info    0x00009d85      0x4c0 .\CortexM3\ARM_GCC_541\Debug\F1-TestFixture.a(CySpc.o)

.debug_abbrev   0x00000000     0x320d
 *(.debug_abbrev)
 .debug_abbrev  0x00000000       0xfc .\CortexM3\ARM_GCC_541\Debug\main.o
 .debug_abbrev  0x000000fc      0x1a8 .\CortexM3\ARM_GCC_541\Debug\ControllerTest.o
 .debug_abbrev  0x000002a4      0x1e0 .\CortexM3\ARM_GCC_541\Debug\UART_230400_Functions.o
 .debug_abbrev  0x00000484      0x1e4 .\CortexM3\ARM_GCC_541\Debug\SirenTest.o
 .debug_abbrev  0x00000668      0x24a .\CortexM3\ARM_GCC_541\Debug\RelayTest.o
 .debug_abbrev  0x000008b2      0x1b5 .\CortexM3\ARM_GCC_541\Debug\UART_460800_Functions.o
 .debug_abbrev  0x00000a67      0x176 .\CortexM3\ARM_GCC_541\Debug\UART_115200_Functions.o
 .debug_abbrev  0x00000bdd       0xe3 .\CortexM3\ARM_GCC_541\Debug\CD4051BPW_Driver.o
 .debug_abbrev  0x00000cc0      0x1b7 .\CortexM3\ARM_GCC_541\Debug\cyfitter_cfg.o
 .debug_abbrev  0x00000e77       0x77 .\CortexM3\ARM_GCC_541\Debug\cymetadata.o
 .debug_abbrev  0x00000eee      0x1d6 .\CortexM3\ARM_GCC_541\Debug\Cm3Start.o
 .debug_abbrev  0x000010c4      0x194 .\CortexM3\ARM_GCC_541\Debug\F1-TestFixture.a(CyDmac.o)
 .debug_abbrev  0x00001258      0x217 .\CortexM3\ARM_GCC_541\Debug\F1-TestFixture.a(CyLib.o)
 .debug_abbrev  0x0000146f      0x161 .\CortexM3\ARM_GCC_541\Debug\F1-TestFixture.a(cyPm.o)
 .debug_abbrev  0x000015d0      0x178 .\CortexM3\ARM_GCC_541\Debug\F1-TestFixture.a(isr_UART_230400.o)
 .debug_abbrev  0x00001748      0x15d .\CortexM3\ARM_GCC_541\Debug\F1-TestFixture.a(UART_230400.o)
 .debug_abbrev  0x000018a5       0x79 .\CortexM3\ARM_GCC_541\Debug\F1-TestFixture.a(UART_230400_INT.o)
 .debug_abbrev  0x0000191e      0x11d .\CortexM3\ARM_GCC_541\Debug\F1-TestFixture.a(UART_230400_IntClock.o)
 .debug_abbrev  0x00001a3b       0x90 .\CortexM3\ARM_GCC_541\Debug\F1-TestFixture.a(RS485_RX_EN.o)
 .debug_abbrev  0x00001acb       0xe9 .\CortexM3\ARM_GCC_541\Debug\F1-TestFixture.a(Timer_20ms.o)
 .debug_abbrev  0x00001bb4       0x90 .\CortexM3\ARM_GCC_541\Debug\F1-TestFixture.a(LED_EN.o)
 .debug_abbrev  0x00001c44      0x178 .\CortexM3\ARM_GCC_541\Debug\F1-TestFixture.a(isr_Timer_20ms.o)
 .debug_abbrev  0x00001dbc      0x178 .\CortexM3\ARM_GCC_541\Debug\F1-TestFixture.a(isr_UART_460800.o)
 .debug_abbrev  0x00001f34      0x163 .\CortexM3\ARM_GCC_541\Debug\F1-TestFixture.a(UART_460800.o)
 .debug_abbrev  0x00002097      0x11d .\CortexM3\ARM_GCC_541\Debug\F1-TestFixture.a(UART_460800_IntClock.o)
 .debug_abbrev  0x000021b4       0xe9 .\CortexM3\ARM_GCC_541\Debug\F1-TestFixture.a(Timer_10ms.o)
 .debug_abbrev  0x0000229d      0x15c .\CortexM3\ARM_GCC_541\Debug\F1-TestFixture.a(isr_Timer_10ms.o)
 .debug_abbrev  0x000023f9       0xe9 .\CortexM3\ARM_GCC_541\Debug\F1-TestFixture.a(Timer_50ms.o)
 .debug_abbrev  0x000024e2      0x1a7 .\CortexM3\ARM_GCC_541\Debug\F1-TestFixture.a(isr_Timer_50ms.o)
 .debug_abbrev  0x00002689       0x90 .\CortexM3\ARM_GCC_541\Debug\F1-TestFixture.a(PB_NextAction.o)
 .debug_abbrev  0x00002719       0xe3 .\CortexM3\ARM_GCC_541\Debug\F1-TestFixture.a(WaveDAC.o)
 .debug_abbrev  0x000027fc       0x8b .\CortexM3\ARM_GCC_541\Debug\F1-TestFixture.a(WaveDAC_Wave1_DMA_dma.o)
 .debug_abbrev  0x00002887       0x8b .\CortexM3\ARM_GCC_541\Debug\F1-TestFixture.a(WaveDAC_Wave2_DMA_dma.o)
 .debug_abbrev  0x00002912       0xeb .\CortexM3\ARM_GCC_541\Debug\F1-TestFixture.a(WaveDAC_VDAC8.o)
 .debug_abbrev  0x000029fd       0xe9 .\CortexM3\ARM_GCC_541\Debug\F1-TestFixture.a(Timer_DAC.o)
 .debug_abbrev  0x00002ae6      0x18a .\CortexM3\ARM_GCC_541\Debug\F1-TestFixture.a(isr_ADC_AudioStream.o)
 .debug_abbrev  0x00002c70      0x173 .\CortexM3\ARM_GCC_541\Debug\F1-TestFixture.a(ADC_AudioStream.o)
 .debug_abbrev  0x00002de3       0x42 .\CortexM3\ARM_GCC_541\Debug\F1-TestFixture.a(ADC_AudioStream_INT.o)
 .debug_abbrev  0x00002e25      0x11d .\CortexM3\ARM_GCC_541\Debug\F1-TestFixture.a(ADC_AudioStream_theACLK.o)
 .debug_abbrev  0x00002f42       0x14 .\CortexM3\ARM_GCC_541\Debug\F1-TestFixture.a(CyBootAsmGnu.o)
 .debug_abbrev  0x00002f56      0x14b .\CortexM3\ARM_GCC_541\Debug\F1-TestFixture.a(CyFlash.o)
 .debug_abbrev  0x000030a1      0x16c .\CortexM3\ARM_GCC_541\Debug\F1-TestFixture.a(CySpc.o)

.debug_line     0x00000000     0x558a
 *(.debug_line)
 .debug_line    0x00000000      0x1e8 .\CortexM3\ARM_GCC_541\Debug\main.o
 .debug_line    0x000001e8      0x28b .\CortexM3\ARM_GCC_541\Debug\ControllerTest.o
 .debug_line    0x00000473      0x2f8 .\CortexM3\ARM_GCC_541\Debug\UART_230400_Functions.o
 .debug_line    0x0000076b      0x320 .\CortexM3\ARM_GCC_541\Debug\SirenTest.o
 .debug_line    0x00000a8b      0x497 .\CortexM3\ARM_GCC_541\Debug\RelayTest.o
 .debug_line    0x00000f22      0x29f .\CortexM3\ARM_GCC_541\Debug\UART_460800_Functions.o
 .debug_line    0x000011c1      0x228 .\CortexM3\ARM_GCC_541\Debug\UART_115200_Functions.o
 .debug_line    0x000013e9      0x1a2 .\CortexM3\ARM_GCC_541\Debug\CD4051BPW_Driver.o
 .debug_line    0x0000158b      0x236 .\CortexM3\ARM_GCC_541\Debug\cyfitter_cfg.o
 .debug_line    0x000017c1      0x141 .\CortexM3\ARM_GCC_541\Debug\cymetadata.o
 .debug_line    0x00001902      0x1db .\CortexM3\ARM_GCC_541\Debug\Cm3Start.o
 .debug_line    0x00001add      0x2b6 .\CortexM3\ARM_GCC_541\Debug\F1-TestFixture.a(CyDmac.o)
 .debug_line    0x00001d93      0x883 .\CortexM3\ARM_GCC_541\Debug\F1-TestFixture.a(CyLib.o)
 .debug_line    0x00002616      0x38e .\CortexM3\ARM_GCC_541\Debug\F1-TestFixture.a(cyPm.o)
 .debug_line    0x000029a4      0x264 .\CortexM3\ARM_GCC_541\Debug\F1-TestFixture.a(isr_UART_230400.o)
 .debug_line    0x00002c08      0x324 .\CortexM3\ARM_GCC_541\Debug\F1-TestFixture.a(UART_230400.o)
 .debug_line    0x00002f2c       0x8e .\CortexM3\ARM_GCC_541\Debug\F1-TestFixture.a(UART_230400_INT.o)
 .debug_line    0x00002fba      0x1b3 .\CortexM3\ARM_GCC_541\Debug\F1-TestFixture.a(UART_230400_IntClock.o)
 .debug_line    0x0000316d       0x9b .\CortexM3\ARM_GCC_541\Debug\F1-TestFixture.a(RS485_RX_EN.o)
 .debug_line    0x00003208      0x162 .\CortexM3\ARM_GCC_541\Debug\F1-TestFixture.a(Timer_20ms.o)
 .debug_line    0x0000336a       0x96 .\CortexM3\ARM_GCC_541\Debug\F1-TestFixture.a(LED_EN.o)
 .debug_line    0x00003400      0x269 .\CortexM3\ARM_GCC_541\Debug\F1-TestFixture.a(isr_Timer_20ms.o)
 .debug_line    0x00003669      0x264 .\CortexM3\ARM_GCC_541\Debug\F1-TestFixture.a(isr_UART_460800.o)
 .debug_line    0x000038cd      0x2e9 .\CortexM3\ARM_GCC_541\Debug\F1-TestFixture.a(UART_460800.o)
 .debug_line    0x00003bb6      0x1b3 .\CortexM3\ARM_GCC_541\Debug\F1-TestFixture.a(UART_460800_IntClock.o)
 .debug_line    0x00003d69      0x162 .\CortexM3\ARM_GCC_541\Debug\F1-TestFixture.a(Timer_10ms.o)
 .debug_line    0x00003ecb      0x269 .\CortexM3\ARM_GCC_541\Debug\F1-TestFixture.a(isr_Timer_10ms.o)
 .debug_line    0x00004134      0x162 .\CortexM3\ARM_GCC_541\Debug\F1-TestFixture.a(Timer_50ms.o)
 .debug_line    0x00004296      0x28a .\CortexM3\ARM_GCC_541\Debug\F1-TestFixture.a(isr_Timer_50ms.o)
 .debug_line    0x00004520       0x9d .\CortexM3\ARM_GCC_541\Debug\F1-TestFixture.a(PB_NextAction.o)
 .debug_line    0x000045bd       0xef .\CortexM3\ARM_GCC_541\Debug\F1-TestFixture.a(WaveDAC.o)
 .debug_line    0x000046ac       0x84 .\CortexM3\ARM_GCC_541\Debug\F1-TestFixture.a(WaveDAC_Wave1_DMA_dma.o)
 .debug_line    0x00004730       0x84 .\CortexM3\ARM_GCC_541\Debug\F1-TestFixture.a(WaveDAC_Wave2_DMA_dma.o)
 .debug_line    0x000047b4       0xf5 .\CortexM3\ARM_GCC_541\Debug\F1-TestFixture.a(WaveDAC_VDAC8.o)
 .debug_line    0x000048a9      0x161 .\CortexM3\ARM_GCC_541\Debug\F1-TestFixture.a(Timer_DAC.o)
 .debug_line    0x00004a0a      0x26e .\CortexM3\ARM_GCC_541\Debug\F1-TestFixture.a(isr_ADC_AudioStream.o)
 .debug_line    0x00004c78      0x213 .\CortexM3\ARM_GCC_541\Debug\F1-TestFixture.a(ADC_AudioStream.o)
 .debug_line    0x00004e8b       0x5f .\CortexM3\ARM_GCC_541\Debug\F1-TestFixture.a(ADC_AudioStream_INT.o)
 .debug_line    0x00004eea      0x1da .\CortexM3\ARM_GCC_541\Debug\F1-TestFixture.a(ADC_AudioStream_theACLK.o)
 .debug_line    0x000050c4       0x66 .\CortexM3\ARM_GCC_541\Debug\F1-TestFixture.a(CyBootAsmGnu.o)
 .debug_line    0x0000512a      0x22f .\CortexM3\ARM_GCC_541\Debug\F1-TestFixture.a(CyFlash.o)
 .debug_line    0x00005359      0x231 .\CortexM3\ARM_GCC_541\Debug\F1-TestFixture.a(CySpc.o)

.debug_frame    0x00000000     0x4c50
 *(.debug_frame)
 .debug_frame   0x00000000       0x90 .\CortexM3\ARM_GCC_541\Debug\main.o
 .debug_frame   0x00000090      0x160 .\CortexM3\ARM_GCC_541\Debug\ControllerTest.o
 .debug_frame   0x000001f0      0x130 .\CortexM3\ARM_GCC_541\Debug\UART_230400_Functions.o
 .debug_frame   0x00000320      0x150 .\CortexM3\ARM_GCC_541\Debug\SirenTest.o
 .debug_frame   0x00000470      0x2c4 .\CortexM3\ARM_GCC_541\Debug\RelayTest.o
 .debug_frame   0x00000734       0xf0 .\CortexM3\ARM_GCC_541\Debug\UART_460800_Functions.o
 .debug_frame   0x00000824       0xa8 .\CortexM3\ARM_GCC_541\Debug\UART_115200_Functions.o
 .debug_frame   0x000008cc       0x84 .\CortexM3\ARM_GCC_541\Debug\CD4051BPW_Driver.o
 .debug_frame   0x00000950      0x16c .\CortexM3\ARM_GCC_541\Debug\cyfitter_cfg.o
 .debug_frame   0x00000abc       0xd8 .\CortexM3\ARM_GCC_541\Debug\Cm3Start.o
 .debug_frame   0x00000b94      0x3d0 .\CortexM3\ARM_GCC_541\Debug\F1-TestFixture.a(CyDmac.o)
 .debug_frame   0x00000f64      0xc0c .\CortexM3\ARM_GCC_541\Debug\F1-TestFixture.a(CyLib.o)
 .debug_frame   0x00001b70      0x234 .\CortexM3\ARM_GCC_541\Debug\F1-TestFixture.a(cyPm.o)
 .debug_frame   0x00001da4      0x1e0 .\CortexM3\ARM_GCC_541\Debug\F1-TestFixture.a(isr_UART_230400.o)
 .debug_frame   0x00001f84      0x424 .\CortexM3\ARM_GCC_541\Debug\F1-TestFixture.a(UART_230400.o)
 .debug_frame   0x000023a8       0x34 .\CortexM3\ARM_GCC_541\Debug\F1-TestFixture.a(UART_230400_INT.o)
 .debug_frame   0x000023dc      0x1b4 .\CortexM3\ARM_GCC_541\Debug\F1-TestFixture.a(UART_230400_IntClock.o)
 .debug_frame   0x00002590       0xa8 .\CortexM3\ARM_GCC_541\Debug\F1-TestFixture.a(RS485_RX_EN.o)
 .debug_frame   0x00002638      0x208 .\CortexM3\ARM_GCC_541\Debug\F1-TestFixture.a(Timer_20ms.o)
 .debug_frame   0x00002840       0xa8 .\CortexM3\ARM_GCC_541\Debug\F1-TestFixture.a(LED_EN.o)
 .debug_frame   0x000028e8      0x1e0 .\CortexM3\ARM_GCC_541\Debug\F1-TestFixture.a(isr_Timer_20ms.o)
 .debug_frame   0x00002ac8      0x1e0 .\CortexM3\ARM_GCC_541\Debug\F1-TestFixture.a(isr_UART_460800.o)
 .debug_frame   0x00002ca8      0x42c .\CortexM3\ARM_GCC_541\Debug\F1-TestFixture.a(UART_460800.o)
 .debug_frame   0x000030d4      0x1b4 .\CortexM3\ARM_GCC_541\Debug\F1-TestFixture.a(UART_460800_IntClock.o)
 .debug_frame   0x00003288      0x208 .\CortexM3\ARM_GCC_541\Debug\F1-TestFixture.a(Timer_10ms.o)
 .debug_frame   0x00003490      0x1e0 .\CortexM3\ARM_GCC_541\Debug\F1-TestFixture.a(isr_Timer_10ms.o)
 .debug_frame   0x00003670      0x208 .\CortexM3\ARM_GCC_541\Debug\F1-TestFixture.a(Timer_50ms.o)
 .debug_frame   0x00003878      0x1e0 .\CortexM3\ARM_GCC_541\Debug\F1-TestFixture.a(isr_Timer_50ms.o)
 .debug_frame   0x00003a58       0xa8 .\CortexM3\ARM_GCC_541\Debug\F1-TestFixture.a(PB_NextAction.o)
 .debug_frame   0x00003b00       0xf8 .\CortexM3\ARM_GCC_541\Debug\F1-TestFixture.a(WaveDAC.o)
 .debug_frame   0x00003bf8       0x58 .\CortexM3\ARM_GCC_541\Debug\F1-TestFixture.a(WaveDAC_Wave1_DMA_dma.o)
 .debug_frame   0x00003c50       0x58 .\CortexM3\ARM_GCC_541\Debug\F1-TestFixture.a(WaveDAC_Wave2_DMA_dma.o)
 .debug_frame   0x00003ca8      0x130 .\CortexM3\ARM_GCC_541\Debug\F1-TestFixture.a(WaveDAC_VDAC8.o)
 .debug_frame   0x00003dd8      0x208 .\CortexM3\ARM_GCC_541\Debug\F1-TestFixture.a(Timer_DAC.o)
 .debug_frame   0x00003fe0      0x1e8 .\CortexM3\ARM_GCC_541\Debug\F1-TestFixture.a(isr_ADC_AudioStream.o)
 .debug_frame   0x000041c8      0x2bc .\CortexM3\ARM_GCC_541\Debug\F1-TestFixture.a(ADC_AudioStream.o)
 .debug_frame   0x00004484       0x34 .\CortexM3\ARM_GCC_541\Debug\F1-TestFixture.a(ADC_AudioStream_INT.o)
 .debug_frame   0x000044b8      0x200 .\CortexM3\ARM_GCC_541\Debug\F1-TestFixture.a(ADC_AudioStream_theACLK.o)
 .debug_frame   0x000046b8      0x238 .\CortexM3\ARM_GCC_541\Debug\F1-TestFixture.a(CyFlash.o)
 .debug_frame   0x000048f0      0x228 .\CortexM3\ARM_GCC_541\Debug\F1-TestFixture.a(CySpc.o)
 .debug_frame   0x00004b18       0x44 c:/program files (x86)/cypress/psoc creator/4.3/psoc creator/import/gnu/arm/5.4.1/bin/../lib/gcc/arm-none-eabi/5.4.1/armv7-m\libgcc.a(_aeabi_ldivmod.o)
 .debug_frame   0x00004b5c       0x38 c:/program files (x86)/cypress/psoc creator/4.3/psoc creator/import/gnu/arm/5.4.1/bin/../lib/gcc/arm-none-eabi/5.4.1/armv7-m\libgcc.a(_udivmoddi4.o)
 .debug_frame   0x00004b94       0x20 c:/program files (x86)/cypress/psoc creator/4.3/psoc creator/import/gnu/arm/5.4.1/bin/../lib/gcc/arm-none-eabi/5.4.1/../../../../arm-none-eabi/lib/armv7-m\libg_nano.a(lib_a-errno.o)
 .debug_frame   0x00004bb4       0x28 c:/program files (x86)/cypress/psoc creator/4.3/psoc creator/import/gnu/arm/5.4.1/bin/../lib/gcc/arm-none-eabi/5.4.1/../../../../arm-none-eabi/lib/armv7-m\libg_nano.a(lib_a-exit.o)
 .debug_frame   0x00004bdc       0x2c c:/program files (x86)/cypress/psoc creator/4.3/psoc creator/import/gnu/arm/5.4.1/bin/../lib/gcc/arm-none-eabi/5.4.1/../../../../arm-none-eabi/lib/armv7-m\libg_nano.a(lib_a-init.o)
 .debug_frame   0x00004c08       0x28 c:/program files (x86)/cypress/psoc creator/4.3/psoc creator/import/gnu/arm/5.4.1/bin/../lib/gcc/arm-none-eabi/5.4.1/../../../../arm-none-eabi/lib/armv7-m\libg_nano.a(lib_a-memcpy-stub.o)
 .debug_frame   0x00004c30       0x20 c:/program files (x86)/cypress/psoc creator/4.3/psoc creator/import/gnu/arm/5.4.1/bin/../lib/gcc/arm-none-eabi/5.4.1/../../../../arm-none-eabi/lib/armv7-m\libg_nano.a(lib_a-memset.o)

.debug_str      0x00000000     0x50a3
 *(.debug_str)
 .debug_str     0x00000000      0x1f9 .\CortexM3\ARM_GCC_541\Debug\main.o
                                0x246 (size before relaxing)
 .debug_str     0x000001f9      0x36b .\CortexM3\ARM_GCC_541\Debug\ControllerTest.o
                                0x557 (size before relaxing)
 .debug_str     0x00000564      0x600 .\CortexM3\ARM_GCC_541\Debug\UART_230400_Functions.o
                                0x9ea (size before relaxing)
 .debug_str     0x00000b64      0x1e2 .\CortexM3\ARM_GCC_541\Debug\SirenTest.o
                                0x8c3 (size before relaxing)
 .debug_str     0x00000d46      0x947 .\CortexM3\ARM_GCC_541\Debug\RelayTest.o
                               0x108d (size before relaxing)
 .debug_str     0x0000168d       0xec .\CortexM3\ARM_GCC_541\Debug\UART_460800_Functions.o
                                0xa7c (size before relaxing)
 .debug_str     0x00001779       0xa5 .\CortexM3\ARM_GCC_541\Debug\UART_115200_Functions.o
                                0x385 (size before relaxing)
 .debug_str     0x0000181e      0x218 .\CortexM3\ARM_GCC_541\Debug\CD4051BPW_Driver.o
                                0x3b4 (size before relaxing)
 .debug_str     0x00001a36      0x189 .\CortexM3\ARM_GCC_541\Debug\cyfitter_cfg.o
                                0x33a (size before relaxing)
 .debug_str     0x00001bbf       0x7f .\CortexM3\ARM_GCC_541\Debug\cymetadata.o
                                0x1e6 (size before relaxing)
 .debug_str     0x00001c3e      0x123 .\CortexM3\ARM_GCC_541\Debug\Cm3Start.o
                                0x2d9 (size before relaxing)
 .debug_str     0x00001d61      0x367 .\CortexM3\ARM_GCC_541\Debug\F1-TestFixture.a(CyDmac.o)
                                0x51f (size before relaxing)
 .debug_str     0x000020c8      0x7d6 .\CortexM3\ARM_GCC_541\Debug\F1-TestFixture.a(CyLib.o)
                                0x9ec (size before relaxing)
 .debug_str     0x0000289e      0x371 .\CortexM3\ARM_GCC_541\Debug\F1-TestFixture.a(cyPm.o)
                                0x545 (size before relaxing)
 .debug_str     0x00002c0f      0x172 .\CortexM3\ARM_GCC_541\Debug\F1-TestFixture.a(isr_UART_230400.o)
                                0x353 (size before relaxing)
 .debug_str     0x00002d81      0x377 .\CortexM3\ARM_GCC_541\Debug\F1-TestFixture.a(UART_230400.o)
                                0x564 (size before relaxing)
 .debug_str     0x000030f8       0x3b .\CortexM3\ARM_GCC_541\Debug\F1-TestFixture.a(UART_230400_INT.o)
                                0x212 (size before relaxing)
 .debug_str     0x00003133      0x1fe .\CortexM3\ARM_GCC_541\Debug\F1-TestFixture.a(UART_230400_IntClock.o)
                                0x38c (size before relaxing)
 .debug_str     0x00003331       0x84 .\CortexM3\ARM_GCC_541\Debug\F1-TestFixture.a(RS485_RX_EN.o)
                                0x202 (size before relaxing)
 .debug_str     0x000033b5      0x177 .\CortexM3\ARM_GCC_541\Debug\F1-TestFixture.a(Timer_20ms.o)
                                0x347 (size before relaxing)
 .debug_str     0x0000352c       0x60 .\CortexM3\ARM_GCC_541\Debug\F1-TestFixture.a(LED_EN.o)
                                0x1e9 (size before relaxing)
 .debug_str     0x0000358c      0x164 .\CortexM3\ARM_GCC_541\Debug\F1-TestFixture.a(isr_Timer_20ms.o)
                                0x345 (size before relaxing)
 .debug_str     0x000036f0      0x172 .\CortexM3\ARM_GCC_541\Debug\F1-TestFixture.a(isr_UART_460800.o)
                                0x353 (size before relaxing)
 .debug_str     0x00003862      0x295 .\CortexM3\ARM_GCC_541\Debug\F1-TestFixture.a(UART_460800.o)
                                0x4ee (size before relaxing)
 .debug_str     0x00003af7      0x1b3 .\CortexM3\ARM_GCC_541\Debug\F1-TestFixture.a(UART_460800_IntClock.o)
                                0x38c (size before relaxing)
 .debug_str     0x00003caa      0x14e .\CortexM3\ARM_GCC_541\Debug\F1-TestFixture.a(Timer_10ms.o)
                                0x347 (size before relaxing)
 .debug_str     0x00003df8      0x164 .\CortexM3\ARM_GCC_541\Debug\F1-TestFixture.a(isr_Timer_10ms.o)
                                0x345 (size before relaxing)
 .debug_str     0x00003f5c      0x14e .\CortexM3\ARM_GCC_541\Debug\F1-TestFixture.a(Timer_50ms.o)
                                0x347 (size before relaxing)
 .debug_str     0x000040aa      0x164 .\CortexM3\ARM_GCC_541\Debug\F1-TestFixture.a(isr_Timer_50ms.o)
                                0x393 (size before relaxing)
 .debug_str     0x0000420e       0x83 .\CortexM3\ARM_GCC_541\Debug\F1-TestFixture.a(PB_NextAction.o)
                                0x20c (size before relaxing)
 .debug_str     0x00004291      0x13b .\CortexM3\ARM_GCC_541\Debug\F1-TestFixture.a(WaveDAC.o)
                                0x2cc (size before relaxing)
 .debug_str     0x000043cc       0xc3 .\CortexM3\ARM_GCC_541\Debug\F1-TestFixture.a(WaveDAC_Wave1_DMA_dma.o)
                                0x24d (size before relaxing)
 .debug_str     0x0000448f       0x88 .\CortexM3\ARM_GCC_541\Debug\F1-TestFixture.a(WaveDAC_Wave2_DMA_dma.o)
                                0x24d (size before relaxing)
 .debug_str     0x00004517       0xf3 .\CortexM3\ARM_GCC_541\Debug\F1-TestFixture.a(WaveDAC_VDAC8.o)
                                0x271 (size before relaxing)
 .debug_str     0x0000460a      0x171 .\CortexM3\ARM_GCC_541\Debug\F1-TestFixture.a(Timer_DAC.o)
                                0x337 (size before relaxing)
 .debug_str     0x0000477b      0x1aa .\CortexM3\ARM_GCC_541\Debug\F1-TestFixture.a(isr_ADC_AudioStream.o)
                                0x3a6 (size before relaxing)
 .debug_str     0x00004925      0x295 .\CortexM3\ARM_GCC_541\Debug\F1-TestFixture.a(ADC_AudioStream.o)
                                0x4cf (size before relaxing)
 .debug_str     0x00004bba       0x41 .\CortexM3\ARM_GCC_541\Debug\F1-TestFixture.a(ADC_AudioStream_INT.o)
                                0x1a9 (size before relaxing)
 .debug_str     0x00004bfb      0x232 .\CortexM3\ARM_GCC_541\Debug\F1-TestFixture.a(ADC_AudioStream_theACLK.o)
                                0x40b (size before relaxing)
 .debug_str     0x00004e2d      0x14f .\CortexM3\ARM_GCC_541\Debug\F1-TestFixture.a(CyFlash.o)
                                0x309 (size before relaxing)
 .debug_str     0x00004f7c      0x127 .\CortexM3\ARM_GCC_541\Debug\F1-TestFixture.a(CySpc.o)
                                0x303 (size before relaxing)

.debug_loc
 *(.debug_loc)

.debug_macinfo
 *(.debug_macinfo)

.debug_ranges   0x00000000     0x10e8
 *(.debug_ranges)
 .debug_ranges  0x00000000       0x28 .\CortexM3\ARM_GCC_541\Debug\main.o
 .debug_ranges  0x00000028       0x58 .\CortexM3\ARM_GCC_541\Debug\ControllerTest.o
 .debug_ranges  0x00000080       0x48 .\CortexM3\ARM_GCC_541\Debug\UART_230400_Functions.o
 .debug_ranges  0x000000c8       0x58 .\CortexM3\ARM_GCC_541\Debug\SirenTest.o
 .debug_ranges  0x00000120       0xa0 .\CortexM3\ARM_GCC_541\Debug\RelayTest.o
 .debug_ranges  0x000001c0       0x38 .\CortexM3\ARM_GCC_541\Debug\UART_460800_Functions.o
 .debug_ranges  0x000001f8       0x28 .\CortexM3\ARM_GCC_541\Debug\UART_115200_Functions.o
 .debug_ranges  0x00000220       0x20 .\CortexM3\ARM_GCC_541\Debug\CD4051BPW_Driver.o
 .debug_ranges  0x00000240       0x50 .\CortexM3\ARM_GCC_541\Debug\cyfitter_cfg.o
 .debug_ranges  0x00000290       0x38 .\CortexM3\ARM_GCC_541\Debug\Cm3Start.o
 .debug_ranges  0x000002c8       0xc8 .\CortexM3\ARM_GCC_541\Debug\F1-TestFixture.a(CyDmac.o)
 .debug_ranges  0x00000390      0x290 .\CortexM3\ARM_GCC_541\Debug\F1-TestFixture.a(CyLib.o)
 .debug_ranges  0x00000620       0x88 .\CortexM3\ARM_GCC_541\Debug\F1-TestFixture.a(cyPm.o)
 .debug_ranges  0x000006a8       0x70 .\CortexM3\ARM_GCC_541\Debug\F1-TestFixture.a(isr_UART_230400.o)
 .debug_ranges  0x00000718       0xe0 .\CortexM3\ARM_GCC_541\Debug\F1-TestFixture.a(UART_230400.o)
 .debug_ranges  0x000007f8       0x10 .\CortexM3\ARM_GCC_541\Debug\F1-TestFixture.a(UART_230400_INT.o)
 .debug_ranges  0x00000808       0x60 .\CortexM3\ARM_GCC_541\Debug\F1-TestFixture.a(UART_230400_IntClock.o)
 .debug_ranges  0x00000868       0x28 .\CortexM3\ARM_GCC_541\Debug\F1-TestFixture.a(RS485_RX_EN.o)
 .debug_ranges  0x00000890       0x78 .\CortexM3\ARM_GCC_541\Debug\F1-TestFixture.a(Timer_20ms.o)
 .debug_ranges  0x00000908       0x28 .\CortexM3\ARM_GCC_541\Debug\F1-TestFixture.a(LED_EN.o)
 .debug_ranges  0x00000930       0x70 .\CortexM3\ARM_GCC_541\Debug\F1-TestFixture.a(isr_Timer_20ms.o)
 .debug_ranges  0x000009a0       0x70 .\CortexM3\ARM_GCC_541\Debug\F1-TestFixture.a(isr_UART_460800.o)
 .debug_ranges  0x00000a10       0xe0 .\CortexM3\ARM_GCC_541\Debug\F1-TestFixture.a(UART_460800.o)
 .debug_ranges  0x00000af0       0x60 .\CortexM3\ARM_GCC_541\Debug\F1-TestFixture.a(UART_460800_IntClock.o)
 .debug_ranges  0x00000b50       0x78 .\CortexM3\ARM_GCC_541\Debug\F1-TestFixture.a(Timer_10ms.o)
 .debug_ranges  0x00000bc8       0x70 .\CortexM3\ARM_GCC_541\Debug\F1-TestFixture.a(isr_Timer_10ms.o)
 .debug_ranges  0x00000c38       0x78 .\CortexM3\ARM_GCC_541\Debug\F1-TestFixture.a(Timer_50ms.o)
 .debug_ranges  0x00000cb0       0x70 .\CortexM3\ARM_GCC_541\Debug\F1-TestFixture.a(isr_Timer_50ms.o)
 .debug_ranges  0x00000d20       0x28 .\CortexM3\ARM_GCC_541\Debug\F1-TestFixture.a(PB_NextAction.o)
 .debug_ranges  0x00000d48       0x40 .\CortexM3\ARM_GCC_541\Debug\F1-TestFixture.a(WaveDAC.o)
 .debug_ranges  0x00000d88       0x18 .\CortexM3\ARM_GCC_541\Debug\F1-TestFixture.a(WaveDAC_Wave1_DMA_dma.o)
 .debug_ranges  0x00000da0       0x18 .\CortexM3\ARM_GCC_541\Debug\F1-TestFixture.a(WaveDAC_Wave2_DMA_dma.o)
 .debug_ranges  0x00000db8       0x48 .\CortexM3\ARM_GCC_541\Debug\F1-TestFixture.a(WaveDAC_VDAC8.o)
 .debug_ranges  0x00000e00       0x78 .\CortexM3\ARM_GCC_541\Debug\F1-TestFixture.a(Timer_DAC.o)
 .debug_ranges  0x00000e78       0x70 .\CortexM3\ARM_GCC_541\Debug\F1-TestFixture.a(isr_ADC_AudioStream.o)
 .debug_ranges  0x00000ee8       0x98 .\CortexM3\ARM_GCC_541\Debug\F1-TestFixture.a(ADC_AudioStream.o)
 .debug_ranges  0x00000f80       0x10 .\CortexM3\ARM_GCC_541\Debug\F1-TestFixture.a(ADC_AudioStream_INT.o)
 .debug_ranges  0x00000f90       0x70 .\CortexM3\ARM_GCC_541\Debug\F1-TestFixture.a(ADC_AudioStream_theACLK.o)
 .debug_ranges  0x00001000       0x78 .\CortexM3\ARM_GCC_541\Debug\F1-TestFixture.a(CyFlash.o)
 .debug_ranges  0x00001078       0x70 .\CortexM3\ARM_GCC_541\Debug\F1-TestFixture.a(CySpc.o)

.comment        0x00000000       0x6e
 .comment       0x00000000       0x6e .\CortexM3\ARM_GCC_541\Debug\main.o
                                 0x6f (size before relaxing)
 .comment       0x0000006e       0x6f .\CortexM3\ARM_GCC_541\Debug\ControllerTest.o
 .comment       0x0000006e       0x6f .\CortexM3\ARM_GCC_541\Debug\UART_230400_Functions.o
 .comment       0x0000006e       0x6f .\CortexM3\ARM_GCC_541\Debug\SirenTest.o
 .comment       0x0000006e       0x6f .\CortexM3\ARM_GCC_541\Debug\RelayTest.o
 .comment       0x0000006e       0x6f .\CortexM3\ARM_GCC_541\Debug\UART_460800_Functions.o
 .comment       0x0000006e       0x6f .\CortexM3\ARM_GCC_541\Debug\UART_115200_Functions.o
 .comment       0x0000006e       0x6f .\CortexM3\ARM_GCC_541\Debug\CD4051BPW_Driver.o
 .comment       0x0000006e       0x6f .\CortexM3\ARM_GCC_541\Debug\cyfitter_cfg.o
 .comment       0x0000006e       0x6f .\CortexM3\ARM_GCC_541\Debug\cymetadata.o
 .comment       0x0000006e       0x6f .\CortexM3\ARM_GCC_541\Debug\Cm3Start.o
 .comment       0x0000006e       0x6f .\CortexM3\ARM_GCC_541\Debug\F1-TestFixture.a(CyDmac.o)
 .comment       0x0000006e       0x6f .\CortexM3\ARM_GCC_541\Debug\F1-TestFixture.a(CyLib.o)
 .comment       0x0000006e       0x6f .\CortexM3\ARM_GCC_541\Debug\F1-TestFixture.a(cyPm.o)
 .comment       0x0000006e       0x6f .\CortexM3\ARM_GCC_541\Debug\F1-TestFixture.a(isr_UART_230400.o)
 .comment       0x0000006e       0x6f .\CortexM3\ARM_GCC_541\Debug\F1-TestFixture.a(UART_230400.o)
 .comment       0x0000006e       0x6f .\CortexM3\ARM_GCC_541\Debug\F1-TestFixture.a(UART_230400_INT.o)
 .comment       0x0000006e       0x6f .\CortexM3\ARM_GCC_541\Debug\F1-TestFixture.a(UART_230400_IntClock.o)
 .comment       0x0000006e       0x6f .\CortexM3\ARM_GCC_541\Debug\F1-TestFixture.a(RS485_RX_EN.o)
 .comment       0x0000006e       0x6f .\CortexM3\ARM_GCC_541\Debug\F1-TestFixture.a(Timer_20ms.o)
 .comment       0x0000006e       0x6f .\CortexM3\ARM_GCC_541\Debug\F1-TestFixture.a(LED_EN.o)
 .comment       0x0000006e       0x6f .\CortexM3\ARM_GCC_541\Debug\F1-TestFixture.a(isr_Timer_20ms.o)
 .comment       0x0000006e       0x6f .\CortexM3\ARM_GCC_541\Debug\F1-TestFixture.a(isr_UART_460800.o)
 .comment       0x0000006e       0x6f .\CortexM3\ARM_GCC_541\Debug\F1-TestFixture.a(UART_460800.o)
 .comment       0x0000006e       0x6f .\CortexM3\ARM_GCC_541\Debug\F1-TestFixture.a(UART_460800_IntClock.o)
 .comment       0x0000006e       0x6f .\CortexM3\ARM_GCC_541\Debug\F1-TestFixture.a(Timer_10ms.o)
 .comment       0x0000006e       0x6f .\CortexM3\ARM_GCC_541\Debug\F1-TestFixture.a(isr_Timer_10ms.o)
 .comment       0x0000006e       0x6f .\CortexM3\ARM_GCC_541\Debug\F1-TestFixture.a(Timer_50ms.o)
 .comment       0x0000006e       0x6f .\CortexM3\ARM_GCC_541\Debug\F1-TestFixture.a(isr_Timer_50ms.o)
 .comment       0x0000006e       0x6f .\CortexM3\ARM_GCC_541\Debug\F1-TestFixture.a(PB_NextAction.o)
 .comment       0x0000006e       0x6f .\CortexM3\ARM_GCC_541\Debug\F1-TestFixture.a(WaveDAC.o)
 .comment       0x0000006e       0x6f .\CortexM3\ARM_GCC_541\Debug\F1-TestFixture.a(WaveDAC_Wave1_DMA_dma.o)
 .comment       0x0000006e       0x6f .\CortexM3\ARM_GCC_541\Debug\F1-TestFixture.a(WaveDAC_Wave2_DMA_dma.o)
 .comment       0x0000006e       0x6f .\CortexM3\ARM_GCC_541\Debug\F1-TestFixture.a(WaveDAC_VDAC8.o)
 .comment       0x0000006e       0x6f .\CortexM3\ARM_GCC_541\Debug\F1-TestFixture.a(Timer_DAC.o)
 .comment       0x0000006e       0x6f .\CortexM3\ARM_GCC_541\Debug\F1-TestFixture.a(isr_ADC_AudioStream.o)
 .comment       0x0000006e       0x6f .\CortexM3\ARM_GCC_541\Debug\F1-TestFixture.a(ADC_AudioStream.o)
 .comment       0x0000006e       0x6f .\CortexM3\ARM_GCC_541\Debug\F1-TestFixture.a(ADC_AudioStream_INT.o)
 .comment       0x0000006e       0x6f .\CortexM3\ARM_GCC_541\Debug\F1-TestFixture.a(ADC_AudioStream_theACLK.o)
 .comment       0x0000006e       0x6f .\CortexM3\ARM_GCC_541\Debug\F1-TestFixture.a(CyFlash.o)
 .comment       0x0000006e       0x6f .\CortexM3\ARM_GCC_541\Debug\F1-TestFixture.a(CySpc.o)

.debug_weaknames
 *(.debug_weaknames)

.debug_funcnames
 *(.debug_funcnames)

.debug_typenames
 *(.debug_typenames)

.debug_varnames
 *(.debug_varnames)

.note.gnu.arm.ident
 *(.note.gnu.arm.ident)

.ARM.attributes
                0x00000000       0x29
 *(.ARM.attributes)
 .ARM.attributes
                0x00000000       0x1d c:/program files (x86)/cypress/psoc creator/4.3/psoc creator/import/gnu/arm/5.4.1/bin/../lib/gcc/arm-none-eabi/5.4.1/armv7-m/crti.o
 .ARM.attributes
                0x0000001d       0x2d c:/program files (x86)/cypress/psoc creator/4.3/psoc creator/import/gnu/arm/5.4.1/bin/../lib/gcc/arm-none-eabi/5.4.1/armv7-m/crtbegin.o
 .ARM.attributes
                0x0000004a       0x1b c:/program files (x86)/cypress/psoc creator/4.3/psoc creator/import/gnu/arm/5.4.1/bin/../lib/gcc/arm-none-eabi/5.4.1/../../../../arm-none-eabi/lib/armv7-m/crt0.o
 .ARM.attributes
                0x00000065       0x33 .\CortexM3\ARM_GCC_541\Debug\main.o
 .ARM.attributes
                0x00000098       0x33 .\CortexM3\ARM_GCC_541\Debug\ControllerTest.o
 .ARM.attributes
                0x000000cb       0x33 .\CortexM3\ARM_GCC_541\Debug\UART_230400_Functions.o
 .ARM.attributes
                0x000000fe       0x33 .\CortexM3\ARM_GCC_541\Debug\SirenTest.o
 .ARM.attributes
                0x00000131       0x33 .\CortexM3\ARM_GCC_541\Debug\RelayTest.o
 .ARM.attributes
                0x00000164       0x33 .\CortexM3\ARM_GCC_541\Debug\UART_460800_Functions.o
 .ARM.attributes
                0x00000197       0x33 .\CortexM3\ARM_GCC_541\Debug\UART_115200_Functions.o
 .ARM.attributes
                0x000001ca       0x33 .\CortexM3\ARM_GCC_541\Debug\CD4051BPW_Driver.o
 .ARM.attributes
                0x000001fd       0x33 .\CortexM3\ARM_GCC_541\Debug\cyfitter_cfg.o
 .ARM.attributes
                0x00000230       0x33 .\CortexM3\ARM_GCC_541\Debug\cymetadata.o
 .ARM.attributes
                0x00000263       0x33 .\CortexM3\ARM_GCC_541\Debug\Cm3Start.o
 .ARM.attributes
                0x00000296       0x33 .\CortexM3\ARM_GCC_541\Debug\F1-TestFixture.a(CyDmac.o)
 .ARM.attributes
                0x000002c9       0x33 .\CortexM3\ARM_GCC_541\Debug\F1-TestFixture.a(CyLib.o)
 .ARM.attributes
                0x000002fc       0x33 .\CortexM3\ARM_GCC_541\Debug\F1-TestFixture.a(cyPm.o)
 .ARM.attributes
                0x0000032f       0x33 .\CortexM3\ARM_GCC_541\Debug\F1-TestFixture.a(isr_UART_230400.o)
 .ARM.attributes
                0x00000362       0x33 .\CortexM3\ARM_GCC_541\Debug\F1-TestFixture.a(UART_230400.o)
 .ARM.attributes
                0x00000395       0x33 .\CortexM3\ARM_GCC_541\Debug\F1-TestFixture.a(UART_230400_INT.o)
 .ARM.attributes
                0x000003c8       0x33 .\CortexM3\ARM_GCC_541\Debug\F1-TestFixture.a(UART_230400_IntClock.o)
 .ARM.attributes
                0x000003fb       0x33 .\CortexM3\ARM_GCC_541\Debug\F1-TestFixture.a(RS485_RX_EN.o)
 .ARM.attributes
                0x0000042e       0x33 .\CortexM3\ARM_GCC_541\Debug\F1-TestFixture.a(Timer_20ms.o)
 .ARM.attributes
                0x00000461       0x33 .\CortexM3\ARM_GCC_541\Debug\F1-TestFixture.a(LED_EN.o)
 .ARM.attributes
                0x00000494       0x33 .\CortexM3\ARM_GCC_541\Debug\F1-TestFixture.a(isr_Timer_20ms.o)
 .ARM.attributes
                0x000004c7       0x33 .\CortexM3\ARM_GCC_541\Debug\F1-TestFixture.a(isr_UART_460800.o)
 .ARM.attributes
                0x000004fa       0x33 .\CortexM3\ARM_GCC_541\Debug\F1-TestFixture.a(UART_460800.o)
 .ARM.attributes
                0x0000052d       0x33 .\CortexM3\ARM_GCC_541\Debug\F1-TestFixture.a(UART_460800_IntClock.o)
 .ARM.attributes
                0x00000560       0x33 .\CortexM3\ARM_GCC_541\Debug\F1-TestFixture.a(Timer_10ms.o)
 .ARM.attributes
                0x00000593       0x33 .\CortexM3\ARM_GCC_541\Debug\F1-TestFixture.a(isr_Timer_10ms.o)
 .ARM.attributes
                0x000005c6       0x33 .\CortexM3\ARM_GCC_541\Debug\F1-TestFixture.a(Timer_50ms.o)
 .ARM.attributes
                0x000005f9       0x33 .\CortexM3\ARM_GCC_541\Debug\F1-TestFixture.a(isr_Timer_50ms.o)
 .ARM.attributes
                0x0000062c       0x33 .\CortexM3\ARM_GCC_541\Debug\F1-TestFixture.a(PB_NextAction.o)
 .ARM.attributes
                0x0000065f       0x33 .\CortexM3\ARM_GCC_541\Debug\F1-TestFixture.a(WaveDAC.o)
 .ARM.attributes
                0x00000692       0x33 .\CortexM3\ARM_GCC_541\Debug\F1-TestFixture.a(WaveDAC_Wave1_DMA_dma.o)
 .ARM.attributes
                0x000006c5       0x33 .\CortexM3\ARM_GCC_541\Debug\F1-TestFixture.a(WaveDAC_Wave2_DMA_dma.o)
 .ARM.attributes
                0x000006f8       0x33 .\CortexM3\ARM_GCC_541\Debug\F1-TestFixture.a(WaveDAC_VDAC8.o)
 .ARM.attributes
                0x0000072b       0x33 .\CortexM3\ARM_GCC_541\Debug\F1-TestFixture.a(Timer_DAC.o)
 .ARM.attributes