Archive member included to satisfy reference by file (symbol)

.\CortexM3\ARM_GCC_541\Debug\F1-TestFixture.a(CyDmac.o)
                              .\CortexM3\ARM_GCC_541\Debug\Cm3Start.o (CyDmacConfigure)
.\CortexM3\ARM_GCC_541\Debug\F1-TestFixture.a(CyLib.o)
                              .\CortexM3\ARM_GCC_541\Debug\Cm3Start.o (CyResetStatus)
.\CortexM3\ARM_GCC_541\Debug\F1-TestFixture.a(cyPm.o)
                              .\CortexM3\ARM_GCC_541\Debug\F1-TestFixture.a(CyLib.o) (CyPmReadStatus)
.\CortexM3\ARM_GCC_541\Debug\F1-TestFixture.a(isr_UART_230400.o)
                              .\CortexM3\ARM_GCC_541\Debug\main.o (isr_UART_230400_Start)
.\CortexM3\ARM_GCC_541\Debug\F1-TestFixture.a(UART_230400.o)
                              .\CortexM3\ARM_GCC_541\Debug\main.o (UART_230400_Start)
.\CortexM3\ARM_GCC_541\Debug\F1-TestFixture.a(UART_230400_INT.o)
                              .\CortexM3\ARM_GCC_541\Debug\F1-TestFixture.a(UART_230400.o) (UART_230400_TXISR)
.\CortexM3\ARM_GCC_541\Debug\F1-TestFixture.a(UART_230400_IntClock.o)
                              .\CortexM3\ARM_GCC_541\Debug\F1-TestFixture.a(UART_230400.o) (UART_230400_IntClock_Start)
.\CortexM3\ARM_GCC_541\Debug\F1-TestFixture.a(RS485_RX_EN.o)
                              .\CortexM3\ARM_GCC_541\Debug\main.o (RS485_RX_EN_Write)
.\CortexM3\ARM_GCC_541\Debug\F1-TestFixture.a(MUX_CTRL_230400.o)
                              .\CortexM3\ARM_GCC_541\Debug\ControllerTest.o (MUX_CTRL_230400_Write)
.\CortexM3\ARM_GCC_541\Debug\F1-TestFixture.a(Timer_20ms.o)
                              .\CortexM3\ARM_GCC_541\Debug\main.o (Timer_20ms_Start)
.\CortexM3\ARM_GCC_541\Debug\F1-TestFixture.a(LED_EN.o)
                              .\CortexM3\ARM_GCC_541\Debug\SirenTest.o (LED_EN_Write)
.\CortexM3\ARM_GCC_541\Debug\F1-TestFixture.a(isr_Timer_20ms.o)
                              .\CortexM3\ARM_GCC_541\Debug\main.o (isr_Timer_20ms_Start)
.\CortexM3\ARM_GCC_541\Debug\F1-TestFixture.a(isr_UART_460800.o)
                              .\CortexM3\ARM_GCC_541\Debug\main.o (isr_UART_460800_Start)
.\CortexM3\ARM_GCC_541\Debug\F1-TestFixture.a(UART_460800.o)
                              .\CortexM3\ARM_GCC_541\Debug\main.o (UART_460800_Start)
.\CortexM3\ARM_GCC_541\Debug\F1-TestFixture.a(UART_460800_INT.o)
                              .\CortexM3\ARM_GCC_541\Debug\F1-TestFixture.a(UART_460800.o) (UART_460800_TXISR)
.\CortexM3\ARM_GCC_541\Debug\F1-TestFixture.a(MUX_CTRL_460800.o)
                              .\CortexM3\ARM_GCC_541\Debug\RelayTest.o (MUX_CTRL_460800_Write)
.\CortexM3\ARM_GCC_541\Debug\F1-TestFixture.a(DEMUX_CTRL_460800.o)
                              .\CortexM3\ARM_GCC_541\Debug\RelayTest.o (DEMUX_CTRL_460800_Write)
.\CortexM3\ARM_GCC_541\Debug\F1-TestFixture.a(UART_460800_IntClock.o)
                              .\CortexM3\ARM_GCC_541\Debug\F1-TestFixture.a(UART_460800.o) (UART_460800_IntClock_Start)
.\CortexM3\ARM_GCC_541\Debug\F1-TestFixture.a(Timer_10ms.o)
                              .\CortexM3\ARM_GCC_541\Debug\main.o (Timer_10ms_Start)
.\CortexM3\ARM_GCC_541\Debug\F1-TestFixture.a(isr_Timer_10ms.o)
                              .\CortexM3\ARM_GCC_541\Debug\main.o (isr_Timer_10ms_Start)
.\CortexM3\ARM_GCC_541\Debug\F1-TestFixture.a(Timer_50ms.o)
                              .\CortexM3\ARM_GCC_541\Debug\main.o (Timer_50ms_Start)
.\CortexM3\ARM_GCC_541\Debug\F1-TestFixture.a(isr_Timer_50ms.o)
                              .\CortexM3\ARM_GCC_541\Debug\main.o (CurrentTest)
.\CortexM3\ARM_GCC_541\Debug\F1-TestFixture.a(PB_NextAction.o)
                              .\CortexM3\ARM_GCC_541\Debug\SirenTest.o (PB_NextAction_Read)
.\CortexM3\ARM_GCC_541\Debug\F1-TestFixture.a(WaveDAC.o)
                              .\CortexM3\ARM_GCC_541\Debug\SirenTest.o (WaveDAC_Start)
.\CortexM3\ARM_GCC_541\Debug\F1-TestFixture.a(WaveDAC_Wave1_DMA_dma.o)
                              .\CortexM3\ARM_GCC_541\Debug\F1-TestFixture.a(WaveDAC.o) (WaveDAC_Wave1_DMA_DmaInitialize)
.\CortexM3\ARM_GCC_541\Debug\F1-TestFixture.a(WaveDAC_Wave2_DMA_dma.o)
                              .\CortexM3\ARM_GCC_541\Debug\F1-TestFixture.a(WaveDAC.o) (WaveDAC_Wave2_DMA_DmaInitialize)
.\CortexM3\ARM_GCC_541\Debug\F1-TestFixture.a(WaveDAC_VDAC8.o)
                              .\CortexM3\ARM_GCC_541\Debug\F1-TestFixture.a(WaveDAC.o) (WaveDAC_VDAC8_Init)
.\CortexM3\ARM_GCC_541\Debug\F1-TestFixture.a(Timer_DAC.o)
                              .\CortexM3\ARM_GCC_541\Debug\SirenTest.o (Timer_DAC_WritePeriod)
.\CortexM3\ARM_GCC_541\Debug\F1-TestFixture.a(isr_ADC_AudioStream.o)
                              .\CortexM3\ARM_GCC_541\Debug\main.o (isr_ADC_AudioStream_Start)
.\CortexM3\ARM_GCC_541\Debug\F1-TestFixture.a(ADC_AudioStream.o)
                              .\CortexM3\ARM_GCC_541\Debug\main.o (ADC_AudioStream_Start)
.\CortexM3\ARM_GCC_541\Debug\F1-TestFixture.a(ADC_AudioStream_INT.o)
[...]
Memory Configuration

Name             Origin             Length             Attributes
rom              0x00000000         0x00020000         xr
ram              0x1fffc000         0x00008000         xrw
*default*        0x00000000         0xffffffff

Linker script and memory map

LOAD c:/program files (x86)/cypress/psoc creator/4.3/psoc creator/import/gnu/arm/5.4.1/bin/../lib/gcc/arm-none-eabi/5.4.1/armv7-m/crti.o
LOAD c:/program files (x86)/cypress/psoc creator/4.3/psoc creator/import/gnu/arm/5.4.1/bin/../lib/gcc/arm-none-eabi/5.4.1/armv7-m/crtbegin.o
LOAD c:/program files (x86)/cypress/psoc creator/4.3/psoc creator/import/gnu/arm/5.4.1/bin/../lib/gcc/arm-none-eabi/5.4.1/../../../../arm-none-eabi/lib/armv7-m/crt0.o
START GROUP
LOAD .\CortexM3\ARM_GCC_541\Debug\main.o
LOAD .\CortexM3\ARM_GCC_541\Debug\ControllerTest.o
LOAD .\CortexM3\ARM_GCC_541\Debug\UART_230400_Functions.o
LOAD .\CortexM3\ARM_GCC_541\Debug\SirenTest.o
LOAD .\CortexM3\ARM_GCC_541\Debug\RelayTest.o
LOAD .\CortexM3\ARM_GCC_541\Debug\UART_460800_Functions.o
LOAD .\CortexM3\ARM_GCC_541\Debug\UART_115200_Functions.o
LOAD .\CortexM3\ARM_GCC_541\Debug\CD4051BPW_Driver.o
LOAD .\CortexM3\ARM_GCC_541\Debug\cyfitter_cfg.o
LOAD .\CortexM3\ARM_GCC_541\Debug\cymetadata.o
LOAD .\CortexM3\ARM_GCC_541\Debug\Cm3Start.o
LOAD .\CortexM3\ARM_GCC_541\Debug\F1-TestFixture.a
LOAD C:\Program Files (x86)\Cypress\PSoC Creator\4.3\PSoC Creator\psoc\content\cycomponentlibrary\CyComponentLibrary.cylib\CortexM3\ARM_GCC_541\Debug\CyComponentLibrary.a
END GROUP
START GROUP
LOAD c:/program files (x86)/cypress/psoc creator/4.3/psoc creator/import/gnu/arm/5.4.1/bin/../lib/gcc/arm-none-eabi/5.4.1/armv7-m\libgcc.a
LOAD c:/program files (x86)/cypress/psoc creator/4.3/psoc creator/import/gnu/arm/5.4.1/bin/../lib/gcc/arm-none-eabi/5.4.1/../../../../arm-none-eabi/lib/armv7-m\libg_nano.a
LOAD c:/program files (x86)/cypress/psoc creator/4.3/psoc creator/import/gnu/arm/5.4.1/bin/../lib/gcc/arm-none-eabi/5.4.1/../../../../arm-none-eabi/lib/armv7-m\libc_nano.a
END GROUP
START GROUP
LOAD c:/program files (x86)/cypress/psoc creator/4.3/psoc creator/import/gnu/arm/5.4.1/bin/../lib/gcc/arm-none-eabi/5.4.1/armv7-m\libgcc.a
LOAD c:/program files (x86)/cypress/psoc creator/4.3/psoc creator/import/gnu/arm/5.4.1/bin/../lib/gcc/arm-none-eabi/5.4.1/../../../../arm-none-eabi/lib/armv7-m\libc_nano.a
END GROUP
LOAD c:/program files (x86)/cypress/psoc creator/4.3/psoc creator/import/gnu/arm/5.4.1/bin/../lib/gcc/arm-none-eabi/5.4.1/armv7-m/crtend.o
LOAD c:/program files (x86)/cypress/psoc creator/4.3/psoc creator/import/gnu/arm/5.4.1/bin/../lib/gcc/arm-none-eabi/5.4.1/armv7-m/crtn.o
START GROUP
LOAD c:/program files (x86)/cypress/psoc creator/4.3/psoc creator/import/gnu/arm/5.4.1/bin/../lib/gcc/arm-none-eabi/5.4.1/armv7-m\libgcc.a
LOAD c:/program files (x86)/cypress/psoc creator/4.3/psoc creator/import/gnu/arm/5.4.1/bin/../lib/gcc/arm-none-eabi/5.4.1/../../../../arm-none-eabi/lib/armv7-m\libc.a
LOAD c:/program files (x86)/cypress/psoc creator/4.3/psoc creator/import/gnu/arm/5.4.1/bin/../lib/gcc/arm-none-eabi/5.4.1/../../../../arm-none-eabi/lib/armv7-m\libnosys.a
END GROUP
                0x00000000                CY_APPL_ORIGIN = 0x0
                0x00000100                CY_FLASH_ROW_SIZE = 0x100
                0x00000020                CY_ECC_ROW_SIZE = 0x20
                0x00000000                CY_EE_IN_BTLDR = 0x0
                0x00000000                CY_APPL_LOADABLE = 0x0
                0x00000800                CY_EE_SIZE = 0x800
                0x00000001                CY_APPL_NUM = 0x1
                0x00000001                CY_APPL_MAX = 0x1
                0x00000040                CY_METADATA_SIZE = 0x40
                0x00000000                CY_APPL_LOADABLE = 0x0
                0x00000000                CY_CHECKSUM_EXCLUDE_SIZE = ALIGN (0x0, CY_FLASH_ROW_SIZE)
                [!provide]                PROVIDE (__cy_heap_start, _end)
                0x00000001                PROVIDE (__cy_region_num, ((__cy_regions_end - __cy_regions) / 0x10))
                0x20004000                PROVIDE (__cy_stack, (ORIGIN (ram) + LENGTH (ram)))
                [!provide]                PROVIDE (__cy_heap_end, (__cy_stack - 0x800))

.cybootloader   0x00000000        0x0
 *(.cybootloader)
                0x00000000                appl1_start = CY_APPL_ORIGIN?CY_APPL_ORIGIN:ALIGN (CY_FLASH_ROW_SIZE)
                0x0000ff00                appl2_start = (appl1_start + ALIGN ((((LENGTH (rom) - appl1_start) - (0x2 * CY_FLASH_ROW_SIZE)) / 0x2), CY_FLASH_ROW_SIZE))
                0x00000000                appl_start = (CY_APPL_NUM == 0x1)?appl1_start:appl2_start
                0x00000000                ecc_offset = ((appl_start / CY_FLASH_ROW_SIZE) * CY_ECC_ROW_SIZE)
                0x00000000                ee_offset = (CY_APPL_LOADABLE && ! (CY_EE_IN_BTLDR))?((CY_EE_SIZE / CY_APPL_MAX) * (CY_APPL_NUM - 0x1)):0x0
                0x00000800                ee_size = (CY_APPL_LOADABLE && ! (CY_EE_IN_BTLDR))?(CY_EE_SIZE / CY_APPL_MAX):CY_EE_SIZE
                [!provide]                PROVIDE (CY_ECC_OFFSET, ecc_offset)

.text           0x00000000     0x3d36
 CREATE_OBJECT_SYMBOLS
                0x00000000                PROVIDE (__cy_interrupt_vector, RomVectors)
 *(.romvectors)
 .romvectors    0x00000000       0x10 .\CortexM3\ARM_GCC_541\Debug\Cm3Start.o
                0x00000000                RomVectors
                0x00000001                ASSERT ((. != __cy_interrupt_vector), No interrupt vector)
                0x00000001                ASSERT (CY_APPL_ORIGIN?(SIZEOF (.cybootloader) <= CY_APPL_ORIGIN):0x1, Wrong image location)
                0x00000010                PROVIDE (__cy_reset, Reset)
 *(.text.Reset)
 .text.Reset    0x00000010       0x18 .\CortexM3\ARM_GCC_541\Debug\Cm3Start.o
                0x00000010                Reset
                0x00000001                ASSERT ((. != __cy_reset), No reset code)
 *(.dma_init)
                0x00000001                ASSERT ((((appl_start + .) <= 0x10000) || 0x1), DMA Init must be within the first 64k of flash)
 *(.text .text.* .gnu.linkonce.t.*)
 .text          0x00000028       0x5c c:/program files (x86)/cypress/psoc creator/4.3/psoc creator/import/gnu/arm/5.4.1/bin/../lib/gcc/arm-none-eabi/5.4.1/armv7-m/crtbegin.o
 .text.main     0x00000084       0x64 .\CortexM3\ARM_GCC_541\Debug\main.o
                0x00000084                main
 .text.initializePeripherals
                0x000000e8       0x44 .\CortexM3\ARM_GCC_541\Debug\main.o
 .text.ControllerTest
                0x0000012c       0xac .\CortexM3\ARM_GCC_541\Debug\ControllerTest.o
                0x0000012c                ControllerTest
 .text.CTest_ReadPowerMode
                0x000001d8       0x1c .\CortexM3\ARM_GCC_541\Debug\ControllerTest.o
                0x000001d8                CTest_ReadPowerMode
 .text.getRxPacket_Controller
                0x000001f4       0x20 .\CortexM3\ARM_GCC_541\Debug\ControllerTest.o
                0x000001f4                getRxPacket_Controller
 .text.CTest_sendDiagPacket
                0x00000214       0x58 .\CortexM3\ARM_GCC_541\Debug\ControllerTest.o
                0x00000214                CTest_sendDiagPacket
 .text.CTest_20ms_isr
                0x0000026c       0x68 .\CortexM3\ARM_GCC_541\Debug\ControllerTest.o
                0x0000026c                CTest_20ms_isr
 .text.CTest_50ms_isr
                0x000002d4        0xc .\CortexM3\ARM_GCC_541\Debug\ControllerTest.o
                0x000002d4                CTest_50ms_isr
 .text.processByteReceivedHandler
                0x000002e0       0x60 .\CortexM3\ARM_GCC_541\Debug\UART_230400_Functions.o
                0x000002e0                processByteReceivedHandler
 .text.detectPacket
                0x00000340      0x324 .\CortexM3\ARM_GCC_541\Debug\UART_230400_Functions.o
 .text.ResetPacketSuccess
                0x00000664       0x28 .\CortexM3\ARM_GCC_541\Debug\UART_230400_Functions.o
                0x00000664                ResetPacketSuccess
 .text.VerifyPacket_230400
                0x0000068c       0x38 .\CortexM3\ARM_GCC_541\Debug\UART_230400_Functions.o
                0x0000068c                VerifyPacket_230400
 .text.sendPacketToRelaySiren
                0x000006c4       0xb0 .\CortexM3\ARM_GCC_541\Debug\UART_230400_Functions.o
                0x000006c4                sendPacketToRelaySiren
 .text.sendPacket_SirenToRelay
                0x00000774       0x60 .\CortexM3\ARM_GCC_541\Debug\UART_230400_Functions.o
                0x00000774                sendPacket_SirenToRelay
 .text.SirenTest
                0x000007d4      0x2b8 .\CortexM3\ARM_GCC_541\Debug\SirenTest.o
                0x000007d4                SirenTest
 .text.STest_isr_PB
                0x00000a8c       0xe4 .\CortexM3\ARM_GCC_541\Debug\SirenTest.o
                0x00000a8c                STest_isr_PB
 .text.STest_10ms_isr
                0x00000b70       0x20 .\CortexM3\ARM_GCC_541\Debug\SirenTest.o
                0x00000b70                STest_10ms_isr
 .text.STest_20ms_isr
                0x00000b90       0x68 .\CortexM3\ARM_GCC_541\Debug\SirenTest.o
                0x00000b90                STest_20ms_isr
 .text.STest_50ms_isr
                0x00000bf8       0x4c .\CortexM3\ARM_GCC_541\Debug\SirenTest.o
                0x00000bf8                STest_50ms_isr
 .text.PB_WaitForAction
                0x00000c44       0x60 .\CortexM3\ARM_GCC_541\Debug\SirenTest.o
                0x00000c44                PB_WaitForAction
 .text.STest_PlayTestTone
                0x00000ca4       0x50 .\CortexM3\ARM_GCC_541\Debug\SirenTest.o
                0x00000ca4                STest_PlayTestTone
 .text.StartAutomatedStep
                0x00000cf4       0x34 .\CortexM3\ARM_GCC_541\Debug\SirenTest.o
                0x00000cf4                StartAutomatedStep
 .text.StopAutomatedStep
                0x00000d28       0x3c .\CortexM3\ARM_GCC_541\Debug\SirenTest.o
                0x00000d28                StopAutomatedStep
 .text.RelayTest
                0x00000d64      0x41c .\CortexM3\ARM_GCC_541\Debug\RelayTest.o
                0x00000d64                RelayTest
 .text.RTest_Test_Outputs
                0x00001180       0x48 .\CortexM3\ARM_GCC_541\Debug\RelayTest.o
                0x00001180                RTest_Test_Outputs
 .text.RTest_Test_DataLink
                0x000011c8       0x10 .\CortexM3\ARM_GCC_541\Debug\RelayTest.o
                0x000011c8                RTest_Test_DataLink
 .text.RTest_Test_UART_Siren
                0x000011d8       0x48 .\CortexM3\ARM_GCC_541\Debug\RelayTest.o
                0x000011d8                RTest_Test_UART_Siren
 .text.RTest_Test_Inputs
                0x00001220       0x48 .\CortexM3\ARM_GCC_541\Debug\RelayTest.o
                0x00001220                RTest_Test_Inputs
 .text.RTest_Test_Vbatt
                0x00001268       0x3c .\CortexM3\ARM_GCC_541\Debug\RelayTest.o
                0x00001268                RTest_Test_Vbatt
 .text.RTest_Test_BlockCurrents
                0x000012a4       0x70 .\CortexM3\ARM_GCC_541\Debug\RelayTest.o
                0x000012a4                RTest_Test_BlockCurrents
 .text.RTest_Test_GPS
                0x00001314       0x10 .\CortexM3\ARM_GCC_541\Debug\RelayTest.o
                0x00001314                RTest_Test_GPS
 .text.getRxPacket_Relay
                0x00001324       0x20 .\CortexM3\ARM_GCC_541\Debug\RelayTest.o
                0x00001324                getRxPacket_Relay
 .text.getTxPacket_RelaySiren
                0x00001344       0x20 .\CortexM3\ARM_GCC_541\Debug\RelayTest.o
                0x00001344                getTxPacket_RelaySiren
 .text.getRxPacket_RelaySiren
                0x00001364       0x20 .\CortexM3\ARM_GCC_541\Debug\RelayTest.o
                0x00001364                getRxPacket_RelaySiren
 .text.getTxPacket_H
                0x00001384       0x20 .\CortexM3\ARM_GCC_541\Debug\RelayTest.o
                0x00001384                getTxPacket_H
 .text.getRxPacket_H
                0x000013a4       0x20 .\CortexM3\ARM_GCC_541\Debug\RelayTest.o
                0x000013a4                getRxPacket_H
 .text.RTest_BlockCurrent
                0x000013c4       0x7c .\CortexM3\ARM_GCC_541\Debug\RelayTest.o
                0x000013c4                RTest_BlockCurrent
 .text.RTest_10ms_isr
                0x00001440        0xc .\CortexM3\ARM_GCC_541\Debug\RelayTest.o
                0x00001440                RTest_10ms_isr
 .text.RTest_20ms_isr
                0x0000144c       0xac .\CortexM3\ARM_GCC_541\Debug\RelayTest.o
                0x0000144c                RTest_20ms_isr
 .text.RTest_50ms_isr
                0x000014f8       0x48 .\CortexM3\ARM_GCC_541\Debug\RelayTest.o
                0x000014f8                RTest_50ms_isr
 .text.SetRelayOutputs
                0x00001540       0x78 .\CortexM3\ARM_GCC_541\Debug\RelayTest.o
                0x00001540                SetRelayOutputs
 .text.RTest_StartAutomatedStep
                0x000015b8       0x3c .\CortexM3\ARM_GCC_541\Debug\RelayTest.o
                0x000015b8                RTest_StartAutomatedStep
 .text.RTest_StopAutomatedStep
                0x000015f4       0x40 .\CortexM3\ARM_GCC_541\Debug\RelayTest.o
                0x000015f4                RTest_StopAutomatedStep
 .text.processByteReceivedHandler_460800
                0x00001634       0x60 .\CortexM3\ARM_GCC_541\Debug\UART_460800_Functions.o
                0x00001634                processByteReceivedHandler_460800
 .text.detectPacket
                0x00001694      0x21c .\CortexM3\ARM_GCC_541\Debug\UART_460800_Functions.o
 .text.VerifyPacket_460800
                0x000018b0       0x34 .\CortexM3\ARM_GCC_541\Debug\UART_460800_Functions.o
                0x000018b0                VerifyPacket_460800
 .text.sendPacketToRelay_Quad
                0x000018e4       0x40 .\CortexM3\ARM_GCC_541\Debug\UART_460800_Functions.o
                0x000018e4                sendPacketToRelay_Quad
 .text.sendPacketToSiren_Audio
                0x00001924       0x2c .\CortexM3\ARM_GCC_541\Debug\UART_460800_Functions.o
                0x00001924                sendPacketToSiren_Audio
 .text.getMuxValue
                0x00001950       0x20 .\CortexM3\ARM_GCC_541\Debug\CD4051BPW_Driver.o
 .text.selectADCChannelMux
                0x00001970       0x30 .\CortexM3\ARM_GCC_541\Debug\CD4051BPW_Driver.o
                0x00001970                selectADCChannelMux
 .text.CYMEMZERO
                0x000019a0       0x1c .\CortexM3\ARM_GCC_541\Debug\cyfitter_cfg.o
 .text.CYCONFIGCPY
                0x000019bc       0x20 .\CortexM3\ARM_GCC_541\Debug\cyfitter_cfg.o
 .text.CyClockStartupError
                0x000019dc        0xc .\CortexM3\ARM_GCC_541\Debug\cyfitter_cfg.o
 .text.cfg_write_bytes32
                0x000019e8       0x74 .\CortexM3\ARM_GCC_541\Debug\cyfitter_cfg.o
 .text.ClockSetup
                0x00001a5c      0x1a0 .\CortexM3\ARM_GCC_541\Debug\cyfitter_cfg.o
 .text.AnalogSetDefault
                0x00001bfc       0xc4 .\CortexM3\ARM_GCC_541\Debug\cyfitter_cfg.o
 .text.cyfitter_cfg
                0x00001cc0      0x194 .\CortexM3\ARM_GCC_541\Debug\cyfitter_cfg.o
                0x00001cc0                cyfitter_cfg
 .text.IntDefaultHandler
                0x00001e54       0x14 .\CortexM3\ARM_GCC_541\Debug\Cm3Start.o
                0x00001e54                IntDefaultHandler
 .text.Start_c  0x00001e68       0x98 .\CortexM3\ARM_GCC_541\Debug\Cm3Start.o
                0x00001e68                Start_c
 .text.initialize_psoc
                0x00001f00       0x94 .\CortexM3\ARM_GCC_541\Debug\Cm3Start.o
                0x00001f00                initialize_psoc
 .text.CyDmacConfigure
                0x00001f94       0x5c .\CortexM3\ARM_GCC_541\Debug\F1-TestFixture.a(CyDmac.o)
                0x00001f94                CyDmacConfigure
 .text.CyDmaChEnable
                0x00001ff0       0x8c .\CortexM3\ARM_GCC_541\Debug\F1-TestFixture.a(CyDmac.o)
                0x00001ff0                CyDmaChEnable
 .text.CyDmaChDisable
                0x0000207c       0x60 .\CortexM3\ARM_GCC_541\Debug\F1-TestFixture.a(CyDmac.o)
                0x0000207c                CyDmaChDisable
 .text.CyDmaChPriority
                0x000020dc       0x64 .\CortexM3\ARM_GCC_541\Debug\F1-TestFixture.a(CyDmac.o)
                0x000020dc                CyDmaChPriority
 .text.CyDmaChSetExtendedAddress
                0x00002140       0x78 .\CortexM3\ARM_GCC_541\Debug\F1-TestFixture.a(CyDmac.o)
                0x00002140                CyDmaChSetExtendedAddress
 .text.CyDmaChSetInitialTd
                0x000021b8       0x3c .\CortexM3\ARM_GCC_541\Debug\F1-TestFixture.a(CyDmac.o)
                0x000021b8                CyDmaChSetInitialTd
 .text.CyDmaChSetConfiguration
                0x000021f4       0xa0 .\CortexM3\ARM_GCC_541\Debug\F1-TestFixture.a(CyDmac.o)
                0x000021f4                CyDmaChSetConfiguration
 .text.CyDmaTdAllocate
                0x00002294       0x5c .\CortexM3\ARM_GCC_541\Debug\F1-TestFixture.a(CyDmac.o)
                0x00002294                CyDmaTdAllocate
 .text.CyDmaTdSetConfiguration
                0x000022f0       0x80 .\CortexM3\ARM_GCC_541\Debug\F1-TestFixture.a(CyDmac.o)
                0x000022f0                CyDmaTdSetConfiguration
 .text.CyDmaTdSetAddress
                0x00002370       0x5c .\CortexM3\ARM_GCC_541\Debug\F1-TestFixture.a(CyDmac.o)
                0x00002370                CyDmaTdSetAddress
 .text.CyHalt   0x000023cc       0x18 .\CortexM3\ARM_GCC_541\Debug\F1-TestFixture.a(CyLib.o)
                0x000023cc                CyHalt
 .text.CyDelay  0x000023e4       0x44 .\CortexM3\ARM_GCC_541\Debug\F1-TestFixture.a(CyLib.o)
                0x000023e4                CyDelay
 .text.CyDelayUs
                0x00002428       0x28 .\CortexM3\ARM_GCC_541\Debug\F1-TestFixture.a(CyLib.o)
                0x00002428                CyDelayUs
 .text.CyIntSetVector
                0x00002450       0x50 .\CortexM3\ARM_GCC_541\Debug\F1-TestFixture.a(CyLib.o)
                0x00002450                CyIntSetVector
 .text.CyIntSetPriority
                0x000024a0       0x48 .\CortexM3\ARM_GCC_541\Debug\F1-TestFixture.a(CyLib.o)
                0x000024a0                CyIntSetPriority
 .text.isr_UART_230400_Start
                0x000024e8       0x20 .\CortexM3\ARM_GCC_541\Debug\F1-TestFixture.a(isr_UART_230400.o)
                0x000024e8                isr_UART_230400_Start
 .text.isr_UART_230400_Interrupt
                0x00002508        0xc .\CortexM3\ARM_GCC_541\Debug\F1-TestFixture.a(isr_UART_230400.o)
                0x00002508                isr_UART_230400_Interrupt
 .text.isr_UART_230400_SetVector
                0x00002514       0x24 .\CortexM3\ARM_GCC_541\Debug\F1-TestFixture.a(isr_UART_230400.o)
                0x00002514                isr_UART_230400_SetVector
 .text.isr_UART_230400_SetPriority
                0x00002538       0x24 .\CortexM3\ARM_GCC_541\Debug\F1-TestFixture.a(isr_UART_230400.o)
                0x00002538                isr_UART_230400_SetPriority
 .text.isr_UART_230400_Enable
                0x0000255c       0x18 .\CortexM3\ARM_GCC_541\Debug\F1-TestFixture.a(isr_UART_230400.o)
                0x0000255c                isr_UART_230400_Enable
 .text.isr_UART_230400_Disable
                0x00002574       0x18 .\CortexM3\ARM_GCC_541\Debug\F1-TestFixture.a(isr_UART_230400.o)
                0x00002574                isr_UART_230400_Disable
 .text.UART_230400_Start
                0x0000258c       0x24 .\CortexM3\ARM_GCC_541\Debug\F1-TestFixture.a(UART_230400.o)
                0x0000258c                UART_230400_Start
 .text.UART_230400_Init
                0x000025b0       0x50 .\CortexM3\ARM_GCC_541\Debug\F1-TestFixture.a(UART_230400.o)
                0x000025b0                UART_230400_Init
 .text.UART_230400_Enable
                0x00002600       0x74 .\CortexM3\ARM_GCC_541\Debug\F1-TestFixture.a(UART_230400.o)
                0x00002600                UART_230400_Enable
 .text.UART_230400_ReadRxStatus
                0x00002674       0x24 .\CortexM3\ARM_GCC_541\Debug\F1-TestFixture.a(UART_230400.o)
                0x00002674                UART_230400_ReadRxStatus
 .text.UART_230400_GetChar
                0x00002698       0x44 .\CortexM3\ARM_GCC_541\Debug\F1-TestFixture.a(UART_230400.o)
                0x00002698                UART_230400_GetChar
 .text.UART_230400_WriteTxData
                0x000026dc       0x94 .\CortexM3\ARM_GCC_541\Debug\F1-TestFixture.a(UART_230400.o)
                0x000026dc                UART_230400_WriteTxData
 .text.UART_230400_PutChar
                0x00002770       0xbc .\CortexM3\ARM_GCC_541\Debug\F1-TestFixture.a(UART_230400.o)
                0x00002770                UART_230400_PutChar
 .text.UART_230400_PutArray
                0x0000282c       0x44 .\CortexM3\ARM_GCC_541\Debug\F1-TestFixture.a(UART_230400.o)
                0x0000282c                UART_230400_PutArray
 .text.UART_230400_TXISR
                0x00002870       0x70 .\CortexM3\ARM_GCC_541\Debug\F1-TestFixture.a(UART_230400_INT.o)
                0x00002870                UART_230400_TXISR
 .text.UART_230400_IntClock_Start
                0x000028e0       0x34 .\CortexM3\ARM_GCC_541\Debug\F1-TestFixture.a(UART_230400_IntClock.o)
                0x000028e0                UART_230400_IntClock_Start
 .text.RS485_RX_EN_Write
                0x00002914       0x3c .\CortexM3\ARM_GCC_541\Debug\F1-TestFixture.a(RS485_RX_EN.o)
                0x00002914                RS485_RX_EN_Write
 .text.MUX_CTRL_230400_Write
                0x00002950       0x20 .\CortexM3\ARM_GCC_541\Debug\F1-TestFixture.a(MUX_CTRL_230400.o)
                0x00002950                MUX_CTRL_230400_Write
 .text.Timer_20ms_Init
                0x00002970       0xa0 .\CortexM3\ARM_GCC_541\Debug\F1-TestFixture.a(Timer_20ms.o)
                0x00002970                Timer_20ms_Init
 .text.Timer_20ms_Enable
                0x00002a10       0x48 .\CortexM3\ARM_GCC_541\Debug\F1-TestFixture.a(Timer_20ms.o)
                0x00002a10                Timer_20ms_Enable
 .text.Timer_20ms_Start
                0x00002a58       0x24 .\CortexM3\ARM_GCC_541\Debug\F1-TestFixture.a(Timer_20ms.o)
                0x00002a58                Timer_20ms_Start
 .text.Timer_20ms_SetInterruptMode
                0x00002a7c       0x20 .\CortexM3\ARM_GCC_541\Debug\F1-TestFixture.a(Timer_20ms.o)
                0x00002a7c                Timer_20ms_SetInterruptMode
 .text.Timer_20ms_WritePeriod
                0x00002a9c       0x24 .\CortexM3\ARM_GCC_541\Debug\F1-TestFixture.a(Timer_20ms.o)
                0x00002a9c                Timer_20ms_WritePeriod
 .text.Timer_20ms_WriteCounter
                0x00002ac0       0x20 .\CortexM3\ARM_GCC_541\Debug\F1-TestFixture.a(Timer_20ms.o)
                0x00002ac0                Timer_20ms_WriteCounter
 .text.LED_EN_Write
                0x00002ae0       0x3c .\CortexM3\ARM_GCC_541\Debug\F1-TestFixture.a(LED_EN.o)
                0x00002ae0                LED_EN_Write
 .text.isr_Timer_20ms_Start
                0x00002b1c       0x20 .\CortexM3\ARM_GCC_541\Debug\F1-TestFixture.a(isr_Timer_20ms.o)
                0x00002b1c                isr_Timer_20ms_Start
 .text.isr_Timer_20ms_Interrupt
                0x00002b3c       0x18 .\CortexM3\ARM_GCC_541\Debug\F1-TestFixture.a(isr_Timer_20ms.o)
                0x00002b3c                isr_Timer_20ms_Interrupt
 .text.isr_Timer_20ms_SetVector
                0x00002b54       0x24 .\CortexM3\ARM_GCC_541\Debug\F1-TestFixture.a(isr_Timer_20ms.o)
                0x00002b54                isr_Timer_20ms_SetVector
 .text.isr_Timer_20ms_SetPriority
                0x00002b78       0x24 .\CortexM3\ARM_GCC_541\Debug\F1-TestFixture.a(isr_Timer_20ms.o)
                0x00002b78                isr_Timer_20ms_SetPriority
 .text.isr_Timer_20ms_Enable
                0x00002b9c       0x18 .\CortexM3\ARM_GCC_541\Debug\F1-TestFixture.a(isr_Timer_20ms.o)
                0x00002b9c                isr_Timer_20ms_Enable
 .text.isr_Timer_20ms_Disable
                0x00002bb4       0x18 .\CortexM3\ARM_GCC_541\Debug\F1-TestFixture.a(isr_Timer_20ms.o)
                0x00002bb4                isr_Timer_20ms_Disable
 .text.isr_UART_460800_Start
                0x00002bcc       0x20 .\CortexM3\ARM_GCC_541\Debug\F1-TestFixture.a(isr_UART_460800.o)
                0x00002bcc                isr_UART_460800_Start
 .text.isr_UART_460800_Interrupt
                0x00002bec        0xc .\CortexM3\ARM_GCC_541\Debug\F1-TestFixture.a(isr_UART_460800.o)
                0x00002bec                isr_UART_460800_Interrupt
 .text.isr_UART_460800_SetVector
                0x00002bf8       0x24 .\CortexM3\ARM_GCC_541\Debug\F1-TestFixture.a(isr_UART_460800.o)
                0x00002bf8                isr_UART_460800_SetVector
 .text.isr_UART_460800_SetPriority
                0x00002c1c       0x24 .\CortexM3\ARM_GCC_541\Debug\F1-TestFixture.a(isr_UART_460800.o)
                0x00002c1c                isr_UART_460800_SetPriority
 .text.isr_UART_460800_Enable
                0x00002c40       0x18 .\CortexM3\ARM_GCC_541\Debug\F1-TestFixture.a(isr_UART_460800.o)
                0x00002c40                isr_UART_460800_Enable
 .text.isr_UART_460800_Disable
                0x00002c58       0x18 .\CortexM3\ARM_GCC_541\Debug\F1-TestFixture.a(isr_UART_460800.o)
                0x00002c58                isr_UART_460800_Disable
 .text.UART_460800_Start
                0x00002c70       0x24 .\CortexM3\ARM_GCC_541\Debug\F1-TestFixture.a(UART_460800.o)
                0x00002c70                UART_460800_Start
 .text.UART_460800_Init
                0x00002c94       0x50 .\CortexM3\ARM_GCC_541\Debug\F1-TestFixture.a(UART_460800.o)
                0x00002c94                UART_460800_Init
 .text.UART_460800_Enable
                0x00002ce4       0x74 .\CortexM3\ARM_GCC_541\Debug\F1-TestFixture.a(UART_460800.o)
                0x00002ce4                UART_460800_Enable
 .text.UART_460800_ReadRxStatus
                0x00002d58       0x24 .\CortexM3\ARM_GCC_541\Debug\F1-TestFixture.a(UART_460800.o)
                0x00002d58                UART_460800_ReadRxStatus
 .text.UART_460800_GetChar
                0x00002d7c       0x44 .\CortexM3\ARM_GCC_541\Debug\F1-TestFixture.a(UART_460800.o)
                0x00002d7c                UART_460800_GetChar
 .text.UART_460800_WriteTxData
                0x00002dc0       0x94 .\CortexM3\ARM_GCC_541\Debug\F1-TestFixture.a(UART_460800.o)
                0x00002dc0                UART_460800_WriteTxData
 .text.UART_460800_TXISR
                0x00002e54       0x70 .\CortexM3\ARM_GCC_541\Debug\F1-TestFixture.a(UART_460800_INT.o)
                0x00002e54                UART_460800_TXISR
 .text.MUX_CTRL_460800_Write
                0x00002ec4       0x20 .\CortexM3\ARM_GCC_541\Debug\F1-TestFixture.a(MUX_CTRL_460800.o)
                0x00002ec4                MUX_CTRL_460800_Write
 .text.DEMUX_CTRL_460800_Write
                0x00002ee4       0x20 .\CortexM3\ARM_GCC_541\Debug\F1-TestFixture.a(DEMUX_CTRL_460800.o)
                0x00002ee4                DEMUX_CTRL_460800_Write
 .text.UART_460800_IntClock_Start
                0x00002f04       0x34 .\CortexM3\ARM_GCC_541\Debug\F1-TestFixture.a(UART_460800_IntClock.o)
                0x00002f04                UART_460800_IntClock_Start
 .text.Timer_10ms_Init
                0x00002f38       0x9c .\CortexM3\ARM_GCC_541\Debug\F1-TestFixture.a(Timer_10ms.o)
                0x00002f38                Timer_10ms_Init
 .text.Timer_10ms_Enable
                0x00002fd4       0x48 .\CortexM3\ARM_GCC_541\Debug\F1-TestFixture.a(Timer_10ms.o)
                0x00002fd4                Timer_10ms_Enable
 .text.Timer_10ms_Start
                0x0000301c       0x24 .\CortexM3\ARM_GCC_541\Debug\F1-TestFixture.a(Timer_10ms.o)
                0x0000301c                Timer_10ms_Start
 .text.Timer_10ms_SetInterruptMode
                0x00003040       0x20 .\CortexM3\ARM_GCC_541\Debug\F1-TestFixture.a(Timer_10ms.o)
                0x00003040                Timer_10ms_SetInterruptMode
 .text.Timer_10ms_WritePeriod
                0x00003060       0x24 .\CortexM3\ARM_GCC_541\Debug\F1-TestFixture.a(Timer_10ms.o)
                0x00003060                Timer_10ms_WritePeriod
 .text.Timer_10ms_WriteCounter
                0x00003084       0x20 .\CortexM3\ARM_GCC_541\Debug\F1-TestFixture.a(Timer_10ms.o)
                0x00003084                Timer_10ms_WriteCounter
 .text.isr_Timer_10ms_Start
                0x000030a4       0x20 .\CortexM3\ARM_GCC_541\Debug\F1-TestFixture.a(isr_Timer_10ms.o)
                0x000030a4                isr_Timer_10ms_Start
 .text.isr_Timer_10ms_Interrupt
                0x000030c4       0x10 .\CortexM3\ARM_GCC_541\Debug\F1-TestFixture.a(isr_Timer_10ms.o)
                0x000030c4                isr_Timer_10ms_Interrupt
 .text.isr_Timer_10ms_SetVector
                0x000030d4       0x24 .\CortexM3\ARM_GCC_541\Debug\F1-TestFixture.a(isr_Timer_10ms.o)
                0x000030d4                isr_Timer_10ms_SetVector
 .text.isr_Timer_10ms_SetPriority
                0x000030f8       0x24 .\CortexM3\ARM_GCC_541\Debug\F1-TestFixture.a(isr_Timer_10ms.o)
                0x000030f8                isr_Timer_10ms_SetPriority
 .text.isr_Timer_10ms_Enable
                0x0000311c       0x18 .\CortexM3\ARM_GCC_541\Debug\F1-TestFixture.a(isr_Timer_10ms.o)
                0x0000311c                isr_Timer_10ms_Enable
 .text.isr_Timer_10ms_Disable
                0x00003134       0x18 .\CortexM3\ARM_GCC_541\Debug\F1-TestFixture.a(isr_Timer_10ms.o)
                0x00003134                isr_Timer_10ms_Disable
 .text.Timer_50ms_Init
                0x0000314c       0xa0 .\CortexM3\ARM_GCC_541\Debug\F1-TestFixture.a(Timer_50ms.o)
                0x0000314c                Timer_50ms_Init
 .text.Timer_50ms_Enable
                0x000031ec       0x48 .\CortexM3\ARM_GCC_541\Debug\F1-TestFixture.a(Timer_50ms.o)
                0x000031ec                Timer_50ms_Enable
 .text.Timer_50ms_Start
                0x00003234       0x24 .\CortexM3\ARM_GCC_541\Debug\F1-TestFixture.a(Timer_50ms.o)
                0x00003234                Timer_50ms_Start
 .text.Timer_50ms_SetInterruptMode
                0x00003258       0x20 .\CortexM3\ARM_GCC_541\Debug\F1-TestFixture.a(Timer_50ms.o)
                0x00003258                Timer_50ms_SetInterruptMode
 .text.Timer_50ms_WritePeriod
                0x00003278       0x24 .\CortexM3\ARM_GCC_541\Debug\F1-TestFixture.a(Timer_50ms.o)
                0x00003278                Timer_50ms_WritePeriod
 .text.Timer_50ms_WriteCounter
                0x0000329c       0x20 .\CortexM3\ARM_GCC_541\Debug\F1-TestFixture.a(Timer_50ms.o)
                0x0000329c                Timer_50ms_WriteCounter
 .text.isr_Timer_50ms_Start
                0x000032bc       0x20 .\CortexM3\ARM_GCC_541\Debug\F1-TestFixture.a(isr_Timer_50ms.o)
                0x000032bc                isr_Timer_50ms_Start
 .text.isr_Timer_50ms_Interrupt
                0x000032dc       0x34 .\CortexM3\ARM_GCC_541\Debug\F1-TestFixture.a(isr_Timer_50ms.o)
                0x000032dc                isr_Timer_50ms_Interrupt
 .text.isr_Timer_50ms_SetVector
                0x00003310       0x24 .\CortexM3\ARM_GCC_541\Debug\F1-TestFixture.a(isr_Timer_50ms.o)
                0x00003310                isr_Timer_50ms_SetVector
 .text.isr_Timer_50ms_SetPriority
                0x00003334       0x24 .\CortexM3\ARM_GCC_541\Debug\F1-TestFixture.a(isr_Timer_50ms.o)
                0x00003334                isr_Timer_50ms_SetPriority
 .text.isr_Timer_50ms_Enable
                0x00003358       0x18 .\CortexM3\ARM_GCC_541\Debug\F1-TestFixture.a(isr_Timer_50ms.o)
                0x00003358                isr_Timer_50ms_Enable
 .text.isr_Timer_50ms_Disable
                0x00003370       0x18 .\CortexM3\ARM_GCC_541\Debug\F1-TestFixture.a(isr_Timer_50ms.o)
                0x00003370                isr_Timer_50ms_Disable
 .text.PB_NextAction_Read
                0x00003388       0x20 .\CortexM3\ARM_GCC_541\Debug\F1-TestFixture.a(PB_NextAction.o)
                0x00003388                PB_NextAction_Read
 .text.WaveDAC_Init
                0x000033a8       0x50 .\CortexM3\ARM_GCC_541\Debug\F1-TestFixture.a(WaveDAC.o)
                0x000033a8                WaveDAC_Init
 .text.WaveDAC_Enable
                0x000033f8       0x34 .\CortexM3\ARM_GCC_541\Debug\F1-TestFixture.a(WaveDAC.o)
                0x000033f8                WaveDAC_Enable
 .text.WaveDAC_Start
                0x0000342c       0x24 .\CortexM3\ARM_GCC_541\Debug\F1-TestFixture.a(WaveDAC.o)
                0x0000342c                WaveDAC_Start
 .text.WaveDAC_Stop
                0x00003450       0x28 .\CortexM3\ARM_GCC_541\Debug\F1-TestFixture.a(WaveDAC.o)
                0x00003450                WaveDAC_Stop
 .text.WaveDAC_Wave1Setup
                0x00003478       0x68 .\CortexM3\ARM_GCC_541\Debug\F1-TestFixture.a(WaveDAC.o)
                0x00003478                WaveDAC_Wave1Setup
 .text.WaveDAC_Wave2Setup
                0x000034e0       0x68 .\CortexM3\ARM_GCC_541\Debug\F1-TestFixture.a(WaveDAC.o)
                0x000034e0                WaveDAC_Wave2Setup
 .text.WaveDAC_Wave1_DMA_DmaInitialize
                0x00003548       0x64 .\CortexM3\ARM_GCC_541\Debug\F1-TestFixture.a(WaveDAC_Wave1_DMA_dma.o)
                0x00003548                WaveDAC_Wave1_DMA_DmaInitialize
 .text.WaveDAC_Wave2_DMA_DmaInitialize
                0x000035ac       0x64 .\CortexM3\ARM_GCC_541\Debug\F1-TestFixture.a(WaveDAC_Wave2_DMA_dma.o)
                0x000035ac                WaveDAC_Wave2_DMA_DmaInitialize
 .text.WaveDAC_VDAC8_Init
                0x00003610       0x3c .\CortexM3\ARM_GCC_541\Debug\F1-TestFixture.a(WaveDAC_VDAC8.o)
                0x00003610                WaveDAC_VDAC8_Init
 .text.WaveDAC_VDAC8_Enable
                0x0000364c       0x34 .\CortexM3\ARM_GCC_541\Debug\F1-TestFixture.a(WaveDAC_VDAC8.o)
                0x0000364c                WaveDAC_VDAC8_Enable
 .text.WaveDAC_VDAC8_Stop
                0x00003680       0x34 .\CortexM3\ARM_GCC_541\Debug\F1-TestFixture.a(WaveDAC_VDAC8.o)
                0x00003680                WaveDAC_VDAC8_Stop
 .text.WaveDAC_VDAC8_SetSpeed
                0x000036b4       0x40 .\CortexM3\ARM_GCC_541\Debug\F1-TestFixture.a(WaveDAC_VDAC8.o)
                0x000036b4                WaveDAC_VDAC8_SetSpeed
 .text.WaveDAC_VDAC8_SetRange
                0x000036f4       0x40 .\CortexM3\ARM_GCC_541\Debug\F1-TestFixture.a(WaveDAC_VDAC8.o)
                0x000036f4                WaveDAC_VDAC8_SetRange
 .text.WaveDAC_VDAC8_SetValue
                0x00003734       0x20 .\CortexM3\ARM_GCC_541\Debug\F1-TestFixture.a(WaveDAC_VDAC8.o)
                0x00003734                WaveDAC_VDAC8_SetValue
 .text.WaveDAC_VDAC8_DacTrim
                0x00003754       0x3c .\CortexM3\ARM_GCC_541\Debug\F1-TestFixture.a(WaveDAC_VDAC8.o)
                0x00003754                WaveDAC_VDAC8_DacTrim
 .text.Timer_DAC_Init
                0x00003790       0x9c .\CortexM3\ARM_GCC_541\Debug\F1-TestFixture.a(Timer_DAC.o)
                0x00003790                Timer_DAC_Init
 .text.Timer_DAC_Enable
                0x0000382c       0x48 .\CortexM3\ARM_GCC_541\Debug\F1-TestFixture.a(Timer_DAC.o)
                0x0000382c                Timer_DAC_Enable
 .text.Timer_DAC_Start
                0x00003874       0x24 .\CortexM3\ARM_GCC_541\Debug\F1-TestFixture.a(Timer_DAC.o)
                0x00003874                Timer_DAC_Start
 .text.Timer_DAC_SetInterruptMode
                0x00003898       0x20 .\CortexM3\ARM_GCC_541\Debug\F1-TestFixture.a(Timer_DAC.o)
                0x00003898                Timer_DAC_SetInterruptMode
 .text.Timer_DAC_WritePeriod
                0x000038b8       0x24 .\CortexM3\ARM_GCC_541\Debug\F1-TestFixture.a(Timer_DAC.o)
                0x000038b8                Timer_DAC_WritePeriod
 .text.Timer_DAC_WriteCounter
                0x000038dc       0x20 .\CortexM3\ARM_GCC_541\Debug\F1-TestFixture.a(Timer_DAC.o)
                0x000038dc                Timer_DAC_WriteCounter
 .text.isr_ADC_AudioStream_Start
                0x000038fc       0x20 .\CortexM3\ARM_GCC_541\Debug\F1-TestFixture.a(isr_ADC_AudioStream.o)
                0x000038fc                isr_ADC_AudioStream_Start
 .text.isr_ADC_AudioStream_Interrupt
                0x0000391c       0x40 .\CortexM3\ARM_GCC_541\Debug\F1-TestFixture.a(isr_ADC_AudioStream.o)
                0x0000391c                isr_ADC_AudioStream_Interrupt
 .text.isr_ADC_AudioStream_SetVector
                0x0000395c       0x24 .\CortexM3\ARM_GCC_541\Debug\F1-TestFixture.a(isr_ADC_AudioStream.o)
                0x0000395c                isr_ADC_AudioStream_SetVector
 .text.isr_ADC_AudioStream_SetPriority
                0x00003980       0x24 .\CortexM3\ARM_GCC_541\Debug\F1-TestFixture.a(isr_ADC_AudioStream.o)
                0x00003980                isr_ADC_AudioStream_SetPriority
 .text.isr_ADC_AudioStream_Enable
                0x000039a4       0x18 .\CortexM3\ARM_GCC_541\Debug\F1-TestFixture.a(isr_ADC_AudioStream.o)
                0x000039a4                isr_ADC_AudioStream_Enable
 .text.isr_ADC_AudioStream_Disable
                0x000039bc       0x18 .\CortexM3\ARM_GCC_541\Debug\F1-TestFixture.a(isr_ADC_AudioStream.o)
                0x000039bc                isr_ADC_AudioStream_Disable
 .text.ADC_AudioStream_Start
                0x000039d4       0x24 .\CortexM3\ARM_GCC_541\Debug\F1-TestFixture.a(ADC_AudioStream.o)
                0x000039d4                ADC_AudioStream_Start
 .text.ADC_AudioStream_Init
                0x000039f8       0x48 .\CortexM3\ARM_GCC_541\Debug\F1-TestFixture.a(ADC_AudioStream.o)
                0x000039f8                ADC_AudioStream_Init
 .text.ADC_AudioStream_Enable
                0x00003a40       0xf4 .\CortexM3\ARM_GCC_541\Debug\F1-TestFixture.a(ADC_AudioStream.o)
                0x00003a40                ADC_AudioStream_Enable
 .text.ADC_AudioStream_SetResolution
                0x00003b34       0x54 .\CortexM3\ARM_GCC_541\Debug\F1-TestFixture.a(ADC_AudioStream.o)
                0x00003b34                ADC_AudioStream_SetResolution
 .text.ADC_AudioStream_StartConvert
                0x00003b88       0x20 .\CortexM3\ARM_GCC_541\Debug\F1-TestFixture.a(ADC_AudioStream.o)
                0x00003b88                ADC_AudioStream_StartConvert
 .text.ADC_AudioStream_GetResult16
                0x00003ba8       0x30 .\CortexM3\ARM_GCC_541\Debug\F1-TestFixture.a(ADC_AudioStream.o)
                0x00003ba8                ADC_AudioStream_GetResult16
 .text.ADC_AudioStream_CalcGain
                0x00003bd8       0x80 .\CortexM3\ARM_GCC_541\Debug\F1-TestFixture.a(ADC_AudioStream.o)
 .text.ADC_AudioStream_ISR
                0x00003c58        0xc .\CortexM3\ARM_GCC_541\Debug\F1-TestFixture.a(ADC_AudioStream_INT.o)
                0x00003c58                ADC_AudioStream_ISR
 .text.ADC_AudioStream_theACLK_SetModeRegister
                0x00003c64       0x34 .\CortexM3\ARM_GCC_541\Debug\F1-TestFixture.a(ADC_AudioStream_theACLK.o)
                0x00003c64                ADC_AudioStream_theACLK_SetModeRegister
 .text          0x00003c98       0x20 .\CortexM3\ARM_GCC_541\Debug\F1-TestFixture.a(CyBootAsmGnu.o)
                0x00003c98                CyDelayCycles
                0x00003ca8                CyEnterCriticalSection
                0x00003cb0                CyExitCriticalSection
 .text.__errno  0x00003cb8        0xc c:/program files (x86)/cypress/psoc creator/4.3/psoc creator/import/gnu/arm/5.4.1/bin/../lib/gcc/arm-none-eabi/5.4.1/../../../../arm-none-eabi/lib/armv7-m\libg_nano.a(lib_a-errno.o)
                0x00003cb8                __errno
 .text.__libc_init_array
                0x00003cc4       0x4c c:/program files (x86)/cypress/psoc creator/4.3/psoc creator/import/gnu/arm/5.4.1/bin/../lib/gcc/arm-none-eabi/5.4.1/../../../../arm-none-eabi/lib/armv7-m\libg_nano.a(lib_a-init.o)
                0x00003cc4                __libc_init_array
 .text.memcpy   0x00003d10       0x16 c:/program files (x86)/cypress/psoc creator/4.3/psoc creator/import/gnu/arm/5.4.1/bin/../lib/gcc/arm-none-eabi/5.4.1/../../../../arm-none-eabi/lib/armv7-m\libg_nano.a(lib_a-memcpy-stub.o)
                0x00003d10                memcpy
 .text.memset   0x00003d26       0x10 c:/program files (x86)/cypress/psoc creator/4.3/psoc creator/import/gnu/arm/5.4.1/bin/../lib/gcc/arm-none-eabi/5.4.1/../../../../arm-none-eabi/lib/armv7-m\libg_nano.a(lib_a-memset.o)
                0x00003d26                memset
 *(.plt)
 *(.gnu.warning)
 *(.glue_7t)
 .glue_7t       0x00003d36        0x0 linker stubs
 *(.glue_7)
 .glue_7        0x00003d36        0x0 linker stubs
 *(.vfp11_veneer)
 .vfp11_veneer  0x00003d36        0x0 linker stubs
 *(.bootloader)
 *(.ARM.extab* .gnu.linkonce.armextab.*)
 *(.gcc_except_table)

.v4_bx          0x00003d38        0x0
 .v4_bx         0x00003d38        0x0 linker stubs

.iplt           0x00003d38        0x0
 .iplt          0x00003d38        0x0 c:/program files (x86)/cypress/psoc creator/4.3/psoc creator/import/gnu/arm/5.4.1/bin/../lib/gcc/arm-none-eabi/5.4.1/armv7-m/crtbegin.o

.eh_frame_hdr
 *(.eh_frame_hdr)

.eh_frame       0x00003d38        0x4
 *(.eh_frame)
 .eh_frame      0x00003d38        0x0 c:/program files (x86)/cypress/psoc creator/4.3/psoc creator/import/gnu/arm/5.4.1/bin/../lib/gcc/arm-none-eabi/5.4.1/armv7-m/crtbegin.o
 .eh_frame      0x00003d38        0x4 c:/program files (x86)/cypress/psoc creator/4.3/psoc creator/import/gnu/arm/5.4.1/bin/../lib/gcc/arm-none-eabi/5.4.1/armv7-m/crtend.o
                [!provide]                PROVIDE (__exidx_start, .)

.ARM.exidx
 *(.ARM.exidx* .gnu.linkonce.armexidx.*)
                0x00003d3c                __exidx_end = .

.rodata         0x00003d3c      0x14c
 *(.rodata .rodata.* .gnu.linkonce.r.*)
 .rodata        0x00003d3c       0x46 .\CortexM3\ARM_GCC_541\Debug\cyfitter_cfg.o
 *fill*         0x00003d82        0x2 
 .rodata        0x00003d84       0xc8 .\CortexM3\ARM_GCC_541\Debug\F1-TestFixture.a(WaveDAC.o)
                0x00003d84                WaveDAC_wave1
                0x00003de8                WaveDAC_wave2
 .rodata.str1.1
                0x00003e4c        0x2 c:/program files (x86)/cypress/psoc creator/4.3/psoc creator/import/gnu/arm/5.4.1/bin/../lib/gcc/arm-none-eabi/5.4.1/../../../../arm-none-eabi/lib/armv7-m\libg_nano.a(lib_a-impure.o)
                0x00003e50                . = ALIGN (0x4)
 *fill*         0x00003e4e        0x2 
 *(.init)
 .init          0x00003e50        0x4 c:/program files (x86)/cypress/psoc creator/4.3/psoc creator/import/gnu/arm/5.4.1/bin/../lib/gcc/arm-none-eabi/5.4.1/armv7-m/crti.o
                0x00003e50                _init
 .init          0x00003e54        0x8 c:/program files (x86)/cypress/psoc creator/4.3/psoc creator/import/gnu/arm/5.4.1/bin/../lib/gcc/arm-none-eabi/5.4.1/armv7-m/crtn.o
                0x00003e5c                . = ALIGN (0x4)
                0x00003e5c                __preinit_array_start = .
 *(.preinit_array)
                0x00003e5c                __preinit_array_end = .
                0x00003e5c                . = ALIGN (0x4)
                0x00003e5c                __init_array_start = .
 *(SORT(.init_array.*))
 *(.init_array)
 .init_array    0x00003e5c        0x4 c:/program files (x86)/cypress/psoc creator/4.3/psoc creator/import/gnu/arm/5.4.1/bin/../lib/gcc/arm-none-eabi/5.4.1/armv7-m/crtbegin.o
 .init_array    0x00003e60        0x4 .\CortexM3\ARM_GCC_541\Debug\Cm3Start.o
                0x00003e64                __init_array_end = .
                0x00003e64                . = ALIGN (0x4)
 *(.fini)
 .fini          0x00003e64        0x4 c:/program files (x86)/cypress/psoc creator/4.3/psoc creator/import/gnu/arm/5.4.1/bin/../lib/gcc/arm-none-eabi/5.4.1/armv7-m/crti.o
                0x00003e64                _fini
 .fini          0x00003e68        0x8 c:/program files (x86)/cypress/psoc creator/4.3/psoc creator/import/gnu/arm/5.4.1/bin/../lib/gcc/arm-none-eabi/5.4.1/armv7-m/crtn.o
                0x00003e70                . = ALIGN (0x4)
                0x00003e70                __fini_array_start = .
 *(.fini_array)
 .fini_array    0x00003e70        0x4 c:/program files (x86)/cypress/psoc creator/4.3/psoc creator/import/gnu/arm/5.4.1/bin/../lib/gcc/arm-none-eabi/5.4.1/armv7-m/crtbegin.o
 *(SORT(.fini_array.*))
                0x00003e74                __fini_array_end = .
                0x00003e74                . = ALIGN (0x4)
 *crtbegin.o(.ctors)
 *(EXCLUDE_FILE(*crtend.o) .ctors)
 *(SORT(.ctors.*))
 *crtend.o(.ctors)
                0x00003e74                . = ALIGN (0x4)
 *crtbegin.o(.dtors)
 *(EXCLUDE_FILE(*crtend.o) .dtors)
 *(SORT(.dtors.*))
 *crtend.o(.dtors)
                0x00003e74                . = ALIGN (0x4)
                0x00003e74                __cy_regions = .
                0x00003e74        0x4 LONG 0x3e88 __cy_region_init_ram
                0x00003e78        0x4 LONG 0x1fffc0c8 __cy_region_start_data
                0x00003e7c        0x4 LONG 0xd0 __cy_region_init_size_ram
                0x00003e80        0x4 LONG 0x1488 __cy_region_zero_size_ram
                0x00003e84                __cy_regions_end = .
                0x00003e88                . = ALIGN (0x8)
 *fill*         0x00003e84        0x4 
                0x00003e88                _etext = .

.cy_checksum_exclude
                0x00003e88        0x0
 *(.cy_checksum_exclude)

.ramvectors     0x1fffc000       0xc0
                0x1fffc000                __cy_region_start_ram = .
 *(.ramvectors)
 .ramvectors    0x1fffc000       0xc0 .\CortexM3\ARM_GCC_541\Debug\Cm3Start.o
                0x1fffc000                CyRamVectors

.noinit         0x1fffc0c0        0x5
 *(.noinit)
 .noinit        0x1fffc0c0        0x4 .\CortexM3\ARM_GCC_541\Debug\Cm3Start.o
 .noinit        0x1fffc0c4        0x1 .\CortexM3\ARM_GCC_541\Debug\F1-TestFixture.a(CyLib.o)
                0x1fffc0c4                CyResetStatus

.data           0x1fffc0c8       0xd0 load address 0x00003e88
                0x1fffc0c8                __cy_region_start_data = .
 *(.jcr)
 .jcr           0x1fffc0c8        0x0 c:/program files (x86)/cypress/psoc creator/4.3/psoc creator/import/gnu/arm/5.4.1/bin/../lib/gcc/arm-none-eabi/5.4.1/armv7-m/crtbegin.o
 .jcr           0x1fffc0c8        0x4 c:/program files (x86)/cypress/psoc creator/4.3/psoc creator/import/gnu/arm/5.4.1/bin/../lib/gcc/arm-none-eabi/5.4.1/armv7-m/crtend.o
 *(.got.plt)
 *(.got)
 *(.shdata)
 *(.data .data.* .gnu.linkonce.d.*)
 .data          0x1fffc0cc       0x1a .\CortexM3\ARM_GCC_541\Debug\UART_230400_Functions.o
 *fill*         0x1fffc0e6        0x2 
 .data          0x1fffc0e8        0xa .\CortexM3\ARM_GCC_541\Debug\UART_460800_Functions.o
 *fill*         0x1fffc0f2        0x2 
 .data          0x1fffc0f4       0x20 .\CortexM3\ARM_GCC_541\Debug\CD4051BPW_Driver.o
 .data          0x1fffc114        0x8 .\CortexM3\ARM_GCC_541\Debug\F1-TestFixture.a(CyDmac.o)
 .data          0x1fffc11c       0x10 .\CortexM3\ARM_GCC_541\Debug\F1-TestFixture.a(CyLib.o)
                0x1fffc11c                cydelay_freq_hz
                0x1fffc120                cydelay_freq_khz
                0x1fffc124                cydelay_freq_mhz
                0x1fffc128                cydelay_32k_ms
 .data          0x1fffc12c        0x1 .\CortexM3\ARM_GCC_541\Debug\F1-TestFixture.a(WaveDAC_Wave1_DMA_dma.o)
                0x1fffc12c                WaveDAC_Wave1_DMA_DmaHandle
 .data          0x1fffc12d        0x1 .\CortexM3\ARM_GCC_541\Debug\F1-TestFixture.a(WaveDAC_Wave2_DMA_dma.o)
                0x1fffc12d                WaveDAC_Wave2_DMA_DmaHandle
 *fill*         0x1fffc12e        0x2 
 .data.impure_data
                0x1fffc130       0x60 c:/program files (x86)/cypress/psoc creator/4.3/psoc creator/import/gnu/arm/5.4.1/bin/../lib/gcc/arm-none-eabi/5.4.1/../../../../arm-none-eabi/lib/armv7-m\libg_nano.a(lib_a-impure.o)
 .data._impure_ptr
                0x1fffc190        0x4 c:/program files (x86)/cypress/psoc creator/4.3/psoc creator/import/gnu/arm/5.4.1/bin/../lib/gcc/arm-none-eabi/5.4.1/../../../../arm-none-eabi/lib/armv7-m\libg_nano.a(lib_a-impure.o)
                0x1fffc190                _impure_ptr
                0x1fffc198                . = ALIGN (0x8)
 *fill*         0x1fffc194        0x4 
 *(.ram)
                0x1fffc198                _edata = .

.igot.plt       0x1fffc198        0x0 load address 0x00003f58
 .igot.plt      0x1fffc198        0x0 c:/program files (x86)/cypress/psoc creator/4.3/psoc creator/import/gnu/arm/5.4.1/bin/../lib/gcc/arm-none-eabi/5.4.1/armv7-m/crtbegin.o

.bss            0x1fffc198     0x1488 load address 0x00003f58
                0x1fffc198                PROVIDE (__bss_start__, .)
 *(.shbss)
 *(.bss .bss.* .gnu.linkonce.b.*)
 .bss           0x1fffc198       0x1c c:/program files (x86)/cypress/psoc creator/4.3/psoc creator/import/gnu/arm/5.4.1/bin/../lib/gcc/arm-none-eabi/5.4.1/armv7-m/crtbegin.o
 .bss           0x1fffc1b4      0x1d8 .\CortexM3\ARM_GCC_541\Debug\ControllerTest.o
 .bss           0x1fffc38c      0x17a .\CortexM3\ARM_GCC_541\Debug\UART_230400_Functions.o
 *fill*         0x1fffc506        0x2 
 .bss           0x1fffc508       0x9a .\CortexM3\ARM_GCC_541\Debug\SirenTest.o
 *fill*         0x1fffc5a2        0x2 
 .bss           0x1fffc5a4      0x148 .\CortexM3\ARM_GCC_541\Debug\RelayTest.o
 .bss           0x1fffc6ec      0x238 .\CortexM3\ARM_GCC_541\Debug\UART_460800_Functions.o
 .bss           0x1fffc924        0x7 .\CortexM3\ARM_GCC_541\Debug\F1-TestFixture.a(UART_230400.o)
                0x1fffc924                UART_230400_initVar
                0x1fffc926                UART_230400_txBufferRead
                0x1fffc928                UART_230400_txBufferWrite
 .bss           0x1fffc92b        0x1 .\CortexM3\ARM_GCC_541\Debug\F1-TestFixture.a(Timer_20ms.o)
                0x1fffc92b                Timer_20ms_initVar
 .bss           0x1fffc92c        0x7 .\CortexM3\ARM_GCC_541\Debug\F1-TestFixture.a(UART_460800.o)
                0x1fffc92c                UART_460800_initVar
                0x1fffc92e                UART_460800_txBufferRead
                0x1fffc930                UART_460800_txBufferWrite
 .bss           0x1fffc933        0x1 .\CortexM3\ARM_GCC_541\Debug\F1-TestFixture.a(Timer_10ms.o)
                0x1fffc933                Timer_10ms_initVar
 .bss           0x1fffc934        0x1 .\CortexM3\ARM_GCC_541\Debug\F1-TestFixture.a(Timer_50ms.o)
                0x1fffc934                Timer_50ms_initVar
 .bss           0x1fffc935        0x5 .\CortexM3\ARM_GCC_541\Debug\F1-TestFixture.a(WaveDAC.o)
                0x1fffc935                WaveDAC_initVar
 .bss           0x1fffc93a        0x1 .\CortexM3\ARM_GCC_541\Debug\F1-TestFixture.a(Timer_DAC.o)
                0x1fffc93a                Timer_DAC_initVar
 *fill*         0x1fffc93b        0x1 
 .bss           0x1fffc93c       0xcc .\CortexM3\ARM_GCC_541\Debug\F1-TestFixture.a(isr_ADC_AudioStream.o)
 .bss           0x1fffca08        0x1 .\CortexM3\ARM_GCC_541\Debug\F1-TestFixture.a(ADC_AudioStream.o)
                0x1fffca08                ADC_AudioStream_initVar
 *(COMMON)
 *fill*         0x1fffca09        0x3 
 COMMON         0x1fffca0c      0x400 .\CortexM3\ARM_GCC_541\Debug\F1-TestFixture.a(UART_230400.o)
                0x1fffca0c                UART_230400_txBuffer
 COMMON         0x1fffce0c      0x800 .\CortexM3\ARM_GCC_541\Debug\F1-TestFixture.a(UART_460800.o)
                0x1fffce0c                UART_460800_txBuffer
 COMMON         0x1fffd60c        0x3 .\CortexM3\ARM_GCC_541\Debug\F1-TestFixture.a(isr_Timer_50ms.o)
                0x1fffd60c                CurrentTest
 *fill*         0x1fffd60f        0x1 
 COMMON         0x1fffd610        0xc .\CortexM3\ARM_GCC_541\Debug\F1-TestFixture.a(ADC_AudioStream.o)
                0x1fffd610                ADC_AudioStream_shift
                0x1fffd612                ADC_AudioStream_offset
                0x1fffd614                ADC_AudioStream_countsPerVolt
                0x1fffd618                ADC_AudioStream_countsPer10Volt
                0x1fffd620                . = ALIGN (0x8)
 *fill*         0x1fffd61c        0x4 
 *(.ram.b)
                0x1fffd620                _end = .
                0x1fffd620                __end = .
                0x1fffd620                PROVIDE (end, .)
                0x1fffd620                PROVIDE (__bss_end__, .)
                0x00003e88                __cy_region_init_ram = LOADADDR (.data)
                0x000000d0                __cy_region_init_size_ram = (_edata - ADDR (.data))
                0x00001488                __cy_region_zero_size_ram = (_end - _edata)

.heap           0x1fffd620       0x80 load address 0x00003f58
                0x1fffd620                . = _end
                0x1fffd6a0                . = (. + 0x80)
 *fill*         0x1fffd620       0x80 
                0x1fffd6a0                __cy_heap_limit = .

.stack          0x20003800      0x800
                0x20003800                __cy_stack_limit = .
                0x20004000                . = (. + 0x800)
 *fill*         0x20003800      0x800 
                0x00000001                ASSERT ((__cy_stack_limit >= __cy_heap_limit), region RAM overflowed with stack)
                0x00000000                cy_checksum_exclude_size = (CY_APPL_LOADABLE == 0x1)?SIZEOF (.cy_checksum_exclude):0x0
                0x00000001                ASSERT ((cy_checksum_exclude_size <= CY_CHECKSUM_EXCLUDE_SIZE), CY_BOOT: Section .cy_checksum_exclude size exceedes specified limit.)

.cyloadermeta
 *(.cyloadermeta)

.cyloadablemeta
 *(.cyloadablemeta)

.cyconfigecc    0x80000000      0x874
 *(.cyconfigecc)
 .cyconfigecc   0x80000000      0x874 .\CortexM3\ARM_GCC_541\Debug\cymetadata.o
                0x80000000                cy_meta_configecc

.cycustnvl      0x90000000        0x4
 *(.cycustnvl)
 .cycustnvl     0x90000000        0x4 .\CortexM3\ARM_GCC_541\Debug\cymetadata.o
                0x90000000                cy_meta_custnvl

.cywolatch      0x90100000        0x4
 *(.cywolatch)
 .cywolatch     0x90100000        0x4 .\CortexM3\ARM_GCC_541\Debug\cymetadata.o
                0x90100000                cy_meta_wonvl

.cyeeprom       0x90200000        0x0
 *(.cyeeprom)
                0x00000001                ASSERT ((. <= ((0x90200000 + ee_offset) + ee_size)), .cyeeprom data will not fit in EEPROM)

.cyflashprotect
                0x90400000       0x80
 *(.cyflashprotect)
 .cyflashprotect
                0x90400000       0x80 .\CortexM3\ARM_GCC_541\Debug\cymetadata.o
                0x90400000                cy_meta_flashprotect

.cymeta         0x90500000        0xc
 *(.cymeta)
 .cymeta        0x90500000        0xc .\CortexM3\ARM_GCC_541\Debug\cymetadata.o
                0x90500000                cy_metadata

.rel.dyn        0x00003f58        0x0 load address 0x9050000c
 .rel.iplt      0x00003f58        0x0 c:/program files (x86)/cypress/psoc creator/4.3/psoc creator/import/gnu/arm/5.4.1/bin/../lib/gcc/arm-none-eabi/5.4.1/armv7-m/crtbegin.o

.stab
 *(.stab)

.stabstr
 *(.stabstr)

.debug
 *(.debug)

.line
 *(.line)

.debug_srcinfo
 *(.debug_srcinfo)

.debug_sfnames
 *(.debug_sfnames)

.debug_aranges  0x00000000     0x1458
 *(.debug_aranges)
 .debug_aranges
                0x00000000       0x38 .\CortexM3\ARM_GCC_541\Debug\main.o
 .debug_aranges
                0x00000038       0x68 .\CortexM3\ARM_GCC_541\Debug\ControllerTest.o
 .debug_aranges
                0x000000a0       0x58 .\CortexM3\ARM_GCC_541\Debug\UART_230400_Functions.o
 .debug_aranges
                0x000000f8       0x78 .\CortexM3\ARM_GCC_541\Debug\SirenTest.o
 .debug_aranges
                0x00000170       0xc0 .\CortexM3\ARM_GCC_541\Debug\RelayTest.o
 .debug_aranges
                0x00000230       0x48 .\CortexM3\ARM_GCC_541\Debug\UART_460800_Functions.o
 .debug_aranges
                0x00000278       0x38 .\CortexM3\ARM_GCC_541\Debug\UART_115200_Functions.o
 .debug_aranges
                0x000002b0       0x30 .\CortexM3\ARM_GCC_541\Debug\CD4051BPW_Driver.o
 .debug_aranges
                0x000002e0       0x60 .\CortexM3\ARM_GCC_541\Debug\cyfitter_cfg.o
 .debug_aranges
                0x00000340       0x18 .\CortexM3\ARM_GCC_541\Debug\cymetadata.o
 .debug_aranges
                0x00000358       0x48 .\CortexM3\ARM_GCC_541\Debug\Cm3Start.o
 .debug_aranges
                0x000003a0       0xd8 .\CortexM3\ARM_GCC_541\Debug\F1-TestFixture.a(CyDmac.o)
 .debug_aranges
                0x00000478      0x2a0 .\CortexM3\ARM_GCC_541\Debug\F1-TestFixture.a(CyLib.o)
 .debug_aranges
                0x00000718       0x98 .\CortexM3\ARM_GCC_541\Debug\F1-TestFixture.a(cyPm.o)
 .debug_aranges
                0x000007b0       0x80 .\CortexM3\ARM_GCC_541\Debug\F1-TestFixture.a(isr_UART_230400.o)
 .debug_aranges
                0x00000830       0xf0 .\CortexM3\ARM_GCC_541\Debug\F1-TestFixture.a(UART_230400.o)
 .debug_aranges
                0x00000920       0x20 .\CortexM3\ARM_GCC_541\Debug\F1-TestFixture.a(UART_230400_INT.o)
 .debug_aranges
                0x00000940       0x70 .\CortexM3\ARM_GCC_541\Debug\F1-TestFixture.a(UART_230400_IntClock.o)
 .debug_aranges
                0x000009b0       0x38 .\CortexM3\ARM_GCC_541\Debug\F1-TestFixture.a(RS485_RX_EN.o)
 .debug_aranges
                0x000009e8       0x28 .\CortexM3\ARM_GCC_541\Debug\F1-TestFixture.a(MUX_CTRL_230400.o)
 .debug_aranges
                0x00000a10       0x88 .\CortexM3\ARM_GCC_541\Debug\F1-TestFixture.a(Timer_20ms.o)
 .debug_aranges
                0x00000a98       0x38 .\CortexM3\ARM_GCC_541\Debug\F1-TestFixture.a(LED_EN.o)
 .debug_aranges
                0x00000ad0       0x80 .\CortexM3\ARM_GCC_541\Debug\F1-TestFixture.a(isr_Timer_20ms.o)
 .debug_aranges
                0x00000b50       0x80 .\CortexM3\ARM_GCC_541\Debug\F1-TestFixture.a(isr_UART_460800.o)
 .debug_aranges
                0x00000bd0       0xf0 .\CortexM3\ARM_GCC_541\Debug\F1-TestFixture.a(UART_460800.o)
 .debug_aranges
                0x00000cc0       0x20 .\CortexM3\ARM_GCC_541\Debug\F1-TestFixture.a(UART_460800_INT.o)
 .debug_aranges
                0x00000ce0       0x28 .\CortexM3\ARM_GCC_541\Debug\F1-TestFixture.a(MUX_CTRL_460800.o)
 .debug_aranges
                0x00000d08       0x28 .\CortexM3\ARM_GCC_541\Debug\F1-TestFixture.a(DEMUX_CTRL_460800.o)
 .debug_aranges
                0x00000d30       0x70 .\CortexM3\ARM_GCC_541\Debug\F1-TestFixture.a(UART_460800_IntClock.o)
 .debug_aranges
                0x00000da0       0x88 .\CortexM3\ARM_GCC_541\Debug\F1-TestFixture.a(Timer_10ms.o)
 .debug_aranges
                0x00000e28       0x80 .\CortexM3\ARM_GCC_541\Debug\F1-TestFixture.a(isr_Timer_10ms.o)
 .debug_aranges
                0x00000ea8       0x88 .\CortexM3\ARM_GCC_541\Debug\F1-TestFixture.a(Timer_50ms.o)
 .debug_aranges
                0x00000f30       0x80 .\CortexM3\ARM_GCC_541\Debug\F1-TestFixture.a(isr_Timer_50ms.o)
 .debug_aranges
                0x00000fb0       0x38 .\CortexM3\ARM_GCC_541\Debug\F1-TestFixture.a(PB_NextAction.o)
 .debug_aranges
                0x00000fe8       0x50 .\CortexM3\ARM_GCC_541\Debug\F1-TestFixture.a(WaveDAC.o)
 .debug_aranges
                0x00001038       0x28 .\CortexM3\ARM_GCC_541\Debug\F1-TestFixture.a(WaveDAC_Wave1_DMA_dma.o)
 .debug_aranges
                0x00001060       0x28 .\CortexM3\ARM_GCC_541\Debug\F1-TestFixture.a(WaveDAC_Wave2_DMA_dma.o)
 .debug_aranges
                0x00001088       0x58 .\CortexM3\ARM_GCC_541\Debug\F1-TestFixture.a(WaveDAC_VDAC8.o)
 .debug_aranges
                0x000010e0       0x88 .\CortexM3\ARM_GCC_541\Debug\F1-TestFixture.a(Timer_DAC.o)
 .debug_aranges
                0x00001168       0x80 .\CortexM3\ARM_GCC_541\Debug\F1-TestFixture.a(isr_ADC_AudioStream.o)
 .debug_aranges
                0x000011e8       0xa8 .\CortexM3\ARM_GCC_541\Debug\F1-TestFixture.a(ADC_AudioStream.o)
 .debug_aranges
                0x00001290       0x20 .\CortexM3\ARM_GCC_541\Debug\F1-TestFixture.a(ADC_AudioStream_INT.o)
 .debug_aranges
                0x000012b0       0x80 .\CortexM3\ARM_GCC_541\Debug\F1-TestFixture.a(ADC_AudioStream_theACLK.o)
 .debug_aranges
                0x00001330       0x20 .\CortexM3\ARM_GCC_541\Debug\F1-TestFixture.a(CyBootAsmGnu.o)
 .debug_aranges
                0x00001350       0x88 .\CortexM3\ARM_GCC_541\Debug\F1-TestFixture.a(CyFlash.o)
 .debug_aranges
                0x000013d8       0x80 .\CortexM3\ARM_GCC_541\Debug\F1-TestFixture.a(CySpc.o)

.debug_pubnames
 *(.debug_pubnames)

.debug_info     0x00000000     0xa6dc
 *(.debug_info .gnu.linkonce.wi.*)
 .debug_info    0x00000000      0x185 .\CortexM3\ARM_GCC_541\Debug\main.o
 .debug_info    0x00000185      0x4b0 .\CortexM3\ARM_GCC_541\Debug\ControllerTest.o
 .debug_info    0x00000635      0xbc7 .\CortexM3\ARM_GCC_541\Debug\UART_230400_Functions.o
 .debug_info    0x000011fc      0x8fe .\CortexM3\ARM_GCC_541\Debug\SirenTest.o
 .debug_info    0x00001afa     0x11a2 .\CortexM3\ARM_GCC_541\Debug\RelayTest.o
 .debug_info    0x00002c9c      0x9f2 .\CortexM3\ARM_GCC_541\Debug\UART_460800_Functions.o
 .debug_info    0x0000368e      0x2f6 .\CortexM3\ARM_GCC_541\Debug\UART_115200_Functions.o
 .debug_info    0x00003984      0x14e .\CortexM3\ARM_GCC_541\Debug\CD4051BPW_Driver.o
 .debug_info    0x00003ad2      0x470 .\CortexM3\ARM_GCC_541\Debug\cyfitter_cfg.o
 .debug_info    0x00003f42      0x139 .\CortexM3\ARM_GCC_541\Debug\cymetadata.o
 .debug_info    0x0000407b      0x32b .\CortexM3\ARM_GCC_541\Debug\Cm3Start.o
 .debug_info    0x000043a6      0x8c0 .\CortexM3\ARM_GCC_541\Debug\F1-TestFixture.a(CyDmac.o)
 .debug_info    0x00004c66      0xe51 .\CortexM3\ARM_GCC_541\Debug\F1-TestFixture.a(CyLib.o)
 .debug_info    0x00005ab7      0x57a .\CortexM3\ARM_GCC_541\Debug\F1-TestFixture.a(cyPm.o)
 .debug_info    0x00006031      0x268 .\CortexM3\ARM_GCC_541\Debug\F1-TestFixture.a(isr_UART_230400.o)
 .debug_info    0x00006299      0x593 .\CortexM3\ARM_GCC_541\Debug\F1-TestFixture.a(UART_230400.o)
 .debug_info    0x0000682c      0x108 .\CortexM3\ARM_GCC_541\Debug\F1-TestFixture.a(UART_230400_INT.o)
 .debug_info    0x00006934      0x25d .\CortexM3\ARM_GCC_541\Debug\F1-TestFixture.a(UART_230400_IntClock.o)
 .debug_info    0x00006b91      0x11e .\CortexM3\ARM_GCC_541\Debug\F1-TestFixture.a(RS485_RX_EN.o)
 .debug_info    0x00006caf       0xd7 .\CortexM3\ARM_GCC_541\Debug\F1-TestFixture.a(MUX_CTRL_230400.o)
 .debug_info    0x00006d86      0x245 .\CortexM3\ARM_GCC_541\Debug\F1-TestFixture.a(Timer_20ms.o)
 .debug_info    0x00006fcb      0x11e .\CortexM3\ARM_GCC_541\Debug\F1-TestFixture.a(LED_EN.o)
 .debug_info    0x000070e9      0x268 .\CortexM3\ARM_GCC_541\Debug\F1-TestFixture.a(isr_Timer_20ms.o)
 .debug_info    0x00007351      0x268 .\CortexM3\ARM_GCC_541\Debug\F1-TestFixture.a(isr_UART_460800.o)
 .debug_info    0x000075b9      0x593 .\CortexM3\ARM_GCC_541\Debug\F1-TestFixture.a(UART_460800.o)
 .debug_info    0x00007b4c      0x108 .\CortexM3\ARM_GCC_541\Debug\F1-TestFixture.a(UART_460800_INT.o)
 .debug_info    0x00007c54       0xd7 .\CortexM3\ARM_GCC_541\Debug\F1-TestFixture.a(MUX_CTRL_460800.o)
 .debug_info    0x00007d2b       0xd7 .\CortexM3\ARM_GCC_541\Debug\F1-TestFixture.a(DEMUX_CTRL_460800.o)
 .debug_info    0x00007e02      0x25d .\CortexM3\ARM_GCC_541\Debug\F1-TestFixture.a(UART_460800_IntClock.o)
 .debug_info    0x0000805f      0x245 .\CortexM3\ARM_GCC_541\Debug\F1-TestFixture.a(Timer_10ms.o)
 .debug_info    0x000082a4      0x26a .\CortexM3\ARM_GCC_541\Debug\F1-TestFixture.a(isr_Timer_10ms.o)
 .debug_info    0x0000850e      0x245 .\CortexM3\ARM_GCC_541\Debug\F1-TestFixture.a(Timer_50ms.o)
 .debug_info    0x00008753      0x2c8 .\CortexM3\ARM_GCC_541\Debug\F1-TestFixture.a(isr_Timer_50ms.o)
 .debug_info    0x00008a1b      0x11e .\CortexM3\ARM_GCC_541\Debug\F1-TestFixture.a(PB_NextAction.o)
 .debug_info    0x00008b39      0x248 .\CortexM3\ARM_GCC_541\Debug\F1-TestFixture.a(WaveDAC.o)
 .debug_info    0x00008d81      0x11b .\CortexM3\ARM_GCC_541\Debug\F1-TestFixture.a(WaveDAC_Wave1_DMA_dma.o)
 .debug_info    0x00008e9c      0x11b .\CortexM3\ARM_GCC_541\Debug\F1-TestFixture.a(WaveDAC_Wave2_DMA_dma.o)
 .debug_info    0x00008fb7      0x185 .\CortexM3\ARM_GCC_541\Debug\F1-TestFixture.a(WaveDAC_VDAC8.o)
 .debug_info    0x0000913c      0x245 .\CortexM3\ARM_GCC_541\Debug\F1-TestFixture.a(Timer_DAC.o)
 .debug_info    0x00009381      0x2a6 .\CortexM3\ARM_GCC_541\Debug\F1-TestFixture.a(isr_ADC_AudioStream.o)
 .debug_info    0x00009627      0x47f .\CortexM3\ARM_GCC_541\Debug\F1-TestFixture.a(ADC_AudioStream.o)
 .debug_info    0x00009aa6       0x92 .\CortexM3\ARM_GCC_541\Debug\F1-TestFixture.a(ADC_AudioStream_INT.o)
 .debug_info    0x00009b38      0x299 .\CortexM3\ARM_GCC_541\Debug\F1-TestFixture.a(ADC_AudioStream_theACLK.o)
 .debug_info    0x00009dd1       0x92 .\CortexM3\ARM_GCC_541\Debug\F1-TestFixture.a(CyBootAsmGnu.o)
 .debug_info    0x00009e63      0x3b9 .\CortexM3\ARM_GCC_541\Debug\F1-TestFixture.a(CyFlash.o)
 .debug_info    0x0000a21c      0x4c0 .\CortexM3\ARM_GCC_541\Debug\F1-TestFixture.a(CySpc.o)

.debug_abbrev   0x00000000     0x33e4
 *(.debug_abbrev)
 .debug_abbrev  0x00000000       0xfc .\CortexM3\ARM_GCC_541\Debug\main.o
 .debug_abbrev  0x000000fc      0x1a8 .\CortexM3\ARM_GCC_541\Debug\ControllerTest.o
 .debug_abbrev  0x000002a4      0x1e0 .\CortexM3\ARM_GCC_541\Debug\UART_230400_Functions.o
 .debug_abbrev  0x00000484      0x1ca .\CortexM3\ARM_GCC_541\Debug\SirenTest.o
 .debug_abbrev  0x0000064e      0x252 .\CortexM3\ARM_GCC_541\Debug\RelayTest.o
 .debug_abbrev  0x000008a0      0x1cf .\CortexM3\ARM_GCC_541\Debug\UART_460800_Functions.o
 .debug_abbrev  0x00000a6f      0x176 .\CortexM3\ARM_GCC_541\Debug\UART_115200_Functions.o
 .debug_abbrev  0x00000be5       0xd8 .\CortexM3\ARM_GCC_541\Debug\CD4051BPW_Driver.o
 .debug_abbrev  0x00000cbd      0x1b7 .\CortexM3\ARM_GCC_541\Debug\cyfitter_cfg.o
 .debug_abbrev  0x00000e74       0x77 .\CortexM3\ARM_GCC_541\Debug\cymetadata.o
 .debug_abbrev  0x00000eeb      0x1d6 .\CortexM3\ARM_GCC_541\Debug\Cm3Start.o
 .debug_abbrev  0x000010c1      0x194 .\CortexM3\ARM_GCC_541\Debug\F1-TestFixture.a(CyDmac.o)
 .debug_abbrev  0x00001255      0x217 .\CortexM3\ARM_GCC_541\Debug\F1-TestFixture.a(CyLib.o)
 .debug_abbrev  0x0000146c      0x161 .\CortexM3\ARM_GCC_541\Debug\F1-TestFixture.a(cyPm.o)
 .debug_abbrev  0x000015cd      0x178 .\CortexM3\ARM_GCC_541\Debug\F1-TestFixture.a(isr_UART_230400.o)
 .debug_abbrev  0x00001745      0x15d .\CortexM3\ARM_GCC_541\Debug\F1-TestFixture.a(UART_230400.o)
 .debug_abbrev  0x000018a2       0x79 .\CortexM3\ARM_GCC_541\Debug\F1-TestFixture.a(UART_230400_INT.o)
 .debug_abbrev  0x0000191b      0x11d .\CortexM3\ARM_GCC_541\Debug\F1-TestFixture.a(UART_230400_IntClock.o)
 .debug_abbrev  0x00001a38       0x90 .\CortexM3\ARM_GCC_541\Debug\F1-TestFixture.a(RS485_RX_EN.o)
 .debug_abbrev  0x00001ac8       0x81 .\CortexM3\ARM_GCC_541\Debug\F1-TestFixture.a(MUX_CTRL_230400.o)
 .debug_abbrev  0x00001b49       0xe9 .\CortexM3\ARM_GCC_541\Debug\F1-TestFixture.a(Timer_20ms.o)
 .debug_abbrev  0x00001c32       0x90 .\CortexM3\ARM_GCC_541\Debug\F1-TestFixture.a(LED_EN.o)
 .debug_abbrev  0x00001cc2      0x178 .\CortexM3\ARM_GCC_541\Debug\F1-TestFixture.a(isr_Timer_20ms.o)
 .debug_abbrev  0x00001e3a      0x178 .\CortexM3\ARM_GCC_541\Debug\F1-TestFixture.a(isr_UART_460800.o)
 .debug_abbrev  0x00001fb2      0x15d .\CortexM3\ARM_GCC_541\Debug\F1-TestFixture.a(UART_460800.o)
 .debug_abbrev  0x0000210f       0x79 .\CortexM3\ARM_GCC_541\Debug\F1-TestFixture.a(UART_460800_INT.o)
 .debug_abbrev  0x00002188       0x81 .\CortexM3\ARM_GCC_541\Debug\F1-TestFixture.a(MUX_CTRL_460800.o)
 .debug_abbrev  0x00002209       0x81 .\CortexM3\ARM_GCC_541\Debug\F1-TestFixture.a(DEMUX_CTRL_460800.o)
 .debug_abbrev  0x0000228a      0x11d .\CortexM3\ARM_GCC_541\Debug\F1-TestFixture.a(UART_460800_IntClock.o)
 .debug_abbrev  0x000023a7       0xe9 .\CortexM3\ARM_GCC_541\Debug\F1-TestFixture.a(Timer_10ms.o)
 .debug_abbrev  0x00002490      0x15c .\CortexM3\ARM_GCC_541\Debug\F1-TestFixture.a(isr_Timer_10ms.o)
 .debug_abbrev  0x000025ec       0xe9 .\CortexM3\ARM_GCC_541\Debug\F1-TestFixture.a(Timer_50ms.o)
 .debug_abbrev  0x000026d5      0x18b .\CortexM3\ARM_GCC_541\Debug\F1-TestFixture.a(isr_Timer_50ms.o)
 .debug_abbrev  0x00002860       0x90 .\CortexM3\ARM_GCC_541\Debug\F1-TestFixture.a(PB_NextAction.o)
 .debug_abbrev  0x000028f0       0xe3 .\CortexM3\ARM_GCC_541\Debug\F1-TestFixture.a(WaveDAC.o)
 .debug_abbrev  0x000029d3       0x8b .\CortexM3\ARM_GCC_541\Debug\F1-TestFixture.a(WaveDAC_Wave1_DMA_dma.o)
 .debug_abbrev  0x00002a5e       0x8b .\CortexM3\ARM_GCC_541\Debug\F1-TestFixture.a(WaveDAC_Wave2_DMA_dma.o)
 .debug_abbrev  0x00002ae9       0xeb .\CortexM3\ARM_GCC_541\Debug\F1-TestFixture.a(WaveDAC_VDAC8.o)
 .debug_abbrev  0x00002bd4       0xe9 .\CortexM3\ARM_GCC_541\Debug\F1-TestFixture.a(Timer_DAC.o)
 .debug_abbrev  0x00002cbd      0x18a .\CortexM3\ARM_GCC_541\Debug\F1-TestFixture.a(isr_ADC_AudioStream.o)
 .debug_abbrev  0x00002e47      0x173 .\CortexM3\ARM_GCC_541\Debug\F1-TestFixture.a(ADC_AudioStream.o)
 .debug_abbrev  0x00002fba       0x42 .\CortexM3\ARM_GCC_541\Debug\F1-TestFixture.a(ADC_AudioStream_INT.o)
 .debug_abbrev  0x00002ffc      0x11d .\CortexM3\ARM_GCC_541\Debug\F1-TestFixture.a(ADC_AudioStream_theACLK.o)
 .debug_abbrev  0x00003119       0x14 .\CortexM3\ARM_GCC_541\Debug\F1-TestFixture.a(CyBootAsmGnu.o)
 .debug_abbrev  0x0000312d      0x14b .\CortexM3\ARM_GCC_541\Debug\F1-TestFixture.a(CyFlash.o)
 .debug_abbrev  0x00003278      0x16c .\CortexM3\ARM_GCC_541\Debug\F1-TestFixture.a(CySpc.o)

.debug_line     0x00000000     0x588c
 *(.debug_line)
 .debug_line    0x00000000      0x1e8 .\CortexM3\ARM_GCC_541\Debug\main.o
 .debug_line    0x000001e8      0x28b .\CortexM3\ARM_GCC_541\Debug\ControllerTest.o
 .debug_line    0x00000473      0x2f8 .\CortexM3\ARM_GCC_541\Debug\UART_230400_Functions.o
 .debug_line    0x0000076b      0x37c .\CortexM3\ARM_GCC_541\Debug\SirenTest.o
 .debug_line    0x00000ae7      0x50b .\CortexM3\ARM_GCC_541\Debug\RelayTest.o
 .debug_line    0x00000ff2      0x2a0 .\CortexM3\ARM_GCC_541\Debug\UART_460800_Functions.o
 .debug_line    0x00001292      0x228 .\CortexM3\ARM_GCC_541\Debug\UART_115200_Functions.o
 .debug_line    0x000014ba      0x19c .\CortexM3\ARM_GCC_541\Debug\CD4051BPW_Driver.o
 .debug_line    0x00001656      0x236 .\CortexM3\ARM_GCC_541\Debug\cyfitter_cfg.o
 .debug_line    0x0000188c      0x141 .\CortexM3\ARM_GCC_541\Debug\cymetadata.o
 .debug_line    0x000019cd      0x1db .\CortexM3\ARM_GCC_541\Debug\Cm3Start.o
 .debug_line    0x00001ba8      0x2b6 .\CortexM3\ARM_GCC_541\Debug\F1-TestFixture.a(CyDmac.o)
 .debug_line    0x00001e5e      0x883 .\CortexM3\ARM_GCC_541\Debug\F1-TestFixture.a(CyLib.o)
 .debug_line    0x000026e1      0x38e .\CortexM3\ARM_GCC_541\Debug\F1-TestFixture.a(cyPm.o)
 .debug_line    0x00002a6f      0x264 .\CortexM3\ARM_GCC_541\Debug\F1-TestFixture.a(isr_UART_230400.o)
 .debug_line    0x00002cd3      0x324 .\CortexM3\ARM_GCC_541\Debug\F1-TestFixture.a(UART_230400.o)
 .debug_line    0x00002ff7       0x8e .\CortexM3\ARM_GCC_541\Debug\F1-TestFixture.a(UART_230400_INT.o)
 .debug_line    0x00003085      0x1b3 .\CortexM3\ARM_GCC_541\Debug\F1-TestFixture.a(UART_230400_IntClock.o)
 .debug_line    0x00003238       0x9b .\CortexM3\ARM_GCC_541\Debug\F1-TestFixture.a(RS485_RX_EN.o)
 .debug_line    0x000032d3       0x78 .\CortexM3\ARM_GCC_541\Debug\F1-TestFixture.a(MUX_CTRL_230400.o)
 .debug_line    0x0000334b      0x162 .\CortexM3\ARM_GCC_541\Debug\F1-TestFixture.a(Timer_20ms.o)
 .debug_line    0x000034ad       0x96 .\CortexM3\ARM_GCC_541\Debug\F1-TestFixture.a(LED_EN.o)
 .debug_line    0x00003543      0x269 .\CortexM3\ARM_GCC_541\Debug\F1-TestFixture.a(isr_Timer_20ms.o)
 .debug_line    0x000037ac      0x264 .\CortexM3\ARM_GCC_541\Debug\F1-TestFixture.a(isr_UART_460800.o)
 .debug_line    0x00003a10      0x324 .\CortexM3\ARM_GCC_541\Debug\F1-TestFixture.a(UART_460800.o)
 .debug_line    0x00003d34       0x8e .\CortexM3\ARM_GCC_541\Debug\F1-TestFixture.a(UART_460800_INT.o)
 .debug_line    0x00003dc2       0x78 .\CortexM3\ARM_GCC_541\Debug\F1-TestFixture.a(MUX_CTRL_460800.o)
 .debug_line    0x00003e3a       0x7a .\CortexM3\ARM_GCC_541\Debug\F1-TestFixture.a(DEMUX_CTRL_460800.o)
 .debug_line    0x00003eb4      0x1b3 .\CortexM3\ARM_GCC_541\Debug\F1-TestFixture.a(UART_460800_IntClock.o)
 .debug_line    0x00004067      0x162 .\CortexM3\ARM_GCC_541\Debug\F1-TestFixture.a(Timer_10ms.o)
 .debug_line    0x000041c9      0x269 .\CortexM3\ARM_GCC_541\Debug\F1-TestFixture.a(isr_Timer_10ms.o)
 .debug_line    0x00004432      0x162 .\CortexM3\ARM_GCC_541\Debug\F1-TestFixture.a(Timer_50ms.o)
 .debug_line    0x00004594      0x28e .\CortexM3\ARM_GCC_541\Debug\F1-TestFixture.a(isr_Timer_50ms.o)
 .debug_line    0x00004822       0x9d .\CortexM3\ARM_GCC_541\Debug\F1-TestFixture.a(PB_NextAction.o)
 .debug_line    0x000048bf       0xef .\CortexM3\ARM_GCC_541\Debug\F1-TestFixture.a(WaveDAC.o)
 .debug_line    0x000049ae       0x84 .\CortexM3\ARM_GCC_541\Debug\F1-TestFixture.a(WaveDAC_Wave1_DMA_dma.o)
 .debug_line    0x00004a32       0x84 .\CortexM3\ARM_GCC_541\Debug\F1-TestFixture.a(WaveDAC_Wave2_DMA_dma.o)
 .debug_line    0x00004ab6       0xf5 .\CortexM3\ARM_GCC_541\Debug\F1-TestFixture.a(WaveDAC_VDAC8.o)
 .debug_line    0x00004bab      0x161 .\CortexM3\ARM_GCC_541\Debug\F1-TestFixture.a(Timer_DAC.o)
 .debug_line    0x00004d0c      0x26e .\CortexM3\ARM_GCC_541\Debug\F1-TestFixture.a(isr_ADC_AudioStream.o)
 .debug_line    0x00004f7a      0x213 .\CortexM3\ARM_GCC_541\Debug\F1-TestFixture.a(ADC_AudioStream.o)
 .debug_line    0x0000518d       0x5f .\CortexM3\ARM_GCC_541\Debug\F1-TestFixture.a(ADC_AudioStream_INT.o)
 .debug_line    0x000051ec      0x1da .\CortexM3\ARM_GCC_541\Debug\F1-TestFixture.a(ADC_AudioStream_theACLK.o)
 .debug_line    0x000053c6       0x66 .\CortexM3\ARM_GCC_541\Debug\F1-TestFixture.a(CyBootAsmGnu.o)
 .debug_line    0x0000542c      0x22f .\CortexM3\ARM_GCC_541\Debug\F1-TestFixture.a(CyFlash.o)
 .debug_line    0x0000565b      0x231 .\CortexM3\ARM_GCC_541\Debug\F1-TestFixture.a(CySpc.o)

.debug_frame    0x00000000     0x4e1c
 *(.debug_frame)
 .debug_frame   0x00000000       0x90 .\CortexM3\ARM_GCC_541\Debug\main.o
 .debug_frame   0x00000090      0x160 .\CortexM3\ARM_GCC_541\Debug\ControllerTest.o
 .debug_frame   0x000001f0      0x130 .\CortexM3\ARM_GCC_541\Debug\UART_230400_Functions.o
 .debug_frame   0x00000320      0x198 .\CortexM3\ARM_GCC_541\Debug\SirenTest.o
 .debug_frame   0x000004b8      0x300 .\CortexM3\ARM_GCC_541\Debug\RelayTest.o
 .debug_frame   0x000007b8       0xf8 .\CortexM3\ARM_GCC_541\Debug\UART_460800_Functions.o
 .debug_frame   0x000008b0       0xa8 .\CortexM3\ARM_GCC_541\Debug\UART_115200_Functions.o
 .debug_frame   0x00000958       0x84 .\CortexM3\ARM_GCC_541\Debug\CD4051BPW_Driver.o
 .debug_frame   0x000009dc      0x16c .\CortexM3\ARM_GCC_541\Debug\cyfitter_cfg.o
 .debug_frame   0x00000b48       0xd8 .\CortexM3\ARM_GCC_541\Debug\Cm3Start.o
 .debug_frame   0x00000c20      0x3d0 .\CortexM3\ARM_GCC_541\Debug\F1-TestFixture.a(CyDmac.o)
 .debug_frame   0x00000ff0      0xc0c .\CortexM3\ARM_GCC_541\Debug\F1-TestFixture.a(CyLib.o)
 .debug_frame   0x00001bfc      0x234 .\CortexM3\ARM_GCC_541\Debug\F1-TestFixture.a(cyPm.o)
 .debug_frame   0x00001e30      0x1e0 .\CortexM3\ARM_GCC_541\Debug\F1-TestFixture.a(isr_UART_230400.o)
 .debug_frame   0x00002010      0x424 .\CortexM3\ARM_GCC_541\Debug\F1-TestFixture.a(UART_230400.o)
 .debug_frame   0x00002434       0x34 .\CortexM3\ARM_GCC_541\Debug\F1-TestFixture.a(UART_230400_INT.o)
 .debug_frame   0x00002468      0x1b4 .\CortexM3\ARM_GCC_541\Debug\F1-TestFixture.a(UART_230400_IntClock.o)
 .debug_frame   0x0000261c       0xa8 .\CortexM3\ARM_GCC_541\Debug\F1-TestFixture.a(RS485_RX_EN.o)
 .debug_frame   0x000026c4       0x5c .\CortexM3\ARM_GCC_541\Debug\F1-TestFixture.a(MUX_CTRL_230400.o)
 .debug_frame   0x00002720      0x208 .\CortexM3\ARM_GCC_541\Debug\F1-TestFixture.a(Timer_20ms.o)
 .debug_frame   0x00002928       0xa8 .\CortexM3\ARM_GCC_541\Debug\F1-TestFixture.a(LED_EN.o)
 .debug_frame   0x000029d0      0x1e0 .\CortexM3\ARM_GCC_541\Debug\F1-TestFixture.a(isr_Timer_20ms.o)
 .debug_frame   0x00002bb0      0x1e0 .\CortexM3\ARM_GCC_541\Debug\F1-TestFixture.a(isr_UART_460800.o)
 .debug_frame   0x00002d90      0x424 .\CortexM3\ARM_GCC_541\Debug\F1-TestFixture.a(UART_460800.o)
 .debug_frame   0x000031b4       0x34 .\CortexM3\ARM_GCC_541\Debug\F1-TestFixture.a(UART_460800_INT.o)
 .debug_frame   0x000031e8       0x5c .\CortexM3\ARM_GCC_541\Debug\F1-TestFixture.a(MUX_CTRL_460800.o)
 .debug_frame   0x00003244       0x5c .\CortexM3\ARM_GCC_541\Debug\F1-TestFixture.a(DEMUX_CTRL_460800.o)
 .debug_frame   0x000032a0      0x1b4 .\CortexM3\ARM_GCC_541\Debug\F1-TestFixture.a(UART_460800_IntClock.o)
 .debug_frame   0x00003454      0x208 .\CortexM3\ARM_GCC_541\Debug\F1-TestFixture.a(Timer_10ms.o)
 .debug_frame   0x0000365c      0x1e0 .\CortexM3\ARM_GCC_541\Debug\F1-TestFixture.a(isr_Timer_10ms.o)
 .debug_frame   0x0000383c      0x208 .\CortexM3\ARM_GCC_541\Debug\F1-TestFixture.a(Timer_50ms.o)
 .debug_frame   0x00003a44      0x1e0 .\CortexM3\ARM_GCC_541\Debug\F1-TestFixture.a(isr_Timer_50ms.o)
 .debug_frame   0x00003c24       0xa8 .\CortexM3\ARM_GCC_541\Debug\F1-TestFixture.a(PB_NextAction.o)
 .debug_frame   0x00003ccc       0xf8 .\CortexM3\ARM_GCC_541\Debug\F1-TestFixture.a(WaveDAC.o)
 .debug_frame   0x00003dc4       0x58 .\CortexM3\ARM_GCC_541\Debug\F1-TestFixture.a(WaveDAC_Wave1_DMA_dma.o)
 .debug_frame   0x00003e1c       0x58 .\CortexM3\ARM_GCC_541\Debug\F1-TestFixture.a(WaveDAC_Wave2_DMA_dma.o)
 .debug_frame   0x00003e74      0x130 .\CortexM3\ARM_GCC_541\Debug\F1-TestFixture.a(WaveDAC_VDAC8.o)
 .debug_frame   0x00003fa4      0x208 .\CortexM3\ARM_GCC_541\Debug\F1-TestFixture.a(Timer_DAC.o)
 .debug_frame   0x000041ac      0x1e8 .\CortexM3\ARM_GCC_541\Debug\F1-TestFixture.a(isr_ADC_AudioStream.o)
 .debug_frame   0x00004394      0x2bc .\CortexM3\ARM_GCC_541\Debug\F1-TestFixture.a(ADC_AudioStream.o)
 .debug_frame   0x00004650       0x34 .\CortexM3\ARM_GCC_541\Debug\F1-TestFixture.a(ADC_AudioStream_INT.o)
 .debug_frame   0x00004684      0x200 .\CortexM3\ARM_GCC_541\Debug\F1-TestFixture.a(ADC_AudioStream_theACLK.o)
 .debug_frame   0x00004884      0x238 .\CortexM3\ARM_GCC_541\Debug\F1-TestFixture.a(CyFlash.o)
 .debug_frame   0x00004abc      0x228 .\CortexM3\ARM_GCC_541\Debug\F1-TestFixture.a(CySpc.o)
 .debug_frame   0x00004ce4       0x44 c:/program files (x86)/cypress/psoc creator/4.3/psoc creator/import/gnu/arm/5.4.1/bin/../lib/gcc/arm-none-eabi/5.4.1/armv7-m\libgcc.a(_aeabi_ldivmod.o)
 .debug_frame   0x00004d28       0x38 c:/program files (x86)/cypress/psoc creator/4.3/psoc creator/import/gnu/arm/5.4.1/bin/../lib/gcc/arm-none-eabi/5.4.1/armv7-m\libgcc.a(_udivmoddi4.o)
 .debug_frame   0x00004d60       0x20 c:/program files (x86)/cypress/psoc creator/4.3/psoc creator/import/gnu/arm/5.4.1/bin/../lib/gcc/arm-none-eabi/5.4.1/../../../../arm-none-eabi/lib/armv7-m\libg_nano.a(lib_a-errno.o)
 .debug_frame   0x00004d80       0x28 c:/program files (x86)/cypress/psoc creator/4.3/psoc creator/import/gnu/arm/5.4.1/bin/../lib/gcc/arm-none-eabi/5.4.1/../../../../arm-none-eabi/lib/armv7-m\libg_nano.a(lib_a-exit.o)
 .debug_frame   0x00004da8       0x2c c:/program files (x86)/cypress/psoc creator/4.3/psoc creator/import/gnu/arm/5.4.1/bin/../lib/gcc/arm-none-eabi/5.4.1/../../../../arm-none-eabi/lib/armv7-m\libg_nano.a(lib_a-init.o)
 .debug_frame   0x00004dd4       0x28 c:/program files (x86)/cypress/psoc creator/4.3/psoc creator/import/gnu/arm/5.4.1/bin/../lib/gcc/arm-none-eabi/5.4.1/../../../../arm-none-eabi/lib/armv7-m\libg_nano.a(lib_a-memcpy-stub.o)
 .debug_frame   0x00004dfc       0x20 c:/program files (x86)/cypress/psoc creator/4.3/psoc creator/import/gnu/arm/5.4.1/bin/../lib/gcc/arm-none-eabi/5.4.1/../../../../arm-none-eabi/lib/armv7-m\libg_nano.a(lib_a-memset.o)

.debug_str      0x00000000     0x5183
 *(.debug_str)
 .debug_str     0x00000000      0x1f0 .\CortexM3\ARM_GCC_541\Debug\main.o
                                0x244 (size before relaxing)
 .debug_str     0x000001f0      0x36b .\CortexM3\ARM_GCC_541\Debug\ControllerTest.o
                                0x557 (size before relaxing)
 .debug_str     0x0000055b      0x5f6 .\CortexM3\ARM_GCC_541\Debug\UART_230400_Functions.o
                                0x9e0 (size before relaxing)
 .debug_str     0x00000b51      0x1f6 .\CortexM3\ARM_GCC_541\Debug\SirenTest.o
                                0x92e (size before relaxing)
 .debug_str     0x00000d47      0xa71 .\CortexM3\ARM_GCC_541\Debug\RelayTest.o
                               0x1215 (size before relaxing)
 .debug_str     0x000017b8       0xec .\CortexM3\ARM_GCC_541\Debug\UART_460800_Functions.o
                                0xa83 (size before relaxing)
 .debug_str     0x000018a4       0xa5 .\CortexM3\ARM_GCC_541\Debug\UART_115200_Functions.o
                                0x385 (size before relaxing)
 .debug_str     0x00001949       0x73 .\CortexM3\ARM_GCC_541\Debug\CD4051BPW_Driver.o
                                0x215 (size before relaxing)
 .debug_str     0x000019bc      0x189 .\CortexM3\ARM_GCC_541\Debug\cyfitter_cfg.o
                                0x33a (size before relaxing)
 .debug_str     0x00001b45       0x7f .\CortexM3\ARM_GCC_541\Debug\cymetadata.o
                                0x1e6 (size before relaxing)
 .debug_str     0x00001bc4      0x123 .\CortexM3\ARM_GCC_541\Debug\Cm3Start.o
                                0x2d9 (size before relaxing)
 .debug_str     0x00001ce7      0x367 .\CortexM3\ARM_GCC_541\Debug\F1-TestFixture.a(CyDmac.o)
                                0x51f (size before relaxing)
 .debug_str     0x0000204e      0x7d6 .\CortexM3\ARM_GCC_541\Debug\F1-TestFixture.a(CyLib.o)
                                0x9ec (size before relaxing)
 .debug_str     0x00002824      0x371 .\CortexM3\ARM_GCC_541\Debug\F1-TestFixture.a(cyPm.o)
                                0x545 (size before relaxing)
 .debug_str     0x00002b95      0x172 .\CortexM3\ARM_GCC_541\Debug\F1-TestFixture.a(isr_UART_230400.o)
                                0x353 (size before relaxing)
 .debug_str     0x00002d07      0x377 .\CortexM3\ARM_GCC_541\Debug\F1-TestFixture.a(UART_230400.o)
                                0x564 (size before relaxing)
 .debug_str     0x0000307e       0x3b .\CortexM3\ARM_GCC_541\Debug\F1-TestFixture.a(UART_230400_INT.o)
                                0x212 (size before relaxing)
 .debug_str     0x000030b9      0x1fe .\CortexM3\ARM_GCC_541\Debug\F1-TestFixture.a(UART_230400_IntClock.o)
                                0x38c (size before relaxing)
 .debug_str     0x000032b7       0x84 .\CortexM3\ARM_GCC_541\Debug\F1-TestFixture.a(RS485_RX_EN.o)
                                0x202 (size before relaxing)
 .debug_str     0x0000333b       0x54 .\CortexM3\ARM_GCC_541\Debug\F1-TestFixture.a(MUX_CTRL_230400.o)
                                0x1cf (size before relaxing)
 .debug_str     0x0000338f      0x177 .\CortexM3\ARM_GCC_541\Debug\F1-TestFixture.a(Timer_20ms.o)
                                0x347 (size before relaxing)
 .debug_str     0x00003506       0x60 .\CortexM3\ARM_GCC_541\Debug\F1-TestFixture.a(LED_EN.o)
                                0x1e9 (size before relaxing)
 .debug_str     0x00003566      0x164 .\CortexM3\ARM_GCC_541\Debug\F1-TestFixture.a(isr_Timer_20ms.o)
                                0x345 (size before relaxing)
 .debug_str     0x000036ca      0x172 .\CortexM3\ARM_GCC_541\Debug\F1-TestFixture.a(isr_UART_460800.o)
                                0x353 (size before relaxing)
 .debug_str     0x0000383c      0x2dd .\CortexM3\ARM_GCC_541\Debug\F1-TestFixture.a(UART_460800.o)
                                0x564 (size before relaxing)
 .debug_str     0x00003b19       0x3b .\CortexM3\ARM_GCC_541\Debug\F1-TestFixture.a(UART_460800_INT.o)
                                0x212 (size before relaxing)
 .debug_str     0x00003b54       0x29 .\CortexM3\ARM_GCC_541\Debug\F1-TestFixture.a(MUX_CTRL_460800.o)
                                0x1cf (size before relaxing)
 .debug_str     0x00003b7d       0x5a .\CortexM3\ARM_GCC_541\Debug\F1-TestFixture.a(DEMUX_CTRL_460800.o)
                                0x1d5 (size before relaxing)
 .debug_str     0x00003bd7      0x1b3 .\CortexM3\ARM_GCC_541\Debug\F1-TestFixture.a(UART_460800_IntClock.o)
                                0x38c (size before relaxing)
 .debug_str     0x00003d8a      0x14e .\CortexM3\ARM_GCC_541\Debug\F1-TestFixture.a(Timer_10ms.o)
                                0x347 (size before relaxing)
 .debug_str     0x00003ed8      0x164 .\CortexM3\ARM_GCC_541\Debug\F1-TestFixture.a(isr_Timer_10ms.o)
                                0x345 (size before relaxing)
 .debug_str     0x0000403c      0x14e .\CortexM3\ARM_GCC_541\Debug\F1-TestFixture.a(Timer_50ms.o)
                                0x347 (size before relaxing)
 .debug_str     0x0000418a      0x164 .\CortexM3\ARM_GCC_541\Debug\F1-TestFixture.a(isr_Timer_50ms.o)
                                0x391 (size before relaxing)
 .debug_str     0x000042ee       0x83 .\CortexM3\ARM_GCC_541\Debug\F1-TestFixture.a(PB_NextAction.o)
                                0x20c (size before relaxing)
 .debug_str     0x00004371      0x13b .\CortexM3\ARM_GCC_541\Debug\F1-TestFixture.a(WaveDAC.o)
                                0x2cc (size before relaxing)
 .debug_str     0x000044ac       0xc3 .\CortexM3\ARM_GCC_541\Debug\F1-TestFixture.a(WaveDAC_Wave1_DMA_dma.o)
                                0x24d (size before relaxing)
 .debug_str     0x0000456f       0x88 .\CortexM3\ARM_GCC_541\Debug\F1-TestFixture.a(WaveDAC_Wave2_DMA_dma.o)
                                0x24d (size before relaxing)
 .debug_str     0x000045f7       0xf3 .\CortexM3\ARM_GCC_541\Debug\F1-TestFixture.a(WaveDAC_VDAC8.o)
                                0x271 (size before relaxing)
 .debug_str     0x000046ea      0x171 .\CortexM3\ARM_GCC_541\Debug\F1-TestFixture.a(Timer_DAC.o)
                                0x337 (size before relaxing)
 .debug_str     0x0000485b      0x1aa .\CortexM3\ARM_GCC_541\Debug\F1-TestFixture.a(isr_ADC_AudioStream.o)
                                0x3a6 (size before relaxing)
 .debug_str     0x00004a05      0x295 .\CortexM3\ARM_GCC_541\Debug\F1-TestFixture.a(ADC_AudioStream.o)
                                0x4cf (size before relaxing)
 .debug_str     0x00004c9a       0x41 .\CortexM3\ARM_GCC_541\Debug\F1-TestFixture.a(ADC_AudioStream_INT.o)
                                0x1a9 (size before relaxing)
 .debug_str     0x00004cdb      0x232 .\CortexM3\ARM_GCC_541\Debug\F1-TestFixture.a(ADC_AudioStream_theACLK.o)
                                0x40b (size before relaxing)
 .debug_str     0x00004f0d      0x14f .\CortexM3\ARM_GCC_541\Debug\F1-TestFixture.a(CyFlash.o)
                                0x309 (size before relaxing)
 .debug_str     0x0000505c      0x127 .\CortexM3\ARM_GCC_541\Debug\F1-TestFixture.a(CySpc.o)
                                0x303 (size before relaxing)

.debug_loc
 *(.debug_loc)

.debug_macinfo
 *(.debug_macinfo)

.debug_ranges   0x00000000     0x1160
 *(.debug_ranges)
 .debug_ranges  0x00000000       0x28 .\CortexM3\ARM_GCC_541\Debug\main.o
 .debug_ranges  0x00000028       0x58 .\CortexM3\ARM_GCC_541\Debug\ControllerTest.o
 .debug_ranges  0x00000080       0x48 .\CortexM3\ARM_GCC_541\Debug\UART_230400_Functions.o
 .debug_ranges  0x000000c8       0x68 .\CortexM3\ARM_GCC_541\Debug\SirenTest.o
 .debug_ranges  0x00000130       0xb0 .\CortexM3\ARM_GCC_541\Debug\RelayTest.o
 .debug_ranges  0x000001e0       0x38 .\CortexM3\ARM_GCC_541\Debug\UART_460800_Functions.o
 .debug_ranges  0x00000218       0x28 .\CortexM3\ARM_GCC_541\Debug\UART_115200_Functions.o
 .debug_ranges  0x00000240       0x20 .\CortexM3\ARM_GCC_541\Debug\CD4051BPW_Driver.o
 .debug_ranges  0x00000260       0x50 .\CortexM3\ARM_GCC_541\Debug\cyfitter_cfg.o
 .debug_ranges  0x000002b0       0x38 .\CortexM3\ARM_GCC_541\Debug\Cm3Start.o
 .debug_ranges  0x000002e8       0xc8 .\CortexM3\ARM_GCC_541\Debug\F1-TestFixture.a(CyDmac.o)
 .debug_ranges  0x000003b0      0x290 .\CortexM3\ARM_GCC_541\Debug\F1-TestFixture.a(CyLib.o)
 .debug_ranges  0x00000640       0x88 .\CortexM3\ARM_GCC_541\Debug\F1-TestFixture.a(cyPm.o)
 .debug_ranges  0x000006c8       0x70 .\CortexM3\ARM_GCC_541\Debug\F1-TestFixture.a(isr_UART_230400.o)
 .debug_ranges  0x00000738       0xe0 .\CortexM3\ARM_GCC_541\Debug\F1-TestFixture.a(UART_230400.o)
 .debug_ranges  0x00000818       0x10 .\CortexM3\ARM_GCC_541\Debug\F1-TestFixture.a(UART_230400_INT.o)
 .debug_ranges  0x00000828       0x60 .\CortexM3\ARM_GCC_541\Debug\F1-TestFixture.a(UART_230400_IntClock.o)
 .debug_ranges  0x00000888       0x28 .\CortexM3\ARM_GCC_541\Debug\F1-TestFixture.a(RS485_RX_EN.o)
 .debug_ranges  0x000008b0       0x18 .\CortexM3\ARM_GCC_541\Debug\F1-TestFixture.a(MUX_CTRL_230400.o)
 .debug_ranges  0x000008c8       0x78 .\CortexM3\ARM_GCC_541\Debug\F1-TestFixture.a(Timer_20ms.o)
 .debug_ranges  0x00000940       0x28 .\CortexM3\ARM_GCC_541\Debug\F1-TestFixture.a(LED_EN.o)
 .debug_ranges  0x00000968       0x70 .\CortexM3\ARM_GCC_541\Debug\F1-TestFixture.a(isr_Timer_20ms.o)
 .debug_ranges  0x000009d8       0x70 .\CortexM3\ARM_GCC_541\Debug\F1-TestFixture.a(isr_UART_460800.o)
 .debug_ranges  0x00000a48       0xe0 .\CortexM3\ARM_GCC_541\Debug\F1-TestFixture.a(UART_460800.o)
 .debug_ranges  0x00000b28       0x10 .\CortexM3\ARM_GCC_541\Debug\F1-TestFixture.a(UART_460800_INT.o)
 .debug_ranges  0x00000b38       0x18 .\CortexM3\ARM_GCC_541\Debug\F1-TestFixture.a(MUX_CTRL_460800.o)
 .debug_ranges  0x00000b50       0x18 .\CortexM3\ARM_GCC_541\Debug\F1-TestFixture.a(DEMUX_CTRL_460800.o)
 .debug_ranges  0x00000b68       0x60 .\CortexM3\ARM_GCC_541\Debug\F1-TestFixture.a(UART_460800_IntClock.o)
 .debug_ranges  0x00000bc8       0x78 .\CortexM3\ARM_GCC_541\Debug\F1-TestFixture.a(Timer_10ms.o)
 .debug_ranges  0x00000c40       0x70 .\CortexM3\ARM_GCC_541\Debug\F1-TestFixture.a(isr_Timer_10ms.o)
 .debug_ranges  0x00000cb0       0x78 .\CortexM3\ARM_GCC_541\Debug\F1-TestFixture.a(Timer_50ms.o)
 .debug_ranges  0x00000d28       0x70 .\CortexM3\ARM_GCC_541\Debug\F1-TestFixture.a(isr_Timer_50ms.o)
 .debug_ranges  0x00000d98       0x28 .\CortexM3\ARM_GCC_541\Debug\F1-TestFixture.a(PB_NextAction.o)
 .debug_ranges  0x00000dc0       0x40 .\CortexM3\ARM_GCC_541\Debug\F1-TestFixture.a(WaveDAC.o)
 .debug_ranges  0x00000e00       0x18 .\CortexM3\ARM_GCC_541\Debug\F1-TestFixture.a(WaveDAC_Wave1_DMA_dma.o)
 .debug_ranges  0x00000e18       0x18 .\CortexM3\ARM_GCC_541\Debug\F1-TestFixture.a(WaveDAC_Wave2_DMA_dma.o)
 .debug_ranges  0x00000e30       0x48 .\CortexM3\ARM_GCC_541\Debug\F1-TestFixture.a(WaveDAC_VDAC8.o)
 .debug_ranges  0x00000e78       0x78 .\CortexM3\ARM_GCC_541\Debug\F1-TestFixture.a(Timer_DAC.o)
 .debug_ranges  0x00000ef0       0x70 .\CortexM3\ARM_GCC_541\Debug\F1-TestFixture.a(isr_ADC_AudioStream.o)
 .debug_ranges  0x00000f60       0x98 .\CortexM3\ARM_GCC_541\Debug\F1-TestFixture.a(ADC_AudioStream.o)
 .debug_ranges  0x00000ff8       0x10 .\CortexM3\ARM_GCC_541\Debug\F1-TestFixture.a(ADC_AudioStream_INT.o)
 .debug_ranges  0x00001008       0x70 .\CortexM3\ARM_GCC_541\Debug\F1-TestFixture.a(ADC_AudioStream_theACLK.o)
 .debug_ranges  0x00001078       0x78 .\CortexM3\ARM_GCC_541\Debug\F1-TestFixture.a(CyFlash.o)
 .debug_ranges  0x000010f0       0x70 .\CortexM3\ARM_GCC_541\Debug\F1-TestFixture.a(CySpc.o)

.comment        0x00000000       0x6e
 .comment       0x00000000       0x6e .\CortexM3\ARM_GCC_541\Debug\main.o
                                 0x6f (size before relaxing)
 .comment       0x0000006e       0x6f .\CortexM3\ARM_GCC_541\Debug\ControllerTest.o
 .comment       0x0000006e       0x6f .\CortexM3\ARM_GCC_541\Debug\UART_230400_Functions.o
 .comment       0x0000006e       0x6f .\CortexM3\ARM_GCC_541\Debug\SirenTest.o
 .comment       0x0000006e       0x6f .\CortexM3\ARM_GCC_541\Debug\RelayTest.o
 .comment       0x0000006e       0x6f .\CortexM3\ARM_GCC_541\Debug\UART_460800_Functions.o
 .comment       0x0000006e       0x6f .\CortexM3\ARM_GCC_541\Debug\UART_115200_Functions.o
 .comment       0x0000006e       0x6f .\CortexM3\ARM_GCC_541\Debug\CD4051BPW_Driver.o
 .comment       0x0000006e       0x6f .\CortexM3\ARM_GCC_541\Debug\cyfitter_cfg.o
 .comment       0x0000006e       0x6f .\CortexM3\ARM_GCC_541\Debug\cymetadata.o
 .comment       0x0000006e       0x6f .\CortexM3\ARM_GCC_541\Debug\Cm3Start.o
 .comment       0x0000006e       0x6f .\CortexM3\ARM_GCC_541\Debug\F1-TestFixture.a(CyDmac.o)
 .comment       0x0000006e       0x6f .\CortexM3\ARM_GCC_541\Debug\F1-TestFixture.a(CyLib.o)
 .comment       0x0000006e       0x6f .\CortexM3\ARM_GCC_541\Debug\F1-TestFixture.a(cyPm.o)
 .comment       0x0000006e       0x6f .\CortexM3\ARM_GCC_541\Debug\F1-TestFixture.a(isr_UART_230400.o)
 .comment       0x0000006e       0x6f .\CortexM3\ARM_GCC_541\Debug\F1-TestFixture.a(UART_230400.o)
 .comment       0x0000006e       0x6f .\CortexM3\ARM_GCC_541\Debug\F1-TestFixture.a(UART_230400_INT.o)
 .comment       0x0000006e       0x6f .\CortexM3\ARM_GCC_541\Debug\F1-TestFixture.a(UART_230400_IntClock.o)
 .comment       0x0000006e       0x6f .\CortexM3\ARM_GCC_541\Debug\F1-TestFixture.a(RS485_RX_EN.o)
 .comment       0x0000006e       0x6f .\CortexM3\ARM_GCC_541\Debug\F1-TestFixture.a(MUX_CTRL_230400.o)
 .comment       0x0000006e       0x6f .\CortexM3\ARM_GCC_541\Debug\F1-TestFixture.a(Timer_20ms.o)
 .comment       0x0000006e       0x6f .\CortexM3\ARM_GCC_541\Debug\F1-TestFixture.a(LED_EN.o)
 .comment       0x0000006e       0x6f .\CortexM3\ARM_GCC_541\Debug\F1-TestFixture.a(isr_Timer_20ms.o)
 .comment       0x0000006e       0x6f .\CortexM3\ARM_GCC_541\Debug\F1-TestFixture.a(isr_UART_460800.o)
 .comment       0x0000006e       0x6f .\CortexM3\ARM_GCC_541\Debug\F1-TestFixture.a(UART_460800.o)
 .comment       0x0000006e       0x6f .\CortexM3\ARM_GCC_541\Debug\F1-TestFixture.a(UART_460800_INT.o)
 .comment       0x0000006e       0x6f .\CortexM3\ARM_GCC_541\Debug\F1-TestFixture.a(MUX_CTRL_460800.o)
 .comment       0x0000006e       0x6f .\CortexM3\ARM_GCC_541\Debug\F1-TestFixture.a(DEMUX_CTRL_460800.o)
 .comment       0x0000006e       0x6f .\CortexM3\ARM_GCC_541\Debug\F1-TestFixture.a(UART_460800_IntClock.o)
 .comment       0x0000006e       0x6f .\CortexM3\ARM_GCC_541\Debug\F1-TestFixture.a(Timer_10ms.o)
 .comment       0x0000006e       0x6f .\CortexM3\ARM_GCC_541\Debug\F1-TestFixture.a(isr_Timer_10ms.o)
 .comment       0x0000006e       0x6f .\CortexM3\ARM_GCC_541\Debug\F1-TestFixture.a(Timer_50ms.o)
 .comment       0x0000006e       0x6f .\CortexM3\ARM_GCC_541\Debug\F1-TestFixture.a(isr_Timer_50ms.o)
 .comment       0x0000006e       0x6f .\CortexM3\ARM_GCC_541\Debug\F1-TestFixture.a(PB_NextAction.o)