Archive member included to satisfy reference by file (symbol)

.\CortexM3\ARM_GCC_541\Debug\F1-TestFixture.a(CyDmac.o)
                              .\CortexM3\ARM_GCC_541\Debug\Cm3Start.o (CyDmacConfigure)
.\CortexM3\ARM_GCC_541\Debug\F1-TestFixture.a(CyLib.o)
                              .\CortexM3\ARM_GCC_541\Debug\Cm3Start.o (CyResetStatus)
.\CortexM3\ARM_GCC_541\Debug\F1-TestFixture.a(cyPm.o)
                              .\CortexM3\ARM_GCC_541\Debug\F1-TestFixture.a(CyLib.o) (CyPmReadStatus)
.\CortexM3\ARM_GCC_541\Debug\F1-TestFixture.a(STest_SIREN_EN.o)
                              .\CortexM3\ARM_GCC_541\Debug\SirenTest.o (STest_SIREN_EN_Write)
.\CortexM3\ARM_GCC_541\Debug\F1-TestFixture.a(CTest_CONT_VBATT_EN.o)
                              .\CortexM3\ARM_GCC_541\Debug\ControllerTest.o (CTest_CONT_VBATT_EN_Write)
.\CortexM3\ARM_GCC_541\Debug\F1-TestFixture.a(CTest_USB_5V_EN.o)
                              .\CortexM3\ARM_GCC_541\Debug\ControllerTest.o (CTest_USB_5V_EN_Write)
.\CortexM3\ARM_GCC_541\Debug\F1-TestFixture.a(RTest_SIREN_EN.o)
                              .\CortexM3\ARM_GCC_541\Debug\RelayTest.o (RTest_SIREN_EN_Read)
.\CortexM3\ARM_GCC_541\Debug\F1-TestFixture.a(RS1.o)
                              .\CortexM3\ARM_GCC_541\Debug\main.o (RS1_Read)
.\CortexM3\ARM_GCC_541\Debug\F1-TestFixture.a(RS2.o)
                              .\CortexM3\ARM_GCC_541\Debug\main.o (RS2_Read)
.\CortexM3\ARM_GCC_541\Debug\F1-TestFixture.a(RTest_HSide1.o)
                              .\CortexM3\ARM_GCC_541\Debug\RelayTest.o (RTest_HSide1_Write)
.\CortexM3\ARM_GCC_541\Debug\F1-TestFixture.a(RTest_HSide3.o)
                              .\CortexM3\ARM_GCC_541\Debug\RelayTest.o (RTest_HSide3_Write)
.\CortexM3\ARM_GCC_541\Debug\F1-TestFixture.a(RTest_HSide2.o)
                              .\CortexM3\ARM_GCC_541\Debug\RelayTest.o (RTest_HSide2_Write)
.\CortexM3\ARM_GCC_541\Debug\F1-TestFixture.a(RTest_HSide4.o)
                              .\CortexM3\ARM_GCC_541\Debug\RelayTest.o (RTest_HSide4_Write)
.\CortexM3\ARM_GCC_541\Debug\F1-TestFixture.a(RTest_HSide5.o)
                              .\CortexM3\ARM_GCC_541\Debug\RelayTest.o (RTest_HSide5_Write)
.\CortexM3\ARM_GCC_541\Debug\F1-TestFixture.a(RTest_HSide6.o)
                              .\CortexM3\ARM_GCC_541\Debug\RelayTest.o (RTest_HSide6_Write)
.\CortexM3\ARM_GCC_541\Debug\F1-TestFixture.a(RTest_HSide7.o)
                              .\CortexM3\ARM_GCC_541\Debug\RelayTest.o (RTest_HSide7_Write)
.\CortexM3\ARM_GCC_541\Debug\F1-TestFixture.a(RTest_HSide8.o)
                              .\CortexM3\ARM_GCC_541\Debug\RelayTest.o (RTest_HSide8_Write)
.\CortexM3\ARM_GCC_541\Debug\F1-TestFixture.a(isr_UART_230400.o)
                              .\CortexM3\ARM_GCC_541\Debug\main.o (isr_UART_230400_Start)
.\CortexM3\ARM_GCC_541\Debug\F1-TestFixture.a(UART_230400.o)
                              .\CortexM3\ARM_GCC_541\Debug\main.o (UART_230400_Start)
.\CortexM3\ARM_GCC_541\Debug\F1-TestFixture.a(UART_230400_INT.o)
                              .\CortexM3\ARM_GCC_541\Debug\F1-TestFixture.a(UART_230400.o) (UART_230400_TXISR)
.\CortexM3\ARM_GCC_541\Debug\F1-TestFixture.a(UART_230400_IntClock.o)
                              .\CortexM3\ARM_GCC_541\Debug\F1-TestFixture.a(UART_230400.o) (UART_230400_IntClock_Start)
.\CortexM3\ARM_GCC_541\Debug\F1-TestFixture.a(MUX_CTRL_230400.o)
                              .\CortexM3\ARM_GCC_541\Debug\ControllerTest.o (MUX_CTRL_230400_Write)
.\CortexM3\ARM_GCC_541\Debug\F1-TestFixture.a(Timer_20ms.o)
                              .\CortexM3\ARM_GCC_541\Debug\main.o (Timer_20ms_Start)
.\CortexM3\ARM_GCC_541\Debug\F1-TestFixture.a(LED_EN.o)
                              .\CortexM3\ARM_GCC_541\Debug\ControllerTest.o (LED_EN_Write)
.\CortexM3\ARM_GCC_541\Debug\F1-TestFixture.a(isr_Timer_20ms.o)
                              .\CortexM3\ARM_GCC_541\Debug\main.o (isr_Timer_20ms_Start)
.\CortexM3\ARM_GCC_541\Debug\F1-TestFixture.a(UART_115200.o)
                              .\CortexM3\ARM_GCC_541\Debug\main.o (UART_115200_Start)
.\CortexM3\ARM_GCC_541\Debug\F1-TestFixture.a(UART_115200_INT.o)
                              .\CortexM3\ARM_GCC_541\Debug\F1-TestFixture.a(UART_115200.o) (UART_115200_TXISR)
.\CortexM3\ARM_GCC_541\Debug\F1-TestFixture.a(isr_UART_115200.o)
                              .\CortexM3\ARM_GCC_541\Debug\main.o (isr_UART_115200_Start)
.\CortexM3\ARM_GCC_541\Debug\F1-TestFixture.a(UART_115200_IntClock.o)
                              .\CortexM3\ARM_GCC_541\Debug\F1-TestFixture.a(UART_115200.o) (UART_115200_IntClock_Start)
.\CortexM3\ARM_GCC_541\Debug\F1-TestFixture.a(DEMUX_CTRL_230400.o)
                              .\CortexM3\ARM_GCC_541\Debug\UART_230400_Functions.o (DEMUX_CTRL_230400_Write)
.\CortexM3\ARM_GCC_541\Debug\F1-TestFixture.a(isr_UART_460800.o)
                              .\CortexM3\ARM_GCC_541\Debug\main.o (isr_UART_460800_Start)
.\CortexM3\ARM_GCC_541\Debug\F1-TestFixture.a(UART_460800.o)
[...]
Memory Configuration

Name             Origin             Length             Attributes
rom              0x00000000         0x00020000         xr
ram              0x1fffc000         0x00008000         xrw
*default*        0x00000000         0xffffffff

Linker script and memory map

LOAD c:/program files (x86)/cypress/psoc creator/4.3/psoc creator/import/gnu/arm/5.4.1/bin/../lib/gcc/arm-none-eabi/5.4.1/armv7-m/crti.o
LOAD c:/program files (x86)/cypress/psoc creator/4.3/psoc creator/import/gnu/arm/5.4.1/bin/../lib/gcc/arm-none-eabi/5.4.1/armv7-m/crtbegin.o
LOAD c:/program files (x86)/cypress/psoc creator/4.3/psoc creator/import/gnu/arm/5.4.1/bin/../lib/gcc/arm-none-eabi/5.4.1/../../../../arm-none-eabi/lib/armv7-m/crt0.o
START GROUP
LOAD .\CortexM3\ARM_GCC_541\Debug\main.o
LOAD .\CortexM3\ARM_GCC_541\Debug\ControllerTest.o
LOAD .\CortexM3\ARM_GCC_541\Debug\UART_230400_Functions.o
LOAD .\CortexM3\ARM_GCC_541\Debug\SirenTest.o
LOAD .\CortexM3\ARM_GCC_541\Debug\RelayTest.o
LOAD .\CortexM3\ARM_GCC_541\Debug\UART_460800_Functions.o
LOAD .\CortexM3\ARM_GCC_541\Debug\UART_115200_Functions.o
LOAD .\CortexM3\ARM_GCC_541\Debug\CD4051BPW_Driver.o
LOAD .\CortexM3\ARM_GCC_541\Debug\ControllerTest_Complete.o
LOAD .\CortexM3\ARM_GCC_541\Debug\RelayTest_Complete.o
LOAD .\CortexM3\ARM_GCC_541\Debug\cyfitter_cfg.o
LOAD .\CortexM3\ARM_GCC_541\Debug\cymetadata.o
LOAD .\CortexM3\ARM_GCC_541\Debug\Cm3Start.o
LOAD .\CortexM3\ARM_GCC_541\Debug\F1-TestFixture.a
LOAD C:\Program Files (x86)\Cypress\PSoC Creator\4.3\PSoC Creator\psoc\content\cycomponentlibrary\CyComponentLibrary.cylib\CortexM3\ARM_GCC_541\Debug\CyComponentLibrary.a
END GROUP
START GROUP
LOAD c:/program files (x86)/cypress/psoc creator/4.3/psoc creator/import/gnu/arm/5.4.1/bin/../lib/gcc/arm-none-eabi/5.4.1/armv7-m\libgcc.a
LOAD c:/program files (x86)/cypress/psoc creator/4.3/psoc creator/import/gnu/arm/5.4.1/bin/../lib/gcc/arm-none-eabi/5.4.1/../../../../arm-none-eabi/lib/armv7-m\libg_nano.a
LOAD c:/program files (x86)/cypress/psoc creator/4.3/psoc creator/import/gnu/arm/5.4.1/bin/../lib/gcc/arm-none-eabi/5.4.1/../../../../arm-none-eabi/lib/armv7-m\libc_nano.a
END GROUP
START GROUP
LOAD c:/program files (x86)/cypress/psoc creator/4.3/psoc creator/import/gnu/arm/5.4.1/bin/../lib/gcc/arm-none-eabi/5.4.1/armv7-m\libgcc.a
LOAD c:/program files (x86)/cypress/psoc creator/4.3/psoc creator/import/gnu/arm/5.4.1/bin/../lib/gcc/arm-none-eabi/5.4.1/../../../../arm-none-eabi/lib/armv7-m\libc_nano.a
END GROUP
LOAD c:/program files (x86)/cypress/psoc creator/4.3/psoc creator/import/gnu/arm/5.4.1/bin/../lib/gcc/arm-none-eabi/5.4.1/armv7-m/crtend.o
LOAD c:/program files (x86)/cypress/psoc creator/4.3/psoc creator/import/gnu/arm/5.4.1/bin/../lib/gcc/arm-none-eabi/5.4.1/armv7-m/crtn.o
START GROUP
LOAD c:/program files (x86)/cypress/psoc creator/4.3/psoc creator/import/gnu/arm/5.4.1/bin/../lib/gcc/arm-none-eabi/5.4.1/armv7-m\libgcc.a
LOAD c:/program files (x86)/cypress/psoc creator/4.3/psoc creator/import/gnu/arm/5.4.1/bin/../lib/gcc/arm-none-eabi/5.4.1/../../../../arm-none-eabi/lib/armv7-m\libc.a
LOAD c:/program files (x86)/cypress/psoc creator/4.3/psoc creator/import/gnu/arm/5.4.1/bin/../lib/gcc/arm-none-eabi/5.4.1/../../../../arm-none-eabi/lib/armv7-m\libnosys.a
END GROUP
                0x00000000                CY_APPL_ORIGIN = 0x0
                0x00000100                CY_FLASH_ROW_SIZE = 0x100
                0x00000020                CY_ECC_ROW_SIZE = 0x20
                0x00000000                CY_EE_IN_BTLDR = 0x0
                0x00000000                CY_APPL_LOADABLE = 0x0
                0x00000800                CY_EE_SIZE = 0x800
                0x00000001                CY_APPL_NUM = 0x1
                0x00000001                CY_APPL_MAX = 0x1
                0x00000040                CY_METADATA_SIZE = 0x40
                0x00000000                CY_APPL_LOADABLE = 0x0
                0x00000000                CY_CHECKSUM_EXCLUDE_SIZE = ALIGN (0x0, CY_FLASH_ROW_SIZE)
                [!provide]                PROVIDE (__cy_heap_start, _end)
                0x00000001                PROVIDE (__cy_region_num, ((__cy_regions_end - __cy_regions) / 0x10))
                0x20004000                PROVIDE (__cy_stack, (ORIGIN (ram) + LENGTH (ram)))
                [!provide]                PROVIDE (__cy_heap_end, (__cy_stack - 0x800))

.cybootloader   0x00000000        0x0
 *(.cybootloader)
                0x00000000                appl1_start = CY_APPL_ORIGIN?CY_APPL_ORIGIN:ALIGN (CY_FLASH_ROW_SIZE)
                0x0000ff00                appl2_start = (appl1_start + ALIGN ((((LENGTH (rom) - appl1_start) - (0x2 * CY_FLASH_ROW_SIZE)) / 0x2), CY_FLASH_ROW_SIZE))
                0x00000000                appl_start = (CY_APPL_NUM == 0x1)?appl1_start:appl2_start
                0x00000000                ecc_offset = ((appl_start / CY_FLASH_ROW_SIZE) * CY_ECC_ROW_SIZE)
                0x00000000                ee_offset = (CY_APPL_LOADABLE && ! (CY_EE_IN_BTLDR))?((CY_EE_SIZE / CY_APPL_MAX) * (CY_APPL_NUM - 0x1)):0x0
                0x00000800                ee_size = (CY_APPL_LOADABLE && ! (CY_EE_IN_BTLDR))?(CY_EE_SIZE / CY_APPL_MAX):CY_EE_SIZE
                [!provide]                PROVIDE (CY_ECC_OFFSET, ecc_offset)

.text           0x00000000     0x69c2
 CREATE_OBJECT_SYMBOLS
                0x00000000                PROVIDE (__cy_interrupt_vector, RomVectors)
 *(.romvectors)
 .romvectors    0x00000000       0x10 .\CortexM3\ARM_GCC_541\Debug\Cm3Start.o
                0x00000000                RomVectors
                0x00000001                ASSERT ((. != __cy_interrupt_vector), No interrupt vector)
                0x00000001                ASSERT (CY_APPL_ORIGIN?(SIZEOF (.cybootloader) <= CY_APPL_ORIGIN):0x1, Wrong image location)
                0x00000010                PROVIDE (__cy_reset, Reset)
 *(.text.Reset)
 .text.Reset    0x00000010       0x18 .\CortexM3\ARM_GCC_541\Debug\Cm3Start.o
                0x00000010                Reset
                0x00000001                ASSERT ((. != __cy_reset), No reset code)
 *(.dma_init)
                0x00000001                ASSERT ((((appl_start + .) <= 0x10000) || 0x1), DMA Init must be within the first 64k of flash)
 *(.text .text.* .gnu.linkonce.t.*)
 .text          0x00000028       0x5c c:/program files (x86)/cypress/psoc creator/4.3/psoc creator/import/gnu/arm/5.4.1/bin/../lib/gcc/arm-none-eabi/5.4.1/armv7-m/crtbegin.o
 .text.main     0x00000084      0x15c .\CortexM3\ARM_GCC_541\Debug\main.o
                0x00000084                main
 .text.initializePeripherals
                0x000001e0       0x3c .\CortexM3\ARM_GCC_541\Debug\main.o
 .text.ControllerTest
                0x0000021c      0x488 .\CortexM3\ARM_GCC_541\Debug\ControllerTest.o
                0x0000021c                ControllerTest
 .text.CTest_ReadPushbuttons
                0x000006a4       0x3c .\CortexM3\ARM_GCC_541\Debug\ControllerTest.o
                0x000006a4                CTest_ReadPushbuttons
 .text.getTxPacket_Relay
                0x000006e0       0x20 .\CortexM3\ARM_GCC_541\Debug\ControllerTest.o
                0x000006e0                getTxPacket_Relay
 .text.getRxPacket_Controller
                0x00000700       0x20 .\CortexM3\ARM_GCC_541\Debug\ControllerTest.o
                0x00000700                getRxPacket_Controller
 .text.getTxPacket_Controller
                0x00000720       0x20 .\CortexM3\ARM_GCC_541\Debug\ControllerTest.o
                0x00000720                getTxPacket_Controller
 .text.CTest_sendDiagPacket
                0x00000740       0x58 .\CortexM3\ARM_GCC_541\Debug\ControllerTest.o
                0x00000740                CTest_sendDiagPacket
 .text.CTest_isr_PB
                0x00000798       0xe8 .\CortexM3\ARM_GCC_541\Debug\ControllerTest.o
                0x00000798                CTest_isr_PB
 .text.CTest_20ms_isr
                0x00000880       0x7c .\CortexM3\ARM_GCC_541\Debug\ControllerTest.o
                0x00000880                CTest_20ms_isr
 .text.CTest_50ms_isr
                0x000008fc       0x48 .\CortexM3\ARM_GCC_541\Debug\ControllerTest.o
                0x000008fc                CTest_50ms_isr
 .text.CTest_StartAutomatedStep
                0x00000944       0x3c .\CortexM3\ARM_GCC_541\Debug\ControllerTest.o
                0x00000944                CTest_StartAutomatedStep
 .text.CTest_StopAutomatedStep
                0x00000980       0x40 .\CortexM3\ARM_GCC_541\Debug\ControllerTest.o
                0x00000980                CTest_StopAutomatedStep
 .text.CTest_PB_WaitForAction
                0x000009c0       0x6c .\CortexM3\ARM_GCC_541\Debug\ControllerTest.o
                0x000009c0                CTest_PB_WaitForAction
 .text.getTxPacket_Intermotive
                0x00000a2c       0x20 .\CortexM3\ARM_GCC_541\Debug\ControllerTest.o
                0x00000a2c                getTxPacket_Intermotive
 .text.setLEDs  0x00000a4c      0x6dc .\CortexM3\ARM_GCC_541\Debug\ControllerTest.o
                0x00000a4c                setLEDs
 .text.processByteReceivedHandler
                0x00001128       0x68 .\CortexM3\ARM_GCC_541\Debug\UART_230400_Functions.o
                0x00001128                processByteReceivedHandler
 .text.detectPacket
                0x00001190      0x324 .\CortexM3\ARM_GCC_541\Debug\UART_230400_Functions.o
 .text.VerifyPacket_230400
                0x000014b4       0x34 .\CortexM3\ARM_GCC_541\Debug\UART_230400_Functions.o
                0x000014b4                VerifyPacket_230400
 .text.findpacket
                0x000014e8       0x6c .\CortexM3\ARM_GCC_541\Debug\UART_230400_Functions.o
                0x000014e8                findpacket
 .text.sendPacket_RelayToController
                0x00001554       0x5c .\CortexM3\ARM_GCC_541\Debug\UART_230400_Functions.o
                0x00001554                sendPacket_RelayToController
 .text.sendPacket_RelayToController_Test
                0x000015b0       0xa0 .\CortexM3\ARM_GCC_541\Debug\UART_230400_Functions.o
                0x000015b0                sendPacket_RelayToController_Test
 .text.sendPacketToRelaySiren
                0x00001650       0x60 .\CortexM3\ARM_GCC_541\Debug\UART_230400_Functions.o
                0x00001650                sendPacketToRelaySiren
 .text.sendPacket_SirenToRelay
                0x000016b0       0x64 .\CortexM3\ARM_GCC_541\Debug\UART_230400_Functions.o
                0x000016b0                sendPacket_SirenToRelay
 .text.VerifyPacket_GPS
                0x00001714       0x24 .\CortexM3\ARM_GCC_541\Debug\UART_230400_Functions.o
                0x00001714                VerifyPacket_GPS
 .text.SirenTest
                0x00001738      0x480 .\CortexM3\ARM_GCC_541\Debug\SirenTest.o
                0x00001738                SirenTest
 .text.STest_isr_PB
                0x00001bb8       0xe8 .\CortexM3\ARM_GCC_541\Debug\SirenTest.o
                0x00001bb8                STest_isr_PB
 .text.STest_10ms_isr
                0x00001ca0       0x1c .\CortexM3\ARM_GCC_541\Debug\SirenTest.o
                0x00001ca0                STest_10ms_isr
 .text.STest_20ms_isr
                0x00001cbc       0x7c .\CortexM3\ARM_GCC_541\Debug\SirenTest.o
                0x00001cbc                STest_20ms_isr
 .text.STest_50ms_isr
                0x00001d38       0x58 .\CortexM3\ARM_GCC_541\Debug\SirenTest.o
                0x00001d38                STest_50ms_isr
 .text.STest_sendDiagPacket
                0x00001d90       0x58 .\CortexM3\ARM_GCC_541\Debug\SirenTest.o
                0x00001d90                STest_sendDiagPacket
 .text.PB_WaitForAction
                0x00001de8       0x6c .\CortexM3\ARM_GCC_541\Debug\SirenTest.o
                0x00001de8                PB_WaitForAction
 .text.StartAutomatedStep
                0x00001e54       0x3c .\CortexM3\ARM_GCC_541\Debug\SirenTest.o
                0x00001e54                StartAutomatedStep
 .text.StopAutomatedStep
                0x00001e90       0x40 .\CortexM3\ARM_GCC_541\Debug\SirenTest.o
                0x00001e90                StopAutomatedStep
 .text.RelayTest
                0x00001ed0      0x434 .\CortexM3\ARM_GCC_541\Debug\RelayTest.o
                0x00001ed0                RelayTest
 .text.RTest_Test_Outputs
                0x00002304       0x68 .\CortexM3\ARM_GCC_541\Debug\RelayTest.o
                0x00002304                RTest_Test_Outputs
 .text.RTest_Test_DataLink
                0x0000236c       0x68 .\CortexM3\ARM_GCC_541\Debug\RelayTest.o
                0x0000236c                RTest_Test_DataLink
 .text.RTest_Test_QuadPorts
                0x000023d4       0x54 .\CortexM3\ARM_GCC_541\Debug\RelayTest.o
                0x000023d4                RTest_Test_QuadPorts
 .text.RTest_Test_UART_Siren
                0x00002428       0x90 .\CortexM3\ARM_GCC_541\Debug\RelayTest.o
                0x00002428                RTest_Test_UART_Siren
 .text.RTest_Test_Inputs
                0x000024b8       0x54 .\CortexM3\ARM_GCC_541\Debug\RelayTest.o
                0x000024b8                RTest_Test_Inputs
 .text.RTest_Test_Vbatt
                0x0000250c       0x40 .\CortexM3\ARM_GCC_541\Debug\RelayTest.o
                0x0000250c                RTest_Test_Vbatt
 .text.RTest_Test_BlockCurrents
                0x0000254c       0x7c .\CortexM3\ARM_GCC_541\Debug\RelayTest.o
                0x0000254c                RTest_Test_BlockCurrents
 .text.getRxPacket_Relay
                0x000025c8       0x20 .\CortexM3\ARM_GCC_541\Debug\RelayTest.o
                0x000025c8                getRxPacket_Relay
 .text.getTxPacket_RelaySiren
                0x000025e8       0x20 .\CortexM3\ARM_GCC_541\Debug\RelayTest.o
                0x000025e8                getTxPacket_RelaySiren
 .text.getRxPacket_RelaySiren
                0x00002608       0x20 .\CortexM3\ARM_GCC_541\Debug\RelayTest.o
                0x00002608                getRxPacket_RelaySiren
 .text.getTxPacket_H
                0x00002628       0x20 .\CortexM3\ARM_GCC_541\Debug\RelayTest.o
                0x00002628                getTxPacket_H
 .text.getRxPacket_H
                0x00002648       0x20 .\CortexM3\ARM_GCC_541\Debug\RelayTest.o
                0x00002648                getRxPacket_H
 .text.RTest_sendDiagPacket
                0x00002668       0x58 .\CortexM3\ARM_GCC_541\Debug\RelayTest.o
                0x00002668                RTest_sendDiagPacket
 .text.RTest_BlockCurrent
                0x000026c0       0x7c .\CortexM3\ARM_GCC_541\Debug\RelayTest.o
                0x000026c0                RTest_BlockCurrent
 .text.RTest_10ms_isr
                0x0000273c       0x1c .\CortexM3\ARM_GCC_541\Debug\RelayTest.o
                0x0000273c                RTest_10ms_isr
 .text.RTest_20ms_isr
                0x00002758       0x84 .\CortexM3\ARM_GCC_541\Debug\RelayTest.o
                0x00002758                RTest_20ms_isr
 .text.RTest_50ms_isr
                0x000027dc       0x58 .\CortexM3\ARM_GCC_541\Debug\RelayTest.o
                0x000027dc                RTest_50ms_isr
 .text.SetRelayOutputs
                0x00002834       0x80 .\CortexM3\ARM_GCC_541\Debug\RelayTest.o
                0x00002834                SetRelayOutputs
 .text.RTest_StartAutomatedStep
                0x000028b4       0x3c .\CortexM3\ARM_GCC_541\Debug\RelayTest.o
                0x000028b4                RTest_StartAutomatedStep
 .text.RTest_StopAutomatedStep
                0x000028f0       0x40 .\CortexM3\ARM_GCC_541\Debug\RelayTest.o
                0x000028f0                RTest_StopAutomatedStep
 .text.SetRelayInputs
                0x00002930       0x7c .\CortexM3\ARM_GCC_541\Debug\RelayTest.o
                0x00002930                SetRelayInputs
 .text.processByteReceivedHandler_460800
                0x000029ac       0x60 .\CortexM3\ARM_GCC_541\Debug\UART_460800_Functions.o
                0x000029ac                processByteReceivedHandler_460800
 .text.detectPacket
                0x00002a0c      0x21c .\CortexM3\ARM_GCC_541\Debug\UART_460800_Functions.o
 .text.VerifyPacket_460800
                0x00002c28       0x34 .\CortexM3\ARM_GCC_541\Debug\UART_460800_Functions.o
                0x00002c28                VerifyPacket_460800
 .text.sendPacketToRelay_Quad
                0x00002c5c       0x40 .\CortexM3\ARM_GCC_541\Debug\UART_460800_Functions.o
                0x00002c5c                sendPacketToRelay_Quad
 .text.sendPacketToSiren_Audio
                0x00002c9c       0x2c .\CortexM3\ARM_GCC_541\Debug\UART_460800_Functions.o
                0x00002c9c                sendPacketToSiren_Audio
 .text.sendPacketToController_OBDII
                0x00002cc8       0x50 .\CortexM3\ARM_GCC_541\Debug\UART_460800_Functions.o
                0x00002cc8                sendPacketToController_OBDII
 .text.sendPacket_OBDII
                0x00002d18       0x88 .\CortexM3\ARM_GCC_541\Debug\UART_460800_Functions.o
                0x00002d18                sendPacket_OBDII
 .text.processByteReceivedHandler_115200
                0x00002da0       0x60 .\CortexM3\ARM_GCC_541\Debug\UART_115200_Functions.o
                0x00002da0                processByteReceivedHandler_115200
 .text.detectPacket
                0x00002e00      0x1d8 .\CortexM3\ARM_GCC_541\Debug\UART_115200_Functions.o
 .text.VerifyPacket_115200
                0x00002fd8       0x4c .\CortexM3\ARM_GCC_541\Debug\UART_115200_Functions.o
                0x00002fd8                VerifyPacket_115200
 .text.getMuxValue
                0x00003024       0x20 .\CortexM3\ARM_GCC_541\Debug\CD4051BPW_Driver.o
 .text.selectADCChannelMux
                0x00003044      0x17c .\CortexM3\ARM_GCC_541\Debug\CD4051BPW_Driver.o
                0x00003044                selectADCChannelMux
 .text.ControllerTest_Complete
                0x000031c0      0x488 .\CortexM3\ARM_GCC_541\Debug\ControllerTest_Complete.o
                0x000031c0                ControllerTest_Complete
 .text.RelayTest_Complete
                0x00003648      0x678 .\CortexM3\ARM_GCC_541\Debug\RelayTest_Complete.o
                0x00003648                RelayTest_Complete
 .text.RTest_Complete_Test_DataLink
                0x00003cc0       0x68 .\CortexM3\ARM_GCC_541\Debug\RelayTest_Complete.o
                0x00003cc0                RTest_Complete_Test_DataLink
 .text.RTest_Complete_sendDiagPacket
                0x00003d28       0x58 .\CortexM3\ARM_GCC_541\Debug\RelayTest_Complete.o
                0x00003d28                RTest_Complete_sendDiagPacket
 .text.RTest_Complete_isr_PB
                0x00003d80       0xe8 .\CortexM3\ARM_GCC_541\Debug\RelayTest_Complete.o
                0x00003d80                RTest_Complete_isr_PB
 .text.RTest_Complete_20ms_isr
                0x00003e68       0x84 .\CortexM3\ARM_GCC_541\Debug\RelayTest_Complete.o
                0x00003e68                RTest_Complete_20ms_isr
 .text.RTest_Complete_50ms_isr
                0x00003eec       0x6c .\CortexM3\ARM_GCC_541\Debug\RelayTest_Complete.o
                0x00003eec                RTest_Complete_50ms_isr
 .text.RTest_Complete_StartAutomatedStep
                0x00003f58       0x3c .\CortexM3\ARM_GCC_541\Debug\RelayTest_Complete.o
                0x00003f58                RTest_Complete_StartAutomatedStep
 .text.RTest_Complete_StopAutomatedStep
                0x00003f94       0x40 .\CortexM3\ARM_GCC_541\Debug\RelayTest_Complete.o
                0x00003f94                RTest_Complete_StopAutomatedStep
 .text.RTest_Complete_PB_WaitForAction
                0x00003fd4       0x6c .\CortexM3\ARM_GCC_541\Debug\RelayTest_Complete.o
                0x00003fd4                RTest_Complete_PB_WaitForAction
 .text.CYMEMZERO
                0x00004040       0x1c .\CortexM3\ARM_GCC_541\Debug\cyfitter_cfg.o
 .text.CYCONFIGCPY
                0x0000405c       0x20 .\CortexM3\ARM_GCC_541\Debug\cyfitter_cfg.o
 .text.CyClockStartupError
                0x0000407c        0xc .\CortexM3\ARM_GCC_541\Debug\cyfitter_cfg.o
 .text.cfg_write_bytes32
                0x00004088       0x74 .\CortexM3\ARM_GCC_541\Debug\cyfitter_cfg.o
 .text.ClockSetup
                0x000040fc      0x170 .\CortexM3\ARM_GCC_541\Debug\cyfitter_cfg.o
 .text.AnalogSetDefault
                0x0000426c       0x6c .\CortexM3\ARM_GCC_541\Debug\cyfitter_cfg.o
 .text.cyfitter_cfg
                0x000042d8      0x1f8 .\CortexM3\ARM_GCC_541\Debug\cyfitter_cfg.o
                0x000042d8                cyfitter_cfg
 .text.IntDefaultHandler
                0x000044d0       0x14 .\CortexM3\ARM_GCC_541\Debug\Cm3Start.o
                0x000044d0                IntDefaultHandler
 .text.Start_c  0x000044e4       0x98 .\CortexM3\ARM_GCC_541\Debug\Cm3Start.o
                0x000044e4                Start_c
 .text.initialize_psoc
                0x0000457c       0x94 .\CortexM3\ARM_GCC_541\Debug\Cm3Start.o
                0x0000457c                initialize_psoc
 .text.CyDmacConfigure
                0x00004610       0x5c .\CortexM3\ARM_GCC_541\Debug\F1-TestFixture.a(CyDmac.o)
                0x00004610                CyDmacConfigure
 .text.CyDmaChEnable
                0x0000466c       0x8c .\CortexM3\ARM_GCC_541\Debug\F1-TestFixture.a(CyDmac.o)
                0x0000466c                CyDmaChEnable
 .text.CyDmaChDisable
                0x000046f8       0x60 .\CortexM3\ARM_GCC_541\Debug\F1-TestFixture.a(CyDmac.o)
                0x000046f8                CyDmaChDisable
 .text.CyDmaChPriority
                0x00004758       0x64 .\CortexM3\ARM_GCC_541\Debug\F1-TestFixture.a(CyDmac.o)
                0x00004758                CyDmaChPriority
 .text.CyDmaChSetExtendedAddress
                0x000047bc       0x78 .\CortexM3\ARM_GCC_541\Debug\F1-TestFixture.a(CyDmac.o)
                0x000047bc                CyDmaChSetExtendedAddress
 .text.CyDmaChSetInitialTd
                0x00004834       0x3c .\CortexM3\ARM_GCC_541\Debug\F1-TestFixture.a(CyDmac.o)
                0x00004834                CyDmaChSetInitialTd
 .text.CyDmaChSetConfiguration
                0x00004870       0xa0 .\CortexM3\ARM_GCC_541\Debug\F1-TestFixture.a(CyDmac.o)
                0x00004870                CyDmaChSetConfiguration
 .text.CyDmaTdAllocate
                0x00004910       0x5c .\CortexM3\ARM_GCC_541\Debug\F1-TestFixture.a(CyDmac.o)
                0x00004910                CyDmaTdAllocate
 .text.CyDmaTdSetConfiguration
                0x0000496c       0x80 .\CortexM3\ARM_GCC_541\Debug\F1-TestFixture.a(CyDmac.o)
                0x0000496c                CyDmaTdSetConfiguration
 .text.CyDmaTdSetAddress
                0x000049ec       0x5c .\CortexM3\ARM_GCC_541\Debug\F1-TestFixture.a(CyDmac.o)
                0x000049ec                CyDmaTdSetAddress
 .text.CyHalt   0x00004a48       0x18 .\CortexM3\ARM_GCC_541\Debug\F1-TestFixture.a(CyLib.o)
                0x00004a48                CyHalt
 .text.CyDelay  0x00004a60       0x44 .\CortexM3\ARM_GCC_541\Debug\F1-TestFixture.a(CyLib.o)
                0x00004a60                CyDelay
 .text.CyIntSetVector
                0x00004aa4       0x50 .\CortexM3\ARM_GCC_541\Debug\F1-TestFixture.a(CyLib.o)
                0x00004aa4                CyIntSetVector
 .text.CyIntSetPriority
                0x00004af4       0x48 .\CortexM3\ARM_GCC_541\Debug\F1-TestFixture.a(CyLib.o)
                0x00004af4                CyIntSetPriority
 .text.STest_SIREN_EN_Write
                0x00004b3c       0x3c .\CortexM3\ARM_GCC_541\Debug\F1-TestFixture.a(STest_SIREN_EN.o)
                0x00004b3c                STest_SIREN_EN_Write
 .text.CTest_CONT_VBATT_EN_Write
                0x00004b78       0x3c .\CortexM3\ARM_GCC_541\Debug\F1-TestFixture.a(CTest_CONT_VBATT_EN.o)
                0x00004b78                CTest_CONT_VBATT_EN_Write
 .text.CTest_USB_5V_EN_Write
                0x00004bb4       0x3c .\CortexM3\ARM_GCC_541\Debug\F1-TestFixture.a(CTest_USB_5V_EN.o)
                0x00004bb4                CTest_USB_5V_EN_Write
 .text.RTest_SIREN_EN_Read
                0x00004bf0       0x1c .\CortexM3\ARM_GCC_541\Debug\F1-TestFixture.a(RTest_SIREN_EN.o)
                0x00004bf0                RTest_SIREN_EN_Read
 .text.RS1_Read
                0x00004c0c       0x20 .\CortexM3\ARM_GCC_541\Debug\F1-TestFixture.a(RS1.o)
                0x00004c0c                RS1_Read
 .text.RS2_Read
                0x00004c2c       0x20 .\CortexM3\ARM_GCC_541\Debug\F1-TestFixture.a(RS2.o)
                0x00004c2c                RS2_Read
 .text.RTest_HSide1_Write
                0x00004c4c       0x3c .\CortexM3\ARM_GCC_541\Debug\F1-TestFixture.a(RTest_HSide1.o)
                0x00004c4c                RTest_HSide1_Write
 .text.RTest_HSide3_Write
                0x00004c88       0x34 .\CortexM3\ARM_GCC_541\Debug\F1-TestFixture.a(RTest_HSide3.o)
                0x00004c88                RTest_HSide3_Write
 .text.RTest_HSide2_Write
                0x00004cbc       0x3c .\CortexM3\ARM_GCC_541\Debug\F1-TestFixture.a(RTest_HSide2.o)
                0x00004cbc                RTest_HSide2_Write
 .text.RTest_HSide4_Write
                0x00004cf8       0x3c .\CortexM3\ARM_GCC_541\Debug\F1-TestFixture.a(RTest_HSide4.o)
                0x00004cf8                RTest_HSide4_Write
 .text.RTest_HSide5_Write
                0x00004d34       0x3c .\CortexM3\ARM_GCC_541\Debug\F1-TestFixture.a(RTest_HSide5.o)
                0x00004d34                RTest_HSide5_Write
 .text.RTest_HSide6_Write
                0x00004d70       0x3c .\CortexM3\ARM_GCC_541\Debug\F1-TestFixture.a(RTest_HSide6.o)
                0x00004d70                RTest_HSide6_Write
 .text.RTest_HSide7_Write
                0x00004dac       0x3c .\CortexM3\ARM_GCC_541\Debug\F1-TestFixture.a(RTest_HSide7.o)
                0x00004dac                RTest_HSide7_Write
 .text.RTest_HSide8_Write
                0x00004de8       0x38 .\CortexM3\ARM_GCC_541\Debug\F1-TestFixture.a(RTest_HSide8.o)
                0x00004de8                RTest_HSide8_Write
 .text.isr_UART_230400_Start
                0x00004e20       0x20 .\CortexM3\ARM_GCC_541\Debug\F1-TestFixture.a(isr_UART_230400.o)
                0x00004e20                isr_UART_230400_Start
 .text.isr_UART_230400_Interrupt
                0x00004e40        0xc .\CortexM3\ARM_GCC_541\Debug\F1-TestFixture.a(isr_UART_230400.o)
                0x00004e40                isr_UART_230400_Interrupt
 .text.isr_UART_230400_SetVector
                0x00004e4c       0x24 .\CortexM3\ARM_GCC_541\Debug\F1-TestFixture.a(isr_UART_230400.o)
                0x00004e4c                isr_UART_230400_SetVector
 .text.isr_UART_230400_SetPriority
                0x00004e70       0x24 .\CortexM3\ARM_GCC_541\Debug\F1-TestFixture.a(isr_UART_230400.o)
                0x00004e70                isr_UART_230400_SetPriority
 .text.isr_UART_230400_Enable
                0x00004e94       0x18 .\CortexM3\ARM_GCC_541\Debug\F1-TestFixture.a(isr_UART_230400.o)
                0x00004e94                isr_UART_230400_Enable
 .text.isr_UART_230400_Disable
                0x00004eac       0x18 .\CortexM3\ARM_GCC_541\Debug\F1-TestFixture.a(isr_UART_230400.o)
                0x00004eac                isr_UART_230400_Disable
 .text.UART_230400_Start
                0x00004ec4       0x24 .\CortexM3\ARM_GCC_541\Debug\F1-TestFixture.a(UART_230400.o)
                0x00004ec4                UART_230400_Start
 .text.UART_230400_Init
                0x00004ee8       0x50 .\CortexM3\ARM_GCC_541\Debug\F1-TestFixture.a(UART_230400.o)
                0x00004ee8                UART_230400_Init
 .text.UART_230400_Enable
                0x00004f38       0x74 .\CortexM3\ARM_GCC_541\Debug\F1-TestFixture.a(UART_230400.o)
                0x00004f38                UART_230400_Enable
 .text.UART_230400_ReadRxStatus
                0x00004fac       0x24 .\CortexM3\ARM_GCC_541\Debug\F1-TestFixture.a(UART_230400.o)
                0x00004fac                UART_230400_ReadRxStatus
 .text.UART_230400_GetChar
                0x00004fd0       0x44 .\CortexM3\ARM_GCC_541\Debug\F1-TestFixture.a(UART_230400.o)
                0x00004fd0                UART_230400_GetChar
 .text.UART_230400_WriteTxData
                0x00005014       0x94 .\CortexM3\ARM_GCC_541\Debug\F1-TestFixture.a(UART_230400.o)
                0x00005014                UART_230400_WriteTxData
 .text.UART_230400_TXISR
                0x000050a8       0x70 .\CortexM3\ARM_GCC_541\Debug\F1-TestFixture.a(UART_230400_INT.o)
                0x000050a8                UART_230400_TXISR
 .text.UART_230400_IntClock_Start
                0x00005118       0x34 .\CortexM3\ARM_GCC_541\Debug\F1-TestFixture.a(UART_230400_IntClock.o)
                0x00005118                UART_230400_IntClock_Start
 .text.MUX_CTRL_230400_Write
                0x0000514c       0x20 .\CortexM3\ARM_GCC_541\Debug\F1-TestFixture.a(MUX_CTRL_230400.o)
                0x0000514c                MUX_CTRL_230400_Write
 .text.Timer_20ms_Init
                0x0000516c       0xa0 .\CortexM3\ARM_GCC_541\Debug\F1-TestFixture.a(Timer_20ms.o)
                0x0000516c                Timer_20ms_Init
 .text.Timer_20ms_Enable
                0x0000520c       0x48 .\CortexM3\ARM_GCC_541\Debug\F1-TestFixture.a(Timer_20ms.o)
                0x0000520c                Timer_20ms_Enable
 .text.Timer_20ms_Start
                0x00005254       0x24 .\CortexM3\ARM_GCC_541\Debug\F1-TestFixture.a(Timer_20ms.o)
                0x00005254                Timer_20ms_Start
 .text.Timer_20ms_SetInterruptMode
                0x00005278       0x20 .\CortexM3\ARM_GCC_541\Debug\F1-TestFixture.a(Timer_20ms.o)
                0x00005278                Timer_20ms_SetInterruptMode
 .text.Timer_20ms_WritePeriod
                0x00005298       0x24 .\CortexM3\ARM_GCC_541\Debug\F1-TestFixture.a(Timer_20ms.o)
                0x00005298                Timer_20ms_WritePeriod
 .text.Timer_20ms_WriteCounter
                0x000052bc       0x20 .\CortexM3\ARM_GCC_541\Debug\F1-TestFixture.a(Timer_20ms.o)
                0x000052bc                Timer_20ms_WriteCounter
 .text.LED_EN_Write
                0x000052dc       0x3c .\CortexM3\ARM_GCC_541\Debug\F1-TestFixture.a(LED_EN.o)
                0x000052dc                LED_EN_Write
 .text.isr_Timer_20ms_Start
                0x00005318       0x20 .\CortexM3\ARM_GCC_541\Debug\F1-TestFixture.a(isr_Timer_20ms.o)
                0x00005318                isr_Timer_20ms_Start
 .text.isr_Timer_20ms_Interrupt
                0x00005338       0x24 .\CortexM3\ARM_GCC_541\Debug\F1-TestFixture.a(isr_Timer_20ms.o)
                0x00005338                isr_Timer_20ms_Interrupt
 .text.isr_Timer_20ms_SetVector
                0x0000535c       0x24 .\CortexM3\ARM_GCC_541\Debug\F1-TestFixture.a(isr_Timer_20ms.o)
                0x0000535c                isr_Timer_20ms_SetVector
 .text.isr_Timer_20ms_SetPriority
                0x00005380       0x24 .\CortexM3\ARM_GCC_541\Debug\F1-TestFixture.a(isr_Timer_20ms.o)
                0x00005380                isr_Timer_20ms_SetPriority
 .text.isr_Timer_20ms_Enable
                0x000053a4       0x18 .\CortexM3\ARM_GCC_541\Debug\F1-TestFixture.a(isr_Timer_20ms.o)
                0x000053a4                isr_Timer_20ms_Enable
 .text.isr_Timer_20ms_Disable
                0x000053bc       0x18 .\CortexM3\ARM_GCC_541\Debug\F1-TestFixture.a(isr_Timer_20ms.o)
                0x000053bc                isr_Timer_20ms_Disable
 .text.UART_115200_Start
                0x000053d4       0x24 .\CortexM3\ARM_GCC_541\Debug\F1-TestFixture.a(UART_115200.o)
                0x000053d4                UART_115200_Start
 .text.UART_115200_Init
                0x000053f8       0x50 .\CortexM3\ARM_GCC_541\Debug\F1-TestFixture.a(UART_115200.o)
                0x000053f8                UART_115200_Init
 .text.UART_115200_Enable
                0x00005448       0x74 .\CortexM3\ARM_GCC_541\Debug\F1-TestFixture.a(UART_115200.o)
                0x00005448                UART_115200_Enable
 .text.UART_115200_ReadRxStatus
                0x000054bc       0x24 .\CortexM3\ARM_GCC_541\Debug\F1-TestFixture.a(UART_115200.o)
                0x000054bc                UART_115200_ReadRxStatus
 .text.UART_115200_GetChar
                0x000054e0       0x44 .\CortexM3\ARM_GCC_541\Debug\F1-TestFixture.a(UART_115200.o)
                0x000054e0                UART_115200_GetChar
 .text.UART_115200_PutChar
                0x00005524       0xbc .\CortexM3\ARM_GCC_541\Debug\F1-TestFixture.a(UART_115200.o)
                0x00005524                UART_115200_PutChar
 .text.UART_115200_PutArray
                0x000055e0       0x44 .\CortexM3\ARM_GCC_541\Debug\F1-TestFixture.a(UART_115200.o)
                0x000055e0                UART_115200_PutArray
 .text.UART_115200_TXISR
                0x00005624       0x70 .\CortexM3\ARM_GCC_541\Debug\F1-TestFixture.a(UART_115200_INT.o)
                0x00005624                UART_115200_TXISR
 .text.isr_UART_115200_Start
                0x00005694       0x20 .\CortexM3\ARM_GCC_541\Debug\F1-TestFixture.a(isr_UART_115200.o)
                0x00005694                isr_UART_115200_Start
 .text.isr_UART_115200_Interrupt
                0x000056b4        0xc .\CortexM3\ARM_GCC_541\Debug\F1-TestFixture.a(isr_UART_115200.o)
                0x000056b4                isr_UART_115200_Interrupt
 .text.isr_UART_115200_SetVector
                0x000056c0       0x24 .\CortexM3\ARM_GCC_541\Debug\F1-TestFixture.a(isr_UART_115200.o)
                0x000056c0                isr_UART_115200_SetVector
 .text.isr_UART_115200_SetPriority
                0x000056e4       0x24 .\CortexM3\ARM_GCC_541\Debug\F1-TestFixture.a(isr_UART_115200.o)
                0x000056e4                isr_UART_115200_SetPriority
 .text.isr_UART_115200_Enable
                0x00005708       0x18 .\CortexM3\ARM_GCC_541\Debug\F1-TestFixture.a(isr_UART_115200.o)
                0x00005708                isr_UART_115200_Enable
 .text.isr_UART_115200_Disable
                0x00005720       0x18 .\CortexM3\ARM_GCC_541\Debug\F1-TestFixture.a(isr_UART_115200.o)
                0x00005720                isr_UART_115200_Disable
 .text.UART_115200_IntClock_Start
                0x00005738       0x34 .\CortexM3\ARM_GCC_541\Debug\F1-TestFixture.a(UART_115200_IntClock.o)
                0x00005738                UART_115200_IntClock_Start
 .text.DEMUX_CTRL_230400_Write
                0x0000576c       0x20 .\CortexM3\ARM_GCC_541\Debug\F1-TestFixture.a(DEMUX_CTRL_230400.o)
                0x0000576c                DEMUX_CTRL_230400_Write
 .text.isr_UART_460800_Start
                0x0000578c       0x20 .\CortexM3\ARM_GCC_541\Debug\F1-TestFixture.a(isr_UART_460800.o)
                0x0000578c                isr_UART_460800_Start
 .text.isr_UART_460800_Interrupt
                0x000057ac        0xc .\CortexM3\ARM_GCC_541\Debug\F1-TestFixture.a(isr_UART_460800.o)
                0x000057ac                isr_UART_460800_Interrupt
 .text.isr_UART_460800_SetVector
                0x000057b8       0x24 .\CortexM3\ARM_GCC_541\Debug\F1-TestFixture.a(isr_UART_460800.o)
                0x000057b8                isr_UART_460800_SetVector
 .text.isr_UART_460800_SetPriority
                0x000057dc       0x24 .\CortexM3\ARM_GCC_541\Debug\F1-TestFixture.a(isr_UART_460800.o)
                0x000057dc                isr_UART_460800_SetPriority
 .text.isr_UART_460800_Enable
                0x00005800       0x18 .\CortexM3\ARM_GCC_541\Debug\F1-TestFixture.a(isr_UART_460800.o)
                0x00005800                isr_UART_460800_Enable
 .text.isr_UART_460800_Disable
                0x00005818       0x18 .\CortexM3\ARM_GCC_541\Debug\F1-TestFixture.a(isr_UART_460800.o)
                0x00005818                isr_UART_460800_Disable
 .text.UART_460800_Start
                0x00005830       0x24 .\CortexM3\ARM_GCC_541\Debug\F1-TestFixture.a(UART_460800.o)
                0x00005830                UART_460800_Start
 .text.UART_460800_Init
                0x00005854       0x50 .\CortexM3\ARM_GCC_541\Debug\F1-TestFixture.a(UART_460800.o)
                0x00005854                UART_460800_Init
 .text.UART_460800_Enable
                0x000058a4       0x74 .\CortexM3\ARM_GCC_541\Debug\F1-TestFixture.a(UART_460800.o)
                0x000058a4                UART_460800_Enable
 .text.UART_460800_ReadRxStatus
                0x00005918       0x24 .\CortexM3\ARM_GCC_541\Debug\F1-TestFixture.a(UART_460800.o)
                0x00005918                UART_460800_ReadRxStatus
 .text.UART_460800_GetChar
                0x0000593c       0x44 .\CortexM3\ARM_GCC_541\Debug\F1-TestFixture.a(UART_460800.o)
                0x0000593c                UART_460800_GetChar
 .text.UART_460800_WriteTxData
                0x00005980       0x94 .\CortexM3\ARM_GCC_541\Debug\F1-TestFixture.a(UART_460800.o)
                0x00005980                UART_460800_WriteTxData
 .text.UART_460800_TXISR
                0x00005a14       0x70 .\CortexM3\ARM_GCC_541\Debug\F1-TestFixture.a(UART_460800_INT.o)
                0x00005a14                UART_460800_TXISR
 .text.MUX_CTRL_460800_Write
                0x00005a84       0x20 .\CortexM3\ARM_GCC_541\Debug\F1-TestFixture.a(MUX_CTRL_460800.o)
                0x00005a84                MUX_CTRL_460800_Write
 .text.DEMUX_CTRL_460800_Write
                0x00005aa4       0x20 .\CortexM3\ARM_GCC_541\Debug\F1-TestFixture.a(DEMUX_CTRL_460800.o)
                0x00005aa4                DEMUX_CTRL_460800_Write
 .text.UART_460800_IntClock_Start
                0x00005ac4       0x34 .\CortexM3\ARM_GCC_541\Debug\F1-TestFixture.a(UART_460800_IntClock.o)
                0x00005ac4                UART_460800_IntClock_Start
 .text.Timer_10ms_Init
                0x00005af8       0x9c .\CortexM3\ARM_GCC_541\Debug\F1-TestFixture.a(Timer_10ms.o)
                0x00005af8                Timer_10ms_Init
 .text.Timer_10ms_Enable
                0x00005b94       0x48 .\CortexM3\ARM_GCC_541\Debug\F1-TestFixture.a(Timer_10ms.o)
                0x00005b94                Timer_10ms_Enable
 .text.Timer_10ms_Start
                0x00005bdc       0x24 .\CortexM3\ARM_GCC_541\Debug\F1-TestFixture.a(Timer_10ms.o)
                0x00005bdc                Timer_10ms_Start
 .text.Timer_10ms_SetInterruptMode
                0x00005c00       0x20 .\CortexM3\ARM_GCC_541\Debug\F1-TestFixture.a(Timer_10ms.o)
                0x00005c00                Timer_10ms_SetInterruptMode
 .text.Timer_10ms_WritePeriod
                0x00005c20       0x24 .\CortexM3\ARM_GCC_541\Debug\F1-TestFixture.a(Timer_10ms.o)
                0x00005c20                Timer_10ms_WritePeriod
 .text.Timer_10ms_WriteCounter
                0x00005c44       0x20 .\CortexM3\ARM_GCC_541\Debug\F1-TestFixture.a(Timer_10ms.o)
                0x00005c44                Timer_10ms_WriteCounter
 .text.isr_Timer_10ms_Start
                0x00005c64       0x20 .\CortexM3\ARM_GCC_541\Debug\F1-TestFixture.a(isr_Timer_10ms.o)
                0x00005c64                isr_Timer_10ms_Start
 .text.isr_Timer_10ms_Interrupt
                0x00005c84       0x10 .\CortexM3\ARM_GCC_541\Debug\F1-TestFixture.a(isr_Timer_10ms.o)
                0x00005c84                isr_Timer_10ms_Interrupt
 .text.isr_Timer_10ms_SetVector
                0x00005c94       0x24 .\CortexM3\ARM_GCC_541\Debug\F1-TestFixture.a(isr_Timer_10ms.o)
                0x00005c94                isr_Timer_10ms_SetVector
 .text.isr_Timer_10ms_SetPriority
                0x00005cb8       0x24 .\CortexM3\ARM_GCC_541\Debug\F1-TestFixture.a(isr_Timer_10ms.o)
                0x00005cb8                isr_Timer_10ms_SetPriority
 .text.isr_Timer_10ms_Enable
                0x00005cdc       0x18 .\CortexM3\ARM_GCC_541\Debug\F1-TestFixture.a(isr_Timer_10ms.o)
                0x00005cdc                isr_Timer_10ms_Enable
 .text.isr_Timer_10ms_Disable
                0x00005cf4       0x18 .\CortexM3\ARM_GCC_541\Debug\F1-TestFixture.a(isr_Timer_10ms.o)
                0x00005cf4                isr_Timer_10ms_Disable
 .text.Timer_50ms_Init
                0x00005d0c       0xa0 .\CortexM3\ARM_GCC_541\Debug\F1-TestFixture.a(Timer_50ms.o)
                0x00005d0c                Timer_50ms_Init
 .text.Timer_50ms_Enable
                0x00005dac       0x48 .\CortexM3\ARM_GCC_541\Debug\F1-TestFixture.a(Timer_50ms.o)
                0x00005dac                Timer_50ms_Enable
 .text.Timer_50ms_Start
                0x00005df4       0x24 .\CortexM3\ARM_GCC_541\Debug\F1-TestFixture.a(Timer_50ms.o)
                0x00005df4                Timer_50ms_Start
 .text.Timer_50ms_SetInterruptMode
                0x00005e18       0x20 .\CortexM3\ARM_GCC_541\Debug\F1-TestFixture.a(Timer_50ms.o)
                0x00005e18                Timer_50ms_SetInterruptMode
 .text.Timer_50ms_WritePeriod
                0x00005e38       0x24 .\CortexM3\ARM_GCC_541\Debug\F1-TestFixture.a(Timer_50ms.o)
                0x00005e38                Timer_50ms_WritePeriod
 .text.Timer_50ms_WriteCounter
                0x00005e5c       0x20 .\CortexM3\ARM_GCC_541\Debug\F1-TestFixture.a(Timer_50ms.o)
                0x00005e5c                Timer_50ms_WriteCounter
 .text.isr_Timer_50ms_Start
                0x00005e7c       0x20 .\CortexM3\ARM_GCC_541\Debug\F1-TestFixture.a(isr_Timer_50ms.o)
                0x00005e7c                isr_Timer_50ms_Start
 .text.isr_Timer_50ms_Interrupt
                0x00005e9c      0x2a0 .\CortexM3\ARM_GCC_541\Debug\F1-TestFixture.a(isr_Timer_50ms.o)
                0x00005e9c                isr_Timer_50ms_Interrupt
 .text.isr_Timer_50ms_SetVector
                0x0000613c       0x24 .\CortexM3\ARM_GCC_541\Debug\F1-TestFixture.a(isr_Timer_50ms.o)
                0x0000613c                isr_Timer_50ms_SetVector
 .text.isr_Timer_50ms_SetPriority
                0x00006160       0x24 .\CortexM3\ARM_GCC_541\Debug\F1-TestFixture.a(isr_Timer_50ms.o)
                0x00006160                isr_Timer_50ms_SetPriority
 .text.isr_Timer_50ms_Enable
                0x00006184       0x18 .\CortexM3\ARM_GCC_541\Debug\F1-TestFixture.a(isr_Timer_50ms.o)
                0x00006184                isr_Timer_50ms_Enable
 .text.isr_Timer_50ms_Disable
                0x0000619c       0x18 .\CortexM3\ARM_GCC_541\Debug\F1-TestFixture.a(isr_Timer_50ms.o)
                0x0000619c                isr_Timer_50ms_Disable
 .text.PB_NextAction_Read
                0x000061b4       0x20 .\CortexM3\ARM_GCC_541\Debug\F1-TestFixture.a(PB_NextAction.o)
                0x000061b4                PB_NextAction_Read
 .text.WaveDAC_Init
                0x000061d4       0x50 .\CortexM3\ARM_GCC_541\Debug\F1-TestFixture.a(WaveDAC.o)
                0x000061d4                WaveDAC_Init
 .text.WaveDAC_Enable
                0x00006224       0x38 .\CortexM3\ARM_GCC_541\Debug\F1-TestFixture.a(WaveDAC.o)
                0x00006224                WaveDAC_Enable
 .text.WaveDAC_Start
                0x0000625c       0x24 .\CortexM3\ARM_GCC_541\Debug\F1-TestFixture.a(WaveDAC.o)
                0x0000625c                WaveDAC_Start
 .text.WaveDAC_Stop
                0x00006280       0x2c .\CortexM3\ARM_GCC_541\Debug\F1-TestFixture.a(WaveDAC.o)
                0x00006280                WaveDAC_Stop
 .text.WaveDAC_Wave1Setup
                0x000062ac       0x68 .\CortexM3\ARM_GCC_541\Debug\F1-TestFixture.a(WaveDAC.o)
                0x000062ac                WaveDAC_Wave1Setup
 .text.WaveDAC_Wave2Setup
                0x00006314       0x68 .\CortexM3\ARM_GCC_541\Debug\F1-TestFixture.a(WaveDAC.o)
                0x00006314                WaveDAC_Wave2Setup
 .text.WaveDAC_DacClk_Start
                0x0000637c       0x34 .\CortexM3\ARM_GCC_541\Debug\F1-TestFixture.a(WaveDAC_DacClk.o)
                0x0000637c                WaveDAC_DacClk_Start
 .text.WaveDAC_DacClk_Stop
                0x000063b0       0x34 .\CortexM3\ARM_GCC_541\Debug\F1-TestFixture.a(WaveDAC_DacClk.o)
                0x000063b0                WaveDAC_DacClk_Stop
 .text.WaveDAC_Wave1_DMA_DmaInitialize
                0x000063e4       0x64 .\CortexM3\ARM_GCC_541\Debug\F1-TestFixture.a(WaveDAC_Wave1_DMA_dma.o)
                0x000063e4                WaveDAC_Wave1_DMA_DmaInitialize
 .text.WaveDAC_Wave2_DMA_DmaInitialize
                0x00006448       0x64 .\CortexM3\ARM_GCC_541\Debug\F1-TestFixture.a(WaveDAC_Wave2_DMA_dma.o)
                0x00006448                WaveDAC_Wave2_DMA_DmaInitialize
 .text.WaveDAC_VDAC8_Init
                0x000064ac       0x3c .\CortexM3\ARM_GCC_541\Debug\F1-TestFixture.a(WaveDAC_VDAC8.o)
                0x000064ac                WaveDAC_VDAC8_Init
 .text.WaveDAC_VDAC8_Enable
                0x000064e8       0x34 .\CortexM3\ARM_GCC_541\Debug\F1-TestFixture.a(WaveDAC_VDAC8.o)
                0x000064e8                WaveDAC_VDAC8_Enable
 .text.WaveDAC_VDAC8_Stop
                0x0000651c       0x34 .\CortexM3\ARM_GCC_541\Debug\F1-TestFixture.a(WaveDAC_VDAC8.o)
                0x0000651c                WaveDAC_VDAC8_Stop
 .text.WaveDAC_VDAC8_SetSpeed
                0x00006550       0x40 .\CortexM3\ARM_GCC_541\Debug\F1-TestFixture.a(WaveDAC_VDAC8.o)
                0x00006550                WaveDAC_VDAC8_SetSpeed
 .text.WaveDAC_VDAC8_SetRange
                0x00006590       0x40 .\CortexM3\ARM_GCC_541\Debug\F1-TestFixture.a(WaveDAC_VDAC8.o)
                0x00006590                WaveDAC_VDAC8_SetRange
 .text.WaveDAC_VDAC8_SetValue
                0x000065d0       0x20 .\CortexM3\ARM_GCC_541\Debug\F1-TestFixture.a(WaveDAC_VDAC8.o)
                0x000065d0                WaveDAC_VDAC8_SetValue
 .text.WaveDAC_VDAC8_DacTrim
                0x000065f0       0x3c .\CortexM3\ARM_GCC_541\Debug\F1-TestFixture.a(WaveDAC_VDAC8.o)
                0x000065f0                WaveDAC_VDAC8_DacTrim
 .text.RTest_BLOCK_4_EN_Write
                0x0000662c       0x34 .\CortexM3\ARM_GCC_541\Debug\F1-TestFixture.a(RTest_BLOCK_4_EN.o)
                0x0000662c                RTest_BLOCK_4_EN_Write
 .text.RTest_BLOCK_3_EN_Write
                0x00006660       0x38 .\CortexM3\ARM_GCC_541\Debug\F1-TestFixture.a(RTest_BLOCK_3_EN.o)
                0x00006660                RTest_BLOCK_3_EN_Write
 .text.RTest_BLOCK_2_EN_Write
                0x00006698       0x3c .\CortexM3\ARM_GCC_541\Debug\F1-TestFixture.a(RTest_BLOCK_2_EN.o)
                0x00006698                RTest_BLOCK_2_EN_Write
 .text.RTest_BLOCK_1_EN_Write
                0x000066d4       0x38 .\CortexM3\ARM_GCC_541\Debug\F1-TestFixture.a(RTest_BLOCK_1_EN.o)
                0x000066d4                RTest_BLOCK_1_EN_Write
 .text.RTest_DEMUX_C_Write
                0x0000670c       0x3c .\CortexM3\ARM_GCC_541\Debug\F1-TestFixture.a(RTest_DEMUX_C.o)
                0x0000670c                RTest_DEMUX_C_Write
 .text.RTest_DEMUX_B_Write
                0x00006748       0x3c .\CortexM3\ARM_GCC_541\Debug\F1-TestFixture.a(RTest_DEMUX_B.o)
                0x00006748                RTest_DEMUX_B_Write
 .text.RTest_DEMUX_A_Write
                0x00006784       0x3c .\CortexM3\ARM_GCC_541\Debug\F1-TestFixture.a(RTest_DEMUX_A.o)
                0x00006784                RTest_DEMUX_A_Write
 .text.RTest_DEMUX_COM_Read
                0x000067c0       0x20 .\CortexM3\ARM_GCC_541\Debug\F1-TestFixture.a(RTest_DEMUX_COM.o)
                0x000067c0                RTest_DEMUX_COM_Read
 .text.MUX_CTRL_115200_Write
                0x000067e0       0x20 .\CortexM3\ARM_GCC_541\Debug\F1-TestFixture.a(MUX_CTRL_115200.o)
                0x000067e0                MUX_CTRL_115200_Write
 .text.Overload1_Write
                0x00006800       0x3c .\CortexM3\ARM_GCC_541\Debug\F1-TestFixture.a(Overload1.o)
                0x00006800                Overload1_Write
 .text.Overload2_Write
                0x0000683c       0x3c .\CortexM3\ARM_GCC_541\Debug\F1-TestFixture.a(Overload2.o)
                0x0000683c                Overload2_Write
 .text          0x00006878       0x20 .\CortexM3\ARM_GCC_541\Debug\F1-TestFixture.a(CyBootAsmGnu.o)
                0x00006878                CyDelayCycles
                0x00006888                CyEnterCriticalSection
                0x00006890                CyExitCriticalSection
 .text.LED1_Write
                0x00006898       0x3c .\CortexM3\ARM_GCC_541\Debug\F1-TestFixture.a(LED1.o)
                0x00006898                LED1_Write
 .text.LED2_Write
                0x000068d4       0x34 .\CortexM3\ARM_GCC_541\Debug\F1-TestFixture.a(LED2.o)
                0x000068d4                LED2_Write
 .text.LED3_Write
                0x00006908       0x3c .\CortexM3\ARM_GCC_541\Debug\F1-TestFixture.a(LED3.o)
                0x00006908                LED3_Write
 .text.__errno  0x00006944        0xc c:/program files (x86)/cypress/psoc creator/4.3/psoc creator/import/gnu/arm/5.4.1/bin/../lib/gcc/arm-none-eabi/5.4.1/../../../../arm-none-eabi/lib/armv7-m\libg_nano.a(lib_a-errno.o)
                0x00006944                __errno
 .text.__libc_init_array
                0x00006950       0x4c c:/program files (x86)/cypress/psoc creator/4.3/psoc creator/import/gnu/arm/5.4.1/bin/../lib/gcc/arm-none-eabi/5.4.1/../../../../arm-none-eabi/lib/armv7-m\libg_nano.a(lib_a-init.o)
                0x00006950                __libc_init_array
 .text.memcpy   0x0000699c       0x16 c:/program files (x86)/cypress/psoc creator/4.3/psoc creator/import/gnu/arm/5.4.1/bin/../lib/gcc/arm-none-eabi/5.4.1/../../../../arm-none-eabi/lib/armv7-m\libg_nano.a(lib_a-memcpy-stub.o)
                0x0000699c                memcpy
 .text.memset   0x000069b2       0x10 c:/program files (x86)/cypress/psoc creator/4.3/psoc creator/import/gnu/arm/5.4.1/bin/../lib/gcc/arm-none-eabi/5.4.1/../../../../arm-none-eabi/lib/armv7-m\libg_nano.a(lib_a-memset.o)
                0x000069b2                memset
 *(.plt)
 *(.gnu.warning)
 *(.glue_7t)
 .glue_7t       0x000069c2        0x0 linker stubs
 *(.glue_7)
 .glue_7        0x000069c2        0x0 linker stubs
 *(.vfp11_veneer)
 .vfp11_veneer  0x000069c2        0x0 linker stubs
 *(.bootloader)
 *(.ARM.extab* .gnu.linkonce.armextab.*)
 *(.gcc_except_table)

.v4_bx          0x000069c4        0x0
 .v4_bx         0x000069c4        0x0 linker stubs

.iplt           0x000069c4        0x0
 .iplt          0x000069c4        0x0 c:/program files (x86)/cypress/psoc creator/4.3/psoc creator/import/gnu/arm/5.4.1/bin/../lib/gcc/arm-none-eabi/5.4.1/armv7-m/crtbegin.o

.eh_frame_hdr
 *(.eh_frame_hdr)

.eh_frame       0x000069c4        0x4
 *(.eh_frame)
 .eh_frame      0x000069c4        0x0 c:/program files (x86)/cypress/psoc creator/4.3/psoc creator/import/gnu/arm/5.4.1/bin/../lib/gcc/arm-none-eabi/5.4.1/armv7-m/crtbegin.o
 .eh_frame      0x000069c4        0x4 c:/program files (x86)/cypress/psoc creator/4.3/psoc creator/import/gnu/arm/5.4.1/bin/../lib/gcc/arm-none-eabi/5.4.1/armv7-m/crtend.o
                [!provide]                PROVIDE (__exidx_start, .)

.ARM.exidx
 *(.ARM.exidx* .gnu.linkonce.armexidx.*)
                0x000069c8                __exidx_end = .

.rodata         0x000069c8      0x148
 *(.rodata .rodata.* .gnu.linkonce.r.*)
 .rodata        0x000069c8       0x44 .\CortexM3\ARM_GCC_541\Debug\cyfitter_cfg.o
 .rodata        0x00006a0c       0xc8 .\CortexM3\ARM_GCC_541\Debug\F1-TestFixture.a(WaveDAC.o)
                0x00006a0c                WaveDAC_wave1
                0x00006a70                WaveDAC_wave2
 .rodata.str1.1
                0x00006ad4        0x2 c:/program files (x86)/cypress/psoc creator/4.3/psoc creator/import/gnu/arm/5.4.1/bin/../lib/gcc/arm-none-eabi/5.4.1/../../../../arm-none-eabi/lib/armv7-m\libg_nano.a(lib_a-impure.o)
                0x00006ad8                . = ALIGN (0x4)
 *fill*         0x00006ad6        0x2 
 *(.init)
 .init          0x00006ad8        0x4 c:/program files (x86)/cypress/psoc creator/4.3/psoc creator/import/gnu/arm/5.4.1/bin/../lib/gcc/arm-none-eabi/5.4.1/armv7-m/crti.o
                0x00006ad8                _init
 .init          0x00006adc        0x8 c:/program files (x86)/cypress/psoc creator/4.3/psoc creator/import/gnu/arm/5.4.1/bin/../lib/gcc/arm-none-eabi/5.4.1/armv7-m/crtn.o
                0x00006ae4                . = ALIGN (0x4)
                0x00006ae4                __preinit_array_start = .
 *(.preinit_array)
                0x00006ae4                __preinit_array_end = .
                0x00006ae4                . = ALIGN (0x4)
                0x00006ae4                __init_array_start = .
 *(SORT(.init_array.*))
 *(.init_array)
 .init_array    0x00006ae4        0x4 c:/program files (x86)/cypress/psoc creator/4.3/psoc creator/import/gnu/arm/5.4.1/bin/../lib/gcc/arm-none-eabi/5.4.1/armv7-m/crtbegin.o
 .init_array    0x00006ae8        0x4 .\CortexM3\ARM_GCC_541\Debug\Cm3Start.o
                0x00006aec                __init_array_end = .
                0x00006aec                . = ALIGN (0x4)
 *(.fini)
 .fini          0x00006aec        0x4 c:/program files (x86)/cypress/psoc creator/4.3/psoc creator/import/gnu/arm/5.4.1/bin/../lib/gcc/arm-none-eabi/5.4.1/armv7-m/crti.o
                0x00006aec                _fini
 .fini          0x00006af0        0x8 c:/program files (x86)/cypress/psoc creator/4.3/psoc creator/import/gnu/arm/5.4.1/bin/../lib/gcc/arm-none-eabi/5.4.1/armv7-m/crtn.o
                0x00006af8                . = ALIGN (0x4)
                0x00006af8                __fini_array_start = .
 *(.fini_array)
 .fini_array    0x00006af8        0x4 c:/program files (x86)/cypress/psoc creator/4.3/psoc creator/import/gnu/arm/5.4.1/bin/../lib/gcc/arm-none-eabi/5.4.1/armv7-m/crtbegin.o
 *(SORT(.fini_array.*))
                0x00006afc                __fini_array_end = .
                0x00006afc                . = ALIGN (0x4)
 *crtbegin.o(.ctors)
 *(EXCLUDE_FILE(*crtend.o) .ctors)
 *(SORT(.ctors.*))
 *crtend.o(.ctors)
                0x00006afc                . = ALIGN (0x4)
 *crtbegin.o(.dtors)
 *(EXCLUDE_FILE(*crtend.o) .dtors)
 *(SORT(.dtors.*))
 *crtend.o(.dtors)
                0x00006afc                . = ALIGN (0x4)
                0x00006afc                __cy_regions = .
                0x00006afc        0x4 LONG 0x6b10 __cy_region_init_ram
                0x00006b00        0x4 LONG 0x1fffc0c8 __cy_region_start_data
                0x00006b04        0x4 LONG 0x140 __cy_region_init_size_ram
                0x00006b08        0x4 LONG 0x1a38 __cy_region_zero_size_ram
                0x00006b0c                __cy_regions_end = .
                0x00006b10                . = ALIGN (0x8)
 *fill*         0x00006b0c        0x4 
                0x00006b10                _etext = .

.cy_checksum_exclude
                0x00006b10        0x0
 *(.cy_checksum_exclude)

.ramvectors     0x1fffc000       0xc0
                0x1fffc000                __cy_region_start_ram = .
 *(.ramvectors)
 .ramvectors    0x1fffc000       0xc0 .\CortexM3\ARM_GCC_541\Debug\Cm3Start.o
                0x1fffc000                CyRamVectors

.noinit         0x1fffc0c0        0x5
 *(.noinit)
 .noinit        0x1fffc0c0        0x4 .\CortexM3\ARM_GCC_541\Debug\Cm3Start.o
 .noinit        0x1fffc0c4        0x1 .\CortexM3\ARM_GCC_541\Debug\F1-TestFixture.a(CyLib.o)
                0x1fffc0c4                CyResetStatus

.data           0x1fffc0c8      0x140 load address 0x00006b10
                0x1fffc0c8                __cy_region_start_data = .
 *(.jcr)
 .jcr           0x1fffc0c8        0x0 c:/program files (x86)/cypress/psoc creator/4.3/psoc creator/import/gnu/arm/5.4.1/bin/../lib/gcc/arm-none-eabi/5.4.1/armv7-m/crtbegin.o
 .jcr           0x1fffc0c8        0x4 c:/program files (x86)/cypress/psoc creator/4.3/psoc creator/import/gnu/arm/5.4.1/bin/../lib/gcc/arm-none-eabi/5.4.1/armv7-m/crtend.o
 *(.got.plt)
 *(.got)
 *(.shdata)
 *(.data .data.* .gnu.linkonce.d.*)
 .data          0x1fffc0cc       0x16 .\CortexM3\ARM_GCC_541\Debug\ControllerTest.o
 *fill*         0x1fffc0e2        0x2 
 .data          0x1fffc0e4       0x1a .\CortexM3\ARM_GCC_541\Debug\UART_230400_Functions.o
 *fill*         0x1fffc0fe        0x2 
 .data          0x1fffc100       0x16 .\CortexM3\ARM_GCC_541\Debug\SirenTest.o
 *fill*         0x1fffc116        0x2 
 .data          0x1fffc118       0x16 .\CortexM3\ARM_GCC_541\Debug\RelayTest.o
 *fill*         0x1fffc12e        0x2 
 .data          0x1fffc130        0xa .\CortexM3\ARM_GCC_541\Debug\UART_460800_Functions.o
 *fill*         0x1fffc13a        0x2 
 .data          0x1fffc13c        0x5 .\CortexM3\ARM_GCC_541\Debug\UART_115200_Functions.o
 *fill*         0x1fffc141        0x3 
 .data          0x1fffc144       0x20 .\CortexM3\ARM_GCC_541\Debug\CD4051BPW_Driver.o
 .data          0x1fffc164       0x20 .\CortexM3\ARM_GCC_541\Debug\RelayTest_Complete.o
 .data          0x1fffc184        0x8 .\CortexM3\ARM_GCC_541\Debug\F1-TestFixture.a(CyDmac.o)
 .data          0x1fffc18c       0x10 .\CortexM3\ARM_GCC_541\Debug\F1-TestFixture.a(CyLib.o)
                0x1fffc18c                cydelay_freq_hz
                0x1fffc190                cydelay_freq_khz
                0x1fffc194                cydelay_freq_mhz
                0x1fffc198                cydelay_32k_ms
 .data          0x1fffc19c        0x1 .\CortexM3\ARM_GCC_541\Debug\F1-TestFixture.a(WaveDAC_Wave1_DMA_dma.o)
                0x1fffc19c                WaveDAC_Wave1_DMA_DmaHandle
 .data          0x1fffc19d        0x1 .\CortexM3\ARM_GCC_541\Debug\F1-TestFixture.a(WaveDAC_Wave2_DMA_dma.o)
                0x1fffc19d                WaveDAC_Wave2_DMA_DmaHandle
 *fill*         0x1fffc19e        0x2 
 .data.impure_data
                0x1fffc1a0       0x60 c:/program files (x86)/cypress/psoc creator/4.3/psoc creator/import/gnu/arm/5.4.1/bin/../lib/gcc/arm-none-eabi/5.4.1/../../../../arm-none-eabi/lib/armv7-m\libg_nano.a(lib_a-impure.o)
 .data._impure_ptr
                0x1fffc200        0x4 c:/program files (x86)/cypress/psoc creator/4.3/psoc creator/import/gnu/arm/5.4.1/bin/../lib/gcc/arm-none-eabi/5.4.1/../../../../arm-none-eabi/lib/armv7-m\libg_nano.a(lib_a-impure.o)
                0x1fffc200                _impure_ptr
                0x1fffc208                . = ALIGN (0x8)
 *fill*         0x1fffc204        0x4 
 *(.ram)
                0x1fffc208                _edata = .

.igot.plt       0x1fffc208        0x0 load address 0x00006c50
 .igot.plt      0x1fffc208        0x0 c:/program files (x86)/cypress/psoc creator/4.3/psoc creator/import/gnu/arm/5.4.1/bin/../lib/gcc/arm-none-eabi/5.4.1/armv7-m/crtbegin.o

.bss            0x1fffc208     0x1a38 load address 0x00006c50
                0x1fffc208                PROVIDE (__bss_start__, .)
 *(.shbss)
 *(.bss .bss.* .gnu.linkonce.b.*)
 .bss           0x1fffc208       0x1c c:/program files (x86)/cypress/psoc creator/4.3/psoc creator/import/gnu/arm/5.4.1/bin/../lib/gcc/arm-none-eabi/5.4.1/armv7-m/crtbegin.o
 .bss           0x1fffc224        0x3 .\CortexM3\ARM_GCC_541\Debug\main.o
                0x1fffc224                TESTFIXTURE_TYPE
 *fill*         0x1fffc227        0x1 
 .bss           0x1fffc228       0xfc .\CortexM3\ARM_GCC_541\Debug\ControllerTest.o
 .bss           0x1fffc324      0x232 .\CortexM3\ARM_GCC_541\Debug\UART_230400_Functions.o
 *fill*         0x1fffc556        0x2 
 .bss           0x1fffc558       0xa6 .\CortexM3\ARM_GCC_541\Debug\SirenTest.o
 *fill*         0x1fffc5fe        0x2 
 .bss           0x1fffc600      0x12e .\CortexM3\ARM_GCC_541\Debug\RelayTest.o
 *fill*         0x1fffc72e        0x2 
 .bss           0x1fffc730      0x245 .\CortexM3\ARM_GCC_541\Debug\UART_460800_Functions.o
 *fill*         0x1fffc975        0x3 
 .bss           0x1fffc978       0x78 .\CortexM3\ARM_GCC_541\Debug\UART_115200_Functions.o
 .bss           0x1fffc9f0       0xdf .\CortexM3\ARM_GCC_541\Debug\ControllerTest_Complete.o
 *fill*         0x1fffcacf        0x1 
 .bss           0x1fffcad0      0x146 .\CortexM3\ARM_GCC_541\Debug\RelayTest_Complete.o
 .bss           0x1fffcc16        0x7 .\CortexM3\ARM_GCC_541\Debug\F1-TestFixture.a(UART_230400.o)
                0x1fffcc16                UART_230400_initVar
                0x1fffcc18                UART_230400_txBufferRead
                0x1fffcc1a                UART_230400_txBufferWrite
 .bss           0x1fffcc1d        0x1 .\CortexM3\ARM_GCC_541\Debug\F1-TestFixture.a(Timer_20ms.o)
                0x1fffcc1d                Timer_20ms_initVar
 .bss           0x1fffcc1e        0x7 .\CortexM3\ARM_GCC_541\Debug\F1-TestFixture.a(UART_115200.o)
                0x1fffcc1e                UART_115200_initVar
                0x1fffcc20                UART_115200_txBufferRead
                0x1fffcc22                UART_115200_txBufferWrite
 *fill*         0x1fffcc25        0x1 
 .bss           0x1fffcc26        0x7 .\CortexM3\ARM_GCC_541\Debug\F1-TestFixture.a(UART_460800.o)
                0x1fffcc26                UART_460800_initVar
                0x1fffcc28                UART_460800_txBufferRead
                0x1fffcc2a                UART_460800_txBufferWrite
 .bss           0x1fffcc2d        0x1 .\CortexM3\ARM_GCC_541\Debug\F1-TestFixture.a(Timer_10ms.o)
                0x1fffcc2d                Timer_10ms_initVar
 .bss           0x1fffcc2e        0x1 .\CortexM3\ARM_GCC_541\Debug\F1-TestFixture.a(Timer_50ms.o)
                0x1fffcc2e                Timer_50ms_initVar
 .bss           0x1fffcc2f        0x1 .\CortexM3\ARM_GCC_541\Debug\F1-TestFixture.a(isr_Timer_50ms.o)
 .bss           0x1fffcc30        0x5 .\CortexM3\ARM_GCC_541\Debug\F1-TestFixture.a(WaveDAC.o)
                0x1fffcc30                WaveDAC_initVar
 *(COMMON)
 *fill*         0x1fffcc35        0x3 
 COMMON         0x1fffcc38      0x400 .\CortexM3\ARM_GCC_541\Debug\F1-TestFixture.a(UART_230400.o)
                0x1fffcc38                UART_230400_txBuffer
 COMMON         0x1fffd038      0x400 .\CortexM3\ARM_GCC_541\Debug\F1-TestFixture.a(UART_115200.o)
                0x1fffd038                UART_115200_txBuffer
 COMMON         0x1fffd438      0x800 .\CortexM3\ARM_GCC_541\Debug\F1-TestFixture.a(UART_460800.o)
                0x1fffd438                UART_460800_txBuffer
 COMMON         0x1fffdc38        0x3 .\CortexM3\ARM_GCC_541\Debug\F1-TestFixture.a(isr_Timer_50ms.o)
                0x1fffdc38                CurrentTest
                0x1fffdc40                . = ALIGN (0x8)
 *fill*         0x1fffdc3b        0x5 
 *(.ram.b)
                0x1fffdc40                _end = .
                0x1fffdc40                __end = .
                0x1fffdc40                PROVIDE (end, .)
                0x1fffdc40                PROVIDE (__bss_end__, .)
                0x00006b10                __cy_region_init_ram = LOADADDR (.data)
                0x00000140                __cy_region_init_size_ram = (_edata - ADDR (.data))
                0x00001a38                __cy_region_zero_size_ram = (_end - _edata)

.heap           0x1fffdc40       0x80 load address 0x00006c50
                0x1fffdc40                . = _end
                0x1fffdcc0                . = (. + 0x80)
 *fill*         0x1fffdc40       0x80 
                0x1fffdcc0                __cy_heap_limit = .

.stack          0x20003800      0x800
                0x20003800                __cy_stack_limit = .
                0x20004000                . = (. + 0x800)
 *fill*         0x20003800      0x800 
                0x00000001                ASSERT ((__cy_stack_limit >= __cy_heap_limit), region RAM overflowed with stack)
                0x00000000                cy_checksum_exclude_size = (CY_APPL_LOADABLE == 0x1)?SIZEOF (.cy_checksum_exclude):0x0
                0x00000001                ASSERT ((cy_checksum_exclude_size <= CY_CHECKSUM_EXCLUDE_SIZE), CY_BOOT: Section .cy_checksum_exclude size exceedes specified limit.)

.cyloadermeta
 *(.cyloadermeta)

.cyloadablemeta
 *(.cyloadablemeta)

.cyconfigecc    0x80000000      0xc2c
 *(.cyconfigecc)
 .cyconfigecc   0x80000000      0xc2c .\CortexM3\ARM_GCC_541\Debug\cymetadata.o
                0x80000000                cy_meta_configecc

.cycustnvl      0x90000000        0x4
 *(.cycustnvl)
 .cycustnvl     0x90000000        0x4 .\CortexM3\ARM_GCC_541\Debug\cymetadata.o
                0x90000000                cy_meta_custnvl

.cywolatch      0x90100000        0x4
 *(.cywolatch)
 .cywolatch     0x90100000        0x4 .\CortexM3\ARM_GCC_541\Debug\cymetadata.o
                0x90100000                cy_meta_wonvl

.cyeeprom       0x90200000        0x0
 *(.cyeeprom)
                0x00000001                ASSERT ((. <= ((0x90200000 + ee_offset) + ee_size)), .cyeeprom data will not fit in EEPROM)

.cyflashprotect
                0x90400000       0x80
 *(.cyflashprotect)
 .cyflashprotect
                0x90400000       0x80 .\CortexM3\ARM_GCC_541\Debug\cymetadata.o
                0x90400000                cy_meta_flashprotect

.cymeta         0x90500000        0xc
 *(.cymeta)
 .cymeta        0x90500000        0xc .\CortexM3\ARM_GCC_541\Debug\cymetadata.o
                0x90500000                cy_metadata

.rel.dyn        0x00006c50        0x0 load address 0x9050000c
 .rel.iplt      0x00006c50        0x0 c:/program files (x86)/cypress/psoc creator/4.3/psoc creator/import/gnu/arm/5.4.1/bin/../lib/gcc/arm-none-eabi/5.4.1/armv7-m/crtbegin.o

.stab
 *(.stab)

.stabstr
 *(.stabstr)

.debug
 *(.debug)

.line
 *(.line)

.debug_srcinfo
 *(.debug_srcinfo)

.debug_sfnames
 *(.debug_sfnames)

.debug_aranges  0x00000000     0x1b48
 *(.debug_aranges)
 .debug_aranges
                0x00000000       0x38 .\CortexM3\ARM_GCC_541\Debug\main.o
 .debug_aranges
                0x00000038       0x88 .\CortexM3\ARM_GCC_541\Debug\ControllerTest.o
 .debug_aranges
                0x000000c0       0x70 .\CortexM3\ARM_GCC_541\Debug\UART_230400_Functions.o
 .debug_aranges
                0x00000130       0x78 .\CortexM3\ARM_GCC_541\Debug\SirenTest.o
 .debug_aranges
                0x000001a8       0xc8 .\CortexM3\ARM_GCC_541\Debug\RelayTest.o
 .debug_aranges
                0x00000270       0x58 .\CortexM3\ARM_GCC_541\Debug\UART_460800_Functions.o
 .debug_aranges
                0x000002c8       0x38 .\CortexM3\ARM_GCC_541\Debug\UART_115200_Functions.o
 .debug_aranges
                0x00000300       0x30 .\CortexM3\ARM_GCC_541\Debug\CD4051BPW_Driver.o
 .debug_aranges
                0x00000330       0x20 .\CortexM3\ARM_GCC_541\Debug\ControllerTest_Complete.o
 .debug_aranges
                0x00000350       0x60 .\CortexM3\ARM_GCC_541\Debug\RelayTest_Complete.o
 .debug_aranges
                0x000003b0       0x60 .\CortexM3\ARM_GCC_541\Debug\cyfitter_cfg.o
 .debug_aranges
                0x00000410       0x18 .\CortexM3\ARM_GCC_541\Debug\cymetadata.o
 .debug_aranges
                0x00000428       0x48 .\CortexM3\ARM_GCC_541\Debug\Cm3Start.o
 .debug_aranges
                0x00000470       0xd8 .\CortexM3\ARM_GCC_541\Debug\F1-TestFixture.a(CyDmac.o)
 .debug_aranges
                0x00000548      0x2a0 .\CortexM3\ARM_GCC_541\Debug\F1-TestFixture.a(CyLib.o)
 .debug_aranges
                0x000007e8       0x98 .\CortexM3\ARM_GCC_541\Debug\F1-TestFixture.a(cyPm.o)
 .debug_aranges
                0x00000880       0x38 .\CortexM3\ARM_GCC_541\Debug\F1-TestFixture.a(STest_SIREN_EN.o)
 .debug_aranges
                0x000008b8       0x38 .\CortexM3\ARM_GCC_541\Debug\F1-TestFixture.a(CTest_CONT_VBATT_EN.o)
 .debug_aranges
                0x000008f0       0x38 .\CortexM3\ARM_GCC_541\Debug\F1-TestFixture.a(CTest_USB_5V_EN.o)
 .debug_aranges
                0x00000928       0x38 .\CortexM3\ARM_GCC_541\Debug\F1-TestFixture.a(RTest_SIREN_EN.o)
 .debug_aranges
                0x00000960       0x38 .\CortexM3\ARM_GCC_541\Debug\F1-TestFixture.a(RS1.o)
 .debug_aranges
                0x00000998       0x38 .\CortexM3\ARM_GCC_541\Debug\F1-TestFixture.a(RS2.o)
 .debug_aranges
                0x000009d0       0x38 .\CortexM3\ARM_GCC_541\Debug\F1-TestFixture.a(RTest_HSide1.o)
 .debug_aranges
                0x00000a08       0x38 .\CortexM3\ARM_GCC_541\Debug\F1-TestFixture.a(RTest_HSide3.o)
 .debug_aranges
                0x00000a40       0x38 .\CortexM3\ARM_GCC_541\Debug\F1-TestFixture.a(RTest_HSide2.o)
 .debug_aranges
                0x00000a78       0x38 .\CortexM3\ARM_GCC_541\Debug\F1-TestFixture.a(RTest_HSide4.o)
 .debug_aranges
                0x00000ab0       0x38 .\CortexM3\ARM_GCC_541\Debug\F1-TestFixture.a(RTest_HSide5.o)
 .debug_aranges
                0x00000ae8       0x38 .\CortexM3\ARM_GCC_541\Debug\F1-TestFixture.a(RTest_HSide6.o)
 .debug_aranges
                0x00000b20       0x38 .\CortexM3\ARM_GCC_541\Debug\F1-TestFixture.a(RTest_HSide7.o)
 .debug_aranges
                0x00000b58       0x38 .\CortexM3\ARM_GCC_541\Debug\F1-TestFixture.a(RTest_HSide8.o)
 .debug_aranges
                0x00000b90       0x80 .\CortexM3\ARM_GCC_541\Debug\F1-TestFixture.a(isr_UART_230400.o)
 .debug_aranges
                0x00000c10       0xf0 .\CortexM3\ARM_GCC_541\Debug\F1-TestFixture.a(UART_230400.o)
 .debug_aranges
                0x00000d00       0x20 .\CortexM3\ARM_GCC_541\Debug\F1-TestFixture.a(UART_230400_INT.o)
 .debug_aranges
                0x00000d20       0x70 .\CortexM3\ARM_GCC_541\Debug\F1-TestFixture.a(UART_230400_IntClock.o)
 .debug_aranges
                0x00000d90       0x28 .\CortexM3\ARM_GCC_541\Debug\F1-TestFixture.a(MUX_CTRL_230400.o)
 .debug_aranges
                0x00000db8       0x88 .\CortexM3\ARM_GCC_541\Debug\F1-TestFixture.a(Timer_20ms.o)
 .debug_aranges
                0x00000e40       0x38 .\CortexM3\ARM_GCC_541\Debug\F1-TestFixture.a(LED_EN.o)
 .debug_aranges
                0x00000e78       0x80 .\CortexM3\ARM_GCC_541\Debug\F1-TestFixture.a(isr_Timer_20ms.o)
 .debug_aranges
                0x00000ef8       0xf0 .\CortexM3\ARM_GCC_541\Debug\F1-TestFixture.a(UART_115200.o)
 .debug_aranges
                0x00000fe8       0x20 .\CortexM3\ARM_GCC_541\Debug\F1-TestFixture.a(UART_115200_INT.o)
 .debug_aranges
                0x00001008       0x80 .\CortexM3\ARM_GCC_541\Debug\F1-TestFixture.a(isr_UART_115200.o)
 .debug_aranges
                0x00001088       0x70 .\CortexM3\ARM_GCC_541\Debug\F1-TestFixture.a(UART_115200_IntClock.o)
 .debug_aranges
                0x000010f8       0x28 .\CortexM3\ARM_GCC_541\Debug\F1-TestFixture.a(DEMUX_CTRL_230400.o)
 .debug_aranges
                0x00001120       0x80 .\CortexM3\ARM_GCC_541\Debug\F1-TestFixture.a(isr_UART_460800.o)
 .debug_aranges
                0x000011a0       0xf0 .\CortexM3\ARM_GCC_541\Debug\F1-TestFixture.a(UART_460800.o)
 .debug_aranges
                0x00001290       0x20 .\CortexM3\ARM_GCC_541\Debug\F1-TestFixture.a(UART_460800_INT.o)
 .debug_aranges
                0x000012b0       0x28 .\CortexM3\ARM_GCC_541\Debug\F1-TestFixture.a(MUX_CTRL_460800.o)
 .debug_aranges
                0x000012d8       0x28 .\CortexM3\ARM_GCC_541\Debug\F1-TestFixture.a(DEMUX_CTRL_460800.o)
 .debug_aranges
                0x00001300       0x70 .\CortexM3\ARM_GCC_541\Debug\F1-TestFixture.a(UART_460800_IntClock.o)
 .debug_aranges
                0x00001370       0x88 .\CortexM3\ARM_GCC_541\Debug\F1-TestFixture.a(Timer_10ms.o)
 .debug_aranges
                0x000013f8       0x80 .\CortexM3\ARM_GCC_541\Debug\F1-TestFixture.a(isr_Timer_10ms.o)
 .debug_aranges
                0x00001478       0x88 .\CortexM3\ARM_GCC_541\Debug\F1-TestFixture.a(Timer_50ms.o)
 .debug_aranges
                0x00001500       0x80 .\CortexM3\ARM_GCC_541\Debug\F1-TestFixture.a(isr_Timer_50ms.o)
 .debug_aranges
                0x00001580       0x38 .\CortexM3\ARM_GCC_541\Debug\F1-TestFixture.a(PB_NextAction.o)
 .debug_aranges
                0x000015b8       0x50 .\CortexM3\ARM_GCC_541\Debug\F1-TestFixture.a(WaveDAC.o)
 .debug_aranges
                0x00001608       0x70 .\CortexM3\ARM_GCC_541\Debug\F1-TestFixture.a(WaveDAC_DacClk.o)
 .debug_aranges
                0x00001678       0x28 .\CortexM3\ARM_GCC_541\Debug\F1-TestFixture.a(WaveDAC_Wave1_DMA_dma.o)
 .debug_aranges
                0x000016a0       0x28 .\CortexM3\ARM_GCC_541\Debug\F1-TestFixture.a(WaveDAC_Wave2_DMA_dma.o)
 .debug_aranges
                0x000016c8       0x58 .\CortexM3\ARM_GCC_541\Debug\F1-TestFixture.a(WaveDAC_VDAC8.o)
 .debug_aranges
                0x00001720       0x38 .\CortexM3\ARM_GCC_541\Debug\F1-TestFixture.a(RTest_BLOCK_4_EN.o)
 .debug_aranges
                0x00001758       0x38 .\CortexM3\ARM_GCC_541\Debug\F1-TestFixture.a(RTest_BLOCK_3_EN.o)
 .debug_aranges
                0x00001790       0x38 .\CortexM3\ARM_GCC_541\Debug\F1-TestFixture.a(RTest_BLOCK_2_EN.o)
 .debug_aranges
                0x000017c8       0x38 .\CortexM3\ARM_GCC_541\Debug\F1-TestFixture.a(RTest_BLOCK_1_EN.o)
 .debug_aranges
                0x00001800       0x38 .\CortexM3\ARM_GCC_541\Debug\F1-TestFixture.a(RTest_DEMUX_C.o)
 .debug_aranges
                0x00001838       0x38 .\CortexM3\ARM_GCC_541\Debug\F1-TestFixture.a(RTest_DEMUX_B.o)
 .debug_aranges
                0x00001870       0x38 .\CortexM3\ARM_GCC_541\Debug\F1-TestFixture.a(RTest_DEMUX_A.o)
 .debug_aranges
                0x000018a8       0x38 .\CortexM3\ARM_GCC_541\Debug\F1-TestFixture.a(RTest_DEMUX_COM.o)
 .debug_aranges
                0x000018e0       0x28 .\CortexM3\ARM_GCC_541\Debug\F1-TestFixture.a(MUX_CTRL_115200.o)
 .debug_aranges
                0x00001908       0x38 .\CortexM3\ARM_GCC_541\Debug\F1-TestFixture.a(Overload1.o)
 .debug_aranges
                0x00001940       0x38 .\CortexM3\ARM_GCC_541\Debug\F1-TestFixture.a(Overload2.o)
 .debug_aranges
                0x00001978       0x20 .\CortexM3\ARM_GCC_541\Debug\F1-TestFixture.a(CyBootAsmGnu.o)
 .debug_aranges
                0x00001998       0x88 .\CortexM3\ARM_GCC_541\Debug\F1-TestFixture.a(CyFlash.o)
 .debug_aranges
                0x00001a20       0x80 .\CortexM3\ARM_GCC_541\Debug\F1-TestFixture.a(CySpc.o)
 .debug_aranges
                0x00001aa0       0x38 .\CortexM3\ARM_GCC_541\Debug\F1-TestFixture.a(LED1.o)
 .debug_aranges
                0x00001ad8       0x38 .\CortexM3\ARM_GCC_541\Debug\F1-TestFixture.a(LED2.o)
 .debug_aranges
                0x00001b10       0x38 .\CortexM3\ARM_GCC_541\Debug\F1-TestFixture.a(LED3.o)

.debug_pubnames
 *(.debug_pubnames)

.debug_info     0x00000000     0xf822
 *(.debug_info .gnu.linkonce.wi.*)
 .debug_info    0x00000000      0x1e0 .\CortexM3\ARM_GCC_541\Debug\main.o
 .debug_info    0x000001e0      0xf2f .\CortexM3\ARM_GCC_541\Debug\ControllerTest.o
 .debug_info    0x0000110f     0x1047 .\CortexM3\ARM_GCC_541\Debug\UART_230400_Functions.o
 .debug_info    0x00002156      0xa74 .\CortexM3\ARM_GCC_541\Debug\SirenTest.o
 .debug_info    0x00002bca     0x1267 .\CortexM3\ARM_GCC_541\Debug\RelayTest.o
 .debug_info    0x00003e31      0xb70 .\CortexM3\ARM_GCC_541\Debug\UART_460800_Functions.o
 .debug_info    0x000049a1      0x329 .\CortexM3\ARM_GCC_541\Debug\UART_115200_Functions.o
 .debug_info    0x00004cca      0x14e .\CortexM3\ARM_GCC_541\Debug\CD4051BPW_Driver.o
 .debug_info    0x00004e18      0xd6e .\CortexM3\ARM_GCC_541\Debug\ControllerTest_Complete.o
 .debug_info    0x00005b86     0x1097 .\CortexM3\ARM_GCC_541\Debug\RelayTest_Complete.o
 .debug_info    0x00006c1d      0x452 .\CortexM3\ARM_GCC_541\Debug\cyfitter_cfg.o
 .debug_info    0x0000706f      0x139 .\CortexM3\ARM_GCC_541\Debug\cymetadata.o
 .debug_info    0x000071a8      0x32b .\CortexM3\ARM_GCC_541\Debug\Cm3Start.o
 .debug_info    0x000074d3      0x8c0 .\CortexM3\ARM_GCC_541\Debug\F1-TestFixture.a(CyDmac.o)
 .debug_info    0x00007d93      0xe51 .\CortexM3\ARM_GCC_541\Debug\F1-TestFixture.a(CyLib.o)
 .debug_info    0x00008be4      0x57a .\CortexM3\ARM_GCC_541\Debug\F1-TestFixture.a(cyPm.o)
 .debug_info    0x0000915e      0x11e .\CortexM3\ARM_GCC_541\Debug\F1-TestFixture.a(STest_SIREN_EN.o)
 .debug_info    0x0000927c      0x11e .\CortexM3\ARM_GCC_541\Debug\F1-TestFixture.a(CTest_CONT_VBATT_EN.o)
 .debug_info    0x0000939a      0x11e .\CortexM3\ARM_GCC_541\Debug\F1-TestFixture.a(CTest_USB_5V_EN.o)
 .debug_info    0x000094b8      0x11e .\CortexM3\ARM_GCC_541\Debug\F1-TestFixture.a(RTest_SIREN_EN.o)
 .debug_info    0x000095d6      0x11e .\CortexM3\ARM_GCC_541\Debug\F1-TestFixture.a(RS1.o)
 .debug_info    0x000096f4      0x11e .\CortexM3\ARM_GCC_541\Debug\F1-TestFixture.a(RS2.o)
 .debug_info    0x00009812      0x11e .\CortexM3\ARM_GCC_541\Debug\F1-TestFixture.a(RTest_HSide1.o)
 .debug_info    0x00009930      0x11e .\CortexM3\ARM_GCC_541\Debug\F1-TestFixture.a(RTest_HSide3.o)
 .debug_info    0x00009a4e      0x11e .\CortexM3\ARM_GCC_541\Debug\F1-TestFixture.a(RTest_HSide2.o)
 .debug_info    0x00009b6c      0x11e .\CortexM3\ARM_GCC_541\Debug\F1-TestFixture.a(RTest_HSide4.o)
 .debug_info    0x00009c8a      0x11e .\CortexM3\ARM_GCC_541\Debug\F1-TestFixture.a(RTest_HSide5.o)
 .debug_info    0x00009da8      0x11e .\CortexM3\ARM_GCC_541\Debug\F1-TestFixture.a(RTest_HSide6.o)
 .debug_info    0x00009ec6      0x11e .\CortexM3\ARM_GCC_541\Debug\F1-TestFixture.a(RTest_HSide7.o)
 .debug_info    0x00009fe4      0x11e .\CortexM3\ARM_GCC_541\Debug\F1-TestFixture.a(RTest_HSide8.o)
 .debug_info    0x0000a102      0x268 .\CortexM3\ARM_GCC_541\Debug\F1-TestFixture.a(isr_UART_230400.o)
 .debug_info    0x0000a36a      0x593 .\CortexM3\ARM_GCC_541\Debug\F1-TestFixture.a(UART_230400.o)
 .debug_info    0x0000a8fd      0x108 .\CortexM3\ARM_GCC_541\Debug\F1-TestFixture.a(UART_230400_INT.o)
 .debug_info    0x0000aa05      0x25d .\CortexM3\ARM_GCC_541\Debug\F1-TestFixture.a(UART_230400_IntClock.o)
 .debug_info    0x0000ac62       0xd7 .\CortexM3\ARM_GCC_541\Debug\F1-TestFixture.a(MUX_CTRL_230400.o)
 .debug_info    0x0000ad39      0x245 .\CortexM3\ARM_GCC_541\Debug\F1-TestFixture.a(Timer_20ms.o)
 .debug_info    0x0000af7e      0x11e .\CortexM3\ARM_GCC_541\Debug\F1-TestFixture.a(LED_EN.o)
 .debug_info    0x0000b09c      0x268 .\CortexM3\ARM_GCC_541\Debug\F1-TestFixture.a(isr_Timer_20ms.o)
 .debug_info    0x0000b304      0x593 .\CortexM3\ARM_GCC_541\Debug\F1-TestFixture.a(UART_115200.o)
 .debug_info    0x0000b897      0x108 .\CortexM3\ARM_GCC_541\Debug\F1-TestFixture.a(UART_115200_INT.o)
 .debug_info    0x0000b99f      0x268 .\CortexM3\ARM_GCC_541\Debug\F1-TestFixture.a(isr_UART_115200.o)
 .debug_info    0x0000bc07      0x25d .\CortexM3\ARM_GCC_541\Debug\F1-TestFixture.a(UART_115200_IntClock.o)
 .debug_info    0x0000be64       0xd7 .\CortexM3\ARM_GCC_541\Debug\F1-TestFixture.a(DEMUX_CTRL_230400.o)
 .debug_info    0x0000bf3b      0x268 .\CortexM3\ARM_GCC_541\Debug\F1-TestFixture.a(isr_UART_460800.o)
 .debug_info    0x0000c1a3      0x593 .\CortexM3\ARM_GCC_541\Debug\F1-TestFixture.a(UART_460800.o)
 .debug_info    0x0000c736      0x108 .\CortexM3\ARM_GCC_541\Debug\F1-TestFixture.a(UART_460800_INT.o)
 .debug_info    0x0000c83e       0xd7 .\CortexM3\ARM_GCC_541\Debug\F1-TestFixture.a(MUX_CTRL_460800.o)
 .debug_info    0x0000c915       0xd7 .\CortexM3\ARM_GCC_541\Debug\F1-TestFixture.a(DEMUX_CTRL_460800.o)
 .debug_info    0x0000c9ec      0x25d .\CortexM3\ARM_GCC_541\Debug\F1-TestFixture.a(UART_460800_IntClock.o)
 .debug_info    0x0000cc49      0x245 .\CortexM3\ARM_GCC_541\Debug\F1-TestFixture.a(Timer_10ms.o)
 .debug_info    0x0000ce8e      0x26a .\CortexM3\ARM_GCC_541\Debug\F1-TestFixture.a(isr_Timer_10ms.o)
 .debug_info    0x0000d0f8      0x245 .\CortexM3\ARM_GCC_541\Debug\F1-TestFixture.a(Timer_50ms.o)
 .debug_info    0x0000d33d      0x2ff .\CortexM3\ARM_GCC_541\Debug\F1-TestFixture.a(isr_Timer_50ms.o)
 .debug_info    0x0000d63c      0x11e .\CortexM3\ARM_GCC_541\Debug\F1-TestFixture.a(PB_NextAction.o)
 .debug_info    0x0000d75a      0x248 .\CortexM3\ARM_GCC_541\Debug\F1-TestFixture.a(WaveDAC.o)
 .debug_info    0x0000d9a2      0x25d .\CortexM3\ARM_GCC_541\Debug\F1-TestFixture.a(WaveDAC_DacClk.o)
 .debug_info    0x0000dbff      0x11b .\CortexM3\ARM_GCC_541\Debug\F1-TestFixture.a(WaveDAC_Wave1_DMA_dma.o)
 .debug_info    0x0000dd1a      0x11b .\CortexM3\ARM_GCC_541\Debug\F1-TestFixture.a(WaveDAC_Wave2_DMA_dma.o)
 .debug_info    0x0000de35      0x185 .\CortexM3\ARM_GCC_541\Debug\F1-TestFixture.a(WaveDAC_VDAC8.o)
 .debug_info    0x0000dfba      0x11e .\CortexM3\ARM_GCC_541\Debug\F1-TestFixture.a(RTest_BLOCK_4_EN.o)
 .debug_info    0x0000e0d8      0x11e .\CortexM3\ARM_GCC_541\Debug\F1-TestFixture.a(RTest_BLOCK_3_EN.o)
 .debug_info    0x0000e1f6      0x11e .\CortexM3\ARM_GCC_541\Debug\F1-TestFixture.a(RTest_BLOCK_2_EN.o)
 .debug_info    0x0000e314      0x11e .\CortexM3\ARM_GCC_541\Debug\F1-TestFixture.a(RTest_BLOCK_1_EN.o)
 .debug_info    0x0000e432      0x11e .\CortexM3\ARM_GCC_541\Debug\F1-TestFixture.a(RTest_DEMUX_C.o)
 .debug_info    0x0000e550      0x11e .\CortexM3\ARM_GCC_541\Debug\F1-TestFixture.a(RTest_DEMUX_B.o)
 .debug_info    0x0000e66e      0x11e .\CortexM3\ARM_GCC_541\Debug\F1-TestFixture.a(RTest_DEMUX_A.o)
 .debug_info    0x0000e78c      0x11e .\CortexM3\ARM_GCC_541\Debug\F1-TestFixture.a(RTest_DEMUX_COM.o)
 .debug_info    0x0000e8aa       0xd7 .\CortexM3\ARM_GCC_541\Debug\F1-TestFixture.a(MUX_CTRL_115200.o)
 .debug_info    0x0000e981      0x11e .\CortexM3\ARM_GCC_541\Debug\F1-TestFixture.a(Overload1.o)
 .debug_info    0x0000ea9f      0x11e .\CortexM3\ARM_GCC_541\Debug\F1-TestFixture.a(Overload2.o)
 .debug_info    0x0000ebbd       0x92 .\CortexM3\ARM_GCC_541\Debug\F1-TestFixture.a(CyBootAsmGnu.o)
 .debug_info    0x0000ec4f      0x3b9 .\CortexM3\ARM_GCC_541\Debug\F1-TestFixture.a(CyFlash.o)
 .debug_info    0x0000f008      0x4c0 .\CortexM3\ARM_GCC_541\Debug\F1-TestFixture.a(CySpc.o)
 .debug_info    0x0000f4c8      0x11e .\CortexM3\ARM_GCC_541\Debug\F1-TestFixture.a(LED1.o)
 .debug_info    0x0000f5e6      0x11e .\CortexM3\ARM_GCC_541\Debug\F1-TestFixture.a(LED2.o)
 .debug_info    0x0000f704      0x11e .\CortexM3\ARM_GCC_541\Debug\F1-TestFixture.a(LED3.o)

.debug_abbrev   0x00000000     0x490c
 *(.debug_abbrev)
 .debug_abbrev  0x00000000      0x12c .\CortexM3\ARM_GCC_541\Debug\main.o
 .debug_abbrev  0x0000012c      0x247 .\CortexM3\ARM_GCC_541\Debug\ControllerTest.o
 .debug_abbrev  0x00000373      0x230 .\CortexM3\ARM_GCC_541\Debug\UART_230400_Functions.o
 .debug_abbrev  0x000005a3      0x225 .\CortexM3\ARM_GCC_541\Debug\SirenTest.o
 .debug_abbrev  0x000007c8      0x254 .\CortexM3\ARM_GCC_541\Debug\RelayTest.o
 .debug_abbrev  0x00000a1c      0x1e9 .\CortexM3\ARM_GCC_541\Debug\UART_460800_Functions.o
 .debug_abbrev  0x00000c05      0x169 .\CortexM3\ARM_GCC_541\Debug\UART_115200_Functions.o
 .debug_abbrev  0x00000d6e       0xd8 .\CortexM3\ARM_GCC_541\Debug\CD4051BPW_Driver.o
 .debug_abbrev  0x00000e46      0x1ab .\CortexM3\ARM_GCC_541\Debug\ControllerTest_Complete.o
 .debug_abbrev  0x00000ff1      0x20f .\CortexM3\ARM_GCC_541\Debug\RelayTest_Complete.o
 .debug_abbrev  0x00001200      0x1b7 .\CortexM3\ARM_GCC_541\Debug\cyfitter_cfg.o
 .debug_abbrev  0x000013b7       0x77 .\CortexM3\ARM_GCC_541\Debug\cymetadata.o
 .debug_abbrev  0x0000142e      0x1d6 .\CortexM3\ARM_GCC_541\Debug\Cm3Start.o
 .debug_abbrev  0x00001604      0x194 .\CortexM3\ARM_GCC_541\Debug\F1-TestFixture.a(CyDmac.o)
 .debug_abbrev  0x00001798      0x217 .\CortexM3\ARM_GCC_541\Debug\F1-TestFixture.a(CyLib.o)
 .debug_abbrev  0x000019af      0x161 .\CortexM3\ARM_GCC_541\Debug\F1-TestFixture.a(cyPm.o)
 .debug_abbrev  0x00001b10       0x90 .\CortexM3\ARM_GCC_541\Debug\F1-TestFixture.a(STest_SIREN_EN.o)
 .debug_abbrev  0x00001ba0       0x90 .\CortexM3\ARM_GCC_541\Debug\F1-TestFixture.a(CTest_CONT_VBATT_EN.o)
 .debug_abbrev  0x00001c30       0x90 .\CortexM3\ARM_GCC_541\Debug\F1-TestFixture.a(CTest_USB_5V_EN.o)
 .debug_abbrev  0x00001cc0       0x90 .\CortexM3\ARM_GCC_541\Debug\F1-TestFixture.a(RTest_SIREN_EN.o)
 .debug_abbrev  0x00001d50       0x90 .\CortexM3\ARM_GCC_541\Debug\F1-TestFixture.a(RS1.o)
 .debug_abbrev  0x00001de0       0x90 .\CortexM3\ARM_GCC_541\Debug\F1-TestFixture.a(RS2.o)
 .debug_abbrev  0x00001e70       0x90 .\CortexM3\ARM_GCC_541\Debug\F1-TestFixture.a(RTest_HSide1.o)
 .debug_abbrev  0x00001f00       0x90 .\CortexM3\ARM_GCC_541\Debug\F1-TestFixture.a(RTest_HSide3.o)
 .debug_abbrev  0x00001f90       0x90 .\CortexM3\ARM_GCC_541\Debug\F1-TestFixture.a(RTest_HSide2.o)
 .debug_abbrev  0x00002020       0x90 .\CortexM3\ARM_GCC_541\Debug\F1-TestFixture.a(RTest_HSide4.o)
 .debug_abbrev  0x000020b0       0x90 .\CortexM3\ARM_GCC_541\Debug\F1-TestFixture.a(RTest_HSide5.o)
 .debug_abbrev  0x00002140       0x90 .\CortexM3\ARM_GCC_541\Debug\F1-TestFixture.a(RTest_HSide6.o)
 .debug_abbrev  0x000021d0       0x90 .\CortexM3\ARM_GCC_541\Debug\F1-TestFixture.a(RTest_HSide7.o)
 .debug_abbrev  0x00002260       0x90 .\CortexM3\ARM_GCC_541\Debug\F1-TestFixture.a(RTest_HSide8.o)
 .debug_abbrev  0x000022f0      0x178 .\CortexM3\ARM_GCC_541\Debug\F1-TestFixture.a(isr_UART_230400.o)
 .debug_abbrev  0x00002468      0x15d .\CortexM3\ARM_GCC_541\Debug\F1-TestFixture.a(UART_230400.o)
 .debug_abbrev  0x000025c5       0x79 .\CortexM3\ARM_GCC_541\Debug\F1-TestFixture.a(UART_230400_INT.o)
 .debug_abbrev  0x0000263e      0x11d .\CortexM3\ARM_GCC_541\Debug\F1-TestFixture.a(UART_230400_IntClock.o)
 .debug_abbrev  0x0000275b       0x81 .\CortexM3\ARM_GCC_541\Debug\F1-TestFixture.a(MUX_CTRL_230400.o)
 .debug_abbrev  0x000027dc       0xe9 .\CortexM3\ARM_GCC_541\Debug\F1-TestFixture.a(Timer_20ms.o)
 .debug_abbrev  0x000028c5       0x90 .\CortexM3\ARM_GCC_541\Debug\F1-TestFixture.a(LED_EN.o)
 .debug_abbrev  0x00002955      0x178 .\CortexM3\ARM_GCC_541\Debug\F1-TestFixture.a(isr_Timer_20ms.o)
 .debug_abbrev  0x00002acd      0x15d .\CortexM3\ARM_GCC_541\Debug\F1-TestFixture.a(UART_115200.o)
 .debug_abbrev  0x00002c2a       0x79 .\CortexM3\ARM_GCC_541\Debug\F1-TestFixture.a(UART_115200_INT.o)
 .debug_abbrev  0x00002ca3      0x178 .\CortexM3\ARM_GCC_541\Debug\F1-TestFixture.a(isr_UART_115200.o)
 .debug_abbrev  0x00002e1b      0x11d .\CortexM3\ARM_GCC_541\Debug\F1-TestFixture.a(UART_115200_IntClock.o)
 .debug_abbrev  0x00002f38       0x81 .\CortexM3\ARM_GCC_541\Debug\F1-TestFixture.a(DEMUX_CTRL_230400.o)
 .debug_abbrev  0x00002fb9      0x178 .\CortexM3\ARM_GCC_541\Debug\F1-TestFixture.a(isr_UART_460800.o)
 .debug_abbrev  0x00003131      0x15d .\CortexM3\ARM_GCC_541\Debug\F1-TestFixture.a(UART_460800.o)
 .debug_abbrev  0x0000328e       0x79 .\CortexM3\ARM_GCC_541\Debug\F1-TestFixture.a(UART_460800_INT.o)
 .debug_abbrev  0x00003307       0x81 .\CortexM3\ARM_GCC_541\Debug\F1-TestFixture.a(MUX_CTRL_460800.o)
 .debug_abbrev  0x00003388       0x81 .\CortexM3\ARM_GCC_541\Debug\F1-TestFixture.a(DEMUX_CTRL_460800.o)
 .debug_abbrev  0x00003409      0x11d .\CortexM3\ARM_GCC_541\Debug\F1-TestFixture.a(UART_460800_IntClock.o)
 .debug_abbrev  0x00003526       0xe9 .\CortexM3\ARM_GCC_541\Debug\F1-TestFixture.a(Timer_10ms.o)
 .debug_abbrev  0x0000360f      0x15c .\CortexM3\ARM_GCC_541\Debug\F1-TestFixture.a(isr_Timer_10ms.o)
 .debug_abbrev  0x0000376b       0xe9 .\CortexM3\ARM_GCC_541\Debug\F1-TestFixture.a(Timer_50ms.o)
 .debug_abbrev  0x00003854      0x18b .\CortexM3\ARM_GCC_541\Debug\F1-TestFixture.a(isr_Timer_50ms.o)
 .debug_abbrev  0x000039df       0x90 .\CortexM3\ARM_GCC_541\Debug\F1-TestFixture.a(PB_NextAction.o)
 .debug_abbrev  0x00003a6f       0xe3 .\CortexM3\ARM_GCC_541\Debug\F1-TestFixture.a(WaveDAC.o)
 .debug_abbrev  0x00003b52      0x11d .\CortexM3\ARM_GCC_541\Debug\F1-TestFixture.a(WaveDAC_DacClk.o)
 .debug_abbrev  0x00003c6f       0x8b .\CortexM3\ARM_GCC_541\Debug\F1-TestFixture.a(WaveDAC_Wave1_DMA_dma.o)
 .debug_abbrev  0x00003cfa       0x8b .\CortexM3\ARM_GCC_541\Debug\F1-TestFixture.a(WaveDAC_Wave2_DMA_dma.o)
 .debug_abbrev  0x00003d85       0xeb .\CortexM3\ARM_GCC_541\Debug\F1-TestFixture.a(WaveDAC_VDAC8.o)
 .debug_abbrev  0x00003e70       0x90 .\CortexM3\ARM_GCC_541\Debug\F1-TestFixture.a(RTest_BLOCK_4_EN.o)
 .debug_abbrev  0x00003f00       0x90 .\CortexM3\ARM_GCC_541\Debug\F1-TestFixture.a(RTest_BLOCK_3_EN.o)
 .debug_abbrev  0x00003f90       0x90 .\CortexM3\ARM_GCC_541\Debug\F1-TestFixture.a(RTest_BLOCK_2_EN.o)
 .debug_abbrev  0x00004020       0x90 .\CortexM3\ARM_GCC_541\Debug\F1-TestFixture.a(RTest_BLOCK_1_EN.o)
 .debug_abbrev  0x000040b0       0x90 .\CortexM3\ARM_GCC_541\Debug\F1-TestFixture.a(RTest_DEMUX_C.o)
 .debug_abbrev  0x00004140       0x90 .\CortexM3\ARM_GCC_541\Debug\F1-TestFixture.a(RTest_DEMUX_B.o)
 .debug_abbrev  0x000041d0       0x90 .\CortexM3\ARM_GCC_541\Debug\F1-TestFixture.a(RTest_DEMUX_A.o)
 .debug_abbrev  0x00004260       0x90 .\CortexM3\ARM_GCC_541\Debug\F1-TestFixture.a(RTest_DEMUX_COM.o)
 .debug_abbrev  0x000042f0       0x81 .\CortexM3\ARM_GCC_541\Debug\F1-TestFixture.a(MUX_CTRL_115200.o)
 .debug_abbrev  0x00004371       0x90 .\CortexM3\ARM_GCC_541\Debug\F1-TestFixture.a(Overload1.o)
 .debug_abbrev  0x00004401       0x90 .\CortexM3\ARM_GCC_541\Debug\F1-TestFixture.a(Overload2.o)
 .debug_abbrev  0x00004491       0x14 .\CortexM3\ARM_GCC_541\Debug\F1-TestFixture.a(CyBootAsmGnu.o)
 .debug_abbrev  0x000044a5      0x14b .\CortexM3\ARM_GCC_541\Debug\F1-TestFixture.a(CyFlash.o)
 .debug_abbrev  0x000045f0      0x16c .\CortexM3\ARM_GCC_541\Debug\F1-TestFixture.a(CySpc.o)
 .debug_abbrev  0x0000475c       0x90 .\CortexM3\ARM_GCC_541\Debug\F1-TestFixture.a(LED1.o)
 .debug_abbrev  0x000047ec       0x90 .\CortexM3\ARM_GCC_541\Debug\F1-TestFixture.a(LED2.o)
 .debug_abbrev  0x0000487c       0x90 .\CortexM3\ARM_GCC_541\Debug\F1-TestFixture.a(LED3.o)

.debug_line     0x00000000     0x7753
 *(.debug_line)
 .debug_line    0x00000000      0x22d .\CortexM3\ARM_GCC_541\Debug\main.o
 .debug_line    0x0000022d      0x518 .\CortexM3\ARM_GCC_541\Debug\ControllerTest.o
 .debug_line    0x00000745      0x36d .\CortexM3\ARM_GCC_541\Debug\UART_230400_Functions.o
 .debug_line    0x00000ab2      0x3ea .\CortexM3\ARM_GCC_541\Debug\SirenTest.o
 .debug_line    0x00000e9c      0x591 .\CortexM3\ARM_GCC_541\Debug\RelayTest.o
 .debug_line    0x0000142d      0x309 .\CortexM3\ARM_GCC_541\Debug\UART_460800_Functions.o
 .debug_line    0x00001736      0x22f .\CortexM3\ARM_GCC_541\Debug\UART_115200_Functions.o
 .debug_line    0x00001965      0x1d3 .\CortexM3\ARM_GCC_541\Debug\CD4051BPW_Driver.o
 .debug_line    0x00001b38      0x2d8 .\CortexM3\ARM_GCC_541\Debug\ControllerTest_Complete.o
 .debug_line    0x00001e10      0x471 .\CortexM3\ARM_GCC_541\Debug\RelayTest_Complete.o
 .debug_line    0x00002281      0x230 .\CortexM3\ARM_GCC_541\Debug\cyfitter_cfg.o
 .debug_line    0x000024b1      0x141 .\CortexM3\ARM_GCC_541\Debug\cymetadata.o
 .debug_line    0x000025f2      0x1db .\CortexM3\ARM_GCC_541\Debug\Cm3Start.o
 .debug_line    0x000027cd      0x2b6 .\CortexM3\ARM_GCC_541\Debug\F1-TestFixture.a(CyDmac.o)
 .debug_line    0x00002a83      0x883 .\CortexM3\ARM_GCC_541\Debug\F1-TestFixture.a(CyLib.o)
 .debug_line    0x00003306      0x38e .\CortexM3\ARM_GCC_541\Debug\F1-TestFixture.a(cyPm.o)
 .debug_line    0x00003694       0x9e .\CortexM3\ARM_GCC_541\Debug\F1-TestFixture.a(STest_SIREN_EN.o)
 .debug_line    0x00003732       0xa3 .\CortexM3\ARM_GCC_541\Debug\F1-TestFixture.a(CTest_CONT_VBATT_EN.o)
 .debug_line    0x000037d5       0x9f .\CortexM3\ARM_GCC_541\Debug\F1-TestFixture.a(CTest_USB_5V_EN.o)
 .debug_line    0x00003874       0x9e .\CortexM3\ARM_GCC_541\Debug\F1-TestFixture.a(RTest_SIREN_EN.o)
 .debug_line    0x00003912       0x93 .\CortexM3\ARM_GCC_541\Debug\F1-TestFixture.a(RS1.o)
 .debug_line    0x000039a5       0x93 .\CortexM3\ARM_GCC_541\Debug\F1-TestFixture.a(RS2.o)
 .debug_line    0x00003a38       0x9c .\CortexM3\ARM_GCC_541\Debug\F1-TestFixture.a(RTest_HSide1.o)
 .debug_line    0x00003ad4       0x9c .\CortexM3\ARM_GCC_541\Debug\F1-TestFixture.a(RTest_HSide3.o)
 .debug_line    0x00003b70       0x9c .\CortexM3\ARM_GCC_541\Debug\F1-TestFixture.a(RTest_HSide2.o)
 .debug_line    0x00003c0c       0x9c .\CortexM3\ARM_GCC_541\Debug\F1-TestFixture.a(RTest_HSide4.o)
 .debug_line    0x00003ca8       0x9c .\CortexM3\ARM_GCC_541\Debug\F1-TestFixture.a(RTest_HSide5.o)
 .debug_line    0x00003d44       0x9c .\CortexM3\ARM_GCC_541\Debug\F1-TestFixture.a(RTest_HSide6.o)
 .debug_line    0x00003de0       0x9c .\CortexM3\ARM_GCC_541\Debug\F1-TestFixture.a(RTest_HSide7.o)
 .debug_line    0x00003e7c       0x9c .\CortexM3\ARM_GCC_541\Debug\F1-TestFixture.a(RTest_HSide8.o)
 .debug_line    0x00003f18      0x264 .\CortexM3\ARM_GCC_541\Debug\F1-TestFixture.a(isr_UART_230400.o)
 .debug_line    0x0000417c      0x324 .\CortexM3\ARM_GCC_541\Debug\F1-TestFixture.a(UART_230400.o)
 .debug_line    0x000044a0       0x8e .\CortexM3\ARM_GCC_541\Debug\F1-TestFixture.a(UART_230400_INT.o)
 .debug_line    0x0000452e      0x1b3 .\CortexM3\ARM_GCC_541\Debug\F1-TestFixture.a(UART_230400_IntClock.o)
 .debug_line    0x000046e1       0x78 .\CortexM3\ARM_GCC_541\Debug\F1-TestFixture.a(MUX_CTRL_230400.o)
 .debug_line    0x00004759      0x162 .\CortexM3\ARM_GCC_541\Debug\F1-TestFixture.a(Timer_20ms.o)
 .debug_line    0x000048bb       0x96 .\CortexM3\ARM_GCC_541\Debug\F1-TestFixture.a(LED_EN.o)
 .debug_line    0x00004951      0x26a .\CortexM3\ARM_GCC_541\Debug\F1-TestFixture.a(isr_Timer_20ms.o)
 .debug_line    0x00004bbb      0x324 .\CortexM3\ARM_GCC_541\Debug\F1-TestFixture.a(UART_115200.o)
 .debug_line    0x00004edf       0x8e .\CortexM3\ARM_GCC_541\Debug\F1-TestFixture.a(UART_115200_INT.o)
 .debug_line    0x00004f6d      0x264 .\CortexM3\ARM_GCC_541\Debug\F1-TestFixture.a(isr_UART_115200.o)
 .debug_line    0x000051d1      0x1b3 .\CortexM3\ARM_GCC_541\Debug\F1-TestFixture.a(UART_115200_IntClock.o)
 .debug_line    0x00005384       0x7a .\CortexM3\ARM_GCC_541\Debug\F1-TestFixture.a(DEMUX_CTRL_230400.o)
 .debug_line    0x000053fe      0x264 .\CortexM3\ARM_GCC_541\Debug\F1-TestFixture.a(isr_UART_460800.o)
 .debug_line    0x00005662      0x324 .\CortexM3\ARM_GCC_541\Debug\F1-TestFixture.a(UART_460800.o)
 .debug_line    0x00005986       0x8e .\CortexM3\ARM_GCC_541\Debug\F1-TestFixture.a(UART_460800_INT.o)
 .debug_line    0x00005a14       0x78 .\CortexM3\ARM_GCC_541\Debug\F1-TestFixture.a(MUX_CTRL_460800.o)
 .debug_line    0x00005a8c       0x7a .\CortexM3\ARM_GCC_541\Debug\F1-TestFixture.a(DEMUX_CTRL_460800.o)
 .debug_line    0x00005b06      0x1b3 .\CortexM3\ARM_GCC_541\Debug\F1-TestFixture.a(UART_460800_IntClock.o)
 .debug_line    0x00005cb9      0x162 .\CortexM3\ARM_GCC_541\Debug\F1-TestFixture.a(Timer_10ms.o)
 .debug_line    0x00005e1b      0x269 .\CortexM3\ARM_GCC_541\Debug\F1-TestFixture.a(isr_Timer_10ms.o)
 .debug_line    0x00006084      0x162 .\CortexM3\ARM_GCC_541\Debug\F1-TestFixture.a(Timer_50ms.o)
 .debug_line    0x000061e6      0x313 .\CortexM3\ARM_GCC_541\Debug\F1-TestFixture.a(isr_Timer_50ms.o)
 .debug_line    0x000064f9       0x9d .\CortexM3\ARM_GCC_541\Debug\F1-TestFixture.a(PB_NextAction.o)
 .debug_line    0x00006596       0xf1 .\CortexM3\ARM_GCC_541\Debug\F1-TestFixture.a(WaveDAC.o)
 .debug_line    0x00006687      0x1ad .\CortexM3\ARM_GCC_541\Debug\F1-TestFixture.a(WaveDAC_DacClk.o)
 .debug_line    0x00006834       0x84 .\CortexM3\ARM_GCC_541\Debug\F1-TestFixture.a(WaveDAC_Wave1_DMA_dma.o)
 .debug_line    0x000068b8       0x84 .\CortexM3\ARM_GCC_541\Debug\F1-TestFixture.a(WaveDAC_Wave2_DMA_dma.o)
 .debug_line    0x0000693c       0xf5 .\CortexM3\ARM_GCC_541\Debug\F1-TestFixture.a(WaveDAC_VDAC8.o)
 .debug_line    0x00006a31       0xa0 .\CortexM3\ARM_GCC_541\Debug\F1-TestFixture.a(RTest_BLOCK_4_EN.o)
 .debug_line    0x00006ad1       0xa0 .\CortexM3\ARM_GCC_541\Debug\F1-TestFixture.a(RTest_BLOCK_3_EN.o)