Archive member included to satisfy reference by file (symbol)

.\CortexM3\ARM_GCC_541\Debug\F1-TestFixture.a(CyDmac.o)
                              .\CortexM3\ARM_GCC_541\Debug\Cm3Start.o (CyDmacConfigure)
.\CortexM3\ARM_GCC_541\Debug\F1-TestFixture.a(CyLib.o)
                              .\CortexM3\ARM_GCC_541\Debug\Cm3Start.o (CyResetStatus)
.\CortexM3\ARM_GCC_541\Debug\F1-TestFixture.a(cyPm.o)
                              .\CortexM3\ARM_GCC_541\Debug\F1-TestFixture.a(CyLib.o) (CyPmReadStatus)
.\CortexM3\ARM_GCC_541\Debug\F1-TestFixture.a(STest_SIREN_EN.o)
                              .\CortexM3\ARM_GCC_541\Debug\SirenTest.o (STest_SIREN_EN_Write)
.\CortexM3\ARM_GCC_541\Debug\F1-TestFixture.a(CTest_CONT_VBATT_EN.o)
                              .\CortexM3\ARM_GCC_541\Debug\ControllerTest.o (CTest_CONT_VBATT_EN_Write)
.\CortexM3\ARM_GCC_541\Debug\F1-TestFixture.a(CTest_USB_5V_EN.o)
                              .\CortexM3\ARM_GCC_541\Debug\ControllerTest.o (CTest_USB_5V_EN_Write)
.\CortexM3\ARM_GCC_541\Debug\F1-TestFixture.a(RTest_SIREN_EN.o)
                              .\CortexM3\ARM_GCC_541\Debug\RelayTest.o (RTest_SIREN_EN_Read)
.\CortexM3\ARM_GCC_541\Debug\F1-TestFixture.a(RS1.o)
                              .\CortexM3\ARM_GCC_541\Debug\main.o (RS1_Read)
.\CortexM3\ARM_GCC_541\Debug\F1-TestFixture.a(RS2.o)
                              .\CortexM3\ARM_GCC_541\Debug\main.o (RS2_Read)
.\CortexM3\ARM_GCC_541\Debug\F1-TestFixture.a(RTest_HSide1.o)
                              .\CortexM3\ARM_GCC_541\Debug\RelayTest.o (RTest_HSide1_Write)
.\CortexM3\ARM_GCC_541\Debug\F1-TestFixture.a(RTest_HSide3.o)
                              .\CortexM3\ARM_GCC_541\Debug\RelayTest.o (RTest_HSide3_Write)
.\CortexM3\ARM_GCC_541\Debug\F1-TestFixture.a(RTest_HSide2.o)
                              .\CortexM3\ARM_GCC_541\Debug\RelayTest.o (RTest_HSide2_Write)
.\CortexM3\ARM_GCC_541\Debug\F1-TestFixture.a(RTest_HSide4.o)
                              .\CortexM3\ARM_GCC_541\Debug\RelayTest.o (RTest_HSide4_Write)
.\CortexM3\ARM_GCC_541\Debug\F1-TestFixture.a(RTest_HSide5.o)
                              .\CortexM3\ARM_GCC_541\Debug\RelayTest.o (RTest_HSide5_Write)
.\CortexM3\ARM_GCC_541\Debug\F1-TestFixture.a(RTest_HSide6.o)
                              .\CortexM3\ARM_GCC_541\Debug\RelayTest.o (RTest_HSide6_Write)
.\CortexM3\ARM_GCC_541\Debug\F1-TestFixture.a(RTest_HSide7.o)
                              .\CortexM3\ARM_GCC_541\Debug\RelayTest.o (RTest_HSide7_Write)
.\CortexM3\ARM_GCC_541\Debug\F1-TestFixture.a(RTest_HSide8.o)
                              .\CortexM3\ARM_GCC_541\Debug\RelayTest.o (RTest_HSide8_Write)
.\CortexM3\ARM_GCC_541\Debug\F1-TestFixture.a(isr_UART_230400.o)
                              .\CortexM3\ARM_GCC_541\Debug\main.o (isr_UART_230400_Start)
.\CortexM3\ARM_GCC_541\Debug\F1-TestFixture.a(UART_230400.o)
                              .\CortexM3\ARM_GCC_541\Debug\main.o (UART_230400_Start)
.\CortexM3\ARM_GCC_541\Debug\F1-TestFixture.a(UART_230400_INT.o)
                              .\CortexM3\ARM_GCC_541\Debug\F1-TestFixture.a(UART_230400.o) (UART_230400_TXISR)
.\CortexM3\ARM_GCC_541\Debug\F1-TestFixture.a(UART_230400_IntClock.o)
                              .\CortexM3\ARM_GCC_541\Debug\F1-TestFixture.a(UART_230400.o) (UART_230400_IntClock_Start)
.\CortexM3\ARM_GCC_541\Debug\F1-TestFixture.a(MUX_CTRL_230400.o)
                              .\CortexM3\ARM_GCC_541\Debug\ControllerTest.o (MUX_CTRL_230400_Write)
.\CortexM3\ARM_GCC_541\Debug\F1-TestFixture.a(Timer_20ms.o)
                              .\CortexM3\ARM_GCC_541\Debug\main.o (Timer_20ms_Start)
.\CortexM3\ARM_GCC_541\Debug\F1-TestFixture.a(LED_EN.o)
                              .\CortexM3\ARM_GCC_541\Debug\ControllerTest.o (LED_EN_Write)
.\CortexM3\ARM_GCC_541\Debug\F1-TestFixture.a(isr_Timer_20ms.o)
                              .\CortexM3\ARM_GCC_541\Debug\main.o (isr_Timer_20ms_Start)
.\CortexM3\ARM_GCC_541\Debug\F1-TestFixture.a(UART_115200.o)
                              .\CortexM3\ARM_GCC_541\Debug\main.o (UART_115200_Start)
.\CortexM3\ARM_GCC_541\Debug\F1-TestFixture.a(UART_115200_INT.o)
                              .\CortexM3\ARM_GCC_541\Debug\F1-TestFixture.a(UART_115200.o) (UART_115200_TXISR)
.\CortexM3\ARM_GCC_541\Debug\F1-TestFixture.a(isr_UART_115200.o)
                              .\CortexM3\ARM_GCC_541\Debug\main.o (isr_UART_115200_Start)
.\CortexM3\ARM_GCC_541\Debug\F1-TestFixture.a(UART_115200_IntClock.o)
                              .\CortexM3\ARM_GCC_541\Debug\F1-TestFixture.a(UART_115200.o) (UART_115200_IntClock_Start)
.\CortexM3\ARM_GCC_541\Debug\F1-TestFixture.a(DEMUX_CTRL_230400.o)
                              .\CortexM3\ARM_GCC_541\Debug\UART_230400_Functions.o (DEMUX_CTRL_230400_Write)
.\CortexM3\ARM_GCC_541\Debug\F1-TestFixture.a(isr_UART_460800.o)
                              .\CortexM3\ARM_GCC_541\Debug\main.o (isr_UART_460800_Start)
.\CortexM3\ARM_GCC_541\Debug\F1-TestFixture.a(UART_460800.o)
[...]
Memory Configuration

Name             Origin             Length             Attributes
rom              0x00000000         0x00020000         xr
ram              0x1fffc000         0x00008000         xrw
*default*        0x00000000         0xffffffff

Linker script and memory map

LOAD c:/program files (x86)/cypress/psoc creator/4.3/psoc creator/import/gnu/arm/5.4.1/bin/../lib/gcc/arm-none-eabi/5.4.1/armv7-m/crti.o
LOAD c:/program files (x86)/cypress/psoc creator/4.3/psoc creator/import/gnu/arm/5.4.1/bin/../lib/gcc/arm-none-eabi/5.4.1/armv7-m/crtbegin.o
LOAD c:/program files (x86)/cypress/psoc creator/4.3/psoc creator/import/gnu/arm/5.4.1/bin/../lib/gcc/arm-none-eabi/5.4.1/../../../../arm-none-eabi/lib/armv7-m/crt0.o
START GROUP
LOAD .\CortexM3\ARM_GCC_541\Debug\main.o
LOAD .\CortexM3\ARM_GCC_541\Debug\ControllerTest.o
LOAD .\CortexM3\ARM_GCC_541\Debug\UART_230400_Functions.o
LOAD .\CortexM3\ARM_GCC_541\Debug\SirenTest.o
LOAD .\CortexM3\ARM_GCC_541\Debug\RelayTest.o
LOAD .\CortexM3\ARM_GCC_541\Debug\UART_460800_Functions.o
LOAD .\CortexM3\ARM_GCC_541\Debug\UART_115200_Functions.o
LOAD .\CortexM3\ARM_GCC_541\Debug\CD4051BPW_Driver.o
LOAD .\CortexM3\ARM_GCC_541\Debug\ControllerTest_Complete.o
LOAD .\CortexM3\ARM_GCC_541\Debug\RelayTest_Complete.o
LOAD .\CortexM3\ARM_GCC_541\Debug\cyfitter_cfg.o
LOAD .\CortexM3\ARM_GCC_541\Debug\cymetadata.o
LOAD .\CortexM3\ARM_GCC_541\Debug\Cm3Start.o
LOAD .\CortexM3\ARM_GCC_541\Debug\F1-TestFixture.a
LOAD C:\Program Files (x86)\Cypress\PSoC Creator\4.3\PSoC Creator\psoc\content\cycomponentlibrary\CyComponentLibrary.cylib\CortexM3\ARM_GCC_541\Debug\CyComponentLibrary.a
END GROUP
START GROUP
LOAD c:/program files (x86)/cypress/psoc creator/4.3/psoc creator/import/gnu/arm/5.4.1/bin/../lib/gcc/arm-none-eabi/5.4.1/armv7-m\libgcc.a
LOAD c:/program files (x86)/cypress/psoc creator/4.3/psoc creator/import/gnu/arm/5.4.1/bin/../lib/gcc/arm-none-eabi/5.4.1/../../../../arm-none-eabi/lib/armv7-m\libg_nano.a
LOAD c:/program files (x86)/cypress/psoc creator/4.3/psoc creator/import/gnu/arm/5.4.1/bin/../lib/gcc/arm-none-eabi/5.4.1/../../../../arm-none-eabi/lib/armv7-m\libc_nano.a
END GROUP
START GROUP
LOAD c:/program files (x86)/cypress/psoc creator/4.3/psoc creator/import/gnu/arm/5.4.1/bin/../lib/gcc/arm-none-eabi/5.4.1/armv7-m\libgcc.a
LOAD c:/program files (x86)/cypress/psoc creator/4.3/psoc creator/import/gnu/arm/5.4.1/bin/../lib/gcc/arm-none-eabi/5.4.1/../../../../arm-none-eabi/lib/armv7-m\libc_nano.a
END GROUP
LOAD c:/program files (x86)/cypress/psoc creator/4.3/psoc creator/import/gnu/arm/5.4.1/bin/../lib/gcc/arm-none-eabi/5.4.1/armv7-m/crtend.o
LOAD c:/program files (x86)/cypress/psoc creator/4.3/psoc creator/import/gnu/arm/5.4.1/bin/../lib/gcc/arm-none-eabi/5.4.1/armv7-m/crtn.o
START GROUP
LOAD c:/program files (x86)/cypress/psoc creator/4.3/psoc creator/import/gnu/arm/5.4.1/bin/../lib/gcc/arm-none-eabi/5.4.1/armv7-m\libgcc.a
LOAD c:/program files (x86)/cypress/psoc creator/4.3/psoc creator/import/gnu/arm/5.4.1/bin/../lib/gcc/arm-none-eabi/5.4.1/../../../../arm-none-eabi/lib/armv7-m\libc.a
LOAD c:/program files (x86)/cypress/psoc creator/4.3/psoc creator/import/gnu/arm/5.4.1/bin/../lib/gcc/arm-none-eabi/5.4.1/../../../../arm-none-eabi/lib/armv7-m\libnosys.a
END GROUP
                0x00000000                CY_APPL_ORIGIN = 0x0
                0x00000100                CY_FLASH_ROW_SIZE = 0x100
                0x00000020                CY_ECC_ROW_SIZE = 0x20
                0x00000000                CY_EE_IN_BTLDR = 0x0
                0x00000000                CY_APPL_LOADABLE = 0x0
                0x00000800                CY_EE_SIZE = 0x800
                0x00000001                CY_APPL_NUM = 0x1
                0x00000001                CY_APPL_MAX = 0x1
                0x00000040                CY_METADATA_SIZE = 0x40
                0x00000000                CY_APPL_LOADABLE = 0x0
                0x00000000                CY_CHECKSUM_EXCLUDE_SIZE = ALIGN (0x0, CY_FLASH_ROW_SIZE)
                [!provide]                PROVIDE (__cy_heap_start, _end)
                0x00000001                PROVIDE (__cy_region_num, ((__cy_regions_end - __cy_regions) / 0x10))
                0x20004000                PROVIDE (__cy_stack, (ORIGIN (ram) + LENGTH (ram)))
                [!provide]                PROVIDE (__cy_heap_end, (__cy_stack - 0x800))

.cybootloader   0x00000000        0x0
 *(.cybootloader)
                0x00000000                appl1_start = CY_APPL_ORIGIN?CY_APPL_ORIGIN:ALIGN (CY_FLASH_ROW_SIZE)
                0x0000ff00                appl2_start = (appl1_start + ALIGN ((((LENGTH (rom) - appl1_start) - (0x2 * CY_FLASH_ROW_SIZE)) / 0x2), CY_FLASH_ROW_SIZE))
                0x00000000                appl_start = (CY_APPL_NUM == 0x1)?appl1_start:appl2_start
                0x00000000                ecc_offset = ((appl_start / CY_FLASH_ROW_SIZE) * CY_ECC_ROW_SIZE)
                0x00000000                ee_offset = (CY_APPL_LOADABLE && ! (CY_EE_IN_BTLDR))?((CY_EE_SIZE / CY_APPL_MAX) * (CY_APPL_NUM - 0x1)):0x0
                0x00000800                ee_size = (CY_APPL_LOADABLE && ! (CY_EE_IN_BTLDR))?(CY_EE_SIZE / CY_APPL_MAX):CY_EE_SIZE
                [!provide]                PROVIDE (CY_ECC_OFFSET, ecc_offset)

.text           0x00000000     0x6d72
 CREATE_OBJECT_SYMBOLS
                0x00000000                PROVIDE (__cy_interrupt_vector, RomVectors)
 *(.romvectors)
 .romvectors    0x00000000       0x10 .\CortexM3\ARM_GCC_541\Debug\Cm3Start.o
                0x00000000                RomVectors
                0x00000001                ASSERT ((. != __cy_interrupt_vector), No interrupt vector)
                0x00000001                ASSERT (CY_APPL_ORIGIN?(SIZEOF (.cybootloader) <= CY_APPL_ORIGIN):0x1, Wrong image location)
                0x00000010                PROVIDE (__cy_reset, Reset)
 *(.text.Reset)
 .text.Reset    0x00000010       0x18 .\CortexM3\ARM_GCC_541\Debug\Cm3Start.o
                0x00000010                Reset
                0x00000001                ASSERT ((. != __cy_reset), No reset code)
 *(.dma_init)
                0x00000001                ASSERT ((((appl_start + .) <= 0x10000) || 0x1), DMA Init must be within the first 64k of flash)
 *(.text .text.* .gnu.linkonce.t.*)
 .text          0x00000028       0x5c c:/program files (x86)/cypress/psoc creator/4.3/psoc creator/import/gnu/arm/5.4.1/bin/../lib/gcc/arm-none-eabi/5.4.1/armv7-m/crtbegin.o
 .text.main     0x00000084      0x15c .\CortexM3\ARM_GCC_541\Debug\main.o
                0x00000084                main
 .text.initializePeripherals
                0x000001e0       0x3c .\CortexM3\ARM_GCC_541\Debug\main.o
 .text.ControllerTest
                0x0000021c      0x488 .\CortexM3\ARM_GCC_541\Debug\ControllerTest.o
                0x0000021c                ControllerTest
 .text.CTest_ReadPushbuttons
                0x000006a4       0x3c .\CortexM3\ARM_GCC_541\Debug\ControllerTest.o
                0x000006a4                CTest_ReadPushbuttons
 .text.getTxPacket_Relay
                0x000006e0       0x20 .\CortexM3\ARM_GCC_541\Debug\ControllerTest.o
                0x000006e0                getTxPacket_Relay
 .text.getRxPacket_Controller
                0x00000700       0x20 .\CortexM3\ARM_GCC_541\Debug\ControllerTest.o
                0x00000700                getRxPacket_Controller
 .text.getTxPacket_Controller
                0x00000720       0x20 .\CortexM3\ARM_GCC_541\Debug\ControllerTest.o
                0x00000720                getTxPacket_Controller
 .text.CTest_sendDiagPacket
                0x00000740       0x58 .\CortexM3\ARM_GCC_541\Debug\ControllerTest.o
                0x00000740                CTest_sendDiagPacket
 .text.CTest_isr_PB
                0x00000798       0xe8 .\CortexM3\ARM_GCC_541\Debug\ControllerTest.o
                0x00000798                CTest_isr_PB
 .text.CTest_20ms_isr
                0x00000880       0x7c .\CortexM3\ARM_GCC_541\Debug\ControllerTest.o
                0x00000880                CTest_20ms_isr
 .text.CTest_50ms_isr
                0x000008fc       0x50 .\CortexM3\ARM_GCC_541\Debug\ControllerTest.o
                0x000008fc                CTest_50ms_isr
 .text.CTest_StartAutomatedStep
                0x0000094c       0x3c .\CortexM3\ARM_GCC_541\Debug\ControllerTest.o
                0x0000094c                CTest_StartAutomatedStep
 .text.CTest_StopAutomatedStep
                0x00000988       0x40 .\CortexM3\ARM_GCC_541\Debug\ControllerTest.o
                0x00000988                CTest_StopAutomatedStep
 .text.CTest_PB_WaitForAction
                0x000009c8       0x6c .\CortexM3\ARM_GCC_541\Debug\ControllerTest.o
                0x000009c8                CTest_PB_WaitForAction
 .text.getTxPacket_Intermotive
                0x00000a34       0x20 .\CortexM3\ARM_GCC_541\Debug\ControllerTest.o
                0x00000a34                getTxPacket_Intermotive
 .text.setLEDs  0x00000a54      0x6dc .\CortexM3\ARM_GCC_541\Debug\ControllerTest.o
                0x00000a54                setLEDs
 .text.processByteReceivedHandler
                0x00001130       0x68 .\CortexM3\ARM_GCC_541\Debug\UART_230400_Functions.o
                0x00001130                processByteReceivedHandler
 .text.detectPacket
                0x00001198      0x324 .\CortexM3\ARM_GCC_541\Debug\UART_230400_Functions.o
 .text.VerifyPacket_230400
                0x000014bc       0x34 .\CortexM3\ARM_GCC_541\Debug\UART_230400_Functions.o
                0x000014bc                VerifyPacket_230400
 .text.findpacket
                0x000014f0       0xd0 .\CortexM3\ARM_GCC_541\Debug\UART_230400_Functions.o
                0x000014f0                findpacket
 .text.sendPacket_RelayToController
                0x000015c0       0x5c .\CortexM3\ARM_GCC_541\Debug\UART_230400_Functions.o
                0x000015c0                sendPacket_RelayToController
 .text.sendPacket_RelayToController_Test
                0x0000161c       0xa0 .\CortexM3\ARM_GCC_541\Debug\UART_230400_Functions.o
                0x0000161c                sendPacket_RelayToController_Test
 .text.sendPacketToRelaySiren
                0x000016bc       0xc8 .\CortexM3\ARM_GCC_541\Debug\UART_230400_Functions.o
                0x000016bc                sendPacketToRelaySiren
 .text.sendPacket_SirenToRelay
                0x00001784       0x64 .\CortexM3\ARM_GCC_541\Debug\UART_230400_Functions.o
                0x00001784                sendPacket_SirenToRelay
 .text.VerifyPacket_GPS
                0x000017e8       0x24 .\CortexM3\ARM_GCC_541\Debug\UART_230400_Functions.o
                0x000017e8                VerifyPacket_GPS
 .text.SirenTest
                0x0000180c      0x480 .\CortexM3\ARM_GCC_541\Debug\SirenTest.o
                0x0000180c                SirenTest
 .text.STest_isr_PB
                0x00001c8c       0xe8 .\CortexM3\ARM_GCC_541\Debug\SirenTest.o
                0x00001c8c                STest_isr_PB
 .text.STest_10ms_isr
                0x00001d74       0x1c .\CortexM3\ARM_GCC_541\Debug\SirenTest.o
                0x00001d74                STest_10ms_isr
 .text.STest_20ms_isr
                0x00001d90       0x7c .\CortexM3\ARM_GCC_541\Debug\SirenTest.o
                0x00001d90                STest_20ms_isr
 .text.STest_50ms_isr
                0x00001e0c       0x58 .\CortexM3\ARM_GCC_541\Debug\SirenTest.o
                0x00001e0c                STest_50ms_isr
 .text.STest_sendDiagPacket
                0x00001e64       0x58 .\CortexM3\ARM_GCC_541\Debug\SirenTest.o
                0x00001e64                STest_sendDiagPacket
 .text.PB_WaitForAction
                0x00001ebc       0x6c .\CortexM3\ARM_GCC_541\Debug\SirenTest.o
                0x00001ebc                PB_WaitForAction
 .text.StartAutomatedStep
                0x00001f28       0x3c .\CortexM3\ARM_GCC_541\Debug\SirenTest.o
                0x00001f28                StartAutomatedStep
 .text.StopAutomatedStep
                0x00001f64       0x40 .\CortexM3\ARM_GCC_541\Debug\SirenTest.o
                0x00001f64                StopAutomatedStep
 .text.RelayTest
                0x00001fa4      0x434 .\CortexM3\ARM_GCC_541\Debug\RelayTest.o
                0x00001fa4                RelayTest
 .text.RTest_Test_Outputs
                0x000023d8       0x68 .\CortexM3\ARM_GCC_541\Debug\RelayTest.o
                0x000023d8                RTest_Test_Outputs
 .text.RTest_Test_DataLink
                0x00002440       0x68 .\CortexM3\ARM_GCC_541\Debug\RelayTest.o
                0x00002440                RTest_Test_DataLink
 .text.RTest_Test_QuadPorts
                0x000024a8       0x54 .\CortexM3\ARM_GCC_541\Debug\RelayTest.o
                0x000024a8                RTest_Test_QuadPorts
 .text.RTest_Test_UART_Siren
                0x000024fc       0x90 .\CortexM3\ARM_GCC_541\Debug\RelayTest.o
                0x000024fc                RTest_Test_UART_Siren
 .text.RTest_Test_Inputs
                0x0000258c       0x54 .\CortexM3\ARM_GCC_541\Debug\RelayTest.o
                0x0000258c                RTest_Test_Inputs
 .text.RTest_Test_Vbatt
                0x000025e0       0x40 .\CortexM3\ARM_GCC_541\Debug\RelayTest.o
                0x000025e0                RTest_Test_Vbatt
 .text.RTest_Test_BlockCurrents
                0x00002620       0x7c .\CortexM3\ARM_GCC_541\Debug\RelayTest.o
                0x00002620                RTest_Test_BlockCurrents
 .text.getRxPacket_Relay
                0x0000269c       0x20 .\CortexM3\ARM_GCC_541\Debug\RelayTest.o
                0x0000269c                getRxPacket_Relay
 .text.getTxPacket_RelaySiren
                0x000026bc       0x20 .\CortexM3\ARM_GCC_541\Debug\RelayTest.o
                0x000026bc                getTxPacket_RelaySiren
 .text.getRxPacket_RelaySiren
                0x000026dc       0x20 .\CortexM3\ARM_GCC_541\Debug\RelayTest.o
                0x000026dc                getRxPacket_RelaySiren
 .text.getTxPacket_H
                0x000026fc       0x20 .\CortexM3\ARM_GCC_541\Debug\RelayTest.o
                0x000026fc                getTxPacket_H
 .text.getRxPacket_H
                0x0000271c       0x20 .\CortexM3\ARM_GCC_541\Debug\RelayTest.o
                0x0000271c                getRxPacket_H
 .text.RTest_sendDiagPacket
                0x0000273c       0x58 .\CortexM3\ARM_GCC_541\Debug\RelayTest.o
                0x0000273c                RTest_sendDiagPacket
 .text.RTest_BlockCurrent
                0x00002794       0x7c .\CortexM3\ARM_GCC_541\Debug\RelayTest.o
                0x00002794                RTest_BlockCurrent
 .text.RTest_10ms_isr
                0x00002810       0x1c .\CortexM3\ARM_GCC_541\Debug\RelayTest.o
                0x00002810                RTest_10ms_isr
 .text.RTest_20ms_isr
                0x0000282c       0x84 .\CortexM3\ARM_GCC_541\Debug\RelayTest.o
                0x0000282c                RTest_20ms_isr
 .text.RTest_50ms_isr
                0x000028b0       0x58 .\CortexM3\ARM_GCC_541\Debug\RelayTest.o
                0x000028b0                RTest_50ms_isr
 .text.SetRelayOutputs
                0x00002908       0x80 .\CortexM3\ARM_GCC_541\Debug\RelayTest.o
                0x00002908                SetRelayOutputs
 .text.RTest_StartAutomatedStep
                0x00002988       0x3c .\CortexM3\ARM_GCC_541\Debug\RelayTest.o
                0x00002988                RTest_StartAutomatedStep
 .text.RTest_StopAutomatedStep
                0x000029c4       0x40 .\CortexM3\ARM_GCC_541\Debug\RelayTest.o
                0x000029c4                RTest_StopAutomatedStep
 .text.SetRelayInputs
                0x00002a04       0x7c .\CortexM3\ARM_GCC_541\Debug\RelayTest.o
                0x00002a04                SetRelayInputs
 .text.processByteReceivedHandler_460800
                0x00002a80       0x60 .\CortexM3\ARM_GCC_541\Debug\UART_460800_Functions.o
                0x00002a80                processByteReceivedHandler_460800
 .text.detectPacket
                0x00002ae0      0x21c .\CortexM3\ARM_GCC_541\Debug\UART_460800_Functions.o
 .text.VerifyPacket_460800
                0x00002cfc       0x34 .\CortexM3\ARM_GCC_541\Debug\UART_460800_Functions.o
                0x00002cfc                VerifyPacket_460800
 .text.sendPacketToRelay_Quad
                0x00002d30       0x40 .\CortexM3\ARM_GCC_541\Debug\UART_460800_Functions.o
                0x00002d30                sendPacketToRelay_Quad
 .text.sendPacketToSiren_Audio
                0x00002d70       0x2c .\CortexM3\ARM_GCC_541\Debug\UART_460800_Functions.o
                0x00002d70                sendPacketToSiren_Audio
 .text.sendPacketToController_OBDII
                0x00002d9c       0x50 .\CortexM3\ARM_GCC_541\Debug\UART_460800_Functions.o
                0x00002d9c                sendPacketToController_OBDII
 .text.sendPacket_OBDII
                0x00002dec       0x88 .\CortexM3\ARM_GCC_541\Debug\UART_460800_Functions.o
                0x00002dec                sendPacket_OBDII
 .text.processByteReceivedHandler_115200
                0x00002e74       0x60 .\CortexM3\ARM_GCC_541\Debug\UART_115200_Functions.o
                0x00002e74                processByteReceivedHandler_115200
 .text.detectPacket
                0x00002ed4      0x1d8 .\CortexM3\ARM_GCC_541\Debug\UART_115200_Functions.o
 .text.VerifyPacket_115200
                0x000030ac       0x4c .\CortexM3\ARM_GCC_541\Debug\UART_115200_Functions.o
                0x000030ac                VerifyPacket_115200
 .text.getMuxValue
                0x000030f8       0x20 .\CortexM3\ARM_GCC_541\Debug\CD4051BPW_Driver.o
 .text.selectADCChannelMux
                0x00003118      0x17c .\CortexM3\ARM_GCC_541\Debug\CD4051BPW_Driver.o
                0x00003118                selectADCChannelMux
 .text.ControllerTest_Complete
                0x00003294      0x468 .\CortexM3\ARM_GCC_541\Debug\ControllerTest_Complete.o
                0x00003294                ControllerTest_Complete
 .text.CTest_Complete_sendDiagPacket
                0x000036fc       0x58 .\CortexM3\ARM_GCC_541\Debug\ControllerTest_Complete.o
                0x000036fc                CTest_Complete_sendDiagPacket
 .text.CTest_Complete_20ms_isr
                0x00003754       0x7c .\CortexM3\ARM_GCC_541\Debug\ControllerTest_Complete.o
                0x00003754                CTest_Complete_20ms_isr
 .text.CTest_Complete_50ms_isr
                0x000037d0       0x50 .\CortexM3\ARM_GCC_541\Debug\ControllerTest_Complete.o
                0x000037d0                CTest_Complete_50ms_isr
 .text.CTest_Complete_StartAutomatedStep
                0x00003820       0x3c .\CortexM3\ARM_GCC_541\Debug\ControllerTest_Complete.o
                0x00003820                CTest_Complete_StartAutomatedStep
 .text.CTest_Complete_StopAutomatedStep
                0x0000385c       0x40 .\CortexM3\ARM_GCC_541\Debug\ControllerTest_Complete.o
                0x0000385c                CTest_Complete_StopAutomatedStep
 .text.RelayTest_Complete
                0x0000389c      0x7c0 .\CortexM3\ARM_GCC_541\Debug\RelayTest_Complete.o
                0x0000389c                RelayTest_Complete
 .text.RTest_Complete_Test_DataLink
                0x0000405c       0x68 .\CortexM3\ARM_GCC_541\Debug\RelayTest_Complete.o
                0x0000405c                RTest_Complete_Test_DataLink
 .text.RTest_Complete_sendDiagPacket
                0x000040c4       0x58 .\CortexM3\ARM_GCC_541\Debug\RelayTest_Complete.o
                0x000040c4                RTest_Complete_sendDiagPacket
 .text.RTest_Complete_isr_PB
                0x0000411c       0xe8 .\CortexM3\ARM_GCC_541\Debug\RelayTest_Complete.o
                0x0000411c                RTest_Complete_isr_PB
 .text.RTest_Complete_20ms_isr
                0x00004204       0x84 .\CortexM3\ARM_GCC_541\Debug\RelayTest_Complete.o
                0x00004204                RTest_Complete_20ms_isr
 .text.RTest_Complete_50ms_isr
                0x00004288       0x6c .\CortexM3\ARM_GCC_541\Debug\RelayTest_Complete.o
                0x00004288                RTest_Complete_50ms_isr
 .text.RTest_Complete_StartAutomatedStep
                0x000042f4       0x3c .\CortexM3\ARM_GCC_541\Debug\RelayTest_Complete.o
                0x000042f4                RTest_Complete_StartAutomatedStep
 .text.RTest_Complete_StopAutomatedStep
                0x00004330       0x40 .\CortexM3\ARM_GCC_541\Debug\RelayTest_Complete.o
                0x00004330                RTest_Complete_StopAutomatedStep
 .text.RTest_Complete_PB_WaitForAction
                0x00004370       0x6c .\CortexM3\ARM_GCC_541\Debug\RelayTest_Complete.o
                0x00004370                RTest_Complete_PB_WaitForAction
 .text.CYMEMZERO
                0x000043dc       0x1c .\CortexM3\ARM_GCC_541\Debug\cyfitter_cfg.o
 .text.CYCONFIGCPY
                0x000043f8       0x20 .\CortexM3\ARM_GCC_541\Debug\cyfitter_cfg.o
 .text.CyClockStartupError
                0x00004418        0xc .\CortexM3\ARM_GCC_541\Debug\cyfitter_cfg.o
 .text.cfg_write_bytes32
                0x00004424       0x74 .\CortexM3\ARM_GCC_541\Debug\cyfitter_cfg.o
 .text.ClockSetup
                0x00004498      0x170 .\CortexM3\ARM_GCC_541\Debug\cyfitter_cfg.o
 .text.AnalogSetDefault
                0x00004608       0x6c .\CortexM3\ARM_GCC_541\Debug\cyfitter_cfg.o
 .text.cyfitter_cfg
                0x00004674      0x1f8 .\CortexM3\ARM_GCC_541\Debug\cyfitter_cfg.o
                0x00004674                cyfitter_cfg
 .text.IntDefaultHandler
                0x0000486c       0x14 .\CortexM3\ARM_GCC_541\Debug\Cm3Start.o
                0x0000486c                IntDefaultHandler
 .text.Start_c  0x00004880       0x98 .\CortexM3\ARM_GCC_541\Debug\Cm3Start.o
                0x00004880                Start_c
 .text.initialize_psoc
                0x00004918       0x94 .\CortexM3\ARM_GCC_541\Debug\Cm3Start.o
                0x00004918                initialize_psoc
 .text.CyDmacConfigure
                0x000049ac       0x5c .\CortexM3\ARM_GCC_541\Debug\F1-TestFixture.a(CyDmac.o)
                0x000049ac                CyDmacConfigure
 .text.CyDmaChEnable
                0x00004a08       0x8c .\CortexM3\ARM_GCC_541\Debug\F1-TestFixture.a(CyDmac.o)
                0x00004a08                CyDmaChEnable
 .text.CyDmaChDisable
                0x00004a94       0x60 .\CortexM3\ARM_GCC_541\Debug\F1-TestFixture.a(CyDmac.o)
                0x00004a94                CyDmaChDisable
 .text.CyDmaChPriority
                0x00004af4       0x64 .\CortexM3\ARM_GCC_541\Debug\F1-TestFixture.a(CyDmac.o)
                0x00004af4                CyDmaChPriority
 .text.CyDmaChSetExtendedAddress
                0x00004b58       0x78 .\CortexM3\ARM_GCC_541\Debug\F1-TestFixture.a(CyDmac.o)
                0x00004b58                CyDmaChSetExtendedAddress
 .text.CyDmaChSetInitialTd
                0x00004bd0       0x3c .\CortexM3\ARM_GCC_541\Debug\F1-TestFixture.a(CyDmac.o)
                0x00004bd0                CyDmaChSetInitialTd
 .text.CyDmaChSetConfiguration
                0x00004c0c       0xa0 .\CortexM3\ARM_GCC_541\Debug\F1-TestFixture.a(CyDmac.o)
                0x00004c0c                CyDmaChSetConfiguration
 .text.CyDmaTdAllocate
                0x00004cac       0x5c .\CortexM3\ARM_GCC_541\Debug\F1-TestFixture.a(CyDmac.o)
                0x00004cac                CyDmaTdAllocate
 .text.CyDmaTdSetConfiguration
                0x00004d08       0x80 .\CortexM3\ARM_GCC_541\Debug\F1-TestFixture.a(CyDmac.o)
                0x00004d08                CyDmaTdSetConfiguration
 .text.CyDmaTdSetAddress
                0x00004d88       0x5c .\CortexM3\ARM_GCC_541\Debug\F1-TestFixture.a(CyDmac.o)
                0x00004d88                CyDmaTdSetAddress
 .text.CyHalt   0x00004de4       0x18 .\CortexM3\ARM_GCC_541\Debug\F1-TestFixture.a(CyLib.o)
                0x00004de4                CyHalt
 .text.CyDelay  0x00004dfc       0x44 .\CortexM3\ARM_GCC_541\Debug\F1-TestFixture.a(CyLib.o)
                0x00004dfc                CyDelay
 .text.CyIntSetVector
                0x00004e40       0x50 .\CortexM3\ARM_GCC_541\Debug\F1-TestFixture.a(CyLib.o)
                0x00004e40                CyIntSetVector
 .text.CyIntSetPriority
                0x00004e90       0x48 .\CortexM3\ARM_GCC_541\Debug\F1-TestFixture.a(CyLib.o)
                0x00004e90                CyIntSetPriority
 .text.STest_SIREN_EN_Write
                0x00004ed8       0x3c .\CortexM3\ARM_GCC_541\Debug\F1-TestFixture.a(STest_SIREN_EN.o)
                0x00004ed8                STest_SIREN_EN_Write
 .text.CTest_CONT_VBATT_EN_Write
                0x00004f14       0x3c .\CortexM3\ARM_GCC_541\Debug\F1-TestFixture.a(CTest_CONT_VBATT_EN.o)
                0x00004f14                CTest_CONT_VBATT_EN_Write
 .text.CTest_USB_5V_EN_Write
                0x00004f50       0x3c .\CortexM3\ARM_GCC_541\Debug\F1-TestFixture.a(CTest_USB_5V_EN.o)
                0x00004f50                CTest_USB_5V_EN_Write
 .text.RTest_SIREN_EN_Read
                0x00004f8c       0x1c .\CortexM3\ARM_GCC_541\Debug\F1-TestFixture.a(RTest_SIREN_EN.o)
                0x00004f8c                RTest_SIREN_EN_Read
 .text.RS1_Read
                0x00004fa8       0x20 .\CortexM3\ARM_GCC_541\Debug\F1-TestFixture.a(RS1.o)
                0x00004fa8                RS1_Read
 .text.RS2_Read
                0x00004fc8       0x20 .\CortexM3\ARM_GCC_541\Debug\F1-TestFixture.a(RS2.o)
                0x00004fc8                RS2_Read
 .text.RTest_HSide1_Write
                0x00004fe8       0x3c .\CortexM3\ARM_GCC_541\Debug\F1-TestFixture.a(RTest_HSide1.o)
                0x00004fe8                RTest_HSide1_Write
 .text.RTest_HSide3_Write
                0x00005024       0x34 .\CortexM3\ARM_GCC_541\Debug\F1-TestFixture.a(RTest_HSide3.o)
                0x00005024                RTest_HSide3_Write
 .text.RTest_HSide2_Write
                0x00005058       0x3c .\CortexM3\ARM_GCC_541\Debug\F1-TestFixture.a(RTest_HSide2.o)
                0x00005058                RTest_HSide2_Write
 .text.RTest_HSide4_Write
                0x00005094       0x3c .\CortexM3\ARM_GCC_541\Debug\F1-TestFixture.a(RTest_HSide4.o)
                0x00005094                RTest_HSide4_Write
 .text.RTest_HSide5_Write
                0x000050d0       0x3c .\CortexM3\ARM_GCC_541\Debug\F1-TestFixture.a(RTest_HSide5.o)
                0x000050d0                RTest_HSide5_Write
 .text.RTest_HSide6_Write
                0x0000510c       0x3c .\CortexM3\ARM_GCC_541\Debug\F1-TestFixture.a(RTest_HSide6.o)
                0x0000510c                RTest_HSide6_Write
 .text.RTest_HSide7_Write
                0x00005148       0x3c .\CortexM3\ARM_GCC_541\Debug\F1-TestFixture.a(RTest_HSide7.o)
                0x00005148                RTest_HSide7_Write
 .text.RTest_HSide8_Write
                0x00005184       0x38 .\CortexM3\ARM_GCC_541\Debug\F1-TestFixture.a(RTest_HSide8.o)
                0x00005184                RTest_HSide8_Write
 .text.isr_UART_230400_Start
                0x000051bc       0x20 .\CortexM3\ARM_GCC_541\Debug\F1-TestFixture.a(isr_UART_230400.o)
                0x000051bc                isr_UART_230400_Start
 .text.isr_UART_230400_Interrupt
                0x000051dc        0xc .\CortexM3\ARM_GCC_541\Debug\F1-TestFixture.a(isr_UART_230400.o)
                0x000051dc                isr_UART_230400_Interrupt
 .text.isr_UART_230400_SetVector
                0x000051e8       0x24 .\CortexM3\ARM_GCC_541\Debug\F1-TestFixture.a(isr_UART_230400.o)
                0x000051e8                isr_UART_230400_SetVector
 .text.isr_UART_230400_SetPriority
                0x0000520c       0x24 .\CortexM3\ARM_GCC_541\Debug\F1-TestFixture.a(isr_UART_230400.o)
                0x0000520c                isr_UART_230400_SetPriority
 .text.isr_UART_230400_Enable
                0x00005230       0x18 .\CortexM3\ARM_GCC_541\Debug\F1-TestFixture.a(isr_UART_230400.o)
                0x00005230                isr_UART_230400_Enable
 .text.isr_UART_230400_Disable
                0x00005248       0x18 .\CortexM3\ARM_GCC_541\Debug\F1-TestFixture.a(isr_UART_230400.o)
                0x00005248                isr_UART_230400_Disable
 .text.UART_230400_Start
                0x00005260       0x24 .\CortexM3\ARM_GCC_541\Debug\F1-TestFixture.a(UART_230400.o)
                0x00005260                UART_230400_Start
 .text.UART_230400_Init
                0x00005284       0x50 .\CortexM3\ARM_GCC_541\Debug\F1-TestFixture.a(UART_230400.o)
                0x00005284                UART_230400_Init
 .text.UART_230400_Enable
                0x000052d4       0x74 .\CortexM3\ARM_GCC_541\Debug\F1-TestFixture.a(UART_230400.o)
                0x000052d4                UART_230400_Enable
 .text.UART_230400_ReadRxStatus
                0x00005348       0x24 .\CortexM3\ARM_GCC_541\Debug\F1-TestFixture.a(UART_230400.o)
                0x00005348                UART_230400_ReadRxStatus
 .text.UART_230400_GetChar
                0x0000536c       0x44 .\CortexM3\ARM_GCC_541\Debug\F1-TestFixture.a(UART_230400.o)
                0x0000536c                UART_230400_GetChar
 .text.UART_230400_WriteTxData
                0x000053b0       0x94 .\CortexM3\ARM_GCC_541\Debug\F1-TestFixture.a(UART_230400.o)
                0x000053b0                UART_230400_WriteTxData
 .text.UART_230400_TXISR
                0x00005444       0x70 .\CortexM3\ARM_GCC_541\Debug\F1-TestFixture.a(UART_230400_INT.o)
                0x00005444                UART_230400_TXISR
 .text.UART_230400_IntClock_Start
                0x000054b4       0x34 .\CortexM3\ARM_GCC_541\Debug\F1-TestFixture.a(UART_230400_IntClock.o)
                0x000054b4                UART_230400_IntClock_Start
 .text.MUX_CTRL_230400_Write
                0x000054e8       0x20 .\CortexM3\ARM_GCC_541\Debug\F1-TestFixture.a(MUX_CTRL_230400.o)
                0x000054e8                MUX_CTRL_230400_Write
 .text.Timer_20ms_Init
                0x00005508       0xa0 .\CortexM3\ARM_GCC_541\Debug\F1-TestFixture.a(Timer_20ms.o)
                0x00005508                Timer_20ms_Init
 .text.Timer_20ms_Enable
                0x000055a8       0x48 .\CortexM3\ARM_GCC_541\Debug\F1-TestFixture.a(Timer_20ms.o)
                0x000055a8                Timer_20ms_Enable
 .text.Timer_20ms_Start
                0x000055f0       0x24 .\CortexM3\ARM_GCC_541\Debug\F1-TestFixture.a(Timer_20ms.o)
                0x000055f0                Timer_20ms_Start
 .text.Timer_20ms_SetInterruptMode
                0x00005614       0x20 .\CortexM3\ARM_GCC_541\Debug\F1-TestFixture.a(Timer_20ms.o)
                0x00005614                Timer_20ms_SetInterruptMode
 .text.Timer_20ms_WritePeriod
                0x00005634       0x24 .\CortexM3\ARM_GCC_541\Debug\F1-TestFixture.a(Timer_20ms.o)
                0x00005634                Timer_20ms_WritePeriod
 .text.Timer_20ms_WriteCounter
                0x00005658       0x20 .\CortexM3\ARM_GCC_541\Debug\F1-TestFixture.a(Timer_20ms.o)
                0x00005658                Timer_20ms_WriteCounter
 .text.LED_EN_Write
                0x00005678       0x3c .\CortexM3\ARM_GCC_541\Debug\F1-TestFixture.a(LED_EN.o)
                0x00005678                LED_EN_Write
 .text.isr_Timer_20ms_Start
                0x000056b4       0x20 .\CortexM3\ARM_GCC_541\Debug\F1-TestFixture.a(isr_Timer_20ms.o)
                0x000056b4                isr_Timer_20ms_Start
 .text.isr_Timer_20ms_Interrupt
                0x000056d4       0x28 .\CortexM3\ARM_GCC_541\Debug\F1-TestFixture.a(isr_Timer_20ms.o)
                0x000056d4                isr_Timer_20ms_Interrupt
 .text.isr_Timer_20ms_SetVector
                0x000056fc       0x24 .\CortexM3\ARM_GCC_541\Debug\F1-TestFixture.a(isr_Timer_20ms.o)
                0x000056fc                isr_Timer_20ms_SetVector
 .text.isr_Timer_20ms_SetPriority
                0x00005720       0x24 .\CortexM3\ARM_GCC_541\Debug\F1-TestFixture.a(isr_Timer_20ms.o)
                0x00005720                isr_Timer_20ms_SetPriority
 .text.isr_Timer_20ms_Enable
                0x00005744       0x18 .\CortexM3\ARM_GCC_541\Debug\F1-TestFixture.a(isr_Timer_20ms.o)
                0x00005744                isr_Timer_20ms_Enable
 .text.isr_Timer_20ms_Disable
                0x0000575c       0x18 .\CortexM3\ARM_GCC_541\Debug\F1-TestFixture.a(isr_Timer_20ms.o)
                0x0000575c                isr_Timer_20ms_Disable
 .text.UART_115200_Start
                0x00005774       0x24 .\CortexM3\ARM_GCC_541\Debug\F1-TestFixture.a(UART_115200.o)
                0x00005774                UART_115200_Start
 .text.UART_115200_Init
                0x00005798       0x50 .\CortexM3\ARM_GCC_541\Debug\F1-TestFixture.a(UART_115200.o)
                0x00005798                UART_115200_Init
 .text.UART_115200_Enable
                0x000057e8       0x74 .\CortexM3\ARM_GCC_541\Debug\F1-TestFixture.a(UART_115200.o)
                0x000057e8                UART_115200_Enable
 .text.UART_115200_ReadRxStatus
                0x0000585c       0x24 .\CortexM3\ARM_GCC_541\Debug\F1-TestFixture.a(UART_115200.o)
                0x0000585c                UART_115200_ReadRxStatus
 .text.UART_115200_GetChar
                0x00005880       0x44 .\CortexM3\ARM_GCC_541\Debug\F1-TestFixture.a(UART_115200.o)
                0x00005880                UART_115200_GetChar
 .text.UART_115200_PutChar
                0x000058c4       0xbc .\CortexM3\ARM_GCC_541\Debug\F1-TestFixture.a(UART_115200.o)
                0x000058c4                UART_115200_PutChar
 .text.UART_115200_PutArray
                0x00005980       0x44 .\CortexM3\ARM_GCC_541\Debug\F1-TestFixture.a(UART_115200.o)
                0x00005980                UART_115200_PutArray
 .text.UART_115200_TXISR
                0x000059c4       0x70 .\CortexM3\ARM_GCC_541\Debug\F1-TestFixture.a(UART_115200_INT.o)
                0x000059c4                UART_115200_TXISR
 .text.isr_UART_115200_Start
                0x00005a34       0x20 .\CortexM3\ARM_GCC_541\Debug\F1-TestFixture.a(isr_UART_115200.o)
                0x00005a34                isr_UART_115200_Start
 .text.isr_UART_115200_Interrupt
                0x00005a54        0xc .\CortexM3\ARM_GCC_541\Debug\F1-TestFixture.a(isr_UART_115200.o)
                0x00005a54                isr_UART_115200_Interrupt
 .text.isr_UART_115200_SetVector
                0x00005a60       0x24 .\CortexM3\ARM_GCC_541\Debug\F1-TestFixture.a(isr_UART_115200.o)
                0x00005a60                isr_UART_115200_SetVector
 .text.isr_UART_115200_SetPriority
                0x00005a84       0x24 .\CortexM3\ARM_GCC_541\Debug\F1-TestFixture.a(isr_UART_115200.o)
                0x00005a84                isr_UART_115200_SetPriority
 .text.isr_UART_115200_Enable
                0x00005aa8       0x18 .\CortexM3\ARM_GCC_541\Debug\F1-TestFixture.a(isr_UART_115200.o)
                0x00005aa8                isr_UART_115200_Enable
 .text.isr_UART_115200_Disable
                0x00005ac0       0x18 .\CortexM3\ARM_GCC_541\Debug\F1-TestFixture.a(isr_UART_115200.o)
                0x00005ac0                isr_UART_115200_Disable
 .text.UART_115200_IntClock_Start
                0x00005ad8       0x34 .\CortexM3\ARM_GCC_541\Debug\F1-TestFixture.a(UART_115200_IntClock.o)
                0x00005ad8                UART_115200_IntClock_Start
 .text.DEMUX_CTRL_230400_Write
                0x00005b0c       0x20 .\CortexM3\ARM_GCC_541\Debug\F1-TestFixture.a(DEMUX_CTRL_230400.o)
                0x00005b0c                DEMUX_CTRL_230400_Write
 .text.isr_UART_460800_Start
                0x00005b2c       0x20 .\CortexM3\ARM_GCC_541\Debug\F1-TestFixture.a(isr_UART_460800.o)
                0x00005b2c                isr_UART_460800_Start
 .text.isr_UART_460800_Interrupt
                0x00005b4c        0xc .\CortexM3\ARM_GCC_541\Debug\F1-TestFixture.a(isr_UART_460800.o)
                0x00005b4c                isr_UART_460800_Interrupt
 .text.isr_UART_460800_SetVector
                0x00005b58       0x24 .\CortexM3\ARM_GCC_541\Debug\F1-TestFixture.a(isr_UART_460800.o)
                0x00005b58                isr_UART_460800_SetVector
 .text.isr_UART_460800_SetPriority
                0x00005b7c       0x24 .\CortexM3\ARM_GCC_541\Debug\F1-TestFixture.a(isr_UART_460800.o)
                0x00005b7c                isr_UART_460800_SetPriority
 .text.isr_UART_460800_Enable
                0x00005ba0       0x18 .\CortexM3\ARM_GCC_541\Debug\F1-TestFixture.a(isr_UART_460800.o)
                0x00005ba0                isr_UART_460800_Enable
 .text.isr_UART_460800_Disable
                0x00005bb8       0x18 .\CortexM3\ARM_GCC_541\Debug\F1-TestFixture.a(isr_UART_460800.o)
                0x00005bb8                isr_UART_460800_Disable
 .text.UART_460800_Start
                0x00005bd0       0x24 .\CortexM3\ARM_GCC_541\Debug\F1-TestFixture.a(UART_460800.o)
                0x00005bd0                UART_460800_Start
 .text.UART_460800_Init
                0x00005bf4       0x50 .\CortexM3\ARM_GCC_541\Debug\F1-TestFixture.a(UART_460800.o)
                0x00005bf4                UART_460800_Init
 .text.UART_460800_Enable
                0x00005c44       0x74 .\CortexM3\ARM_GCC_541\Debug\F1-TestFixture.a(UART_460800.o)
                0x00005c44                UART_460800_Enable
 .text.UART_460800_ReadRxStatus
                0x00005cb8       0x24 .\CortexM3\ARM_GCC_541\Debug\F1-TestFixture.a(UART_460800.o)
                0x00005cb8                UART_460800_ReadRxStatus
 .text.UART_460800_GetChar
                0x00005cdc       0x44 .\CortexM3\ARM_GCC_541\Debug\F1-TestFixture.a(UART_460800.o)
                0x00005cdc                UART_460800_GetChar
 .text.UART_460800_WriteTxData
                0x00005d20       0x94 .\CortexM3\ARM_GCC_541\Debug\F1-TestFixture.a(UART_460800.o)
                0x00005d20                UART_460800_WriteTxData
 .text.UART_460800_TXISR
                0x00005db4       0x70 .\CortexM3\ARM_GCC_541\Debug\F1-TestFixture.a(UART_460800_INT.o)
                0x00005db4                UART_460800_TXISR
 .text.MUX_CTRL_460800_Write
                0x00005e24       0x20 .\CortexM3\ARM_GCC_541\Debug\F1-TestFixture.a(MUX_CTRL_460800.o)
                0x00005e24                MUX_CTRL_460800_Write
 .text.DEMUX_CTRL_460800_Write
                0x00005e44       0x20 .\CortexM3\ARM_GCC_541\Debug\F1-TestFixture.a(DEMUX_CTRL_460800.o)
                0x00005e44                DEMUX_CTRL_460800_Write
 .text.UART_460800_IntClock_Start
                0x00005e64       0x34 .\CortexM3\ARM_GCC_541\Debug\F1-TestFixture.a(UART_460800_IntClock.o)
                0x00005e64                UART_460800_IntClock_Start
 .text.Timer_10ms_Init
                0x00005e98       0x9c .\CortexM3\ARM_GCC_541\Debug\F1-TestFixture.a(Timer_10ms.o)
                0x00005e98                Timer_10ms_Init
 .text.Timer_10ms_Enable
                0x00005f34       0x48 .\CortexM3\ARM_GCC_541\Debug\F1-TestFixture.a(Timer_10ms.o)
                0x00005f34                Timer_10ms_Enable
 .text.Timer_10ms_Start
                0x00005f7c       0x24 .\CortexM3\ARM_GCC_541\Debug\F1-TestFixture.a(Timer_10ms.o)
                0x00005f7c                Timer_10ms_Start
 .text.Timer_10ms_SetInterruptMode
                0x00005fa0       0x20 .\CortexM3\ARM_GCC_541\Debug\F1-TestFixture.a(Timer_10ms.o)
                0x00005fa0                Timer_10ms_SetInterruptMode
 .text.Timer_10ms_WritePeriod
                0x00005fc0       0x24 .\CortexM3\ARM_GCC_541\Debug\F1-TestFixture.a(Timer_10ms.o)
                0x00005fc0                Timer_10ms_WritePeriod
 .text.Timer_10ms_WriteCounter
                0x00005fe4       0x20 .\CortexM3\ARM_GCC_541\Debug\F1-TestFixture.a(Timer_10ms.o)
                0x00005fe4                Timer_10ms_WriteCounter
 .text.isr_Timer_10ms_Start
                0x00006004       0x20 .\CortexM3\ARM_GCC_541\Debug\F1-TestFixture.a(isr_Timer_10ms.o)
                0x00006004                isr_Timer_10ms_Start
 .text.isr_Timer_10ms_Interrupt
                0x00006024       0x10 .\CortexM3\ARM_GCC_541\Debug\F1-TestFixture.a(isr_Timer_10ms.o)
                0x00006024                isr_Timer_10ms_Interrupt
 .text.isr_Timer_10ms_SetVector
                0x00006034       0x24 .\CortexM3\ARM_GCC_541\Debug\F1-TestFixture.a(isr_Timer_10ms.o)
                0x00006034                isr_Timer_10ms_SetVector
 .text.isr_Timer_10ms_SetPriority
                0x00006058       0x24 .\CortexM3\ARM_GCC_541\Debug\F1-TestFixture.a(isr_Timer_10ms.o)
                0x00006058                isr_Timer_10ms_SetPriority
 .text.isr_Timer_10ms_Enable
                0x0000607c       0x18 .\CortexM3\ARM_GCC_541\Debug\F1-TestFixture.a(isr_Timer_10ms.o)
                0x0000607c                isr_Timer_10ms_Enable
 .text.isr_Timer_10ms_Disable
                0x00006094       0x18 .\CortexM3\ARM_GCC_541\Debug\F1-TestFixture.a(isr_Timer_10ms.o)
                0x00006094                isr_Timer_10ms_Disable
 .text.Timer_50ms_Init
                0x000060ac       0xa0 .\CortexM3\ARM_GCC_541\Debug\F1-TestFixture.a(Timer_50ms.o)
                0x000060ac                Timer_50ms_Init
 .text.Timer_50ms_Enable
                0x0000614c       0x48 .\CortexM3\ARM_GCC_541\Debug\F1-TestFixture.a(Timer_50ms.o)
                0x0000614c                Timer_50ms_Enable
 .text.Timer_50ms_Start
                0x00006194       0x24 .\CortexM3\ARM_GCC_541\Debug\F1-TestFixture.a(Timer_50ms.o)
                0x00006194                Timer_50ms_Start
 .text.Timer_50ms_SetInterruptMode
                0x000061b8       0x20 .\CortexM3\ARM_GCC_541\Debug\F1-TestFixture.a(Timer_50ms.o)
                0x000061b8                Timer_50ms_SetInterruptMode
 .text.Timer_50ms_WritePeriod
                0x000061d8       0x24 .\CortexM3\ARM_GCC_541\Debug\F1-TestFixture.a(Timer_50ms.o)
                0x000061d8                Timer_50ms_WritePeriod
 .text.Timer_50ms_WriteCounter
                0x000061fc       0x20 .\CortexM3\ARM_GCC_541\Debug\F1-TestFixture.a(Timer_50ms.o)
                0x000061fc                Timer_50ms_WriteCounter
 .text.isr_Timer_50ms_Start
                0x0000621c       0x20 .\CortexM3\ARM_GCC_541\Debug\F1-TestFixture.a(isr_Timer_50ms.o)
                0x0000621c                isr_Timer_50ms_Start
 .text.isr_Timer_50ms_Interrupt
                0x0000623c      0x2ac .\CortexM3\ARM_GCC_541\Debug\F1-TestFixture.a(isr_Timer_50ms.o)
                0x0000623c                isr_Timer_50ms_Interrupt
 .text.isr_Timer_50ms_SetVector
                0x000064e8       0x24 .\CortexM3\ARM_GCC_541\Debug\F1-TestFixture.a(isr_Timer_50ms.o)
                0x000064e8                isr_Timer_50ms_SetVector
 .text.isr_Timer_50ms_SetPriority
                0x0000650c       0x24 .\CortexM3\ARM_GCC_541\Debug\F1-TestFixture.a(isr_Timer_50ms.o)
                0x0000650c                isr_Timer_50ms_SetPriority
 .text.isr_Timer_50ms_Enable
                0x00006530       0x18 .\CortexM3\ARM_GCC_541\Debug\F1-TestFixture.a(isr_Timer_50ms.o)
                0x00006530                isr_Timer_50ms_Enable
 .text.isr_Timer_50ms_Disable
                0x00006548       0x18 .\CortexM3\ARM_GCC_541\Debug\F1-TestFixture.a(isr_Timer_50ms.o)
                0x00006548                isr_Timer_50ms_Disable
 .text.PB_NextAction_Read
                0x00006560       0x20 .\CortexM3\ARM_GCC_541\Debug\F1-TestFixture.a(PB_NextAction.o)
                0x00006560                PB_NextAction_Read
 .text.WaveDAC_Init
                0x00006580       0x50 .\CortexM3\ARM_GCC_541\Debug\F1-TestFixture.a(WaveDAC.o)
                0x00006580                WaveDAC_Init
 .text.WaveDAC_Enable
                0x000065d0       0x38 .\CortexM3\ARM_GCC_541\Debug\F1-TestFixture.a(WaveDAC.o)
                0x000065d0                WaveDAC_Enable
 .text.WaveDAC_Start
                0x00006608       0x24 .\CortexM3\ARM_GCC_541\Debug\F1-TestFixture.a(WaveDAC.o)
                0x00006608                WaveDAC_Start
 .text.WaveDAC_Stop
                0x0000662c       0x2c .\CortexM3\ARM_GCC_541\Debug\F1-TestFixture.a(WaveDAC.o)
                0x0000662c                WaveDAC_Stop
 .text.WaveDAC_Wave1Setup
                0x00006658       0x68 .\CortexM3\ARM_GCC_541\Debug\F1-TestFixture.a(WaveDAC.o)
                0x00006658                WaveDAC_Wave1Setup
 .text.WaveDAC_Wave2Setup
                0x000066c0       0x68 .\CortexM3\ARM_GCC_541\Debug\F1-TestFixture.a(WaveDAC.o)
                0x000066c0                WaveDAC_Wave2Setup
 .text.WaveDAC_DacClk_Start
                0x00006728       0x34 .\CortexM3\ARM_GCC_541\Debug\F1-TestFixture.a(WaveDAC_DacClk.o)
                0x00006728                WaveDAC_DacClk_Start
 .text.WaveDAC_DacClk_Stop
                0x0000675c       0x34 .\CortexM3\ARM_GCC_541\Debug\F1-TestFixture.a(WaveDAC_DacClk.o)
                0x0000675c                WaveDAC_DacClk_Stop
 .text.WaveDAC_Wave1_DMA_DmaInitialize
                0x00006790       0x64 .\CortexM3\ARM_GCC_541\Debug\F1-TestFixture.a(WaveDAC_Wave1_DMA_dma.o)
                0x00006790                WaveDAC_Wave1_DMA_DmaInitialize
 .text.WaveDAC_Wave2_DMA_DmaInitialize
                0x000067f4       0x64 .\CortexM3\ARM_GCC_541\Debug\F1-TestFixture.a(WaveDAC_Wave2_DMA_dma.o)
                0x000067f4                WaveDAC_Wave2_DMA_DmaInitialize
 .text.WaveDAC_VDAC8_Init
                0x00006858       0x3c .\CortexM3\ARM_GCC_541\Debug\F1-TestFixture.a(WaveDAC_VDAC8.o)
                0x00006858                WaveDAC_VDAC8_Init
 .text.WaveDAC_VDAC8_Enable
                0x00006894       0x34 .\CortexM3\ARM_GCC_541\Debug\F1-TestFixture.a(WaveDAC_VDAC8.o)
                0x00006894                WaveDAC_VDAC8_Enable
 .text.WaveDAC_VDAC8_Stop
                0x000068c8       0x34 .\CortexM3\ARM_GCC_541\Debug\F1-TestFixture.a(WaveDAC_VDAC8.o)
                0x000068c8                WaveDAC_VDAC8_Stop
 .text.WaveDAC_VDAC8_SetSpeed
                0x000068fc       0x40 .\CortexM3\ARM_GCC_541\Debug\F1-TestFixture.a(WaveDAC_VDAC8.o)
                0x000068fc                WaveDAC_VDAC8_SetSpeed
 .text.WaveDAC_VDAC8_SetRange
                0x0000693c       0x40 .\CortexM3\ARM_GCC_541\Debug\F1-TestFixture.a(WaveDAC_VDAC8.o)
                0x0000693c                WaveDAC_VDAC8_SetRange
 .text.WaveDAC_VDAC8_SetValue
                0x0000697c       0x20 .\CortexM3\ARM_GCC_541\Debug\F1-TestFixture.a(WaveDAC_VDAC8.o)
                0x0000697c                WaveDAC_VDAC8_SetValue
 .text.WaveDAC_VDAC8_DacTrim
                0x0000699c       0x3c .\CortexM3\ARM_GCC_541\Debug\F1-TestFixture.a(WaveDAC_VDAC8.o)
                0x0000699c                WaveDAC_VDAC8_DacTrim
 .text.RTest_BLOCK_4_EN_Write
                0x000069d8       0x34 .\CortexM3\ARM_GCC_541\Debug\F1-TestFixture.a(RTest_BLOCK_4_EN.o)
                0x000069d8                RTest_BLOCK_4_EN_Write
 .text.RTest_BLOCK_3_EN_Write
                0x00006a0c       0x38 .\CortexM3\ARM_GCC_541\Debug\F1-TestFixture.a(RTest_BLOCK_3_EN.o)
                0x00006a0c                RTest_BLOCK_3_EN_Write
 .text.RTest_BLOCK_2_EN_Write
                0x00006a44       0x3c .\CortexM3\ARM_GCC_541\Debug\F1-TestFixture.a(RTest_BLOCK_2_EN.o)
                0x00006a44                RTest_BLOCK_2_EN_Write
 .text.RTest_BLOCK_1_EN_Write
                0x00006a80       0x38 .\CortexM3\ARM_GCC_541\Debug\F1-TestFixture.a(RTest_BLOCK_1_EN.o)
                0x00006a80                RTest_BLOCK_1_EN_Write
 .text.RTest_DEMUX_C_Write
                0x00006ab8       0x3c .\CortexM3\ARM_GCC_541\Debug\F1-TestFixture.a(RTest_DEMUX_C.o)
                0x00006ab8                RTest_DEMUX_C_Write
 .text.RTest_DEMUX_B_Write
                0x00006af4       0x3c .\CortexM3\ARM_GCC_541\Debug\F1-TestFixture.a(RTest_DEMUX_B.o)
                0x00006af4                RTest_DEMUX_B_Write
 .text.RTest_DEMUX_A_Write
                0x00006b30       0x3c .\CortexM3\ARM_GCC_541\Debug\F1-TestFixture.a(RTest_DEMUX_A.o)
                0x00006b30                RTest_DEMUX_A_Write
 .text.RTest_DEMUX_COM_Read
                0x00006b6c       0x20 .\CortexM3\ARM_GCC_541\Debug\F1-TestFixture.a(RTest_DEMUX_COM.o)
                0x00006b6c                RTest_DEMUX_COM_Read
 .text.MUX_CTRL_115200_Write
                0x00006b8c       0x20 .\CortexM3\ARM_GCC_541\Debug\F1-TestFixture.a(MUX_CTRL_115200.o)
                0x00006b8c                MUX_CTRL_115200_Write
 .text.Overload1_Write
                0x00006bac       0x3c .\CortexM3\ARM_GCC_541\Debug\F1-TestFixture.a(Overload1.o)
                0x00006bac                Overload1_Write
 .text.Overload2_Write
                0x00006be8       0x3c .\CortexM3\ARM_GCC_541\Debug\F1-TestFixture.a(Overload2.o)
                0x00006be8                Overload2_Write
 *fill*         0x00006c24        0x4 
 .text          0x00006c28       0x20 .\CortexM3\ARM_GCC_541\Debug\F1-TestFixture.a(CyBootAsmGnu.o)
                0x00006c28                CyDelayCycles
                0x00006c38                CyEnterCriticalSection
                0x00006c40                CyExitCriticalSection
 .text.LED1_Write
                0x00006c48       0x3c .\CortexM3\ARM_GCC_541\Debug\F1-TestFixture.a(LED1.o)
                0x00006c48                LED1_Write
 .text.LED2_Write
                0x00006c84       0x34 .\CortexM3\ARM_GCC_541\Debug\F1-TestFixture.a(LED2.o)
                0x00006c84                LED2_Write
 .text.LED3_Write
                0x00006cb8       0x3c .\CortexM3\ARM_GCC_541\Debug\F1-TestFixture.a(LED3.o)
                0x00006cb8                LED3_Write
 .text.__errno  0x00006cf4        0xc c:/program files (x86)/cypress/psoc creator/4.3/psoc creator/import/gnu/arm/5.4.1/bin/../lib/gcc/arm-none-eabi/5.4.1/../../../../arm-none-eabi/lib/armv7-m\libg_nano.a(lib_a-errno.o)
                0x00006cf4                __errno
 .text.__libc_init_array
                0x00006d00       0x4c c:/program files (x86)/cypress/psoc creator/4.3/psoc creator/import/gnu/arm/5.4.1/bin/../lib/gcc/arm-none-eabi/5.4.1/../../../../arm-none-eabi/lib/armv7-m\libg_nano.a(lib_a-init.o)
                0x00006d00                __libc_init_array
 .text.memcpy   0x00006d4c       0x16 c:/program files (x86)/cypress/psoc creator/4.3/psoc creator/import/gnu/arm/5.4.1/bin/../lib/gcc/arm-none-eabi/5.4.1/../../../../arm-none-eabi/lib/armv7-m\libg_nano.a(lib_a-memcpy-stub.o)
                0x00006d4c                memcpy
 .text.memset   0x00006d62       0x10 c:/program files (x86)/cypress/psoc creator/4.3/psoc creator/import/gnu/arm/5.4.1/bin/../lib/gcc/arm-none-eabi/5.4.1/../../../../arm-none-eabi/lib/armv7-m\libg_nano.a(lib_a-memset.o)
                0x00006d62                memset
 *(.plt)
 *(.gnu.warning)
 *(.glue_7t)
 .glue_7t       0x00006d72        0x0 linker stubs
 *(.glue_7)
 .glue_7        0x00006d72        0x0 linker stubs
 *(.vfp11_veneer)
 .vfp11_veneer  0x00006d72        0x0 linker stubs
 *(.bootloader)
 *(.ARM.extab* .gnu.linkonce.armextab.*)
 *(.gcc_except_table)

.v4_bx          0x00006d74        0x0
 .v4_bx         0x00006d74        0x0 linker stubs

.iplt           0x00006d74        0x0
 .iplt          0x00006d74        0x0 c:/program files (x86)/cypress/psoc creator/4.3/psoc creator/import/gnu/arm/5.4.1/bin/../lib/gcc/arm-none-eabi/5.4.1/armv7-m/crtbegin.o

.eh_frame_hdr
 *(.eh_frame_hdr)

.eh_frame       0x00006d74        0x4
 *(.eh_frame)
 .eh_frame      0x00006d74        0x0 c:/program files (x86)/cypress/psoc creator/4.3/psoc creator/import/gnu/arm/5.4.1/bin/../lib/gcc/arm-none-eabi/5.4.1/armv7-m/crtbegin.o
 .eh_frame      0x00006d74        0x4 c:/program files (x86)/cypress/psoc creator/4.3/psoc creator/import/gnu/arm/5.4.1/bin/../lib/gcc/arm-none-eabi/5.4.1/armv7-m/crtend.o
                [!provide]                PROVIDE (__exidx_start, .)

.ARM.exidx
 *(.ARM.exidx* .gnu.linkonce.armexidx.*)
                0x00006d78                __exidx_end = .

.rodata         0x00006d78      0x148
 *(.rodata .rodata.* .gnu.linkonce.r.*)
 .rodata        0x00006d78       0x44 .\CortexM3\ARM_GCC_541\Debug\cyfitter_cfg.o
 .rodata        0x00006dbc       0xc8 .\CortexM3\ARM_GCC_541\Debug\F1-TestFixture.a(WaveDAC.o)
                0x00006dbc                WaveDAC_wave1
                0x00006e20                WaveDAC_wave2
 .rodata.str1.1
                0x00006e84        0x2 c:/program files (x86)/cypress/psoc creator/4.3/psoc creator/import/gnu/arm/5.4.1/bin/../lib/gcc/arm-none-eabi/5.4.1/../../../../arm-none-eabi/lib/armv7-m\libg_nano.a(lib_a-impure.o)
                0x00006e88                . = ALIGN (0x4)
 *fill*         0x00006e86        0x2 
 *(.init)
 .init          0x00006e88        0x4 c:/program files (x86)/cypress/psoc creator/4.3/psoc creator/import/gnu/arm/5.4.1/bin/../lib/gcc/arm-none-eabi/5.4.1/armv7-m/crti.o
                0x00006e88                _init
 .init          0x00006e8c        0x8 c:/program files (x86)/cypress/psoc creator/4.3/psoc creator/import/gnu/arm/5.4.1/bin/../lib/gcc/arm-none-eabi/5.4.1/armv7-m/crtn.o
                0x00006e94                . = ALIGN (0x4)
                0x00006e94                __preinit_array_start = .
 *(.preinit_array)
                0x00006e94                __preinit_array_end = .
                0x00006e94                . = ALIGN (0x4)
                0x00006e94                __init_array_start = .
 *(SORT(.init_array.*))
 *(.init_array)
 .init_array    0x00006e94        0x4 c:/program files (x86)/cypress/psoc creator/4.3/psoc creator/import/gnu/arm/5.4.1/bin/../lib/gcc/arm-none-eabi/5.4.1/armv7-m/crtbegin.o
 .init_array    0x00006e98        0x4 .\CortexM3\ARM_GCC_541\Debug\Cm3Start.o
                0x00006e9c                __init_array_end = .
                0x00006e9c                . = ALIGN (0x4)
 *(.fini)
 .fini          0x00006e9c        0x4 c:/program files (x86)/cypress/psoc creator/4.3/psoc creator/import/gnu/arm/5.4.1/bin/../lib/gcc/arm-none-eabi/5.4.1/armv7-m/crti.o
                0x00006e9c                _fini
 .fini          0x00006ea0        0x8 c:/program files (x86)/cypress/psoc creator/4.3/psoc creator/import/gnu/arm/5.4.1/bin/../lib/gcc/arm-none-eabi/5.4.1/armv7-m/crtn.o
                0x00006ea8                . = ALIGN (0x4)
                0x00006ea8                __fini_array_start = .
 *(.fini_array)
 .fini_array    0x00006ea8        0x4 c:/program files (x86)/cypress/psoc creator/4.3/psoc creator/import/gnu/arm/5.4.1/bin/../lib/gcc/arm-none-eabi/5.4.1/armv7-m/crtbegin.o
 *(SORT(.fini_array.*))
                0x00006eac                __fini_array_end = .
                0x00006eac                . = ALIGN (0x4)
 *crtbegin.o(.ctors)
 *(EXCLUDE_FILE(*crtend.o) .ctors)
 *(SORT(.ctors.*))
 *crtend.o(.ctors)
                0x00006eac                . = ALIGN (0x4)
 *crtbegin.o(.dtors)
 *(EXCLUDE_FILE(*crtend.o) .dtors)
 *(SORT(.dtors.*))
 *crtend.o(.dtors)
                0x00006eac                . = ALIGN (0x4)
                0x00006eac                __cy_regions = .
                0x00006eac        0x4 LONG 0x6ec0 __cy_region_init_ram
                0x00006eb0        0x4 LONG 0x1fffc0c8 __cy_region_start_data
                0x00006eb4        0x4 LONG 0x158 __cy_region_init_size_ram
                0x00006eb8        0x4 LONG 0x1a50 __cy_region_zero_size_ram
                0x00006ebc                __cy_regions_end = .
                0x00006ec0                . = ALIGN (0x8)
 *fill*         0x00006ebc        0x4 
                0x00006ec0                _etext = .

.cy_checksum_exclude
                0x00006ec0        0x0
 *(.cy_checksum_exclude)

.ramvectors     0x1fffc000       0xc0
                0x1fffc000                __cy_region_start_ram = .
 *(.ramvectors)
 .ramvectors    0x1fffc000       0xc0 .\CortexM3\ARM_GCC_541\Debug\Cm3Start.o
                0x1fffc000                CyRamVectors

.noinit         0x1fffc0c0        0x5
 *(.noinit)
 .noinit        0x1fffc0c0        0x4 .\CortexM3\ARM_GCC_541\Debug\Cm3Start.o
 .noinit        0x1fffc0c4        0x1 .\CortexM3\ARM_GCC_541\Debug\F1-TestFixture.a(CyLib.o)
                0x1fffc0c4                CyResetStatus

.data           0x1fffc0c8      0x158 load address 0x00006ec0
                0x1fffc0c8                __cy_region_start_data = .
 *(.jcr)
 .jcr           0x1fffc0c8        0x0 c:/program files (x86)/cypress/psoc creator/4.3/psoc creator/import/gnu/arm/5.4.1/bin/../lib/gcc/arm-none-eabi/5.4.1/armv7-m/crtbegin.o
 .jcr           0x1fffc0c8        0x4 c:/program files (x86)/cypress/psoc creator/4.3/psoc creator/import/gnu/arm/5.4.1/bin/../lib/gcc/arm-none-eabi/5.4.1/armv7-m/crtend.o
 *(.got.plt)
 *(.got)
 *(.shdata)
 *(.data .data.* .gnu.linkonce.d.*)
 .data          0x1fffc0cc       0x16 .\CortexM3\ARM_GCC_541\Debug\ControllerTest.o
 *fill*         0x1fffc0e2        0x2 
 .data          0x1fffc0e4       0x1b .\CortexM3\ARM_GCC_541\Debug\UART_230400_Functions.o
 *fill*         0x1fffc0ff        0x1 
 .data          0x1fffc100       0x16 .\CortexM3\ARM_GCC_541\Debug\SirenTest.o
 *fill*         0x1fffc116        0x2 
 .data          0x1fffc118       0x16 .\CortexM3\ARM_GCC_541\Debug\RelayTest.o
 *fill*         0x1fffc12e        0x2 
 .data          0x1fffc130        0xa .\CortexM3\ARM_GCC_541\Debug\UART_460800_Functions.o
 *fill*         0x1fffc13a        0x2 
 .data          0x1fffc13c        0x5 .\CortexM3\ARM_GCC_541\Debug\UART_115200_Functions.o
 *fill*         0x1fffc141        0x3 
 .data          0x1fffc144       0x20 .\CortexM3\ARM_GCC_541\Debug\CD4051BPW_Driver.o
 .data          0x1fffc164       0x16 .\CortexM3\ARM_GCC_541\Debug\ControllerTest_Complete.o
 *fill*         0x1fffc17a        0x2 
 .data          0x1fffc17c       0x20 .\CortexM3\ARM_GCC_541\Debug\RelayTest_Complete.o
 .data          0x1fffc19c        0x8 .\CortexM3\ARM_GCC_541\Debug\F1-TestFixture.a(CyDmac.o)
 .data          0x1fffc1a4       0x10 .\CortexM3\ARM_GCC_541\Debug\F1-TestFixture.a(CyLib.o)
                0x1fffc1a4                cydelay_freq_hz
                0x1fffc1a8                cydelay_freq_khz
                0x1fffc1ac                cydelay_freq_mhz
                0x1fffc1b0                cydelay_32k_ms
 .data          0x1fffc1b4        0x1 .\CortexM3\ARM_GCC_541\Debug\F1-TestFixture.a(WaveDAC_Wave1_DMA_dma.o)
                0x1fffc1b4                WaveDAC_Wave1_DMA_DmaHandle
 .data          0x1fffc1b5        0x1 .\CortexM3\ARM_GCC_541\Debug\F1-TestFixture.a(WaveDAC_Wave2_DMA_dma.o)
                0x1fffc1b5                WaveDAC_Wave2_DMA_DmaHandle
 *fill*         0x1fffc1b6        0x2 
 .data.impure_data
                0x1fffc1b8       0x60 c:/program files (x86)/cypress/psoc creator/4.3/psoc creator/import/gnu/arm/5.4.1/bin/../lib/gcc/arm-none-eabi/5.4.1/../../../../arm-none-eabi/lib/armv7-m\libg_nano.a(lib_a-impure.o)
 .data._impure_ptr
                0x1fffc218        0x4 c:/program files (x86)/cypress/psoc creator/4.3/psoc creator/import/gnu/arm/5.4.1/bin/../lib/gcc/arm-none-eabi/5.4.1/../../../../arm-none-eabi/lib/armv7-m\libg_nano.a(lib_a-impure.o)
                0x1fffc218                _impure_ptr
                0x1fffc220                . = ALIGN (0x8)
 *fill*         0x1fffc21c        0x4 
 *(.ram)
                0x1fffc220                _edata = .

.igot.plt       0x1fffc220        0x0 load address 0x00007018
 .igot.plt      0x1fffc220        0x0 c:/program files (x86)/cypress/psoc creator/4.3/psoc creator/import/gnu/arm/5.4.1/bin/../lib/gcc/arm-none-eabi/5.4.1/armv7-m/crtbegin.o

.bss            0x1fffc220     0x1a50 load address 0x00007018
                0x1fffc220                PROVIDE (__bss_start__, .)
 *(.shbss)
 *(.bss .bss.* .gnu.linkonce.b.*)
 .bss           0x1fffc220       0x1c c:/program files (x86)/cypress/psoc creator/4.3/psoc creator/import/gnu/arm/5.4.1/bin/../lib/gcc/arm-none-eabi/5.4.1/armv7-m/crtbegin.o
 .bss           0x1fffc23c        0x3 .\CortexM3\ARM_GCC_541\Debug\main.o
                0x1fffc23c                TESTFIXTURE_TYPE
 *fill*         0x1fffc23f        0x1 
 .bss           0x1fffc240       0xfc .\CortexM3\ARM_GCC_541\Debug\ControllerTest.o
 .bss           0x1fffc33c      0x232 .\CortexM3\ARM_GCC_541\Debug\UART_230400_Functions.o
 *fill*         0x1fffc56e        0x2 
 .bss           0x1fffc570       0xa6 .\CortexM3\ARM_GCC_541\Debug\SirenTest.o
 *fill*         0x1fffc616        0x2 
 .bss           0x1fffc618      0x12e .\CortexM3\ARM_GCC_541\Debug\RelayTest.o
 *fill*         0x1fffc746        0x2 
 .bss           0x1fffc748      0x245 .\CortexM3\ARM_GCC_541\Debug\UART_460800_Functions.o
 *fill*         0x1fffc98d        0x3 
 .bss           0x1fffc990       0x78 .\CortexM3\ARM_GCC_541\Debug\UART_115200_Functions.o
 .bss           0x1fffca08       0xf6 .\CortexM3\ARM_GCC_541\Debug\ControllerTest_Complete.o
 *fill*         0x1fffcafe        0x2 
 .bss           0x1fffcb00      0x146 .\CortexM3\ARM_GCC_541\Debug\RelayTest_Complete.o
 .bss           0x1fffcc46        0x7 .\CortexM3\ARM_GCC_541\Debug\F1-TestFixture.a(UART_230400.o)
                0x1fffcc46                UART_230400_initVar
                0x1fffcc48                UART_230400_txBufferRead
                0x1fffcc4a                UART_230400_txBufferWrite
 .bss           0x1fffcc4d        0x1 .\CortexM3\ARM_GCC_541\Debug\F1-TestFixture.a(Timer_20ms.o)
                0x1fffcc4d                Timer_20ms_initVar
 .bss           0x1fffcc4e        0x7 .\CortexM3\ARM_GCC_541\Debug\F1-TestFixture.a(UART_115200.o)
                0x1fffcc4e                UART_115200_initVar
                0x1fffcc50                UART_115200_txBufferRead
                0x1fffcc52                UART_115200_txBufferWrite
 *fill*         0x1fffcc55        0x1 
 .bss           0x1fffcc56        0x7 .\CortexM3\ARM_GCC_541\Debug\F1-TestFixture.a(UART_460800.o)
                0x1fffcc56                UART_460800_initVar
                0x1fffcc58                UART_460800_txBufferRead
                0x1fffcc5a                UART_460800_txBufferWrite
 .bss           0x1fffcc5d        0x1 .\CortexM3\ARM_GCC_541\Debug\F1-TestFixture.a(Timer_10ms.o)
                0x1fffcc5d                Timer_10ms_initVar
 .bss           0x1fffcc5e        0x1 .\CortexM3\ARM_GCC_541\Debug\F1-TestFixture.a(Timer_50ms.o)
                0x1fffcc5e                Timer_50ms_initVar
 .bss           0x1fffcc5f        0x1 .\CortexM3\ARM_GCC_541\Debug\F1-TestFixture.a(isr_Timer_50ms.o)
 .bss           0x1fffcc60        0x5 .\CortexM3\ARM_GCC_541\Debug\F1-TestFixture.a(WaveDAC.o)
                0x1fffcc60                WaveDAC_initVar
 *(COMMON)
 *fill*         0x1fffcc65        0x3 
 COMMON         0x1fffcc68      0x400 .\CortexM3\ARM_GCC_541\Debug\F1-TestFixture.a(UART_230400.o)
                0x1fffcc68                UART_230400_txBuffer
 COMMON         0x1fffd068      0x400 .\CortexM3\ARM_GCC_541\Debug\F1-TestFixture.a(UART_115200.o)
                0x1fffd068                UART_115200_txBuffer
 COMMON         0x1fffd468      0x800 .\CortexM3\ARM_GCC_541\Debug\F1-TestFixture.a(UART_460800.o)
                0x1fffd468                UART_460800_txBuffer
 COMMON         0x1fffdc68        0x3 .\CortexM3\ARM_GCC_541\Debug\F1-TestFixture.a(isr_Timer_50ms.o)
                0x1fffdc68                CurrentTest
                0x1fffdc70                . = ALIGN (0x8)
 *fill*         0x1fffdc6b        0x5 
 *(.ram.b)
                0x1fffdc70                _end = .
                0x1fffdc70                __end = .
                0x1fffdc70                PROVIDE (end, .)
                0x1fffdc70                PROVIDE (__bss_end__, .)
                0x00006ec0                __cy_region_init_ram = LOADADDR (.data)
                0x00000158                __cy_region_init_size_ram = (_edata - ADDR (.data))
                0x00001a50                __cy_region_zero_size_ram = (_end - _edata)

.heap           0x1fffdc70       0x80 load address 0x00007018
                0x1fffdc70                . = _end
                0x1fffdcf0                . = (. + 0x80)
 *fill*         0x1fffdc70       0x80 
                0x1fffdcf0                __cy_heap_limit = .

.stack          0x20003800      0x800
                0x20003800                __cy_stack_limit = .
                0x20004000                . = (. + 0x800)
 *fill*         0x20003800      0x800 
                0x00000001                ASSERT ((__cy_stack_limit >= __cy_heap_limit), region RAM overflowed with stack)
                0x00000000                cy_checksum_exclude_size = (CY_APPL_LOADABLE == 0x1)?SIZEOF (.cy_checksum_exclude):0x0
                0x00000001                ASSERT ((cy_checksum_exclude_size <= CY_CHECKSUM_EXCLUDE_SIZE), CY_BOOT: Section .cy_checksum_exclude size exceedes specified limit.)

.cyloadermeta
 *(.cyloadermeta)

.cyloadablemeta
 *(.cyloadablemeta)

.cyconfigecc    0x80000000      0xc2c
 *(.cyconfigecc)
 .cyconfigecc   0x80000000      0xc2c .\CortexM3\ARM_GCC_541\Debug\cymetadata.o
                0x80000000                cy_meta_configecc

.cycustnvl      0x90000000        0x4
 *(.cycustnvl)
 .cycustnvl     0x90000000        0x4 .\CortexM3\ARM_GCC_541\Debug\cymetadata.o
                0x90000000                cy_meta_custnvl

.cywolatch      0x90100000        0x4
 *(.cywolatch)
 .cywolatch     0x90100000        0x4 .\CortexM3\ARM_GCC_541\Debug\cymetadata.o
                0x90100000                cy_meta_wonvl

.cyeeprom       0x90200000        0x0
 *(.cyeeprom)
                0x00000001                ASSERT ((. <= ((0x90200000 + ee_offset) + ee_size)), .cyeeprom data will not fit in EEPROM)

.cyflashprotect
                0x90400000       0x80
 *(.cyflashprotect)
 .cyflashprotect
                0x90400000       0x80 .\CortexM3\ARM_GCC_541\Debug\cymetadata.o
                0x90400000                cy_meta_flashprotect

.cymeta         0x90500000        0xc
 *(.cymeta)
 .cymeta        0x90500000        0xc .\CortexM3\ARM_GCC_541\Debug\cymetadata.o
                0x90500000                cy_metadata

.rel.dyn        0x00007018        0x0 load address 0x9050000c
 .rel.iplt      0x00007018        0x0 c:/program files (x86)/cypress/psoc creator/4.3/psoc creator/import/gnu/arm/5.4.1/bin/../lib/gcc/arm-none-eabi/5.4.1/armv7-m/crtbegin.o

.stab
 *(.stab)

.stabstr
 *(.stabstr)

.debug
 *(.debug)

.line
 *(.line)

.debug_srcinfo
 *(.debug_srcinfo)

.debug_sfnames
 *(.debug_sfnames)

.debug_aranges  0x00000000     0x1b70
 *(.debug_aranges)
 .debug_aranges
                0x00000000       0x38 .\CortexM3\ARM_GCC_541\Debug\main.o
 .debug_aranges
                0x00000038       0x88 .\CortexM3\ARM_GCC_541\Debug\ControllerTest.o
 .debug_aranges
                0x000000c0       0x70 .\CortexM3\ARM_GCC_541\Debug\UART_230400_Functions.o
 .debug_aranges
                0x00000130       0x78 .\CortexM3\ARM_GCC_541\Debug\SirenTest.o
 .debug_aranges
                0x000001a8       0xc8 .\CortexM3\ARM_GCC_541\Debug\RelayTest.o
 .debug_aranges
                0x00000270       0x58 .\CortexM3\ARM_GCC_541\Debug\UART_460800_Functions.o
 .debug_aranges
                0x000002c8       0x38 .\CortexM3\ARM_GCC_541\Debug\UART_115200_Functions.o
 .debug_aranges
                0x00000300       0x30 .\CortexM3\ARM_GCC_541\Debug\CD4051BPW_Driver.o
 .debug_aranges
                0x00000330       0x48 .\CortexM3\ARM_GCC_541\Debug\ControllerTest_Complete.o
 .debug_aranges
                0x00000378       0x60 .\CortexM3\ARM_GCC_541\Debug\RelayTest_Complete.o
 .debug_aranges
                0x000003d8       0x60 .\CortexM3\ARM_GCC_541\Debug\cyfitter_cfg.o
 .debug_aranges
                0x00000438       0x18 .\CortexM3\ARM_GCC_541\Debug\cymetadata.o
 .debug_aranges
                0x00000450       0x48 .\CortexM3\ARM_GCC_541\Debug\Cm3Start.o
 .debug_aranges
                0x00000498       0xd8 .\CortexM3\ARM_GCC_541\Debug\F1-TestFixture.a(CyDmac.o)
 .debug_aranges
                0x00000570      0x2a0 .\CortexM3\ARM_GCC_541\Debug\F1-TestFixture.a(CyLib.o)
 .debug_aranges
                0x00000810       0x98 .\CortexM3\ARM_GCC_541\Debug\F1-TestFixture.a(cyPm.o)
 .debug_aranges
                0x000008a8       0x38 .\CortexM3\ARM_GCC_541\Debug\F1-TestFixture.a(STest_SIREN_EN.o)
 .debug_aranges
                0x000008e0       0x38 .\CortexM3\ARM_GCC_541\Debug\F1-TestFixture.a(CTest_CONT_VBATT_EN.o)
 .debug_aranges
                0x00000918       0x38 .\CortexM3\ARM_GCC_541\Debug\F1-TestFixture.a(CTest_USB_5V_EN.o)
 .debug_aranges
                0x00000950       0x38 .\CortexM3\ARM_GCC_541\Debug\F1-TestFixture.a(RTest_SIREN_EN.o)
 .debug_aranges
                0x00000988       0x38 .\CortexM3\ARM_GCC_541\Debug\F1-TestFixture.a(RS1.o)
 .debug_aranges
                0x000009c0       0x38 .\CortexM3\ARM_GCC_541\Debug\F1-TestFixture.a(RS2.o)
 .debug_aranges
                0x000009f8       0x38 .\CortexM3\ARM_GCC_541\Debug\F1-TestFixture.a(RTest_HSide1.o)
 .debug_aranges
                0x00000a30       0x38 .\CortexM3\ARM_GCC_541\Debug\F1-TestFixture.a(RTest_HSide3.o)
 .debug_aranges
                0x00000a68       0x38 .\CortexM3\ARM_GCC_541\Debug\F1-TestFixture.a(RTest_HSide2.o)
 .debug_aranges
                0x00000aa0       0x38 .\CortexM3\ARM_GCC_541\Debug\F1-TestFixture.a(RTest_HSide4.o)
 .debug_aranges
                0x00000ad8       0x38 .\CortexM3\ARM_GCC_541\Debug\F1-TestFixture.a(RTest_HSide5.o)
 .debug_aranges
                0x00000b10       0x38 .\CortexM3\ARM_GCC_541\Debug\F1-TestFixture.a(RTest_HSide6.o)
 .debug_aranges
                0x00000b48       0x38 .\CortexM3\ARM_GCC_541\Debug\F1-TestFixture.a(RTest_HSide7.o)
 .debug_aranges
                0x00000b80       0x38 .\CortexM3\ARM_GCC_541\Debug\F1-TestFixture.a(RTest_HSide8.o)
 .debug_aranges
                0x00000bb8       0x80 .\CortexM3\ARM_GCC_541\Debug\F1-TestFixture.a(isr_UART_230400.o)
 .debug_aranges
                0x00000c38       0xf0 .\CortexM3\ARM_GCC_541\Debug\F1-TestFixture.a(UART_230400.o)
 .debug_aranges
                0x00000d28       0x20 .\CortexM3\ARM_GCC_541\Debug\F1-TestFixture.a(UART_230400_INT.o)
 .debug_aranges
                0x00000d48       0x70 .\CortexM3\ARM_GCC_541\Debug\F1-TestFixture.a(UART_230400_IntClock.o)
 .debug_aranges
                0x00000db8       0x28 .\CortexM3\ARM_GCC_541\Debug\F1-TestFixture.a(MUX_CTRL_230400.o)
 .debug_aranges
                0x00000de0       0x88 .\CortexM3\ARM_GCC_541\Debug\F1-TestFixture.a(Timer_20ms.o)
 .debug_aranges
                0x00000e68       0x38 .\CortexM3\ARM_GCC_541\Debug\F1-TestFixture.a(LED_EN.o)
 .debug_aranges
                0x00000ea0       0x80 .\CortexM3\ARM_GCC_541\Debug\F1-TestFixture.a(isr_Timer_20ms.o)
 .debug_aranges
                0x00000f20       0xf0 .\CortexM3\ARM_GCC_541\Debug\F1-TestFixture.a(UART_115200.o)
 .debug_aranges
                0x00001010       0x20 .\CortexM3\ARM_GCC_541\Debug\F1-TestFixture.a(UART_115200_INT.o)
 .debug_aranges
                0x00001030       0x80 .\CortexM3\ARM_GCC_541\Debug\F1-TestFixture.a(isr_UART_115200.o)
 .debug_aranges
                0x000010b0       0x70 .\CortexM3\ARM_GCC_541\Debug\F1-TestFixture.a(UART_115200_IntClock.o)
 .debug_aranges
                0x00001120       0x28 .\CortexM3\ARM_GCC_541\Debug\F1-TestFixture.a(DEMUX_CTRL_230400.o)
 .debug_aranges
                0x00001148       0x80 .\CortexM3\ARM_GCC_541\Debug\F1-TestFixture.a(isr_UART_460800.o)
 .debug_aranges
                0x000011c8       0xf0 .\CortexM3\ARM_GCC_541\Debug\F1-TestFixture.a(UART_460800.o)
 .debug_aranges
                0x000012b8       0x20 .\CortexM3\ARM_GCC_541\Debug\F1-TestFixture.a(UART_460800_INT.o)
 .debug_aranges
                0x000012d8       0x28 .\CortexM3\ARM_GCC_541\Debug\F1-TestFixture.a(MUX_CTRL_460800.o)
 .debug_aranges
                0x00001300       0x28 .\CortexM3\ARM_GCC_541\Debug\F1-TestFixture.a(DEMUX_CTRL_460800.o)
 .debug_aranges
                0x00001328       0x70 .\CortexM3\ARM_GCC_541\Debug\F1-TestFixture.a(UART_460800_IntClock.o)
 .debug_aranges
                0x00001398       0x88 .\CortexM3\ARM_GCC_541\Debug\F1-TestFixture.a(Timer_10ms.o)
 .debug_aranges
                0x00001420       0x80 .\CortexM3\ARM_GCC_541\Debug\F1-TestFixture.a(isr_Timer_10ms.o)
 .debug_aranges
                0x000014a0       0x88 .\CortexM3\ARM_GCC_541\Debug\F1-TestFixture.a(Timer_50ms.o)
 .debug_aranges
                0x00001528       0x80 .\CortexM3\ARM_GCC_541\Debug\F1-TestFixture.a(isr_Timer_50ms.o)
 .debug_aranges
                0x000015a8       0x38 .\CortexM3\ARM_GCC_541\Debug\F1-TestFixture.a(PB_NextAction.o)
 .debug_aranges
                0x000015e0       0x50 .\CortexM3\ARM_GCC_541\Debug\F1-TestFixture.a(WaveDAC.o)
 .debug_aranges
                0x00001630       0x70 .\CortexM3\ARM_GCC_541\Debug\F1-TestFixture.a(WaveDAC_DacClk.o)
 .debug_aranges
                0x000016a0       0x28 .\CortexM3\ARM_GCC_541\Debug\F1-TestFixture.a(WaveDAC_Wave1_DMA_dma.o)
 .debug_aranges
                0x000016c8       0x28 .\CortexM3\ARM_GCC_541\Debug\F1-TestFixture.a(WaveDAC_Wave2_DMA_dma.o)
 .debug_aranges
                0x000016f0       0x58 .\CortexM3\ARM_GCC_541\Debug\F1-TestFixture.a(WaveDAC_VDAC8.o)
 .debug_aranges
                0x00001748       0x38 .\CortexM3\ARM_GCC_541\Debug\F1-TestFixture.a(RTest_BLOCK_4_EN.o)
 .debug_aranges
                0x00001780       0x38 .\CortexM3\ARM_GCC_541\Debug\F1-TestFixture.a(RTest_BLOCK_3_EN.o)
 .debug_aranges
                0x000017b8       0x38 .\CortexM3\ARM_GCC_541\Debug\F1-TestFixture.a(RTest_BLOCK_2_EN.o)
 .debug_aranges
                0x000017f0       0x38 .\CortexM3\ARM_GCC_541\Debug\F1-TestFixture.a(RTest_BLOCK_1_EN.o)
 .debug_aranges
                0x00001828       0x38 .\CortexM3\ARM_GCC_541\Debug\F1-TestFixture.a(RTest_DEMUX_C.o)
 .debug_aranges
                0x00001860       0x38 .\CortexM3\ARM_GCC_541\Debug\F1-TestFixture.a(RTest_DEMUX_B.o)
 .debug_aranges
                0x00001898       0x38 .\CortexM3\ARM_GCC_541\Debug\F1-TestFixture.a(RTest_DEMUX_A.o)
 .debug_aranges
                0x000018d0       0x38 .\CortexM3\ARM_GCC_541\Debug\F1-TestFixture.a(RTest_DEMUX_COM.o)
 .debug_aranges
                0x00001908       0x28 .\CortexM3\ARM_GCC_541\Debug\F1-TestFixture.a(MUX_CTRL_115200.o)
 .debug_aranges
                0x00001930       0x38 .\CortexM3\ARM_GCC_541\Debug\F1-TestFixture.a(Overload1.o)
 .debug_aranges
                0x00001968       0x38 .\CortexM3\ARM_GCC_541\Debug\F1-TestFixture.a(Overload2.o)
 .debug_aranges
                0x000019a0       0x20 .\CortexM3\ARM_GCC_541\Debug\F1-TestFixture.a(CyBootAsmGnu.o)
 .debug_aranges
                0x000019c0       0x88 .\CortexM3\ARM_GCC_541\Debug\F1-TestFixture.a(CyFlash.o)
 .debug_aranges
                0x00001a48       0x80 .\CortexM3\ARM_GCC_541\Debug\F1-TestFixture.a(CySpc.o)
 .debug_aranges
                0x00001ac8       0x38 .\CortexM3\ARM_GCC_541\Debug\F1-TestFixture.a(LED1.o)
 .debug_aranges
                0x00001b00       0x38 .\CortexM3\ARM_GCC_541\Debug\F1-TestFixture.a(LED2.o)
 .debug_aranges
                0x00001b38       0x38 .\CortexM3\ARM_GCC_541\Debug\F1-TestFixture.a(LED3.o)

.debug_pubnames
 *(.debug_pubnames)

.debug_info     0x00000000     0xf9bc
 *(.debug_info .gnu.linkonce.wi.*)
 .debug_info    0x00000000      0x1e0 .\CortexM3\ARM_GCC_541\Debug\main.o
 .debug_info    0x000001e0      0xf4c .\CortexM3\ARM_GCC_541\Debug\ControllerTest.o
 .debug_info    0x0000112c     0x10dc .\CortexM3\ARM_GCC_541\Debug\UART_230400_Functions.o
 .debug_info    0x00002208      0xa81 .\CortexM3\ARM_GCC_541\Debug\SirenTest.o
 .debug_info    0x00002c89     0x1274 .\CortexM3\ARM_GCC_541\Debug\RelayTest.o
 .debug_info    0x00003efd      0xb70 .\CortexM3\ARM_GCC_541\Debug\UART_460800_Functions.o
 .debug_info    0x00004a6d      0x329 .\CortexM3\ARM_GCC_541\Debug\UART_115200_Functions.o
 .debug_info    0x00004d96      0x14e .\CortexM3\ARM_GCC_541\Debug\CD4051BPW_Driver.o
 .debug_info    0x00004ee4      0xe23 .\CortexM3\ARM_GCC_541\Debug\ControllerTest_Complete.o
 .debug_info    0x00005d07     0x10a4 .\CortexM3\ARM_GCC_541\Debug\RelayTest_Complete.o
 .debug_info    0x00006dab      0x452 .\CortexM3\ARM_GCC_541\Debug\cyfitter_cfg.o
 .debug_info    0x000071fd      0x139 .\CortexM3\ARM_GCC_541\Debug\cymetadata.o
 .debug_info    0x00007336      0x32b .\CortexM3\ARM_GCC_541\Debug\Cm3Start.o
 .debug_info    0x00007661      0x8c0 .\CortexM3\ARM_GCC_541\Debug\F1-TestFixture.a(CyDmac.o)
 .debug_info    0x00007f21      0xe51 .\CortexM3\ARM_GCC_541\Debug\F1-TestFixture.a(CyLib.o)
 .debug_info    0x00008d72      0x57a .\CortexM3\ARM_GCC_541\Debug\F1-TestFixture.a(cyPm.o)
 .debug_info    0x000092ec      0x11e .\CortexM3\ARM_GCC_541\Debug\F1-TestFixture.a(STest_SIREN_EN.o)
 .debug_info    0x0000940a      0x11e .\CortexM3\ARM_GCC_541\Debug\F1-TestFixture.a(CTest_CONT_VBATT_EN.o)
 .debug_info    0x00009528      0x11e .\CortexM3\ARM_GCC_541\Debug\F1-TestFixture.a(CTest_USB_5V_EN.o)
 .debug_info    0x00009646      0x11e .\CortexM3\ARM_GCC_541\Debug\F1-TestFixture.a(RTest_SIREN_EN.o)
 .debug_info    0x00009764      0x11e .\CortexM3\ARM_GCC_541\Debug\F1-TestFixture.a(RS1.o)
 .debug_info    0x00009882      0x11e .\CortexM3\ARM_GCC_541\Debug\F1-TestFixture.a(RS2.o)
 .debug_info    0x000099a0      0x11e .\CortexM3\ARM_GCC_541\Debug\F1-TestFixture.a(RTest_HSide1.o)
 .debug_info    0x00009abe      0x11e .\CortexM3\ARM_GCC_541\Debug\F1-TestFixture.a(RTest_HSide3.o)
 .debug_info    0x00009bdc      0x11e .\CortexM3\ARM_GCC_541\Debug\F1-TestFixture.a(RTest_HSide2.o)
 .debug_info    0x00009cfa      0x11e .\CortexM3\ARM_GCC_541\Debug\F1-TestFixture.a(RTest_HSide4.o)
 .debug_info    0x00009e18      0x11e .\CortexM3\ARM_GCC_541\Debug\F1-TestFixture.a(RTest_HSide5.o)
 .debug_info    0x00009f36      0x11e .\CortexM3\ARM_GCC_541\Debug\F1-TestFixture.a(RTest_HSide6.o)
 .debug_info    0x0000a054      0x11e .\CortexM3\ARM_GCC_541\Debug\F1-TestFixture.a(RTest_HSide7.o)
 .debug_info    0x0000a172      0x11e .\CortexM3\ARM_GCC_541\Debug\F1-TestFixture.a(RTest_HSide8.o)
 .debug_info    0x0000a290      0x268 .\CortexM3\ARM_GCC_541\Debug\F1-TestFixture.a(isr_UART_230400.o)
 .debug_info    0x0000a4f8      0x593 .\CortexM3\ARM_GCC_541\Debug\F1-TestFixture.a(UART_230400.o)
 .debug_info    0x0000aa8b      0x108 .\CortexM3\ARM_GCC_541\Debug\F1-TestFixture.a(UART_230400_INT.o)
 .debug_info    0x0000ab93      0x25d .\CortexM3\ARM_GCC_541\Debug\F1-TestFixture.a(UART_230400_IntClock.o)
 .debug_info    0x0000adf0       0xd7 .\CortexM3\ARM_GCC_541\Debug\F1-TestFixture.a(MUX_CTRL_230400.o)
 .debug_info    0x0000aec7      0x245 .\CortexM3\ARM_GCC_541\Debug\F1-TestFixture.a(Timer_20ms.o)
 .debug_info    0x0000b10c      0x11e .\CortexM3\ARM_GCC_541\Debug\F1-TestFixture.a(LED_EN.o)
 .debug_info    0x0000b22a      0x268 .\CortexM3\ARM_GCC_541\Debug\F1-TestFixture.a(isr_Timer_20ms.o)
 .debug_info    0x0000b492      0x593 .\CortexM3\ARM_GCC_541\Debug\F1-TestFixture.a(UART_115200.o)
 .debug_info    0x0000ba25      0x108 .\CortexM3\ARM_GCC_541\Debug\F1-TestFixture.a(UART_115200_INT.o)
 .debug_info    0x0000bb2d      0x268 .\CortexM3\ARM_GCC_541\Debug\F1-TestFixture.a(isr_UART_115200.o)
 .debug_info    0x0000bd95      0x25d .\CortexM3\ARM_GCC_541\Debug\F1-TestFixture.a(UART_115200_IntClock.o)
 .debug_info    0x0000bff2       0xd7 .\CortexM3\ARM_GCC_541\Debug\F1-TestFixture.a(DEMUX_CTRL_230400.o)
 .debug_info    0x0000c0c9      0x268 .\CortexM3\ARM_GCC_541\Debug\F1-TestFixture.a(isr_UART_460800.o)
 .debug_info    0x0000c331      0x593 .\CortexM3\ARM_GCC_541\Debug\F1-TestFixture.a(UART_460800.o)
 .debug_info    0x0000c8c4      0x108 .\CortexM3\ARM_GCC_541\Debug\F1-TestFixture.a(UART_460800_INT.o)
 .debug_info    0x0000c9cc       0xd7 .\CortexM3\ARM_GCC_541\Debug\F1-TestFixture.a(MUX_CTRL_460800.o)
 .debug_info    0x0000caa3       0xd7 .\CortexM3\ARM_GCC_541\Debug\F1-TestFixture.a(DEMUX_CTRL_460800.o)
 .debug_info    0x0000cb7a      0x25d .\CortexM3\ARM_GCC_541\Debug\F1-TestFixture.a(UART_460800_IntClock.o)
 .debug_info    0x0000cdd7      0x245 .\CortexM3\ARM_GCC_541\Debug\F1-TestFixture.a(Timer_10ms.o)
 .debug_info    0x0000d01c      0x26a .\CortexM3\ARM_GCC_541\Debug\F1-TestFixture.a(isr_Timer_10ms.o)
 .debug_info    0x0000d286      0x245 .\CortexM3\ARM_GCC_541\Debug\F1-TestFixture.a(Timer_50ms.o)
 .debug_info    0x0000d4cb      0x30b .\CortexM3\ARM_GCC_541\Debug\F1-TestFixture.a(isr_Timer_50ms.o)
 .debug_info    0x0000d7d6      0x11e .\CortexM3\ARM_GCC_541\Debug\F1-TestFixture.a(PB_NextAction.o)
 .debug_info    0x0000d8f4      0x248 .\CortexM3\ARM_GCC_541\Debug\F1-TestFixture.a(WaveDAC.o)
 .debug_info    0x0000db3c      0x25d .\CortexM3\ARM_GCC_541\Debug\F1-TestFixture.a(WaveDAC_DacClk.o)
 .debug_info    0x0000dd99      0x11b .\CortexM3\ARM_GCC_541\Debug\F1-TestFixture.a(WaveDAC_Wave1_DMA_dma.o)
 .debug_info    0x0000deb4      0x11b .\CortexM3\ARM_GCC_541\Debug\F1-TestFixture.a(WaveDAC_Wave2_DMA_dma.o)
 .debug_info    0x0000dfcf      0x185 .\CortexM3\ARM_GCC_541\Debug\F1-TestFixture.a(WaveDAC_VDAC8.o)
 .debug_info    0x0000e154      0x11e .\CortexM3\ARM_GCC_541\Debug\F1-TestFixture.a(RTest_BLOCK_4_EN.o)
 .debug_info    0x0000e272      0x11e .\CortexM3\ARM_GCC_541\Debug\F1-TestFixture.a(RTest_BLOCK_3_EN.o)
 .debug_info    0x0000e390      0x11e .\CortexM3\ARM_GCC_541\Debug\F1-TestFixture.a(RTest_BLOCK_2_EN.o)
 .debug_info    0x0000e4ae      0x11e .\CortexM3\ARM_GCC_541\Debug\F1-TestFixture.a(RTest_BLOCK_1_EN.o)
 .debug_info    0x0000e5cc      0x11e .\CortexM3\ARM_GCC_541\Debug\F1-TestFixture.a(RTest_DEMUX_C.o)
 .debug_info    0x0000e6ea      0x11e .\CortexM3\ARM_GCC_541\Debug\F1-TestFixture.a(RTest_DEMUX_B.o)
 .debug_info    0x0000e808      0x11e .\CortexM3\ARM_GCC_541\Debug\F1-TestFixture.a(RTest_DEMUX_A.o)
 .debug_info    0x0000e926      0x11e .\CortexM3\ARM_GCC_541\Debug\F1-TestFixture.a(RTest_DEMUX_COM.o)
 .debug_info    0x0000ea44       0xd7 .\CortexM3\ARM_GCC_541\Debug\F1-TestFixture.a(MUX_CTRL_115200.o)
 .debug_info    0x0000eb1b      0x11e .\CortexM3\ARM_GCC_541\Debug\F1-TestFixture.a(Overload1.o)
 .debug_info    0x0000ec39      0x11e .\CortexM3\ARM_GCC_541\Debug\F1-TestFixture.a(Overload2.o)
 .debug_info    0x0000ed57       0x92 .\CortexM3\ARM_GCC_541\Debug\F1-TestFixture.a(CyBootAsmGnu.o)
 .debug_info    0x0000ede9      0x3b9 .\CortexM3\ARM_GCC_541\Debug\F1-TestFixture.a(CyFlash.o)
 .debug_info    0x0000f1a2      0x4c0 .\CortexM3\ARM_GCC_541\Debug\F1-TestFixture.a(CySpc.o)
 .debug_info    0x0000f662      0x11e .\CortexM3\ARM_GCC_541\Debug\F1-TestFixture.a(LED1.o)
 .debug_info    0x0000f780      0x11e .\CortexM3\ARM_GCC_541\Debug\F1-TestFixture.a(LED2.o)
 .debug_info    0x0000f89e      0x11e .\CortexM3\ARM_GCC_541\Debug\F1-TestFixture.a(LED3.o)

.debug_abbrev   0x00000000     0x4970
 *(.debug_abbrev)
 .debug_abbrev  0x00000000      0x12c .\CortexM3\ARM_GCC_541\Debug\main.o
 .debug_abbrev  0x0000012c      0x247 .\CortexM3\ARM_GCC_541\Debug\ControllerTest.o
 .debug_abbrev  0x00000373      0x23b .\CortexM3\ARM_GCC_541\Debug\UART_230400_Functions.o
 .debug_abbrev  0x000005ae      0x225 .\CortexM3\ARM_GCC_541\Debug\SirenTest.o
 .debug_abbrev  0x000007d3      0x254 .\CortexM3\ARM_GCC_541\Debug\RelayTest.o
 .debug_abbrev  0x00000a27      0x1e9 .\CortexM3\ARM_GCC_541\Debug\UART_460800_Functions.o
 .debug_abbrev  0x00000c10      0x169 .\CortexM3\ARM_GCC_541\Debug\UART_115200_Functions.o
 .debug_abbrev  0x00000d79       0xd8 .\CortexM3\ARM_GCC_541\Debug\CD4051BPW_Driver.o
 .debug_abbrev  0x00000e51      0x204 .\CortexM3\ARM_GCC_541\Debug\ControllerTest_Complete.o
 .debug_abbrev  0x00001055      0x20f .\CortexM3\ARM_GCC_541\Debug\RelayTest_Complete.o
 .debug_abbrev  0x00001264      0x1b7 .\CortexM3\ARM_GCC_541\Debug\cyfitter_cfg.o
 .debug_abbrev  0x0000141b       0x77 .\CortexM3\ARM_GCC_541\Debug\cymetadata.o
 .debug_abbrev  0x00001492      0x1d6 .\CortexM3\ARM_GCC_541\Debug\Cm3Start.o
 .debug_abbrev  0x00001668      0x194 .\CortexM3\ARM_GCC_541\Debug\F1-TestFixture.a(CyDmac.o)
 .debug_abbrev  0x000017fc      0x217 .\CortexM3\ARM_GCC_541\Debug\F1-TestFixture.a(CyLib.o)
 .debug_abbrev  0x00001a13      0x161 .\CortexM3\ARM_GCC_541\Debug\F1-TestFixture.a(cyPm.o)
 .debug_abbrev  0x00001b74       0x90 .\CortexM3\ARM_GCC_541\Debug\F1-TestFixture.a(STest_SIREN_EN.o)
 .debug_abbrev  0x00001c04       0x90 .\CortexM3\ARM_GCC_541\Debug\F1-TestFixture.a(CTest_CONT_VBATT_EN.o)
 .debug_abbrev  0x00001c94       0x90 .\CortexM3\ARM_GCC_541\Debug\F1-TestFixture.a(CTest_USB_5V_EN.o)
 .debug_abbrev  0x00001d24       0x90 .\CortexM3\ARM_GCC_541\Debug\F1-TestFixture.a(RTest_SIREN_EN.o)
 .debug_abbrev  0x00001db4       0x90 .\CortexM3\ARM_GCC_541\Debug\F1-TestFixture.a(RS1.o)
 .debug_abbrev  0x00001e44       0x90 .\CortexM3\ARM_GCC_541\Debug\F1-TestFixture.a(RS2.o)
 .debug_abbrev  0x00001ed4       0x90 .\CortexM3\ARM_GCC_541\Debug\F1-TestFixture.a(RTest_HSide1.o)
 .debug_abbrev  0x00001f64       0x90 .\CortexM3\ARM_GCC_541\Debug\F1-TestFixture.a(RTest_HSide3.o)
 .debug_abbrev  0x00001ff4       0x90 .\CortexM3\ARM_GCC_541\Debug\F1-TestFixture.a(RTest_HSide2.o)
 .debug_abbrev  0x00002084       0x90 .\CortexM3\ARM_GCC_541\Debug\F1-TestFixture.a(RTest_HSide4.o)
 .debug_abbrev  0x00002114       0x90 .\CortexM3\ARM_GCC_541\Debug\F1-TestFixture.a(RTest_HSide5.o)
 .debug_abbrev  0x000021a4       0x90 .\CortexM3\ARM_GCC_541\Debug\F1-TestFixture.a(RTest_HSide6.o)
 .debug_abbrev  0x00002234       0x90 .\CortexM3\ARM_GCC_541\Debug\F1-TestFixture.a(RTest_HSide7.o)
 .debug_abbrev  0x000022c4       0x90 .\CortexM3\ARM_GCC_541\Debug\F1-TestFixture.a(RTest_HSide8.o)
 .debug_abbrev  0x00002354      0x178 .\CortexM3\ARM_GCC_541\Debug\F1-TestFixture.a(isr_UART_230400.o)
 .debug_abbrev  0x000024cc      0x15d .\CortexM3\ARM_GCC_541\Debug\F1-TestFixture.a(UART_230400.o)
 .debug_abbrev  0x00002629       0x79 .\CortexM3\ARM_GCC_541\Debug\F1-TestFixture.a(UART_230400_INT.o)
 .debug_abbrev  0x000026a2      0x11d .\CortexM3\ARM_GCC_541\Debug\F1-TestFixture.a(UART_230400_IntClock.o)
 .debug_abbrev  0x000027bf       0x81 .\CortexM3\ARM_GCC_541\Debug\F1-TestFixture.a(MUX_CTRL_230400.o)
 .debug_abbrev  0x00002840       0xe9 .\CortexM3\ARM_GCC_541\Debug\F1-TestFixture.a(Timer_20ms.o)
 .debug_abbrev  0x00002929       0x90 .\CortexM3\ARM_GCC_541\Debug\F1-TestFixture.a(LED_EN.o)
 .debug_abbrev  0x000029b9      0x178 .\CortexM3\ARM_GCC_541\Debug\F1-TestFixture.a(isr_Timer_20ms.o)
 .debug_abbrev  0x00002b31      0x15d .\CortexM3\ARM_GCC_541\Debug\F1-TestFixture.a(UART_115200.o)
 .debug_abbrev  0x00002c8e       0x79 .\CortexM3\ARM_GCC_541\Debug\F1-TestFixture.a(UART_115200_INT.o)
 .debug_abbrev  0x00002d07      0x178 .\CortexM3\ARM_GCC_541\Debug\F1-TestFixture.a(isr_UART_115200.o)
 .debug_abbrev  0x00002e7f      0x11d .\CortexM3\ARM_GCC_541\Debug\F1-TestFixture.a(UART_115200_IntClock.o)
 .debug_abbrev  0x00002f9c       0x81 .\CortexM3\ARM_GCC_541\Debug\F1-TestFixture.a(DEMUX_CTRL_230400.o)
 .debug_abbrev  0x0000301d      0x178 .\CortexM3\ARM_GCC_541\Debug\F1-TestFixture.a(isr_UART_460800.o)
 .debug_abbrev  0x00003195      0x15d .\CortexM3\ARM_GCC_541\Debug\F1-TestFixture.a(UART_460800.o)
 .debug_abbrev  0x000032f2       0x79 .\CortexM3\ARM_GCC_541\Debug\F1-TestFixture.a(UART_460800_INT.o)
 .debug_abbrev  0x0000336b       0x81 .\CortexM3\ARM_GCC_541\Debug\F1-TestFixture.a(MUX_CTRL_460800.o)
 .debug_abbrev  0x000033ec       0x81 .\CortexM3\ARM_GCC_541\Debug\F1-TestFixture.a(DEMUX_CTRL_460800.o)
 .debug_abbrev  0x0000346d      0x11d .\CortexM3\ARM_GCC_541\Debug\F1-TestFixture.a(UART_460800_IntClock.o)
 .debug_abbrev  0x0000358a       0xe9 .\CortexM3\ARM_GCC_541\Debug\F1-TestFixture.a(Timer_10ms.o)
 .debug_abbrev  0x00003673      0x15c .\CortexM3\ARM_GCC_541\Debug\F1-TestFixture.a(isr_Timer_10ms.o)
 .debug_abbrev  0x000037cf       0xe9 .\CortexM3\ARM_GCC_541\Debug\F1-TestFixture.a(Timer_50ms.o)
 .debug_abbrev  0x000038b8      0x18b .\CortexM3\ARM_GCC_541\Debug\F1-TestFixture.a(isr_Timer_50ms.o)
 .debug_abbrev  0x00003a43       0x90 .\CortexM3\ARM_GCC_541\Debug\F1-TestFixture.a(PB_NextAction.o)
 .debug_abbrev  0x00003ad3       0xe3 .\CortexM3\ARM_GCC_541\Debug\F1-TestFixture.a(WaveDAC.o)
 .debug_abbrev  0x00003bb6      0x11d .\CortexM3\ARM_GCC_541\Debug\F1-TestFixture.a(WaveDAC_DacClk.o)
 .debug_abbrev  0x00003cd3       0x8b .\CortexM3\ARM_GCC_541\Debug\F1-TestFixture.a(WaveDAC_Wave1_DMA_dma.o)
 .debug_abbrev  0x00003d5e       0x8b .\CortexM3\ARM_GCC_541\Debug\F1-TestFixture.a(WaveDAC_Wave2_DMA_dma.o)
 .debug_abbrev  0x00003de9       0xeb .\CortexM3\ARM_GCC_541\Debug\F1-TestFixture.a(WaveDAC_VDAC8.o)
 .debug_abbrev  0x00003ed4       0x90 .\CortexM3\ARM_GCC_541\Debug\F1-TestFixture.a(RTest_BLOCK_4_EN.o)
 .debug_abbrev  0x00003f64       0x90 .\CortexM3\ARM_GCC_541\Debug\F1-TestFixture.a(RTest_BLOCK_3_EN.o)
 .debug_abbrev  0x00003ff4       0x90 .\CortexM3\ARM_GCC_541\Debug\F1-TestFixture.a(RTest_BLOCK_2_EN.o)
 .debug_abbrev  0x00004084       0x90 .\CortexM3\ARM_GCC_541\Debug\F1-TestFixture.a(RTest_BLOCK_1_EN.o)
 .debug_abbrev  0x00004114       0x90 .\CortexM3\ARM_GCC_541\Debug\F1-TestFixture.a(RTest_DEMUX_C.o)
 .debug_abbrev  0x000041a4       0x90 .\CortexM3\ARM_GCC_541\Debug\F1-TestFixture.a(RTest_DEMUX_B.o)
 .debug_abbrev  0x00004234       0x90 .\CortexM3\ARM_GCC_541\Debug\F1-TestFixture.a(RTest_DEMUX_A.o)
 .debug_abbrev  0x000042c4       0x90 .\CortexM3\ARM_GCC_541\Debug\F1-TestFixture.a(RTest_DEMUX_COM.o)
 .debug_abbrev  0x00004354       0x81 .\CortexM3\ARM_GCC_541\Debug\F1-TestFixture.a(MUX_CTRL_115200.o)
 .debug_abbrev  0x000043d5       0x90 .\CortexM3\ARM_GCC_541\Debug\F1-TestFixture.a(Overload1.o)
 .debug_abbrev  0x00004465       0x90 .\CortexM3\ARM_GCC_541\Debug\F1-TestFixture.a(Overload2.o)
 .debug_abbrev  0x000044f5       0x14 .\CortexM3\ARM_GCC_541\Debug\F1-TestFixture.a(CyBootAsmGnu.o)
 .debug_abbrev  0x00004509      0x14b .\CortexM3\ARM_GCC_541\Debug\F1-TestFixture.a(CyFlash.o)
 .debug_abbrev  0x00004654      0x16c .\CortexM3\ARM_GCC_541\Debug\F1-TestFixture.a(CySpc.o)
 .debug_abbrev  0x000047c0       0x90 .\CortexM3\ARM_GCC_541\Debug\F1-TestFixture.a(LED1.o)
 .debug_abbrev  0x00004850       0x90 .\CortexM3\ARM_GCC_541\Debug\F1-TestFixture.a(LED2.o)
 .debug_abbrev  0x000048e0       0x90 .\CortexM3\ARM_GCC_541\Debug\F1-TestFixture.a(LED3.o)

.debug_line     0x00000000     0x786a
 *(.debug_line)
 .debug_line    0x00000000      0x22d .\CortexM3\ARM_GCC_541\Debug\main.o
 .debug_line    0x0000022d      0x51f .\CortexM3\ARM_GCC_541\Debug\ControllerTest.o
 .debug_line    0x0000074c      0x3a8 .\CortexM3\ARM_GCC_541\Debug\UART_230400_Functions.o
 .debug_line    0x00000af4      0x3ea .\CortexM3\ARM_GCC_541\Debug\SirenTest.o
 .debug_line    0x00000ede      0x591 .\CortexM3\ARM_GCC_541\Debug\RelayTest.o
 .debug_line    0x0000146f      0x309 .\CortexM3\ARM_GCC_541\Debug\UART_460800_Functions.o
 .debug_line    0x00001778      0x22f .\CortexM3\ARM_GCC_541\Debug\UART_115200_Functions.o
 .debug_line    0x000019a7      0x1d3 .\CortexM3\ARM_GCC_541\Debug\CD4051BPW_Driver.o
 .debug_line    0x00001b7a      0x378 .\CortexM3\ARM_GCC_541\Debug\ControllerTest_Complete.o
 .debug_line    0x00001ef2      0x4a3 .\CortexM3\ARM_GCC_541\Debug\RelayTest_Complete.o
 .debug_line    0x00002395      0x230 .\CortexM3\ARM_GCC_541\Debug\cyfitter_cfg.o
 .debug_line    0x000025c5      0x141 .\CortexM3\ARM_GCC_541\Debug\cymetadata.o
 .debug_line    0x00002706      0x1db .\CortexM3\ARM_GCC_541\Debug\Cm3Start.o
 .debug_line    0x000028e1      0x2b6 .\CortexM3\ARM_GCC_541\Debug\F1-TestFixture.a(CyDmac.o)
 .debug_line    0x00002b97      0x883 .\CortexM3\ARM_GCC_541\Debug\F1-TestFixture.a(CyLib.o)
 .debug_line    0x0000341a      0x38e .\CortexM3\ARM_GCC_541\Debug\F1-TestFixture.a(cyPm.o)
 .debug_line    0x000037a8       0x9e .\CortexM3\ARM_GCC_541\Debug\F1-TestFixture.a(STest_SIREN_EN.o)
 .debug_line    0x00003846       0xa3 .\CortexM3\ARM_GCC_541\Debug\F1-TestFixture.a(CTest_CONT_VBATT_EN.o)
 .debug_line    0x000038e9       0x9f .\CortexM3\ARM_GCC_541\Debug\F1-TestFixture.a(CTest_USB_5V_EN.o)
 .debug_line    0x00003988       0x9e .\CortexM3\ARM_GCC_541\Debug\F1-TestFixture.a(RTest_SIREN_EN.o)
 .debug_line    0x00003a26       0x93 .\CortexM3\ARM_GCC_541\Debug\F1-TestFixture.a(RS1.o)
 .debug_line    0x00003ab9       0x93 .\CortexM3\ARM_GCC_541\Debug\F1-TestFixture.a(RS2.o)
 .debug_line    0x00003b4c       0x9c .\CortexM3\ARM_GCC_541\Debug\F1-TestFixture.a(RTest_HSide1.o)
 .debug_line    0x00003be8       0x9c .\CortexM3\ARM_GCC_541\Debug\F1-TestFixture.a(RTest_HSide3.o)
 .debug_line    0x00003c84       0x9c .\CortexM3\ARM_GCC_541\Debug\F1-TestFixture.a(RTest_HSide2.o)
 .debug_line    0x00003d20       0x9c .\CortexM3\ARM_GCC_541\Debug\F1-TestFixture.a(RTest_HSide4.o)
 .debug_line    0x00003dbc       0x9c .\CortexM3\ARM_GCC_541\Debug\F1-TestFixture.a(RTest_HSide5.o)
 .debug_line    0x00003e58       0x9c .\CortexM3\ARM_GCC_541\Debug\F1-TestFixture.a(RTest_HSide6.o)
 .debug_line    0x00003ef4       0x9c .\CortexM3\ARM_GCC_541\Debug\F1-TestFixture.a(RTest_HSide7.o)
 .debug_line    0x00003f90       0x9c .\CortexM3\ARM_GCC_541\Debug\F1-TestFixture.a(RTest_HSide8.o)
 .debug_line    0x0000402c      0x264 .\CortexM3\ARM_GCC_541\Debug\F1-TestFixture.a(isr_UART_230400.o)
 .debug_line    0x00004290      0x324 .\CortexM3\ARM_GCC_541\Debug\F1-TestFixture.a(UART_230400.o)
 .debug_line    0x000045b4       0x8e .\CortexM3\ARM_GCC_541\Debug\F1-TestFixture.a(UART_230400_INT.o)
 .debug_line    0x00004642      0x1b3 .\CortexM3\ARM_GCC_541\Debug\F1-TestFixture.a(UART_230400_IntClock.o)
 .debug_line    0x000047f5       0x78 .\CortexM3\ARM_GCC_541\Debug\F1-TestFixture.a(MUX_CTRL_230400.o)
 .debug_line    0x0000486d      0x162 .\CortexM3\ARM_GCC_541\Debug\F1-TestFixture.a(Timer_20ms.o)
 .debug_line    0x000049cf       0x96 .\CortexM3\ARM_GCC_541\Debug\F1-TestFixture.a(LED_EN.o)
 .debug_line    0x00004a65      0x26b .\CortexM3\ARM_GCC_541\Debug\F1-TestFixture.a(isr_Timer_20ms.o)
 .debug_line    0x00004cd0      0x324 .\CortexM3\ARM_GCC_541\Debug\F1-TestFixture.a(UART_115200.o)
 .debug_line    0x00004ff4       0x8e .\CortexM3\ARM_GCC_541\Debug\F1-TestFixture.a(UART_115200_INT.o)
 .debug_line    0x00005082      0x264 .\CortexM3\ARM_GCC_541\Debug\F1-TestFixture.a(isr_UART_115200.o)
 .debug_line    0x000052e6      0x1b3 .\CortexM3\ARM_GCC_541\Debug\F1-TestFixture.a(UART_115200_IntClock.o)
 .debug_line    0x00005499       0x7a .\CortexM3\ARM_GCC_541\Debug\F1-TestFixture.a(DEMUX_CTRL_230400.o)
 .debug_line    0x00005513      0x264 .\CortexM3\ARM_GCC_541\Debug\F1-TestFixture.a(isr_UART_460800.o)
 .debug_line    0x00005777      0x324 .\CortexM3\ARM_GCC_541\Debug\F1-TestFixture.a(UART_460800.o)
 .debug_line    0x00005a9b       0x8e .\CortexM3\ARM_GCC_541\Debug\F1-TestFixture.a(UART_460800_INT.o)
 .debug_line    0x00005b29       0x78 .\CortexM3\ARM_GCC_541\Debug\F1-TestFixture.a(MUX_CTRL_460800.o)
 .debug_line    0x00005ba1       0x7a .\CortexM3\ARM_GCC_541\Debug\F1-TestFixture.a(DEMUX_CTRL_460800.o)
 .debug_line    0x00005c1b      0x1b3 .\CortexM3\ARM_GCC_541\Debug\F1-TestFixture.a(UART_460800_IntClock.o)