Archive member included to satisfy reference by file (symbol)

.\CortexM3\ARM_GCC_541\Debug\F1-TestFixture.a(CyDmac.o)
                              .\CortexM3\ARM_GCC_541\Debug\Cm3Start.o (CyDmacConfigure)
.\CortexM3\ARM_GCC_541\Debug\F1-TestFixture.a(CyLib.o)
                              .\CortexM3\ARM_GCC_541\Debug\Cm3Start.o (CyResetStatus)
.\CortexM3\ARM_GCC_541\Debug\F1-TestFixture.a(cyPm.o)
                              .\CortexM3\ARM_GCC_541\Debug\F1-TestFixture.a(CyLib.o) (CyPmReadStatus)
.\CortexM3\ARM_GCC_541\Debug\F1-TestFixture.a(STest_SIREN_EN.o)
                              .\CortexM3\ARM_GCC_541\Debug\SirenTest.o (STest_SIREN_EN_Write)
.\CortexM3\ARM_GCC_541\Debug\F1-TestFixture.a(CTest_CONT_VBATT_EN.o)
                              .\CortexM3\ARM_GCC_541\Debug\ControllerTest.o (CTest_CONT_VBATT_EN_Write)
.\CortexM3\ARM_GCC_541\Debug\F1-TestFixture.a(CTest_USB_5V_EN.o)
                              .\CortexM3\ARM_GCC_541\Debug\ControllerTest.o (CTest_USB_5V_EN_Write)
.\CortexM3\ARM_GCC_541\Debug\F1-TestFixture.a(RTest_SIREN_EN.o)
                              .\CortexM3\ARM_GCC_541\Debug\RelayTest.o (RTest_SIREN_EN_Read)
.\CortexM3\ARM_GCC_541\Debug\F1-TestFixture.a(RS1.o)
                              .\CortexM3\ARM_GCC_541\Debug\main.o (RS1_Read)
.\CortexM3\ARM_GCC_541\Debug\F1-TestFixture.a(RS2.o)
                              .\CortexM3\ARM_GCC_541\Debug\main.o (RS2_Read)
.\CortexM3\ARM_GCC_541\Debug\F1-TestFixture.a(RTest_HSide1.o)
                              .\CortexM3\ARM_GCC_541\Debug\RelayTest.o (RTest_HSide1_Write)
.\CortexM3\ARM_GCC_541\Debug\F1-TestFixture.a(RTest_HSide3.o)
                              .\CortexM3\ARM_GCC_541\Debug\RelayTest.o (RTest_HSide3_Write)
.\CortexM3\ARM_GCC_541\Debug\F1-TestFixture.a(RTest_HSide2.o)
                              .\CortexM3\ARM_GCC_541\Debug\RelayTest.o (RTest_HSide2_Write)
.\CortexM3\ARM_GCC_541\Debug\F1-TestFixture.a(RTest_HSide4.o)
                              .\CortexM3\ARM_GCC_541\Debug\RelayTest.o (RTest_HSide4_Write)
.\CortexM3\ARM_GCC_541\Debug\F1-TestFixture.a(RTest_HSide5.o)
                              .\CortexM3\ARM_GCC_541\Debug\RelayTest.o (RTest_HSide5_Write)
.\CortexM3\ARM_GCC_541\Debug\F1-TestFixture.a(RTest_HSide6.o)
                              .\CortexM3\ARM_GCC_541\Debug\RelayTest.o (RTest_HSide6_Write)
.\CortexM3\ARM_GCC_541\Debug\F1-TestFixture.a(RTest_HSide7.o)
                              .\CortexM3\ARM_GCC_541\Debug\RelayTest.o (RTest_HSide7_Write)
.\CortexM3\ARM_GCC_541\Debug\F1-TestFixture.a(RTest_HSide8.o)
                              .\CortexM3\ARM_GCC_541\Debug\RelayTest.o (RTest_HSide8_Write)
.\CortexM3\ARM_GCC_541\Debug\F1-TestFixture.a(isr_UART_230400.o)
                              .\CortexM3\ARM_GCC_541\Debug\main.o (isr_UART_230400_Start)
.\CortexM3\ARM_GCC_541\Debug\F1-TestFixture.a(UART_230400.o)
                              .\CortexM3\ARM_GCC_541\Debug\main.o (UART_230400_Start)
.\CortexM3\ARM_GCC_541\Debug\F1-TestFixture.a(UART_230400_INT.o)
                              .\CortexM3\ARM_GCC_541\Debug\F1-TestFixture.a(UART_230400.o) (UART_230400_TXISR)
.\CortexM3\ARM_GCC_541\Debug\F1-TestFixture.a(UART_230400_IntClock.o)
                              .\CortexM3\ARM_GCC_541\Debug\F1-TestFixture.a(UART_230400.o) (UART_230400_IntClock_Start)
.\CortexM3\ARM_GCC_541\Debug\F1-TestFixture.a(MUX_CTRL_230400.o)
                              .\CortexM3\ARM_GCC_541\Debug\ControllerTest.o (MUX_CTRL_230400_Write)
.\CortexM3\ARM_GCC_541\Debug\F1-TestFixture.a(Timer_20ms.o)
                              .\CortexM3\ARM_GCC_541\Debug\main.o (Timer_20ms_Start)
.\CortexM3\ARM_GCC_541\Debug\F1-TestFixture.a(LED_EN.o)
                              .\CortexM3\ARM_GCC_541\Debug\ControllerTest.o (LED_EN_Write)
.\CortexM3\ARM_GCC_541\Debug\F1-TestFixture.a(isr_Timer_20ms.o)
                              .\CortexM3\ARM_GCC_541\Debug\main.o (isr_Timer_20ms_Start)
.\CortexM3\ARM_GCC_541\Debug\F1-TestFixture.a(UART_115200.o)
                              .\CortexM3\ARM_GCC_541\Debug\main.o (UART_115200_Start)
.\CortexM3\ARM_GCC_541\Debug\F1-TestFixture.a(UART_115200_INT.o)
                              .\CortexM3\ARM_GCC_541\Debug\F1-TestFixture.a(UART_115200.o) (UART_115200_TXISR)
.\CortexM3\ARM_GCC_541\Debug\F1-TestFixture.a(isr_UART_115200.o)
                              .\CortexM3\ARM_GCC_541\Debug\main.o (isr_UART_115200_Start)
.\CortexM3\ARM_GCC_541\Debug\F1-TestFixture.a(UART_115200_IntClock.o)
                              .\CortexM3\ARM_GCC_541\Debug\F1-TestFixture.a(UART_115200.o) (UART_115200_IntClock_Start)
.\CortexM3\ARM_GCC_541\Debug\F1-TestFixture.a(DEMUX_CTRL_230400.o)
                              .\CortexM3\ARM_GCC_541\Debug\UART_230400_Functions.o (DEMUX_CTRL_230400_Write)
.\CortexM3\ARM_GCC_541\Debug\F1-TestFixture.a(isr_UART_460800.o)
                              .\CortexM3\ARM_GCC_541\Debug\main.o (isr_UART_460800_Start)
.\CortexM3\ARM_GCC_541\Debug\F1-TestFixture.a(UART_460800.o)
[...]
Memory Configuration

Name             Origin             Length             Attributes
rom              0x00000000         0x00020000         xr
ram              0x1fffc000         0x00008000         xrw
*default*        0x00000000         0xffffffff

Linker script and memory map

LOAD c:/program files (x86)/cypress/psoc creator/4.3/psoc creator/import/gnu/arm/5.4.1/bin/../lib/gcc/arm-none-eabi/5.4.1/armv7-m/crti.o
LOAD c:/program files (x86)/cypress/psoc creator/4.3/psoc creator/import/gnu/arm/5.4.1/bin/../lib/gcc/arm-none-eabi/5.4.1/armv7-m/crtbegin.o
LOAD c:/program files (x86)/cypress/psoc creator/4.3/psoc creator/import/gnu/arm/5.4.1/bin/../lib/gcc/arm-none-eabi/5.4.1/../../../../arm-none-eabi/lib/armv7-m/crt0.o
START GROUP
LOAD .\CortexM3\ARM_GCC_541\Debug\main.o
LOAD .\CortexM3\ARM_GCC_541\Debug\ControllerTest.o
LOAD .\CortexM3\ARM_GCC_541\Debug\UART_230400_Functions.o
LOAD .\CortexM3\ARM_GCC_541\Debug\SirenTest.o
LOAD .\CortexM3\ARM_GCC_541\Debug\RelayTest.o
LOAD .\CortexM3\ARM_GCC_541\Debug\UART_460800_Functions.o
LOAD .\CortexM3\ARM_GCC_541\Debug\UART_115200_Functions.o
LOAD .\CortexM3\ARM_GCC_541\Debug\CD4051BPW_Driver.o
LOAD .\CortexM3\ARM_GCC_541\Debug\cyfitter_cfg.o
LOAD .\CortexM3\ARM_GCC_541\Debug\cymetadata.o
LOAD .\CortexM3\ARM_GCC_541\Debug\Cm3Start.o
LOAD .\CortexM3\ARM_GCC_541\Debug\F1-TestFixture.a
LOAD C:\Program Files (x86)\Cypress\PSoC Creator\4.3\PSoC Creator\psoc\content\cycomponentlibrary\CyComponentLibrary.cylib\CortexM3\ARM_GCC_541\Debug\CyComponentLibrary.a
END GROUP
START GROUP
LOAD c:/program files (x86)/cypress/psoc creator/4.3/psoc creator/import/gnu/arm/5.4.1/bin/../lib/gcc/arm-none-eabi/5.4.1/armv7-m\libgcc.a
LOAD c:/program files (x86)/cypress/psoc creator/4.3/psoc creator/import/gnu/arm/5.4.1/bin/../lib/gcc/arm-none-eabi/5.4.1/../../../../arm-none-eabi/lib/armv7-m\libg_nano.a
LOAD c:/program files (x86)/cypress/psoc creator/4.3/psoc creator/import/gnu/arm/5.4.1/bin/../lib/gcc/arm-none-eabi/5.4.1/../../../../arm-none-eabi/lib/armv7-m\libc_nano.a
END GROUP
START GROUP
LOAD c:/program files (x86)/cypress/psoc creator/4.3/psoc creator/import/gnu/arm/5.4.1/bin/../lib/gcc/arm-none-eabi/5.4.1/armv7-m\libgcc.a
LOAD c:/program files (x86)/cypress/psoc creator/4.3/psoc creator/import/gnu/arm/5.4.1/bin/../lib/gcc/arm-none-eabi/5.4.1/../../../../arm-none-eabi/lib/armv7-m\libc_nano.a
END GROUP
LOAD c:/program files (x86)/cypress/psoc creator/4.3/psoc creator/import/gnu/arm/5.4.1/bin/../lib/gcc/arm-none-eabi/5.4.1/armv7-m/crtend.o
LOAD c:/program files (x86)/cypress/psoc creator/4.3/psoc creator/import/gnu/arm/5.4.1/bin/../lib/gcc/arm-none-eabi/5.4.1/armv7-m/crtn.o
START GROUP
LOAD c:/program files (x86)/cypress/psoc creator/4.3/psoc creator/import/gnu/arm/5.4.1/bin/../lib/gcc/arm-none-eabi/5.4.1/armv7-m\libgcc.a
LOAD c:/program files (x86)/cypress/psoc creator/4.3/psoc creator/import/gnu/arm/5.4.1/bin/../lib/gcc/arm-none-eabi/5.4.1/../../../../arm-none-eabi/lib/armv7-m\libc.a
LOAD c:/program files (x86)/cypress/psoc creator/4.3/psoc creator/import/gnu/arm/5.4.1/bin/../lib/gcc/arm-none-eabi/5.4.1/../../../../arm-none-eabi/lib/armv7-m\libnosys.a
END GROUP
                0x00000000                CY_APPL_ORIGIN = 0x0
                0x00000100                CY_FLASH_ROW_SIZE = 0x100
                0x00000020                CY_ECC_ROW_SIZE = 0x20
                0x00000000                CY_EE_IN_BTLDR = 0x0
                0x00000000                CY_APPL_LOADABLE = 0x0
                0x00000800                CY_EE_SIZE = 0x800
                0x00000001                CY_APPL_NUM = 0x1
                0x00000001                CY_APPL_MAX = 0x1
                0x00000040                CY_METADATA_SIZE = 0x40
                0x00000000                CY_APPL_LOADABLE = 0x0
                0x00000000                CY_CHECKSUM_EXCLUDE_SIZE = ALIGN (0x0, CY_FLASH_ROW_SIZE)
                [!provide]                PROVIDE (__cy_heap_start, _end)
                0x00000001                PROVIDE (__cy_region_num, ((__cy_regions_end - __cy_regions) / 0x10))
                0x20004000                PROVIDE (__cy_stack, (ORIGIN (ram) + LENGTH (ram)))
                [!provide]                PROVIDE (__cy_heap_end, (__cy_stack - 0x800))

.cybootloader   0x00000000        0x0
 *(.cybootloader)
                0x00000000                appl1_start = CY_APPL_ORIGIN?CY_APPL_ORIGIN:ALIGN (CY_FLASH_ROW_SIZE)
                0x0000ff00                appl2_start = (appl1_start + ALIGN ((((LENGTH (rom) - appl1_start) - (0x2 * CY_FLASH_ROW_SIZE)) / 0x2), CY_FLASH_ROW_SIZE))
                0x00000000                appl_start = (CY_APPL_NUM == 0x1)?appl1_start:appl2_start
                0x00000000                ecc_offset = ((appl_start / CY_FLASH_ROW_SIZE) * CY_ECC_ROW_SIZE)
                0x00000000                ee_offset = (CY_APPL_LOADABLE && ! (CY_EE_IN_BTLDR))?((CY_EE_SIZE / CY_APPL_MAX) * (CY_APPL_NUM - 0x1)):0x0
                0x00000800                ee_size = (CY_APPL_LOADABLE && ! (CY_EE_IN_BTLDR))?(CY_EE_SIZE / CY_APPL_MAX):CY_EE_SIZE
                [!provide]                PROVIDE (CY_ECC_OFFSET, ecc_offset)

.text           0x00000000     0x540a
 CREATE_OBJECT_SYMBOLS
                0x00000000                PROVIDE (__cy_interrupt_vector, RomVectors)
 *(.romvectors)
 .romvectors    0x00000000       0x10 .\CortexM3\ARM_GCC_541\Debug\Cm3Start.o
                0x00000000                RomVectors
                0x00000001                ASSERT ((. != __cy_interrupt_vector), No interrupt vector)
                0x00000001                ASSERT (CY_APPL_ORIGIN?(SIZEOF (.cybootloader) <= CY_APPL_ORIGIN):0x1, Wrong image location)
                0x00000010                PROVIDE (__cy_reset, Reset)
 *(.text.Reset)
 .text.Reset    0x00000010       0x18 .\CortexM3\ARM_GCC_541\Debug\Cm3Start.o
                0x00000010                Reset
                0x00000001                ASSERT ((. != __cy_reset), No reset code)
 *(.dma_init)
                0x00000001                ASSERT ((((appl_start + .) <= 0x10000) || 0x1), DMA Init must be within the first 64k of flash)
 *(.text .text.* .gnu.linkonce.t.*)
 .text          0x00000028       0x5c c:/program files (x86)/cypress/psoc creator/4.3/psoc creator/import/gnu/arm/5.4.1/bin/../lib/gcc/arm-none-eabi/5.4.1/armv7-m/crtbegin.o
 .text.main     0x00000084       0xd0 .\CortexM3\ARM_GCC_541\Debug\main.o
                0x00000084                main
 .text.initializePeripherals
                0x00000154       0x3c .\CortexM3\ARM_GCC_541\Debug\main.o
 .text.ControllerTest
                0x00000190      0x488 .\CortexM3\ARM_GCC_541\Debug\ControllerTest.o
                0x00000190                ControllerTest
 .text.CTest_ReadPushbuttons
                0x00000618       0x3c .\CortexM3\ARM_GCC_541\Debug\ControllerTest.o
                0x00000618                CTest_ReadPushbuttons
 .text.getTxPacket_Relay
                0x00000654       0x20 .\CortexM3\ARM_GCC_541\Debug\ControllerTest.o
                0x00000654                getTxPacket_Relay
 .text.getRxPacket_Controller
                0x00000674       0x20 .\CortexM3\ARM_GCC_541\Debug\ControllerTest.o
                0x00000674                getRxPacket_Controller
 .text.getTxPacket_Controller
                0x00000694       0x20 .\CortexM3\ARM_GCC_541\Debug\ControllerTest.o
                0x00000694                getTxPacket_Controller
 .text.CTest_sendDiagPacket
                0x000006b4       0x58 .\CortexM3\ARM_GCC_541\Debug\ControllerTest.o
                0x000006b4                CTest_sendDiagPacket
 .text.CTest_isr_PB
                0x0000070c       0xe8 .\CortexM3\ARM_GCC_541\Debug\ControllerTest.o
                0x0000070c                CTest_isr_PB
 .text.CTest_20ms_isr
                0x000007f4       0x7c .\CortexM3\ARM_GCC_541\Debug\ControllerTest.o
                0x000007f4                CTest_20ms_isr
 .text.CTest_50ms_isr
                0x00000870       0x48 .\CortexM3\ARM_GCC_541\Debug\ControllerTest.o
                0x00000870                CTest_50ms_isr
 .text.CTest_StartAutomatedStep
                0x000008b8       0x3c .\CortexM3\ARM_GCC_541\Debug\ControllerTest.o
                0x000008b8                CTest_StartAutomatedStep
 .text.CTest_StopAutomatedStep
                0x000008f4       0x40 .\CortexM3\ARM_GCC_541\Debug\ControllerTest.o
                0x000008f4                CTest_StopAutomatedStep
 .text.CTest_PB_WaitForAction
                0x00000934       0x6c .\CortexM3\ARM_GCC_541\Debug\ControllerTest.o
                0x00000934                CTest_PB_WaitForAction
 .text.getTxPacket_Intermotive
                0x000009a0       0x20 .\CortexM3\ARM_GCC_541\Debug\ControllerTest.o
                0x000009a0                getTxPacket_Intermotive
 .text.setLEDs  0x000009c0      0x6dc .\CortexM3\ARM_GCC_541\Debug\ControllerTest.o
                0x000009c0                setLEDs
 .text.processByteReceivedHandler
                0x0000109c       0x68 .\CortexM3\ARM_GCC_541\Debug\UART_230400_Functions.o
                0x0000109c                processByteReceivedHandler
 .text.detectPacket
                0x00001104      0x324 .\CortexM3\ARM_GCC_541\Debug\UART_230400_Functions.o
 .text.VerifyPacket_230400
                0x00001428       0x34 .\CortexM3\ARM_GCC_541\Debug\UART_230400_Functions.o
                0x00001428                VerifyPacket_230400
 .text.findpacket
                0x0000145c       0x6c .\CortexM3\ARM_GCC_541\Debug\UART_230400_Functions.o
                0x0000145c                findpacket
 .text.sendPacket_RelayToController
                0x000014c8       0x5c .\CortexM3\ARM_GCC_541\Debug\UART_230400_Functions.o
                0x000014c8                sendPacket_RelayToController
 .text.sendPacket_RelayToController_Test
                0x00001524       0xa0 .\CortexM3\ARM_GCC_541\Debug\UART_230400_Functions.o
                0x00001524                sendPacket_RelayToController_Test
 .text.sendPacketToRelaySiren
                0x000015c4       0x60 .\CortexM3\ARM_GCC_541\Debug\UART_230400_Functions.o
                0x000015c4                sendPacketToRelaySiren
 .text.sendPacket_SirenToRelay
                0x00001624       0x64 .\CortexM3\ARM_GCC_541\Debug\UART_230400_Functions.o
                0x00001624                sendPacket_SirenToRelay
 .text.VerifyPacket_GPS
                0x00001688       0x24 .\CortexM3\ARM_GCC_541\Debug\UART_230400_Functions.o
                0x00001688                VerifyPacket_GPS
 .text.SirenTest
                0x000016ac      0x4cc .\CortexM3\ARM_GCC_541\Debug\SirenTest.o
                0x000016ac                SirenTest
 .text.STest_isr_PB
                0x00001b78       0xe8 .\CortexM3\ARM_GCC_541\Debug\SirenTest.o
                0x00001b78                STest_isr_PB
 .text.STest_10ms_isr
                0x00001c60       0x1c .\CortexM3\ARM_GCC_541\Debug\SirenTest.o
                0x00001c60                STest_10ms_isr
 .text.STest_20ms_isr
                0x00001c7c       0x7c .\CortexM3\ARM_GCC_541\Debug\SirenTest.o
                0x00001c7c                STest_20ms_isr
 .text.STest_50ms_isr
                0x00001cf8       0x58 .\CortexM3\ARM_GCC_541\Debug\SirenTest.o
                0x00001cf8                STest_50ms_isr
 .text.STest_sendDiagPacket
                0x00001d50       0x58 .\CortexM3\ARM_GCC_541\Debug\SirenTest.o
                0x00001d50                STest_sendDiagPacket
 .text.PB_WaitForAction
                0x00001da8       0x6c .\CortexM3\ARM_GCC_541\Debug\SirenTest.o
                0x00001da8                PB_WaitForAction
 .text.StartAutomatedStep
                0x00001e14       0x3c .\CortexM3\ARM_GCC_541\Debug\SirenTest.o
                0x00001e14                StartAutomatedStep
 .text.StopAutomatedStep
                0x00001e50       0x40 .\CortexM3\ARM_GCC_541\Debug\SirenTest.o
                0x00001e50                StopAutomatedStep
 .text.RelayTest
                0x00001e90      0x42c .\CortexM3\ARM_GCC_541\Debug\RelayTest.o
                0x00001e90                RelayTest
 .text.RTest_Test_Outputs
                0x000022bc       0x60 .\CortexM3\ARM_GCC_541\Debug\RelayTest.o
                0x000022bc                RTest_Test_Outputs
 .text.RTest_Test_DataLink
                0x0000231c       0x68 .\CortexM3\ARM_GCC_541\Debug\RelayTest.o
                0x0000231c                RTest_Test_DataLink
 .text.RTest_Test_QuadPorts
                0x00002384       0x54 .\CortexM3\ARM_GCC_541\Debug\RelayTest.o
                0x00002384                RTest_Test_QuadPorts
 .text.RTest_Test_UART_Siren
                0x000023d8       0x90 .\CortexM3\ARM_GCC_541\Debug\RelayTest.o
                0x000023d8                RTest_Test_UART_Siren
 .text.RTest_Test_Inputs
                0x00002468       0x54 .\CortexM3\ARM_GCC_541\Debug\RelayTest.o
                0x00002468                RTest_Test_Inputs
 .text.RTest_Test_Vbatt
                0x000024bc       0x40 .\CortexM3\ARM_GCC_541\Debug\RelayTest.o
                0x000024bc                RTest_Test_Vbatt
 .text.RTest_Test_BlockCurrents
                0x000024fc       0x7c .\CortexM3\ARM_GCC_541\Debug\RelayTest.o
                0x000024fc                RTest_Test_BlockCurrents
 .text.getRxPacket_Relay
                0x00002578       0x20 .\CortexM3\ARM_GCC_541\Debug\RelayTest.o
                0x00002578                getRxPacket_Relay
 .text.getTxPacket_RelaySiren
                0x00002598       0x20 .\CortexM3\ARM_GCC_541\Debug\RelayTest.o
                0x00002598                getTxPacket_RelaySiren
 .text.getRxPacket_RelaySiren
                0x000025b8       0x20 .\CortexM3\ARM_GCC_541\Debug\RelayTest.o
                0x000025b8                getRxPacket_RelaySiren
 .text.getTxPacket_H
                0x000025d8       0x20 .\CortexM3\ARM_GCC_541\Debug\RelayTest.o
                0x000025d8                getTxPacket_H
 .text.getRxPacket_H
                0x000025f8       0x20 .\CortexM3\ARM_GCC_541\Debug\RelayTest.o
                0x000025f8                getRxPacket_H
 .text.RTest_sendDiagPacket
                0x00002618       0x58 .\CortexM3\ARM_GCC_541\Debug\RelayTest.o
                0x00002618                RTest_sendDiagPacket
 .text.RTest_BlockCurrent
                0x00002670       0x7c .\CortexM3\ARM_GCC_541\Debug\RelayTest.o
                0x00002670                RTest_BlockCurrent
 .text.RTest_10ms_isr
                0x000026ec       0x1c .\CortexM3\ARM_GCC_541\Debug\RelayTest.o
                0x000026ec                RTest_10ms_isr
 .text.RTest_20ms_isr
                0x00002708       0x84 .\CortexM3\ARM_GCC_541\Debug\RelayTest.o
                0x00002708                RTest_20ms_isr
 .text.RTest_50ms_isr
                0x0000278c       0x58 .\CortexM3\ARM_GCC_541\Debug\RelayTest.o
                0x0000278c                RTest_50ms_isr
 .text.SetRelayOutputs
                0x000027e4       0x80 .\CortexM3\ARM_GCC_541\Debug\RelayTest.o
                0x000027e4                SetRelayOutputs
 .text.RTest_StartAutomatedStep
                0x00002864       0x3c .\CortexM3\ARM_GCC_541\Debug\RelayTest.o
                0x00002864                RTest_StartAutomatedStep
 .text.RTest_StopAutomatedStep
                0x000028a0       0x40 .\CortexM3\ARM_GCC_541\Debug\RelayTest.o
                0x000028a0                RTest_StopAutomatedStep
 .text.SetRelayInputs
                0x000028e0       0x7c .\CortexM3\ARM_GCC_541\Debug\RelayTest.o
                0x000028e0                SetRelayInputs
 .text.processByteReceivedHandler_460800
                0x0000295c       0x60 .\CortexM3\ARM_GCC_541\Debug\UART_460800_Functions.o
                0x0000295c                processByteReceivedHandler_460800
 .text.detectPacket
                0x000029bc      0x21c .\CortexM3\ARM_GCC_541\Debug\UART_460800_Functions.o
 .text.VerifyPacket_460800
                0x00002bd8       0x34 .\CortexM3\ARM_GCC_541\Debug\UART_460800_Functions.o
                0x00002bd8                VerifyPacket_460800
 .text.sendPacketToRelay_Quad
                0x00002c0c       0x40 .\CortexM3\ARM_GCC_541\Debug\UART_460800_Functions.o
                0x00002c0c                sendPacketToRelay_Quad
 .text.sendPacketToSiren_Audio
                0x00002c4c       0x2c .\CortexM3\ARM_GCC_541\Debug\UART_460800_Functions.o
                0x00002c4c                sendPacketToSiren_Audio
 .text.sendPacketToController_OBDII
                0x00002c78       0x50 .\CortexM3\ARM_GCC_541\Debug\UART_460800_Functions.o
                0x00002c78                sendPacketToController_OBDII
 .text.sendPacket_OBDII
                0x00002cc8       0x88 .\CortexM3\ARM_GCC_541\Debug\UART_460800_Functions.o
                0x00002cc8                sendPacket_OBDII
 .text.processByteReceivedHandler_115200
                0x00002d50       0x60 .\CortexM3\ARM_GCC_541\Debug\UART_115200_Functions.o
                0x00002d50                processByteReceivedHandler_115200
 .text.detectPacket
                0x00002db0      0x1d8 .\CortexM3\ARM_GCC_541\Debug\UART_115200_Functions.o
 .text.VerifyPacket_115200
                0x00002f88       0x4c .\CortexM3\ARM_GCC_541\Debug\UART_115200_Functions.o
                0x00002f88                VerifyPacket_115200
 .text.getMuxValue
                0x00002fd4       0x20 .\CortexM3\ARM_GCC_541\Debug\CD4051BPW_Driver.o
 .text.selectADCChannelMux
                0x00002ff4      0x17c .\CortexM3\ARM_GCC_541\Debug\CD4051BPW_Driver.o
                0x00002ff4                selectADCChannelMux
 .text.CYMEMZERO
                0x00003170       0x1c .\CortexM3\ARM_GCC_541\Debug\cyfitter_cfg.o
 .text.CYCONFIGCPY
                0x0000318c       0x20 .\CortexM3\ARM_GCC_541\Debug\cyfitter_cfg.o
 .text.CyClockStartupError
                0x000031ac        0xc .\CortexM3\ARM_GCC_541\Debug\cyfitter_cfg.o
 .text.cfg_write_bytes32
                0x000031b8       0x74 .\CortexM3\ARM_GCC_541\Debug\cyfitter_cfg.o
 .text.ClockSetup
                0x0000322c      0x170 .\CortexM3\ARM_GCC_541\Debug\cyfitter_cfg.o
 .text.AnalogSetDefault
                0x0000339c       0x60 .\CortexM3\ARM_GCC_541\Debug\cyfitter_cfg.o
 .text.cyfitter_cfg
                0x000033fc      0x1f8 .\CortexM3\ARM_GCC_541\Debug\cyfitter_cfg.o
                0x000033fc                cyfitter_cfg
 .text.IntDefaultHandler
                0x000035f4       0x14 .\CortexM3\ARM_GCC_541\Debug\Cm3Start.o
                0x000035f4                IntDefaultHandler
 .text.Start_c  0x00003608       0x98 .\CortexM3\ARM_GCC_541\Debug\Cm3Start.o
                0x00003608                Start_c
 .text.initialize_psoc
                0x000036a0       0x94 .\CortexM3\ARM_GCC_541\Debug\Cm3Start.o
                0x000036a0                initialize_psoc
 .text.CyDmacConfigure
                0x00003734       0x5c .\CortexM3\ARM_GCC_541\Debug\F1-TestFixture.a(CyDmac.o)
                0x00003734                CyDmacConfigure
 .text.CyHalt   0x00003790       0x18 .\CortexM3\ARM_GCC_541\Debug\F1-TestFixture.a(CyLib.o)
                0x00003790                CyHalt
 .text.CyDelay  0x000037a8       0x44 .\CortexM3\ARM_GCC_541\Debug\F1-TestFixture.a(CyLib.o)
                0x000037a8                CyDelay
 .text.CyIntSetVector
                0x000037ec       0x50 .\CortexM3\ARM_GCC_541\Debug\F1-TestFixture.a(CyLib.o)
                0x000037ec                CyIntSetVector
 .text.CyIntSetPriority
                0x0000383c       0x48 .\CortexM3\ARM_GCC_541\Debug\F1-TestFixture.a(CyLib.o)
                0x0000383c                CyIntSetPriority
 .text.STest_SIREN_EN_Write
                0x00003884       0x3c .\CortexM3\ARM_GCC_541\Debug\F1-TestFixture.a(STest_SIREN_EN.o)
                0x00003884                STest_SIREN_EN_Write
 .text.CTest_CONT_VBATT_EN_Write
                0x000038c0       0x3c .\CortexM3\ARM_GCC_541\Debug\F1-TestFixture.a(CTest_CONT_VBATT_EN.o)
                0x000038c0                CTest_CONT_VBATT_EN_Write
 .text.CTest_USB_5V_EN_Write
                0x000038fc       0x3c .\CortexM3\ARM_GCC_541\Debug\F1-TestFixture.a(CTest_USB_5V_EN.o)
                0x000038fc                CTest_USB_5V_EN_Write
 .text.RTest_SIREN_EN_Read
                0x00003938       0x1c .\CortexM3\ARM_GCC_541\Debug\F1-TestFixture.a(RTest_SIREN_EN.o)
                0x00003938                RTest_SIREN_EN_Read
 .text.RS1_Read
                0x00003954       0x20 .\CortexM3\ARM_GCC_541\Debug\F1-TestFixture.a(RS1.o)
                0x00003954                RS1_Read
 .text.RS2_Read
                0x00003974       0x20 .\CortexM3\ARM_GCC_541\Debug\F1-TestFixture.a(RS2.o)
                0x00003974                RS2_Read
 .text.RTest_HSide1_Write
                0x00003994       0x3c .\CortexM3\ARM_GCC_541\Debug\F1-TestFixture.a(RTest_HSide1.o)
                0x00003994                RTest_HSide1_Write
 .text.RTest_HSide3_Write
                0x000039d0       0x34 .\CortexM3\ARM_GCC_541\Debug\F1-TestFixture.a(RTest_HSide3.o)
                0x000039d0                RTest_HSide3_Write
 .text.RTest_HSide2_Write
                0x00003a04       0x3c .\CortexM3\ARM_GCC_541\Debug\F1-TestFixture.a(RTest_HSide2.o)
                0x00003a04                RTest_HSide2_Write
 .text.RTest_HSide4_Write
                0x00003a40       0x3c .\CortexM3\ARM_GCC_541\Debug\F1-TestFixture.a(RTest_HSide4.o)
                0x00003a40                RTest_HSide4_Write
 .text.RTest_HSide5_Write
                0x00003a7c       0x3c .\CortexM3\ARM_GCC_541\Debug\F1-TestFixture.a(RTest_HSide5.o)
                0x00003a7c                RTest_HSide5_Write
 .text.RTest_HSide6_Write
                0x00003ab8       0x3c .\CortexM3\ARM_GCC_541\Debug\F1-TestFixture.a(RTest_HSide6.o)
                0x00003ab8                RTest_HSide6_Write
 .text.RTest_HSide7_Write
                0x00003af4       0x3c .\CortexM3\ARM_GCC_541\Debug\F1-TestFixture.a(RTest_HSide7.o)
                0x00003af4                RTest_HSide7_Write
 .text.RTest_HSide8_Write
                0x00003b30       0x38 .\CortexM3\ARM_GCC_541\Debug\F1-TestFixture.a(RTest_HSide8.o)
                0x00003b30                RTest_HSide8_Write
 .text.isr_UART_230400_Start
                0x00003b68       0x20 .\CortexM3\ARM_GCC_541\Debug\F1-TestFixture.a(isr_UART_230400.o)
                0x00003b68                isr_UART_230400_Start
 .text.isr_UART_230400_Interrupt
                0x00003b88        0xc .\CortexM3\ARM_GCC_541\Debug\F1-TestFixture.a(isr_UART_230400.o)
                0x00003b88                isr_UART_230400_Interrupt
 .text.isr_UART_230400_SetVector
                0x00003b94       0x24 .\CortexM3\ARM_GCC_541\Debug\F1-TestFixture.a(isr_UART_230400.o)
                0x00003b94                isr_UART_230400_SetVector
 .text.isr_UART_230400_SetPriority
                0x00003bb8       0x24 .\CortexM3\ARM_GCC_541\Debug\F1-TestFixture.a(isr_UART_230400.o)
                0x00003bb8                isr_UART_230400_SetPriority
 .text.isr_UART_230400_Enable
                0x00003bdc       0x18 .\CortexM3\ARM_GCC_541\Debug\F1-TestFixture.a(isr_UART_230400.o)
                0x00003bdc                isr_UART_230400_Enable
 .text.isr_UART_230400_Disable
                0x00003bf4       0x18 .\CortexM3\ARM_GCC_541\Debug\F1-TestFixture.a(isr_UART_230400.o)
                0x00003bf4                isr_UART_230400_Disable
 .text.UART_230400_Start
                0x00003c0c       0x24 .\CortexM3\ARM_GCC_541\Debug\F1-TestFixture.a(UART_230400.o)
                0x00003c0c                UART_230400_Start
 .text.UART_230400_Init
                0x00003c30       0x50 .\CortexM3\ARM_GCC_541\Debug\F1-TestFixture.a(UART_230400.o)
                0x00003c30                UART_230400_Init
 .text.UART_230400_Enable
                0x00003c80       0x74 .\CortexM3\ARM_GCC_541\Debug\F1-TestFixture.a(UART_230400.o)
                0x00003c80                UART_230400_Enable
 .text.UART_230400_ReadRxStatus
                0x00003cf4       0x24 .\CortexM3\ARM_GCC_541\Debug\F1-TestFixture.a(UART_230400.o)
                0x00003cf4                UART_230400_ReadRxStatus
 .text.UART_230400_GetChar
                0x00003d18       0x44 .\CortexM3\ARM_GCC_541\Debug\F1-TestFixture.a(UART_230400.o)
                0x00003d18                UART_230400_GetChar
 .text.UART_230400_WriteTxData
                0x00003d5c       0x94 .\CortexM3\ARM_GCC_541\Debug\F1-TestFixture.a(UART_230400.o)
                0x00003d5c                UART_230400_WriteTxData
 .text.UART_230400_TXISR
                0x00003df0       0x70 .\CortexM3\ARM_GCC_541\Debug\F1-TestFixture.a(UART_230400_INT.o)
                0x00003df0                UART_230400_TXISR
 .text.UART_230400_IntClock_Start
                0x00003e60       0x34 .\CortexM3\ARM_GCC_541\Debug\F1-TestFixture.a(UART_230400_IntClock.o)
                0x00003e60                UART_230400_IntClock_Start
 .text.MUX_CTRL_230400_Write
                0x00003e94       0x20 .\CortexM3\ARM_GCC_541\Debug\F1-TestFixture.a(MUX_CTRL_230400.o)
                0x00003e94                MUX_CTRL_230400_Write
 .text.Timer_20ms_Init
                0x00003eb4       0xa0 .\CortexM3\ARM_GCC_541\Debug\F1-TestFixture.a(Timer_20ms.o)
                0x00003eb4                Timer_20ms_Init
 .text.Timer_20ms_Enable
                0x00003f54       0x48 .\CortexM3\ARM_GCC_541\Debug\F1-TestFixture.a(Timer_20ms.o)
                0x00003f54                Timer_20ms_Enable
 .text.Timer_20ms_Start
                0x00003f9c       0x24 .\CortexM3\ARM_GCC_541\Debug\F1-TestFixture.a(Timer_20ms.o)
                0x00003f9c                Timer_20ms_Start
 .text.Timer_20ms_SetInterruptMode
                0x00003fc0       0x20 .\CortexM3\ARM_GCC_541\Debug\F1-TestFixture.a(Timer_20ms.o)
                0x00003fc0                Timer_20ms_SetInterruptMode
 .text.Timer_20ms_WritePeriod
                0x00003fe0       0x24 .\CortexM3\ARM_GCC_541\Debug\F1-TestFixture.a(Timer_20ms.o)
                0x00003fe0                Timer_20ms_WritePeriod
 .text.Timer_20ms_WriteCounter
                0x00004004       0x20 .\CortexM3\ARM_GCC_541\Debug\F1-TestFixture.a(Timer_20ms.o)
                0x00004004                Timer_20ms_WriteCounter
 .text.LED_EN_Write
                0x00004024       0x3c .\CortexM3\ARM_GCC_541\Debug\F1-TestFixture.a(LED_EN.o)
                0x00004024                LED_EN_Write
 .text.isr_Timer_20ms_Start
                0x00004060       0x20 .\CortexM3\ARM_GCC_541\Debug\F1-TestFixture.a(isr_Timer_20ms.o)
                0x00004060                isr_Timer_20ms_Start
 .text.isr_Timer_20ms_Interrupt
                0x00004080       0x1c .\CortexM3\ARM_GCC_541\Debug\F1-TestFixture.a(isr_Timer_20ms.o)
                0x00004080                isr_Timer_20ms_Interrupt
 .text.isr_Timer_20ms_SetVector
                0x0000409c       0x24 .\CortexM3\ARM_GCC_541\Debug\F1-TestFixture.a(isr_Timer_20ms.o)
                0x0000409c                isr_Timer_20ms_SetVector
 .text.isr_Timer_20ms_SetPriority
                0x000040c0       0x24 .\CortexM3\ARM_GCC_541\Debug\F1-TestFixture.a(isr_Timer_20ms.o)
                0x000040c0                isr_Timer_20ms_SetPriority
 .text.isr_Timer_20ms_Enable
                0x000040e4       0x18 .\CortexM3\ARM_GCC_541\Debug\F1-TestFixture.a(isr_Timer_20ms.o)
                0x000040e4                isr_Timer_20ms_Enable
 .text.isr_Timer_20ms_Disable
                0x000040fc       0x18 .\CortexM3\ARM_GCC_541\Debug\F1-TestFixture.a(isr_Timer_20ms.o)
                0x000040fc                isr_Timer_20ms_Disable
 .text.UART_115200_Start
                0x00004114       0x24 .\CortexM3\ARM_GCC_541\Debug\F1-TestFixture.a(UART_115200.o)
                0x00004114                UART_115200_Start
 .text.UART_115200_Init
                0x00004138       0x50 .\CortexM3\ARM_GCC_541\Debug\F1-TestFixture.a(UART_115200.o)
                0x00004138                UART_115200_Init
 .text.UART_115200_Enable
                0x00004188       0x74 .\CortexM3\ARM_GCC_541\Debug\F1-TestFixture.a(UART_115200.o)
                0x00004188                UART_115200_Enable
 .text.UART_115200_ReadRxStatus
                0x000041fc       0x24 .\CortexM3\ARM_GCC_541\Debug\F1-TestFixture.a(UART_115200.o)
                0x000041fc                UART_115200_ReadRxStatus
 .text.UART_115200_GetChar
                0x00004220       0x44 .\CortexM3\ARM_GCC_541\Debug\F1-TestFixture.a(UART_115200.o)
                0x00004220                UART_115200_GetChar
 .text.UART_115200_PutChar
                0x00004264       0xbc .\CortexM3\ARM_GCC_541\Debug\F1-TestFixture.a(UART_115200.o)
                0x00004264                UART_115200_PutChar
 .text.UART_115200_PutArray
                0x00004320       0x44 .\CortexM3\ARM_GCC_541\Debug\F1-TestFixture.a(UART_115200.o)
                0x00004320                UART_115200_PutArray
 .text.UART_115200_TXISR
                0x00004364       0x70 .\CortexM3\ARM_GCC_541\Debug\F1-TestFixture.a(UART_115200_INT.o)
                0x00004364                UART_115200_TXISR
 .text.isr_UART_115200_Start
                0x000043d4       0x20 .\CortexM3\ARM_GCC_541\Debug\F1-TestFixture.a(isr_UART_115200.o)
                0x000043d4                isr_UART_115200_Start
 .text.isr_UART_115200_Interrupt
                0x000043f4        0xc .\CortexM3\ARM_GCC_541\Debug\F1-TestFixture.a(isr_UART_115200.o)
                0x000043f4                isr_UART_115200_Interrupt
 .text.isr_UART_115200_SetVector
                0x00004400       0x24 .\CortexM3\ARM_GCC_541\Debug\F1-TestFixture.a(isr_UART_115200.o)
                0x00004400                isr_UART_115200_SetVector
 .text.isr_UART_115200_SetPriority
                0x00004424       0x24 .\CortexM3\ARM_GCC_541\Debug\F1-TestFixture.a(isr_UART_115200.o)
                0x00004424                isr_UART_115200_SetPriority
 .text.isr_UART_115200_Enable
                0x00004448       0x18 .\CortexM3\ARM_GCC_541\Debug\F1-TestFixture.a(isr_UART_115200.o)
                0x00004448                isr_UART_115200_Enable
 .text.isr_UART_115200_Disable
                0x00004460       0x18 .\CortexM3\ARM_GCC_541\Debug\F1-TestFixture.a(isr_UART_115200.o)
                0x00004460                isr_UART_115200_Disable
 .text.UART_115200_IntClock_Start
                0x00004478       0x34 .\CortexM3\ARM_GCC_541\Debug\F1-TestFixture.a(UART_115200_IntClock.o)
                0x00004478                UART_115200_IntClock_Start
 .text.DEMUX_CTRL_230400_Write
                0x000044ac       0x20 .\CortexM3\ARM_GCC_541\Debug\F1-TestFixture.a(DEMUX_CTRL_230400.o)
                0x000044ac                DEMUX_CTRL_230400_Write
 .text.isr_UART_460800_Start
                0x000044cc       0x20 .\CortexM3\ARM_GCC_541\Debug\F1-TestFixture.a(isr_UART_460800.o)
                0x000044cc                isr_UART_460800_Start
 .text.isr_UART_460800_Interrupt
                0x000044ec        0xc .\CortexM3\ARM_GCC_541\Debug\F1-TestFixture.a(isr_UART_460800.o)
                0x000044ec                isr_UART_460800_Interrupt
 .text.isr_UART_460800_SetVector
                0x000044f8       0x24 .\CortexM3\ARM_GCC_541\Debug\F1-TestFixture.a(isr_UART_460800.o)
                0x000044f8                isr_UART_460800_SetVector
 .text.isr_UART_460800_SetPriority
                0x0000451c       0x24 .\CortexM3\ARM_GCC_541\Debug\F1-TestFixture.a(isr_UART_460800.o)
                0x0000451c                isr_UART_460800_SetPriority
 .text.isr_UART_460800_Enable
                0x00004540       0x18 .\CortexM3\ARM_GCC_541\Debug\F1-TestFixture.a(isr_UART_460800.o)
                0x00004540                isr_UART_460800_Enable
 .text.isr_UART_460800_Disable
                0x00004558       0x18 .\CortexM3\ARM_GCC_541\Debug\F1-TestFixture.a(isr_UART_460800.o)
                0x00004558                isr_UART_460800_Disable
 .text.UART_460800_Start
                0x00004570       0x24 .\CortexM3\ARM_GCC_541\Debug\F1-TestFixture.a(UART_460800.o)
                0x00004570                UART_460800_Start
 .text.UART_460800_Init
                0x00004594       0x50 .\CortexM3\ARM_GCC_541\Debug\F1-TestFixture.a(UART_460800.o)
                0x00004594                UART_460800_Init
 .text.UART_460800_Enable
                0x000045e4       0x74 .\CortexM3\ARM_GCC_541\Debug\F1-TestFixture.a(UART_460800.o)
                0x000045e4                UART_460800_Enable
 .text.UART_460800_ReadRxStatus
                0x00004658       0x24 .\CortexM3\ARM_GCC_541\Debug\F1-TestFixture.a(UART_460800.o)
                0x00004658                UART_460800_ReadRxStatus
 .text.UART_460800_GetChar
                0x0000467c       0x44 .\CortexM3\ARM_GCC_541\Debug\F1-TestFixture.a(UART_460800.o)
                0x0000467c                UART_460800_GetChar
 .text.UART_460800_WriteTxData
                0x000046c0       0x94 .\CortexM3\ARM_GCC_541\Debug\F1-TestFixture.a(UART_460800.o)
                0x000046c0                UART_460800_WriteTxData
 .text.UART_460800_TXISR
                0x00004754       0x70 .\CortexM3\ARM_GCC_541\Debug\F1-TestFixture.a(UART_460800_INT.o)
                0x00004754                UART_460800_TXISR
 .text.MUX_CTRL_460800_Write
                0x000047c4       0x20 .\CortexM3\ARM_GCC_541\Debug\F1-TestFixture.a(MUX_CTRL_460800.o)
                0x000047c4                MUX_CTRL_460800_Write
 .text.DEMUX_CTRL_460800_Write
                0x000047e4       0x20 .\CortexM3\ARM_GCC_541\Debug\F1-TestFixture.a(DEMUX_CTRL_460800.o)
                0x000047e4                DEMUX_CTRL_460800_Write
 .text.UART_460800_IntClock_Start
                0x00004804       0x34 .\CortexM3\ARM_GCC_541\Debug\F1-TestFixture.a(UART_460800_IntClock.o)
                0x00004804                UART_460800_IntClock_Start
 .text.Timer_10ms_Init
                0x00004838       0x9c .\CortexM3\ARM_GCC_541\Debug\F1-TestFixture.a(Timer_10ms.o)
                0x00004838                Timer_10ms_Init
 .text.Timer_10ms_Enable
                0x000048d4       0x48 .\CortexM3\ARM_GCC_541\Debug\F1-TestFixture.a(Timer_10ms.o)
                0x000048d4                Timer_10ms_Enable
 .text.Timer_10ms_Start
                0x0000491c       0x24 .\CortexM3\ARM_GCC_541\Debug\F1-TestFixture.a(Timer_10ms.o)
                0x0000491c                Timer_10ms_Start
 .text.Timer_10ms_SetInterruptMode
                0x00004940       0x20 .\CortexM3\ARM_GCC_541\Debug\F1-TestFixture.a(Timer_10ms.o)
                0x00004940                Timer_10ms_SetInterruptMode
 .text.Timer_10ms_WritePeriod
                0x00004960       0x24 .\CortexM3\ARM_GCC_541\Debug\F1-TestFixture.a(Timer_10ms.o)
                0x00004960                Timer_10ms_WritePeriod
 .text.Timer_10ms_WriteCounter
                0x00004984       0x20 .\CortexM3\ARM_GCC_541\Debug\F1-TestFixture.a(Timer_10ms.o)
                0x00004984                Timer_10ms_WriteCounter
 .text.isr_Timer_10ms_Start
                0x000049a4       0x20 .\CortexM3\ARM_GCC_541\Debug\F1-TestFixture.a(isr_Timer_10ms.o)
                0x000049a4                isr_Timer_10ms_Start
 .text.isr_Timer_10ms_Interrupt
                0x000049c4       0x10 .\CortexM3\ARM_GCC_541\Debug\F1-TestFixture.a(isr_Timer_10ms.o)
                0x000049c4                isr_Timer_10ms_Interrupt
 .text.isr_Timer_10ms_SetVector
                0x000049d4       0x24 .\CortexM3\ARM_GCC_541\Debug\F1-TestFixture.a(isr_Timer_10ms.o)
                0x000049d4                isr_Timer_10ms_SetVector
 .text.isr_Timer_10ms_SetPriority
                0x000049f8       0x24 .\CortexM3\ARM_GCC_541\Debug\F1-TestFixture.a(isr_Timer_10ms.o)
                0x000049f8                isr_Timer_10ms_SetPriority
 .text.isr_Timer_10ms_Enable
                0x00004a1c       0x18 .\CortexM3\ARM_GCC_541\Debug\F1-TestFixture.a(isr_Timer_10ms.o)
                0x00004a1c                isr_Timer_10ms_Enable
 .text.isr_Timer_10ms_Disable
                0x00004a34       0x18 .\CortexM3\ARM_GCC_541\Debug\F1-TestFixture.a(isr_Timer_10ms.o)
                0x00004a34                isr_Timer_10ms_Disable
 .text.Timer_50ms_Init
                0x00004a4c       0xa0 .\CortexM3\ARM_GCC_541\Debug\F1-TestFixture.a(Timer_50ms.o)
                0x00004a4c                Timer_50ms_Init
 .text.Timer_50ms_Enable
                0x00004aec       0x48 .\CortexM3\ARM_GCC_541\Debug\F1-TestFixture.a(Timer_50ms.o)
                0x00004aec                Timer_50ms_Enable
 .text.Timer_50ms_Start
                0x00004b34       0x24 .\CortexM3\ARM_GCC_541\Debug\F1-TestFixture.a(Timer_50ms.o)
                0x00004b34                Timer_50ms_Start
 .text.Timer_50ms_SetInterruptMode
                0x00004b58       0x20 .\CortexM3\ARM_GCC_541\Debug\F1-TestFixture.a(Timer_50ms.o)
                0x00004b58                Timer_50ms_SetInterruptMode
 .text.Timer_50ms_WritePeriod
                0x00004b78       0x24 .\CortexM3\ARM_GCC_541\Debug\F1-TestFixture.a(Timer_50ms.o)
                0x00004b78                Timer_50ms_WritePeriod
 .text.Timer_50ms_WriteCounter
                0x00004b9c       0x20 .\CortexM3\ARM_GCC_541\Debug\F1-TestFixture.a(Timer_50ms.o)
                0x00004b9c                Timer_50ms_WriteCounter
 .text.isr_Timer_50ms_Start
                0x00004bbc       0x20 .\CortexM3\ARM_GCC_541\Debug\F1-TestFixture.a(isr_Timer_50ms.o)
                0x00004bbc                isr_Timer_50ms_Start
 .text.isr_Timer_50ms_Interrupt
                0x00004bdc      0x290 .\CortexM3\ARM_GCC_541\Debug\F1-TestFixture.a(isr_Timer_50ms.o)
                0x00004bdc                isr_Timer_50ms_Interrupt
 .text.isr_Timer_50ms_SetVector
                0x00004e6c       0x24 .\CortexM3\ARM_GCC_541\Debug\F1-TestFixture.a(isr_Timer_50ms.o)
                0x00004e6c                isr_Timer_50ms_SetVector
 .text.isr_Timer_50ms_SetPriority
                0x00004e90       0x24 .\CortexM3\ARM_GCC_541\Debug\F1-TestFixture.a(isr_Timer_50ms.o)
                0x00004e90                isr_Timer_50ms_SetPriority
 .text.isr_Timer_50ms_Enable
                0x00004eb4       0x18 .\CortexM3\ARM_GCC_541\Debug\F1-TestFixture.a(isr_Timer_50ms.o)
                0x00004eb4                isr_Timer_50ms_Enable
 .text.isr_Timer_50ms_Disable
                0x00004ecc       0x18 .\CortexM3\ARM_GCC_541\Debug\F1-TestFixture.a(isr_Timer_50ms.o)
                0x00004ecc                isr_Timer_50ms_Disable
 .text.PB_NextAction_Read
                0x00004ee4       0x20 .\CortexM3\ARM_GCC_541\Debug\F1-TestFixture.a(PB_NextAction.o)
                0x00004ee4                PB_NextAction_Read
 .text.Timer_DAC_Init
                0x00004f04       0x9c .\CortexM3\ARM_GCC_541\Debug\F1-TestFixture.a(Timer_DAC.o)
                0x00004f04                Timer_DAC_Init
 .text.Timer_DAC_Enable
                0x00004fa0       0x48 .\CortexM3\ARM_GCC_541\Debug\F1-TestFixture.a(Timer_DAC.o)
                0x00004fa0                Timer_DAC_Enable
 .text.Timer_DAC_Start
                0x00004fe8       0x24 .\CortexM3\ARM_GCC_541\Debug\F1-TestFixture.a(Timer_DAC.o)
                0x00004fe8                Timer_DAC_Start
 .text.Timer_DAC_SetInterruptMode
                0x0000500c       0x20 .\CortexM3\ARM_GCC_541\Debug\F1-TestFixture.a(Timer_DAC.o)
                0x0000500c                Timer_DAC_SetInterruptMode
 .text.Timer_DAC_WritePeriod
                0x0000502c       0x24 .\CortexM3\ARM_GCC_541\Debug\F1-TestFixture.a(Timer_DAC.o)
                0x0000502c                Timer_DAC_WritePeriod
 .text.Timer_DAC_WriteCounter
                0x00005050       0x20 .\CortexM3\ARM_GCC_541\Debug\F1-TestFixture.a(Timer_DAC.o)
                0x00005050                Timer_DAC_WriteCounter
 .text.RTest_BLOCK_4_EN_Write
                0x00005070       0x34 .\CortexM3\ARM_GCC_541\Debug\F1-TestFixture.a(RTest_BLOCK_4_EN.o)
                0x00005070                RTest_BLOCK_4_EN_Write
 .text.RTest_BLOCK_3_EN_Write
                0x000050a4       0x38 .\CortexM3\ARM_GCC_541\Debug\F1-TestFixture.a(RTest_BLOCK_3_EN.o)
                0x000050a4                RTest_BLOCK_3_EN_Write
 .text.RTest_BLOCK_2_EN_Write
                0x000050dc       0x3c .\CortexM3\ARM_GCC_541\Debug\F1-TestFixture.a(RTest_BLOCK_2_EN.o)
                0x000050dc                RTest_BLOCK_2_EN_Write
 .text.RTest_BLOCK_1_EN_Write
                0x00005118       0x38 .\CortexM3\ARM_GCC_541\Debug\F1-TestFixture.a(RTest_BLOCK_1_EN.o)
                0x00005118                RTest_BLOCK_1_EN_Write
 .text.RTest_DEMUX_C_Write
                0x00005150       0x3c .\CortexM3\ARM_GCC_541\Debug\F1-TestFixture.a(RTest_DEMUX_C.o)
                0x00005150                RTest_DEMUX_C_Write
 .text.RTest_DEMUX_B_Write
                0x0000518c       0x3c .\CortexM3\ARM_GCC_541\Debug\F1-TestFixture.a(RTest_DEMUX_B.o)
                0x0000518c                RTest_DEMUX_B_Write
 .text.RTest_DEMUX_A_Write
                0x000051c8       0x3c .\CortexM3\ARM_GCC_541\Debug\F1-TestFixture.a(RTest_DEMUX_A.o)
                0x000051c8                RTest_DEMUX_A_Write
 .text.RTest_DEMUX_COM_Read
                0x00005204       0x20 .\CortexM3\ARM_GCC_541\Debug\F1-TestFixture.a(RTest_DEMUX_COM.o)
                0x00005204                RTest_DEMUX_COM_Read
 .text.MUX_CTRL_115200_Write
                0x00005224       0x20 .\CortexM3\ARM_GCC_541\Debug\F1-TestFixture.a(MUX_CTRL_115200.o)
                0x00005224                MUX_CTRL_115200_Write
 .text.Overload1_Write
                0x00005244       0x3c .\CortexM3\ARM_GCC_541\Debug\F1-TestFixture.a(Overload1.o)
                0x00005244                Overload1_Write
 .text.Overload2_Write
                0x00005280       0x3c .\CortexM3\ARM_GCC_541\Debug\F1-TestFixture.a(Overload2.o)
                0x00005280                Overload2_Write
 *fill*         0x000052bc        0x4 
 .text          0x000052c0       0x20 .\CortexM3\ARM_GCC_541\Debug\F1-TestFixture.a(CyBootAsmGnu.o)
                0x000052c0                CyDelayCycles
                0x000052d0                CyEnterCriticalSection
                0x000052d8                CyExitCriticalSection
 .text.LED1_Write
                0x000052e0       0x3c .\CortexM3\ARM_GCC_541\Debug\F1-TestFixture.a(LED1.o)
                0x000052e0                LED1_Write
 .text.LED2_Write
                0x0000531c       0x34 .\CortexM3\ARM_GCC_541\Debug\F1-TestFixture.a(LED2.o)
                0x0000531c                LED2_Write
 .text.LED3_Write
                0x00005350       0x3c .\CortexM3\ARM_GCC_541\Debug\F1-TestFixture.a(LED3.o)
                0x00005350                LED3_Write
 .text.__errno  0x0000538c        0xc c:/program files (x86)/cypress/psoc creator/4.3/psoc creator/import/gnu/arm/5.4.1/bin/../lib/gcc/arm-none-eabi/5.4.1/../../../../arm-none-eabi/lib/armv7-m\libg_nano.a(lib_a-errno.o)
                0x0000538c                __errno
 .text.__libc_init_array
                0x00005398       0x4c c:/program files (x86)/cypress/psoc creator/4.3/psoc creator/import/gnu/arm/5.4.1/bin/../lib/gcc/arm-none-eabi/5.4.1/../../../../arm-none-eabi/lib/armv7-m\libg_nano.a(lib_a-init.o)
                0x00005398                __libc_init_array
 .text.memcpy   0x000053e4       0x16 c:/program files (x86)/cypress/psoc creator/4.3/psoc creator/import/gnu/arm/5.4.1/bin/../lib/gcc/arm-none-eabi/5.4.1/../../../../arm-none-eabi/lib/armv7-m\libg_nano.a(lib_a-memcpy-stub.o)
                0x000053e4                memcpy
 .text.memset   0x000053fa       0x10 c:/program files (x86)/cypress/psoc creator/4.3/psoc creator/import/gnu/arm/5.4.1/bin/../lib/gcc/arm-none-eabi/5.4.1/../../../../arm-none-eabi/lib/armv7-m\libg_nano.a(lib_a-memset.o)
                0x000053fa                memset
 *(.plt)
 *(.gnu.warning)
 *(.glue_7t)
 .glue_7t       0x0000540a        0x0 linker stubs
 *(.glue_7)
 .glue_7        0x0000540a        0x0 linker stubs
 *(.vfp11_veneer)
 .vfp11_veneer  0x0000540a        0x0 linker stubs
 *(.bootloader)
 *(.ARM.extab* .gnu.linkonce.armextab.*)
 *(.gcc_except_table)

.v4_bx          0x0000540c        0x0
 .v4_bx         0x0000540c        0x0 linker stubs

.iplt           0x0000540c        0x0
 .iplt          0x0000540c        0x0 c:/program files (x86)/cypress/psoc creator/4.3/psoc creator/import/gnu/arm/5.4.1/bin/../lib/gcc/arm-none-eabi/5.4.1/armv7-m/crtbegin.o

.eh_frame_hdr
 *(.eh_frame_hdr)

.eh_frame       0x0000540c        0x4
 *(.eh_frame)
 .eh_frame      0x0000540c        0x0 c:/program files (x86)/cypress/psoc creator/4.3/psoc creator/import/gnu/arm/5.4.1/bin/../lib/gcc/arm-none-eabi/5.4.1/armv7-m/crtbegin.o
 .eh_frame      0x0000540c        0x4 c:/program files (x86)/cypress/psoc creator/4.3/psoc creator/import/gnu/arm/5.4.1/bin/../lib/gcc/arm-none-eabi/5.4.1/armv7-m/crtend.o
                [!provide]                PROVIDE (__exidx_start, .)

.ARM.exidx
 *(.ARM.exidx* .gnu.linkonce.armexidx.*)
                0x00005410                __exidx_end = .

.rodata         0x00005410       0x70
 *(.rodata .rodata.* .gnu.linkonce.r.*)
 .rodata        0x00005410       0x36 .\CortexM3\ARM_GCC_541\Debug\cyfitter_cfg.o
 .rodata.str1.1
                0x00005446        0x2 c:/program files (x86)/cypress/psoc creator/4.3/psoc creator/import/gnu/arm/5.4.1/bin/../lib/gcc/arm-none-eabi/5.4.1/../../../../arm-none-eabi/lib/armv7-m\libg_nano.a(lib_a-impure.o)
                0x00005448                . = ALIGN (0x4)
 *(.init)
 .init          0x00005448        0x4 c:/program files (x86)/cypress/psoc creator/4.3/psoc creator/import/gnu/arm/5.4.1/bin/../lib/gcc/arm-none-eabi/5.4.1/armv7-m/crti.o
                0x00005448                _init
 .init          0x0000544c        0x8 c:/program files (x86)/cypress/psoc creator/4.3/psoc creator/import/gnu/arm/5.4.1/bin/../lib/gcc/arm-none-eabi/5.4.1/armv7-m/crtn.o
                0x00005454                . = ALIGN (0x4)
                0x00005454                __preinit_array_start = .
 *(.preinit_array)
                0x00005454                __preinit_array_end = .
                0x00005454                . = ALIGN (0x4)
                0x00005454                __init_array_start = .
 *(SORT(.init_array.*))
 *(.init_array)
 .init_array    0x00005454        0x4 c:/program files (x86)/cypress/psoc creator/4.3/psoc creator/import/gnu/arm/5.4.1/bin/../lib/gcc/arm-none-eabi/5.4.1/armv7-m/crtbegin.o
 .init_array    0x00005458        0x4 .\CortexM3\ARM_GCC_541\Debug\Cm3Start.o
                0x0000545c                __init_array_end = .
                0x0000545c                . = ALIGN (0x4)
 *(.fini)
 .fini          0x0000545c        0x4 c:/program files (x86)/cypress/psoc creator/4.3/psoc creator/import/gnu/arm/5.4.1/bin/../lib/gcc/arm-none-eabi/5.4.1/armv7-m/crti.o
                0x0000545c                _fini
 .fini          0x00005460        0x8 c:/program files (x86)/cypress/psoc creator/4.3/psoc creator/import/gnu/arm/5.4.1/bin/../lib/gcc/arm-none-eabi/5.4.1/armv7-m/crtn.o
                0x00005468                . = ALIGN (0x4)
                0x00005468                __fini_array_start = .
 *(.fini_array)
 .fini_array    0x00005468        0x4 c:/program files (x86)/cypress/psoc creator/4.3/psoc creator/import/gnu/arm/5.4.1/bin/../lib/gcc/arm-none-eabi/5.4.1/armv7-m/crtbegin.o
 *(SORT(.fini_array.*))
                0x0000546c                __fini_array_end = .
                0x0000546c                . = ALIGN (0x4)
 *crtbegin.o(.ctors)
 *(EXCLUDE_FILE(*crtend.o) .ctors)
 *(SORT(.ctors.*))
 *crtend.o(.ctors)
                0x0000546c                . = ALIGN (0x4)
 *crtbegin.o(.dtors)
 *(EXCLUDE_FILE(*crtend.o) .dtors)
 *(SORT(.dtors.*))
 *crtend.o(.dtors)
                0x0000546c                . = ALIGN (0x4)
                0x0000546c                __cy_regions = .
                0x0000546c        0x4 LONG 0x5480 __cy_region_init_ram
                0x00005470        0x4 LONG 0x1fffc0c8 __cy_region_start_data
                0x00005474        0x4 LONG 0x118 __cy_region_init_size_ram
                0x00005478        0x4 LONG 0x1808 __cy_region_zero_size_ram
                0x0000547c                __cy_regions_end = .
                0x00005480                . = ALIGN (0x8)
 *fill*         0x0000547c        0x4 
                0x00005480                _etext = .

.cy_checksum_exclude
                0x00005480        0x0
 *(.cy_checksum_exclude)

.ramvectors     0x1fffc000       0xc0
                0x1fffc000                __cy_region_start_ram = .
 *(.ramvectors)
 .ramvectors    0x1fffc000       0xc0 .\CortexM3\ARM_GCC_541\Debug\Cm3Start.o
                0x1fffc000                CyRamVectors

.noinit         0x1fffc0c0        0x5
 *(.noinit)
 .noinit        0x1fffc0c0        0x4 .\CortexM3\ARM_GCC_541\Debug\Cm3Start.o
 .noinit        0x1fffc0c4        0x1 .\CortexM3\ARM_GCC_541\Debug\F1-TestFixture.a(CyLib.o)
                0x1fffc0c4                CyResetStatus

.data           0x1fffc0c8      0x118 load address 0x00005480
                0x1fffc0c8                __cy_region_start_data = .
 *(.jcr)
 .jcr           0x1fffc0c8        0x0 c:/program files (x86)/cypress/psoc creator/4.3/psoc creator/import/gnu/arm/5.4.1/bin/../lib/gcc/arm-none-eabi/5.4.1/armv7-m/crtbegin.o
 .jcr           0x1fffc0c8        0x4 c:/program files (x86)/cypress/psoc creator/4.3/psoc creator/import/gnu/arm/5.4.1/bin/../lib/gcc/arm-none-eabi/5.4.1/armv7-m/crtend.o
 *(.got.plt)
 *(.got)
 *(.shdata)
 *(.data .data.* .gnu.linkonce.d.*)
 .data          0x1fffc0cc       0x16 .\CortexM3\ARM_GCC_541\Debug\ControllerTest.o
 *fill*         0x1fffc0e2        0x2 
 .data          0x1fffc0e4       0x1a .\CortexM3\ARM_GCC_541\Debug\UART_230400_Functions.o
 *fill*         0x1fffc0fe        0x2 
 .data          0x1fffc100       0x16 .\CortexM3\ARM_GCC_541\Debug\SirenTest.o
 *fill*         0x1fffc116        0x2 
 .data          0x1fffc118       0x16 .\CortexM3\ARM_GCC_541\Debug\RelayTest.o
 *fill*         0x1fffc12e        0x2 
 .data          0x1fffc130        0xa .\CortexM3\ARM_GCC_541\Debug\UART_460800_Functions.o
 *fill*         0x1fffc13a        0x2 
 .data          0x1fffc13c        0x5 .\CortexM3\ARM_GCC_541\Debug\UART_115200_Functions.o
 *fill*         0x1fffc141        0x3 
 .data          0x1fffc144       0x20 .\CortexM3\ARM_GCC_541\Debug\CD4051BPW_Driver.o
 .data          0x1fffc164        0x8 .\CortexM3\ARM_GCC_541\Debug\F1-TestFixture.a(CyDmac.o)
 .data          0x1fffc16c       0x10 .\CortexM3\ARM_GCC_541\Debug\F1-TestFixture.a(CyLib.o)
                0x1fffc16c                cydelay_freq_hz
                0x1fffc170                cydelay_freq_khz
                0x1fffc174                cydelay_freq_mhz
                0x1fffc178                cydelay_32k_ms
 .data.impure_data
                0x1fffc17c       0x60 c:/program files (x86)/cypress/psoc creator/4.3/psoc creator/import/gnu/arm/5.4.1/bin/../lib/gcc/arm-none-eabi/5.4.1/../../../../arm-none-eabi/lib/armv7-m\libg_nano.a(lib_a-impure.o)
 .data._impure_ptr
                0x1fffc1dc        0x4 c:/program files (x86)/cypress/psoc creator/4.3/psoc creator/import/gnu/arm/5.4.1/bin/../lib/gcc/arm-none-eabi/5.4.1/../../../../arm-none-eabi/lib/armv7-m\libg_nano.a(lib_a-impure.o)
                0x1fffc1dc                _impure_ptr
                0x1fffc1e0                . = ALIGN (0x8)
 *(.ram)
                0x1fffc1e0                _edata = .

.igot.plt       0x1fffc1e0        0x0 load address 0x00005598
 .igot.plt      0x1fffc1e0        0x0 c:/program files (x86)/cypress/psoc creator/4.3/psoc creator/import/gnu/arm/5.4.1/bin/../lib/gcc/arm-none-eabi/5.4.1/armv7-m/crtbegin.o

.bss            0x1fffc1e0     0x1808 load address 0x00005598
                0x1fffc1e0                PROVIDE (__bss_start__, .)
 *(.shbss)
 *(.bss .bss.* .gnu.linkonce.b.*)
 .bss           0x1fffc1e0       0x1c c:/program files (x86)/cypress/psoc creator/4.3/psoc creator/import/gnu/arm/5.4.1/bin/../lib/gcc/arm-none-eabi/5.4.1/armv7-m/crtbegin.o
 .bss           0x1fffc1fc        0x2 .\CortexM3\ARM_GCC_541\Debug\main.o
 *fill*         0x1fffc1fe        0x2 
 .bss           0x1fffc200       0xfc .\CortexM3\ARM_GCC_541\Debug\ControllerTest.o
 .bss           0x1fffc2fc      0x232 .\CortexM3\ARM_GCC_541\Debug\UART_230400_Functions.o
 *fill*         0x1fffc52e        0x2 
 .bss           0x1fffc530       0xa6 .\CortexM3\ARM_GCC_541\Debug\SirenTest.o
 *fill*         0x1fffc5d6        0x2 
 .bss           0x1fffc5d8      0x12e .\CortexM3\ARM_GCC_541\Debug\RelayTest.o
 *fill*         0x1fffc706        0x2 
 .bss           0x1fffc708      0x245 .\CortexM3\ARM_GCC_541\Debug\UART_460800_Functions.o
 *fill*         0x1fffc94d        0x3 
 .bss           0x1fffc950       0x78 .\CortexM3\ARM_GCC_541\Debug\UART_115200_Functions.o
 .bss           0x1fffc9c8        0x7 .\CortexM3\ARM_GCC_541\Debug\F1-TestFixture.a(UART_230400.o)
                0x1fffc9c8                UART_230400_initVar
                0x1fffc9ca                UART_230400_txBufferRead
                0x1fffc9cc                UART_230400_txBufferWrite
 .bss           0x1fffc9cf        0x1 .\CortexM3\ARM_GCC_541\Debug\F1-TestFixture.a(Timer_20ms.o)
                0x1fffc9cf                Timer_20ms_initVar
 .bss           0x1fffc9d0        0x7 .\CortexM3\ARM_GCC_541\Debug\F1-TestFixture.a(UART_115200.o)
                0x1fffc9d0                UART_115200_initVar
                0x1fffc9d2                UART_115200_txBufferRead
                0x1fffc9d4                UART_115200_txBufferWrite
 *fill*         0x1fffc9d7        0x1 
 .bss           0x1fffc9d8        0x7 .\CortexM3\ARM_GCC_541\Debug\F1-TestFixture.a(UART_460800.o)
                0x1fffc9d8                UART_460800_initVar
                0x1fffc9da                UART_460800_txBufferRead
                0x1fffc9dc                UART_460800_txBufferWrite
 .bss           0x1fffc9df        0x1 .\CortexM3\ARM_GCC_541\Debug\F1-TestFixture.a(Timer_10ms.o)
                0x1fffc9df                Timer_10ms_initVar
 .bss           0x1fffc9e0        0x1 .\CortexM3\ARM_GCC_541\Debug\F1-TestFixture.a(Timer_50ms.o)
                0x1fffc9e0                Timer_50ms_initVar
 .bss           0x1fffc9e1        0x1 .\CortexM3\ARM_GCC_541\Debug\F1-TestFixture.a(isr_Timer_50ms.o)
 .bss           0x1fffc9e2        0x1 .\CortexM3\ARM_GCC_541\Debug\F1-TestFixture.a(Timer_DAC.o)
                0x1fffc9e2                Timer_DAC_initVar
 *(COMMON)
 *fill*         0x1fffc9e3        0x1 
 COMMON         0x1fffc9e4      0x400 .\CortexM3\ARM_GCC_541\Debug\F1-TestFixture.a(UART_230400.o)
                0x1fffc9e4                UART_230400_txBuffer
 COMMON         0x1fffcde4      0x400 .\CortexM3\ARM_GCC_541\Debug\F1-TestFixture.a(UART_115200.o)
                0x1fffcde4                UART_115200_txBuffer
 COMMON         0x1fffd1e4      0x800 .\CortexM3\ARM_GCC_541\Debug\F1-TestFixture.a(UART_460800.o)
                0x1fffd1e4                UART_460800_txBuffer
 COMMON         0x1fffd9e4        0x3 .\CortexM3\ARM_GCC_541\Debug\F1-TestFixture.a(isr_Timer_50ms.o)
                0x1fffd9e4                CurrentTest
                0x1fffd9e8                . = ALIGN (0x8)
 *fill*         0x1fffd9e7        0x1 
 *(.ram.b)
                0x1fffd9e8                _end = .
                0x1fffd9e8                __end = .
                0x1fffd9e8                PROVIDE (end, .)
                0x1fffd9e8                PROVIDE (__bss_end__, .)
                0x00005480                __cy_region_init_ram = LOADADDR (.data)
                0x00000118                __cy_region_init_size_ram = (_edata - ADDR (.data))
                0x00001808                __cy_region_zero_size_ram = (_end - _edata)

.heap           0x1fffd9e8       0x80 load address 0x00005598
                0x1fffd9e8                . = _end
                0x1fffda68                . = (. + 0x80)
 *fill*         0x1fffd9e8       0x80 
                0x1fffda68                __cy_heap_limit = .

.stack          0x20003800      0x800
                0x20003800                __cy_stack_limit = .
                0x20004000                . = (. + 0x800)
 *fill*         0x20003800      0x800 
                0x00000001                ASSERT ((__cy_stack_limit >= __cy_heap_limit), region RAM overflowed with stack)
                0x00000000                cy_checksum_exclude_size = (CY_APPL_LOADABLE == 0x1)?SIZEOF (.cy_checksum_exclude):0x0
                0x00000001                ASSERT ((cy_checksum_exclude_size <= CY_CHECKSUM_EXCLUDE_SIZE), CY_BOOT: Section .cy_checksum_exclude size exceedes specified limit.)

.cyloadermeta
 *(.cyloadermeta)

.cyloadablemeta
 *(.cyloadablemeta)

.cyconfigecc    0x80000000      0xbb8
 *(.cyconfigecc)
 .cyconfigecc   0x80000000      0xbb8 .\CortexM3\ARM_GCC_541\Debug\cymetadata.o
                0x80000000                cy_meta_configecc

.cycustnvl      0x90000000        0x4
 *(.cycustnvl)
 .cycustnvl     0x90000000        0x4 .\CortexM3\ARM_GCC_541\Debug\cymetadata.o
                0x90000000                cy_meta_custnvl

.cywolatch      0x90100000        0x4
 *(.cywolatch)
 .cywolatch     0x90100000        0x4 .\CortexM3\ARM_GCC_541\Debug\cymetadata.o
                0x90100000                cy_meta_wonvl

.cyeeprom       0x90200000        0x0
 *(.cyeeprom)
                0x00000001                ASSERT ((. <= ((0x90200000 + ee_offset) + ee_size)), .cyeeprom data will not fit in EEPROM)

.cyflashprotect
                0x90400000       0x80
 *(.cyflashprotect)
 .cyflashprotect
                0x90400000       0x80 .\CortexM3\ARM_GCC_541\Debug\cymetadata.o
                0x90400000                cy_meta_flashprotect

.cymeta         0x90500000        0xc
 *(.cymeta)
 .cymeta        0x90500000        0xc .\CortexM3\ARM_GCC_541\Debug\cymetadata.o
                0x90500000                cy_metadata

.rel.dyn        0x00005598        0x0 load address 0x9050000c
 .rel.iplt      0x00005598        0x0 c:/program files (x86)/cypress/psoc creator/4.3/psoc creator/import/gnu/arm/5.4.1/bin/../lib/gcc/arm-none-eabi/5.4.1/armv7-m/crtbegin.o

.stab
 *(.stab)

.stabstr
 *(.stabstr)

.debug
 *(.debug)

.line
 *(.line)

.debug_srcinfo
 *(.debug_srcinfo)

.debug_sfnames
 *(.debug_sfnames)

.debug_aranges  0x00000000     0x1ae0
 *(.debug_aranges)
 .debug_aranges
                0x00000000       0x38 .\CortexM3\ARM_GCC_541\Debug\main.o
 .debug_aranges
                0x00000038       0x88 .\CortexM3\ARM_GCC_541\Debug\ControllerTest.o
 .debug_aranges
                0x000000c0       0x70 .\CortexM3\ARM_GCC_541\Debug\UART_230400_Functions.o
 .debug_aranges
                0x00000130       0x78 .\CortexM3\ARM_GCC_541\Debug\SirenTest.o
 .debug_aranges
                0x000001a8       0xc8 .\CortexM3\ARM_GCC_541\Debug\RelayTest.o
 .debug_aranges
                0x00000270       0x58 .\CortexM3\ARM_GCC_541\Debug\UART_460800_Functions.o
 .debug_aranges
                0x000002c8       0x38 .\CortexM3\ARM_GCC_541\Debug\UART_115200_Functions.o
 .debug_aranges
                0x00000300       0x30 .\CortexM3\ARM_GCC_541\Debug\CD4051BPW_Driver.o
 .debug_aranges
                0x00000330       0x60 .\CortexM3\ARM_GCC_541\Debug\cyfitter_cfg.o
 .debug_aranges
                0x00000390       0x18 .\CortexM3\ARM_GCC_541\Debug\cymetadata.o
 .debug_aranges
                0x000003a8       0x48 .\CortexM3\ARM_GCC_541\Debug\Cm3Start.o
 .debug_aranges
                0x000003f0       0xd8 .\CortexM3\ARM_GCC_541\Debug\F1-TestFixture.a(CyDmac.o)
 .debug_aranges
                0x000004c8      0x2a0 .\CortexM3\ARM_GCC_541\Debug\F1-TestFixture.a(CyLib.o)
 .debug_aranges
                0x00000768       0x98 .\CortexM3\ARM_GCC_541\Debug\F1-TestFixture.a(cyPm.o)
 .debug_aranges
                0x00000800       0x38 .\CortexM3\ARM_GCC_541\Debug\F1-TestFixture.a(STest_SIREN_EN.o)
 .debug_aranges
                0x00000838       0x38 .\CortexM3\ARM_GCC_541\Debug\F1-TestFixture.a(CTest_CONT_VBATT_EN.o)
 .debug_aranges
                0x00000870       0x38 .\CortexM3\ARM_GCC_541\Debug\F1-TestFixture.a(CTest_USB_5V_EN.o)
 .debug_aranges
                0x000008a8       0x38 .\CortexM3\ARM_GCC_541\Debug\F1-TestFixture.a(RTest_SIREN_EN.o)
 .debug_aranges
                0x000008e0       0x38 .\CortexM3\ARM_GCC_541\Debug\F1-TestFixture.a(RS1.o)
 .debug_aranges
                0x00000918       0x38 .\CortexM3\ARM_GCC_541\Debug\F1-TestFixture.a(RS2.o)
 .debug_aranges
                0x00000950       0x38 .\CortexM3\ARM_GCC_541\Debug\F1-TestFixture.a(RTest_HSide1.o)
 .debug_aranges
                0x00000988       0x38 .\CortexM3\ARM_GCC_541\Debug\F1-TestFixture.a(RTest_HSide3.o)
 .debug_aranges
                0x000009c0       0x38 .\CortexM3\ARM_GCC_541\Debug\F1-TestFixture.a(RTest_HSide2.o)
 .debug_aranges
                0x000009f8       0x38 .\CortexM3\ARM_GCC_541\Debug\F1-TestFixture.a(RTest_HSide4.o)
 .debug_aranges
                0x00000a30       0x38 .\CortexM3\ARM_GCC_541\Debug\F1-TestFixture.a(RTest_HSide5.o)
 .debug_aranges
                0x00000a68       0x38 .\CortexM3\ARM_GCC_541\Debug\F1-TestFixture.a(RTest_HSide6.o)
 .debug_aranges
                0x00000aa0       0x38 .\CortexM3\ARM_GCC_541\Debug\F1-TestFixture.a(RTest_HSide7.o)
 .debug_aranges
                0x00000ad8       0x38 .\CortexM3\ARM_GCC_541\Debug\F1-TestFixture.a(RTest_HSide8.o)
 .debug_aranges
                0x00000b10       0x80 .\CortexM3\ARM_GCC_541\Debug\F1-TestFixture.a(isr_UART_230400.o)
 .debug_aranges
                0x00000b90       0xf0 .\CortexM3\ARM_GCC_541\Debug\F1-TestFixture.a(UART_230400.o)
 .debug_aranges
                0x00000c80       0x20 .\CortexM3\ARM_GCC_541\Debug\F1-TestFixture.a(UART_230400_INT.o)
 .debug_aranges
                0x00000ca0       0x70 .\CortexM3\ARM_GCC_541\Debug\F1-TestFixture.a(UART_230400_IntClock.o)
 .debug_aranges
                0x00000d10       0x28 .\CortexM3\ARM_GCC_541\Debug\F1-TestFixture.a(MUX_CTRL_230400.o)
 .debug_aranges
                0x00000d38       0x88 .\CortexM3\ARM_GCC_541\Debug\F1-TestFixture.a(Timer_20ms.o)
 .debug_aranges
                0x00000dc0       0x38 .\CortexM3\ARM_GCC_541\Debug\F1-TestFixture.a(LED_EN.o)
 .debug_aranges
                0x00000df8       0x80 .\CortexM3\ARM_GCC_541\Debug\F1-TestFixture.a(isr_Timer_20ms.o)
 .debug_aranges
                0x00000e78       0xf0 .\CortexM3\ARM_GCC_541\Debug\F1-TestFixture.a(UART_115200.o)
 .debug_aranges
                0x00000f68       0x20 .\CortexM3\ARM_GCC_541\Debug\F1-TestFixture.a(UART_115200_INT.o)
 .debug_aranges
                0x00000f88       0x80 .\CortexM3\ARM_GCC_541\Debug\F1-TestFixture.a(isr_UART_115200.o)
 .debug_aranges
                0x00001008       0x70 .\CortexM3\ARM_GCC_541\Debug\F1-TestFixture.a(UART_115200_IntClock.o)
 .debug_aranges
                0x00001078       0x28 .\CortexM3\ARM_GCC_541\Debug\F1-TestFixture.a(DEMUX_CTRL_230400.o)
 .debug_aranges
                0x000010a0       0x80 .\CortexM3\ARM_GCC_541\Debug\F1-TestFixture.a(isr_UART_460800.o)
 .debug_aranges
                0x00001120       0xf0 .\CortexM3\ARM_GCC_541\Debug\F1-TestFixture.a(UART_460800.o)
 .debug_aranges
                0x00001210       0x20 .\CortexM3\ARM_GCC_541\Debug\F1-TestFixture.a(UART_460800_INT.o)
 .debug_aranges
                0x00001230       0x28 .\CortexM3\ARM_GCC_541\Debug\F1-TestFixture.a(MUX_CTRL_460800.o)
 .debug_aranges
                0x00001258       0x28 .\CortexM3\ARM_GCC_541\Debug\F1-TestFixture.a(DEMUX_CTRL_460800.o)
 .debug_aranges
                0x00001280       0x70 .\CortexM3\ARM_GCC_541\Debug\F1-TestFixture.a(UART_460800_IntClock.o)
 .debug_aranges
                0x000012f0       0x88 .\CortexM3\ARM_GCC_541\Debug\F1-TestFixture.a(Timer_10ms.o)
 .debug_aranges
                0x00001378       0x80 .\CortexM3\ARM_GCC_541\Debug\F1-TestFixture.a(isr_Timer_10ms.o)
 .debug_aranges
                0x000013f8       0x88 .\CortexM3\ARM_GCC_541\Debug\F1-TestFixture.a(Timer_50ms.o)
 .debug_aranges
                0x00001480       0x80 .\CortexM3\ARM_GCC_541\Debug\F1-TestFixture.a(isr_Timer_50ms.o)
 .debug_aranges
                0x00001500       0x38 .\CortexM3\ARM_GCC_541\Debug\F1-TestFixture.a(PB_NextAction.o)
 .debug_aranges
                0x00001538       0x50 .\CortexM3\ARM_GCC_541\Debug\F1-TestFixture.a(WaveDAC.o)
 .debug_aranges
                0x00001588       0x28 .\CortexM3\ARM_GCC_541\Debug\F1-TestFixture.a(WaveDAC_Wave1_DMA_dma.o)
 .debug_aranges
                0x000015b0       0x28 .\CortexM3\ARM_GCC_541\Debug\F1-TestFixture.a(WaveDAC_Wave2_DMA_dma.o)
 .debug_aranges
                0x000015d8       0x58 .\CortexM3\ARM_GCC_541\Debug\F1-TestFixture.a(WaveDAC_VDAC8.o)
 .debug_aranges
                0x00001630       0x88 .\CortexM3\ARM_GCC_541\Debug\F1-TestFixture.a(Timer_DAC.o)
 .debug_aranges
                0x000016b8       0x38 .\CortexM3\ARM_GCC_541\Debug\F1-TestFixture.a(RTest_BLOCK_4_EN.o)
 .debug_aranges
                0x000016f0       0x38 .\CortexM3\ARM_GCC_541\Debug\F1-TestFixture.a(RTest_BLOCK_3_EN.o)
 .debug_aranges
                0x00001728       0x38 .\CortexM3\ARM_GCC_541\Debug\F1-TestFixture.a(RTest_BLOCK_2_EN.o)
 .debug_aranges
                0x00001760       0x38 .\CortexM3\ARM_GCC_541\Debug\F1-TestFixture.a(RTest_BLOCK_1_EN.o)
 .debug_aranges
                0x00001798       0x38 .\CortexM3\ARM_GCC_541\Debug\F1-TestFixture.a(RTest_DEMUX_C.o)
 .debug_aranges
                0x000017d0       0x38 .\CortexM3\ARM_GCC_541\Debug\F1-TestFixture.a(RTest_DEMUX_B.o)
 .debug_aranges
                0x00001808       0x38 .\CortexM3\ARM_GCC_541\Debug\F1-TestFixture.a(RTest_DEMUX_A.o)
 .debug_aranges
                0x00001840       0x38 .\CortexM3\ARM_GCC_541\Debug\F1-TestFixture.a(RTest_DEMUX_COM.o)
 .debug_aranges
                0x00001878       0x28 .\CortexM3\ARM_GCC_541\Debug\F1-TestFixture.a(MUX_CTRL_115200.o)
 .debug_aranges
                0x000018a0       0x38 .\CortexM3\ARM_GCC_541\Debug\F1-TestFixture.a(Overload1.o)
 .debug_aranges
                0x000018d8       0x38 .\CortexM3\ARM_GCC_541\Debug\F1-TestFixture.a(Overload2.o)
 .debug_aranges
                0x00001910       0x20 .\CortexM3\ARM_GCC_541\Debug\F1-TestFixture.a(CyBootAsmGnu.o)
 .debug_aranges
                0x00001930       0x88 .\CortexM3\ARM_GCC_541\Debug\F1-TestFixture.a(CyFlash.o)
 .debug_aranges
                0x000019b8       0x80 .\CortexM3\ARM_GCC_541\Debug\F1-TestFixture.a(CySpc.o)
 .debug_aranges
                0x00001a38       0x38 .\CortexM3\ARM_GCC_541\Debug\F1-TestFixture.a(LED1.o)
 .debug_aranges
                0x00001a70       0x38 .\CortexM3\ARM_GCC_541\Debug\F1-TestFixture.a(LED2.o)
 .debug_aranges
                0x00001aa8       0x38 .\CortexM3\ARM_GCC_541\Debug\F1-TestFixture.a(LED3.o)

.debug_pubnames
 *(.debug_pubnames)

.debug_info     0x00000000     0xd9b9
 *(.debug_info .gnu.linkonce.wi.*)
 .debug_info    0x00000000      0x1a7 .\CortexM3\ARM_GCC_541\Debug\main.o
 .debug_info    0x000001a7      0xf2f .\CortexM3\ARM_GCC_541\Debug\ControllerTest.o
 .debug_info    0x000010d6     0x1047 .\CortexM3\ARM_GCC_541\Debug\UART_230400_Functions.o
 .debug_info    0x0000211d      0xa61 .\CortexM3\ARM_GCC_541\Debug\SirenTest.o
 .debug_info    0x00002b7e     0x1267 .\CortexM3\ARM_GCC_541\Debug\RelayTest.o
 .debug_info    0x00003de5      0xb70 .\CortexM3\ARM_GCC_541\Debug\UART_460800_Functions.o
 .debug_info    0x00004955      0x329 .\CortexM3\ARM_GCC_541\Debug\UART_115200_Functions.o
 .debug_info    0x00004c7e      0x14e .\CortexM3\ARM_GCC_541\Debug\CD4051BPW_Driver.o
 .debug_info    0x00004dcc      0x452 .\CortexM3\ARM_GCC_541\Debug\cyfitter_cfg.o
 .debug_info    0x0000521e      0x139 .\CortexM3\ARM_GCC_541\Debug\cymetadata.o
 .debug_info    0x00005357      0x32b .\CortexM3\ARM_GCC_541\Debug\Cm3Start.o
 .debug_info    0x00005682      0x8c0 .\CortexM3\ARM_GCC_541\Debug\F1-TestFixture.a(CyDmac.o)
 .debug_info    0x00005f42      0xe51 .\CortexM3\ARM_GCC_541\Debug\F1-TestFixture.a(CyLib.o)
 .debug_info    0x00006d93      0x57a .\CortexM3\ARM_GCC_541\Debug\F1-TestFixture.a(cyPm.o)
 .debug_info    0x0000730d      0x11e .\CortexM3\ARM_GCC_541\Debug\F1-TestFixture.a(STest_SIREN_EN.o)
 .debug_info    0x0000742b      0x11e .\CortexM3\ARM_GCC_541\Debug\F1-TestFixture.a(CTest_CONT_VBATT_EN.o)
 .debug_info    0x00007549      0x11e .\CortexM3\ARM_GCC_541\Debug\F1-TestFixture.a(CTest_USB_5V_EN.o)
 .debug_info    0x00007667      0x11e .\CortexM3\ARM_GCC_541\Debug\F1-TestFixture.a(RTest_SIREN_EN.o)
 .debug_info    0x00007785      0x11e .\CortexM3\ARM_GCC_541\Debug\F1-TestFixture.a(RS1.o)
 .debug_info    0x000078a3      0x11e .\CortexM3\ARM_GCC_541\Debug\F1-TestFixture.a(RS2.o)
 .debug_info    0x000079c1      0x11e .\CortexM3\ARM_GCC_541\Debug\F1-TestFixture.a(RTest_HSide1.o)
 .debug_info    0x00007adf      0x11e .\CortexM3\ARM_GCC_541\Debug\F1-TestFixture.a(RTest_HSide3.o)
 .debug_info    0x00007bfd      0x11e .\CortexM3\ARM_GCC_541\Debug\F1-TestFixture.a(RTest_HSide2.o)
 .debug_info    0x00007d1b      0x11e .\CortexM3\ARM_GCC_541\Debug\F1-TestFixture.a(RTest_HSide4.o)
 .debug_info    0x00007e39      0x11e .\CortexM3\ARM_GCC_541\Debug\F1-TestFixture.a(RTest_HSide5.o)
 .debug_info    0x00007f57      0x11e .\CortexM3\ARM_GCC_541\Debug\F1-TestFixture.a(RTest_HSide6.o)
 .debug_info    0x00008075      0x11e .\CortexM3\ARM_GCC_541\Debug\F1-TestFixture.a(RTest_HSide7.o)
 .debug_info    0x00008193      0x11e .\CortexM3\ARM_GCC_541\Debug\F1-TestFixture.a(RTest_HSide8.o)
 .debug_info    0x000082b1      0x268 .\CortexM3\ARM_GCC_541\Debug\F1-TestFixture.a(isr_UART_230400.o)
 .debug_info    0x00008519      0x593 .\CortexM3\ARM_GCC_541\Debug\F1-TestFixture.a(UART_230400.o)
 .debug_info    0x00008aac      0x108 .\CortexM3\ARM_GCC_541\Debug\F1-TestFixture.a(UART_230400_INT.o)
 .debug_info    0x00008bb4      0x25d .\CortexM3\ARM_GCC_541\Debug\F1-TestFixture.a(UART_230400_IntClock.o)
 .debug_info    0x00008e11       0xd7 .\CortexM3\ARM_GCC_541\Debug\F1-TestFixture.a(MUX_CTRL_230400.o)
 .debug_info    0x00008ee8      0x245 .\CortexM3\ARM_GCC_541\Debug\F1-TestFixture.a(Timer_20ms.o)
 .debug_info    0x0000912d      0x11e .\CortexM3\ARM_GCC_541\Debug\F1-TestFixture.a(LED_EN.o)
 .debug_info    0x0000924b      0x268 .\CortexM3\ARM_GCC_541\Debug\F1-TestFixture.a(isr_Timer_20ms.o)
 .debug_info    0x000094b3      0x593 .\CortexM3\ARM_GCC_541\Debug\F1-TestFixture.a(UART_115200.o)
 .debug_info    0x00009a46      0x108 .\CortexM3\ARM_GCC_541\Debug\F1-TestFixture.a(UART_115200_INT.o)
 .debug_info    0x00009b4e      0x268 .\CortexM3\ARM_GCC_541\Debug\F1-TestFixture.a(isr_UART_115200.o)
 .debug_info    0x00009db6      0x25d .\CortexM3\ARM_GCC_541\Debug\F1-TestFixture.a(UART_115200_IntClock.o)
 .debug_info    0x0000a013       0xd7 .\CortexM3\ARM_GCC_541\Debug\F1-TestFixture.a(DEMUX_CTRL_230400.o)
 .debug_info    0x0000a0ea      0x268 .\CortexM3\ARM_GCC_541\Debug\F1-TestFixture.a(isr_UART_460800.o)
 .debug_info    0x0000a352      0x593 .\CortexM3\ARM_GCC_541\Debug\F1-TestFixture.a(UART_460800.o)
 .debug_info    0x0000a8e5      0x108 .\CortexM3\ARM_GCC_541\Debug\F1-TestFixture.a(UART_460800_INT.o)
 .debug_info    0x0000a9ed       0xd7 .\CortexM3\ARM_GCC_541\Debug\F1-TestFixture.a(MUX_CTRL_460800.o)
 .debug_info    0x0000aac4       0xd7 .\CortexM3\ARM_GCC_541\Debug\F1-TestFixture.a(DEMUX_CTRL_460800.o)
 .debug_info    0x0000ab9b      0x25d .\CortexM3\ARM_GCC_541\Debug\F1-TestFixture.a(UART_460800_IntClock.o)
 .debug_info    0x0000adf8      0x245 .\CortexM3\ARM_GCC_541\Debug\F1-TestFixture.a(Timer_10ms.o)
 .debug_info    0x0000b03d      0x26a .\CortexM3\ARM_GCC_541\Debug\F1-TestFixture.a(isr_Timer_10ms.o)
 .debug_info    0x0000b2a7      0x245 .\CortexM3\ARM_GCC_541\Debug\F1-TestFixture.a(Timer_50ms.o)
 .debug_info    0x0000b4ec      0x2ff .\CortexM3\ARM_GCC_541\Debug\F1-TestFixture.a(isr_Timer_50ms.o)
 .debug_info    0x0000b7eb      0x11e .\CortexM3\ARM_GCC_541\Debug\F1-TestFixture.a(PB_NextAction.o)
 .debug_info    0x0000b909      0x248 .\CortexM3\ARM_GCC_541\Debug\F1-TestFixture.a(WaveDAC.o)
 .debug_info    0x0000bb51      0x11b .\CortexM3\ARM_GCC_541\Debug\F1-TestFixture.a(WaveDAC_Wave1_DMA_dma.o)
 .debug_info    0x0000bc6c      0x11b .\CortexM3\ARM_GCC_541\Debug\F1-TestFixture.a(WaveDAC_Wave2_DMA_dma.o)
 .debug_info    0x0000bd87      0x185 .\CortexM3\ARM_GCC_541\Debug\F1-TestFixture.a(WaveDAC_VDAC8.o)
 .debug_info    0x0000bf0c      0x245 .\CortexM3\ARM_GCC_541\Debug\F1-TestFixture.a(Timer_DAC.o)
 .debug_info    0x0000c151      0x11e .\CortexM3\ARM_GCC_541\Debug\F1-TestFixture.a(RTest_BLOCK_4_EN.o)
 .debug_info    0x0000c26f      0x11e .\CortexM3\ARM_GCC_541\Debug\F1-TestFixture.a(RTest_BLOCK_3_EN.o)
 .debug_info    0x0000c38d      0x11e .\CortexM3\ARM_GCC_541\Debug\F1-TestFixture.a(RTest_BLOCK_2_EN.o)
 .debug_info    0x0000c4ab      0x11e .\CortexM3\ARM_GCC_541\Debug\F1-TestFixture.a(RTest_BLOCK_1_EN.o)
 .debug_info    0x0000c5c9      0x11e .\CortexM3\ARM_GCC_541\Debug\F1-TestFixture.a(RTest_DEMUX_C.o)
 .debug_info    0x0000c6e7      0x11e .\CortexM3\ARM_GCC_541\Debug\F1-TestFixture.a(RTest_DEMUX_B.o)
 .debug_info    0x0000c805      0x11e .\CortexM3\ARM_GCC_541\Debug\F1-TestFixture.a(RTest_DEMUX_A.o)
 .debug_info    0x0000c923      0x11e .\CortexM3\ARM_GCC_541\Debug\F1-TestFixture.a(RTest_DEMUX_COM.o)
 .debug_info    0x0000ca41       0xd7 .\CortexM3\ARM_GCC_541\Debug\F1-TestFixture.a(MUX_CTRL_115200.o)
 .debug_info    0x0000cb18      0x11e .\CortexM3\ARM_GCC_541\Debug\F1-TestFixture.a(Overload1.o)
 .debug_info    0x0000cc36      0x11e .\CortexM3\ARM_GCC_541\Debug\F1-TestFixture.a(Overload2.o)
 .debug_info    0x0000cd54       0x92 .\CortexM3\ARM_GCC_541\Debug\F1-TestFixture.a(CyBootAsmGnu.o)
 .debug_info    0x0000cde6      0x3b9 .\CortexM3\ARM_GCC_541\Debug\F1-TestFixture.a(CyFlash.o)
 .debug_info    0x0000d19f      0x4c0 .\CortexM3\ARM_GCC_541\Debug\F1-TestFixture.a(CySpc.o)
 .debug_info    0x0000d65f      0x11e .\CortexM3\ARM_GCC_541\Debug\F1-TestFixture.a(LED1.o)
 .debug_info    0x0000d77d      0x11e .\CortexM3\ARM_GCC_541\Debug\F1-TestFixture.a(LED2.o)
 .debug_info    0x0000d89b      0x11e .\CortexM3\ARM_GCC_541\Debug\F1-TestFixture.a(LED3.o)

.debug_abbrev   0x00000000     0x44e7
 *(.debug_abbrev)
 .debug_abbrev  0x00000000      0x10b .\CortexM3\ARM_GCC_541\Debug\main.o
 .debug_abbrev  0x0000010b      0x247 .\CortexM3\ARM_GCC_541\Debug\ControllerTest.o
 .debug_abbrev  0x00000352      0x230 .\CortexM3\ARM_GCC_541\Debug\UART_230400_Functions.o
 .debug_abbrev  0x00000582      0x20f .\CortexM3\ARM_GCC_541\Debug\SirenTest.o
 .debug_abbrev  0x00000791      0x254 .\CortexM3\ARM_GCC_541\Debug\RelayTest.o
 .debug_abbrev  0x000009e5      0x1e9 .\CortexM3\ARM_GCC_541\Debug\UART_460800_Functions.o
 .debug_abbrev  0x00000bce      0x169 .\CortexM3\ARM_GCC_541\Debug\UART_115200_Functions.o
 .debug_abbrev  0x00000d37       0xd8 .\CortexM3\ARM_GCC_541\Debug\CD4051BPW_Driver.o
 .debug_abbrev  0x00000e0f      0x1b7 .\CortexM3\ARM_GCC_541\Debug\cyfitter_cfg.o
 .debug_abbrev  0x00000fc6       0x77 .\CortexM3\ARM_GCC_541\Debug\cymetadata.o
 .debug_abbrev  0x0000103d      0x1d6 .\CortexM3\ARM_GCC_541\Debug\Cm3Start.o
 .debug_abbrev  0x00001213      0x194 .\CortexM3\ARM_GCC_541\Debug\F1-TestFixture.a(CyDmac.o)
 .debug_abbrev  0x000013a7      0x217 .\CortexM3\ARM_GCC_541\Debug\F1-TestFixture.a(CyLib.o)
 .debug_abbrev  0x000015be      0x161 .\CortexM3\ARM_GCC_541\Debug\F1-TestFixture.a(cyPm.o)
 .debug_abbrev  0x0000171f       0x90 .\CortexM3\ARM_GCC_541\Debug\F1-TestFixture.a(STest_SIREN_EN.o)
 .debug_abbrev  0x000017af       0x90 .\CortexM3\ARM_GCC_541\Debug\F1-TestFixture.a(CTest_CONT_VBATT_EN.o)
 .debug_abbrev  0x0000183f       0x90 .\CortexM3\ARM_GCC_541\Debug\F1-TestFixture.a(CTest_USB_5V_EN.o)
 .debug_abbrev  0x000018cf       0x90 .\CortexM3\ARM_GCC_541\Debug\F1-TestFixture.a(RTest_SIREN_EN.o)
 .debug_abbrev  0x0000195f       0x90 .\CortexM3\ARM_GCC_541\Debug\F1-TestFixture.a(RS1.o)
 .debug_abbrev  0x000019ef       0x90 .\CortexM3\ARM_GCC_541\Debug\F1-TestFixture.a(RS2.o)
 .debug_abbrev  0x00001a7f       0x90 .\CortexM3\ARM_GCC_541\Debug\F1-TestFixture.a(RTest_HSide1.o)
 .debug_abbrev  0x00001b0f       0x90 .\CortexM3\ARM_GCC_541\Debug\F1-TestFixture.a(RTest_HSide3.o)
 .debug_abbrev  0x00001b9f       0x90 .\CortexM3\ARM_GCC_541\Debug\F1-TestFixture.a(RTest_HSide2.o)
 .debug_abbrev  0x00001c2f       0x90 .\CortexM3\ARM_GCC_541\Debug\F1-TestFixture.a(RTest_HSide4.o)
 .debug_abbrev  0x00001cbf       0x90 .\CortexM3\ARM_GCC_541\Debug\F1-TestFixture.a(RTest_HSide5.o)
 .debug_abbrev  0x00001d4f       0x90 .\CortexM3\ARM_GCC_541\Debug\F1-TestFixture.a(RTest_HSide6.o)
 .debug_abbrev  0x00001ddf       0x90 .\CortexM3\ARM_GCC_541\Debug\F1-TestFixture.a(RTest_HSide7.o)
 .debug_abbrev  0x00001e6f       0x90 .\CortexM3\ARM_GCC_541\Debug\F1-TestFixture.a(RTest_HSide8.o)
 .debug_abbrev  0x00001eff      0x178 .\CortexM3\ARM_GCC_541\Debug\F1-TestFixture.a(isr_UART_230400.o)
 .debug_abbrev  0x00002077      0x15d .\CortexM3\ARM_GCC_541\Debug\F1-TestFixture.a(UART_230400.o)
 .debug_abbrev  0x000021d4       0x79 .\CortexM3\ARM_GCC_541\Debug\F1-TestFixture.a(UART_230400_INT.o)
 .debug_abbrev  0x0000224d      0x11d .\CortexM3\ARM_GCC_541\Debug\F1-TestFixture.a(UART_230400_IntClock.o)
 .debug_abbrev  0x0000236a       0x81 .\CortexM3\ARM_GCC_541\Debug\F1-TestFixture.a(MUX_CTRL_230400.o)
 .debug_abbrev  0x000023eb       0xe9 .\CortexM3\ARM_GCC_541\Debug\F1-TestFixture.a(Timer_20ms.o)
 .debug_abbrev  0x000024d4       0x90 .\CortexM3\ARM_GCC_541\Debug\F1-TestFixture.a(LED_EN.o)
 .debug_abbrev  0x00002564      0x178 .\CortexM3\ARM_GCC_541\Debug\F1-TestFixture.a(isr_Timer_20ms.o)
 .debug_abbrev  0x000026dc      0x15d .\CortexM3\ARM_GCC_541\Debug\F1-TestFixture.a(UART_115200.o)
 .debug_abbrev  0x00002839       0x79 .\CortexM3\ARM_GCC_541\Debug\F1-TestFixture.a(UART_115200_INT.o)
 .debug_abbrev  0x000028b2      0x178 .\CortexM3\ARM_GCC_541\Debug\F1-TestFixture.a(isr_UART_115200.o)
 .debug_abbrev  0x00002a2a      0x11d .\CortexM3\ARM_GCC_541\Debug\F1-TestFixture.a(UART_115200_IntClock.o)
 .debug_abbrev  0x00002b47       0x81 .\CortexM3\ARM_GCC_541\Debug\F1-TestFixture.a(DEMUX_CTRL_230400.o)
 .debug_abbrev  0x00002bc8      0x178 .\CortexM3\ARM_GCC_541\Debug\F1-TestFixture.a(isr_UART_460800.o)
 .debug_abbrev  0x00002d40      0x15d .\CortexM3\ARM_GCC_541\Debug\F1-TestFixture.a(UART_460800.o)
 .debug_abbrev  0x00002e9d       0x79 .\CortexM3\ARM_GCC_541\Debug\F1-TestFixture.a(UART_460800_INT.o)
 .debug_abbrev  0x00002f16       0x81 .\CortexM3\ARM_GCC_541\Debug\F1-TestFixture.a(MUX_CTRL_460800.o)
 .debug_abbrev  0x00002f97       0x81 .\CortexM3\ARM_GCC_541\Debug\F1-TestFixture.a(DEMUX_CTRL_460800.o)
 .debug_abbrev  0x00003018      0x11d .\CortexM3\ARM_GCC_541\Debug\F1-TestFixture.a(UART_460800_IntClock.o)
 .debug_abbrev  0x00003135       0xe9 .\CortexM3\ARM_GCC_541\Debug\F1-TestFixture.a(Timer_10ms.o)
 .debug_abbrev  0x0000321e      0x15c .\CortexM3\ARM_GCC_541\Debug\F1-TestFixture.a(isr_Timer_10ms.o)
 .debug_abbrev  0x0000337a       0xe9 .\CortexM3\ARM_GCC_541\Debug\F1-TestFixture.a(Timer_50ms.o)
 .debug_abbrev  0x00003463      0x18b .\CortexM3\ARM_GCC_541\Debug\F1-TestFixture.a(isr_Timer_50ms.o)
 .debug_abbrev  0x000035ee       0x90 .\CortexM3\ARM_GCC_541\Debug\F1-TestFixture.a(PB_NextAction.o)
 .debug_abbrev  0x0000367e       0xe3 .\CortexM3\ARM_GCC_541\Debug\F1-TestFixture.a(WaveDAC.o)
 .debug_abbrev  0x00003761       0x8b .\CortexM3\ARM_GCC_541\Debug\F1-TestFixture.a(WaveDAC_Wave1_DMA_dma.o)
 .debug_abbrev  0x000037ec       0x8b .\CortexM3\ARM_GCC_541\Debug\F1-TestFixture.a(WaveDAC_Wave2_DMA_dma.o)
 .debug_abbrev  0x00003877       0xeb .\CortexM3\ARM_GCC_541\Debug\F1-TestFixture.a(WaveDAC_VDAC8.o)
 .debug_abbrev  0x00003962       0xe9 .\CortexM3\ARM_GCC_541\Debug\F1-TestFixture.a(Timer_DAC.o)
 .debug_abbrev  0x00003a4b       0x90 .\CortexM3\ARM_GCC_541\Debug\F1-TestFixture.a(RTest_BLOCK_4_EN.o)
 .debug_abbrev  0x00003adb       0x90 .\CortexM3\ARM_GCC_541\Debug\F1-TestFixture.a(RTest_BLOCK_3_EN.o)
 .debug_abbrev  0x00003b6b       0x90 .\CortexM3\ARM_GCC_541\Debug\F1-TestFixture.a(RTest_BLOCK_2_EN.o)
 .debug_abbrev  0x00003bfb       0x90 .\CortexM3\ARM_GCC_541\Debug\F1-TestFixture.a(RTest_BLOCK_1_EN.o)
 .debug_abbrev  0x00003c8b       0x90 .\CortexM3\ARM_GCC_541\Debug\F1-TestFixture.a(RTest_DEMUX_C.o)
 .debug_abbrev  0x00003d1b       0x90 .\CortexM3\ARM_GCC_541\Debug\F1-TestFixture.a(RTest_DEMUX_B.o)
 .debug_abbrev  0x00003dab       0x90 .\CortexM3\ARM_GCC_541\Debug\F1-TestFixture.a(RTest_DEMUX_A.o)
 .debug_abbrev  0x00003e3b       0x90 .\CortexM3\ARM_GCC_541\Debug\F1-TestFixture.a(RTest_DEMUX_COM.o)
 .debug_abbrev  0x00003ecb       0x81 .\CortexM3\ARM_GCC_541\Debug\F1-TestFixture.a(MUX_CTRL_115200.o)
 .debug_abbrev  0x00003f4c       0x90 .\CortexM3\ARM_GCC_541\Debug\F1-TestFixture.a(Overload1.o)
 .debug_abbrev  0x00003fdc       0x90 .\CortexM3\ARM_GCC_541\Debug\F1-TestFixture.a(Overload2.o)
 .debug_abbrev  0x0000406c       0x14 .\CortexM3\ARM_GCC_541\Debug\F1-TestFixture.a(CyBootAsmGnu.o)
 .debug_abbrev  0x00004080      0x14b .\CortexM3\ARM_GCC_541\Debug\F1-TestFixture.a(CyFlash.o)
 .debug_abbrev  0x000041cb      0x16c .\CortexM3\ARM_GCC_541\Debug\F1-TestFixture.a(CySpc.o)
 .debug_abbrev  0x00004337       0x90 .\CortexM3\ARM_GCC_541\Debug\F1-TestFixture.a(LED1.o)
 .debug_abbrev  0x000043c7       0x90 .\CortexM3\ARM_GCC_541\Debug\F1-TestFixture.a(LED2.o)
 .debug_abbrev  0x00004457       0x90 .\CortexM3\ARM_GCC_541\Debug\F1-TestFixture.a(LED3.o)

.debug_line     0x00000000     0x6f8d
 *(.debug_line)
 .debug_line    0x00000000      0x203 .\CortexM3\ARM_GCC_541\Debug\main.o
 .debug_line    0x00000203      0x518 .\CortexM3\ARM_GCC_541\Debug\ControllerTest.o
 .debug_line    0x0000071b      0x36d .\CortexM3\ARM_GCC_541\Debug\UART_230400_Functions.o
 .debug_line    0x00000a88      0x3ee .\CortexM3\ARM_GCC_541\Debug\SirenTest.o
 .debug_line    0x00000e76      0x58f .\CortexM3\ARM_GCC_541\Debug\RelayTest.o
 .debug_line    0x00001405      0x309 .\CortexM3\ARM_GCC_541\Debug\UART_460800_Functions.o
 .debug_line    0x0000170e      0x22f .\CortexM3\ARM_GCC_541\Debug\UART_115200_Functions.o
 .debug_line    0x0000193d      0x1d3 .\CortexM3\ARM_GCC_541\Debug\CD4051BPW_Driver.o
 .debug_line    0x00001b10      0x22d .\CortexM3\ARM_GCC_541\Debug\cyfitter_cfg.o
 .debug_line    0x00001d3d      0x141 .\CortexM3\ARM_GCC_541\Debug\cymetadata.o
 .debug_line    0x00001e7e      0x1db .\CortexM3\ARM_GCC_541\Debug\Cm3Start.o
 .debug_line    0x00002059      0x2b6 .\CortexM3\ARM_GCC_541\Debug\F1-TestFixture.a(CyDmac.o)
 .debug_line    0x0000230f      0x883 .\CortexM3\ARM_GCC_541\Debug\F1-TestFixture.a(CyLib.o)
 .debug_line    0x00002b92      0x38e .\CortexM3\ARM_GCC_541\Debug\F1-TestFixture.a(cyPm.o)
 .debug_line    0x00002f20       0x9e .\CortexM3\ARM_GCC_541\Debug\F1-TestFixture.a(STest_SIREN_EN.o)
 .debug_line    0x00002fbe       0xa3 .\CortexM3\ARM_GCC_541\Debug\F1-TestFixture.a(CTest_CONT_VBATT_EN.o)
 .debug_line    0x00003061       0x9f .\CortexM3\ARM_GCC_541\Debug\F1-TestFixture.a(CTest_USB_5V_EN.o)
 .debug_line    0x00003100       0x9e .\CortexM3\ARM_GCC_541\Debug\F1-TestFixture.a(RTest_SIREN_EN.o)
 .debug_line    0x0000319e       0x93 .\CortexM3\ARM_GCC_541\Debug\F1-TestFixture.a(RS1.o)
 .debug_line    0x00003231       0x93 .\CortexM3\ARM_GCC_541\Debug\F1-TestFixture.a(RS2.o)
 .debug_line    0x000032c4       0x9c .\CortexM3\ARM_GCC_541\Debug\F1-TestFixture.a(RTest_HSide1.o)
 .debug_line    0x00003360       0x9c .\CortexM3\ARM_GCC_541\Debug\F1-TestFixture.a(RTest_HSide3.o)
 .debug_line    0x000033fc       0x9c .\CortexM3\ARM_GCC_541\Debug\F1-TestFixture.a(RTest_HSide2.o)
 .debug_line    0x00003498       0x9c .\CortexM3\ARM_GCC_541\Debug\F1-TestFixture.a(RTest_HSide4.o)
 .debug_line    0x00003534       0x9c .\CortexM3\ARM_GCC_541\Debug\F1-TestFixture.a(RTest_HSide5.o)
 .debug_line    0x000035d0       0x9c .\CortexM3\ARM_GCC_541\Debug\F1-TestFixture.a(RTest_HSide6.o)
 .debug_line    0x0000366c       0x9c .\CortexM3\ARM_GCC_541\Debug\F1-TestFixture.a(RTest_HSide7.o)
 .debug_line    0x00003708       0x9c .\CortexM3\ARM_GCC_541\Debug\F1-TestFixture.a(RTest_HSide8.o)
 .debug_line    0x000037a4      0x264 .\CortexM3\ARM_GCC_541\Debug\F1-TestFixture.a(isr_UART_230400.o)
 .debug_line    0x00003a08      0x324 .\CortexM3\ARM_GCC_541\Debug\F1-TestFixture.a(UART_230400.o)
 .debug_line    0x00003d2c       0x8e .\CortexM3\ARM_GCC_541\Debug\F1-TestFixture.a(UART_230400_INT.o)
 .debug_line    0x00003dba      0x1b3 .\CortexM3\ARM_GCC_541\Debug\F1-TestFixture.a(UART_230400_IntClock.o)
 .debug_line    0x00003f6d       0x78 .\CortexM3\ARM_GCC_541\Debug\F1-TestFixture.a(MUX_CTRL_230400.o)
 .debug_line    0x00003fe5      0x162 .\CortexM3\ARM_GCC_541\Debug\F1-TestFixture.a(Timer_20ms.o)
 .debug_line    0x00004147       0x96 .\CortexM3\ARM_GCC_541\Debug\F1-TestFixture.a(LED_EN.o)
 .debug_line    0x000041dd      0x268 .\CortexM3\ARM_GCC_541\Debug\F1-TestFixture.a(isr_Timer_20ms.o)
 .debug_line    0x00004445      0x324 .\CortexM3\ARM_GCC_541\Debug\F1-TestFixture.a(UART_115200.o)
 .debug_line    0x00004769       0x8e .\CortexM3\ARM_GCC_541\Debug\F1-TestFixture.a(UART_115200_INT.o)
 .debug_line    0x000047f7      0x264 .\CortexM3\ARM_GCC_541\Debug\F1-TestFixture.a(isr_UART_115200.o)
 .debug_line    0x00004a5b      0x1b3 .\CortexM3\ARM_GCC_541\Debug\F1-TestFixture.a(UART_115200_IntClock.o)
 .debug_line    0x00004c0e       0x7a .\CortexM3\ARM_GCC_541\Debug\F1-TestFixture.a(DEMUX_CTRL_230400.o)
 .debug_line    0x00004c88      0x264 .\CortexM3\ARM_GCC_541\Debug\F1-TestFixture.a(isr_UART_460800.o)
 .debug_line    0x00004eec      0x324 .\CortexM3\ARM_GCC_541\Debug\F1-TestFixture.a(UART_460800.o)
 .debug_line    0x00005210       0x8e .\CortexM3\ARM_GCC_541\Debug\F1-TestFixture.a(UART_460800_INT.o)
 .debug_line    0x0000529e       0x78 .\CortexM3\ARM_GCC_541\Debug\F1-TestFixture.a(MUX_CTRL_460800.o)
 .debug_line    0x00005316       0x7a .\CortexM3\ARM_GCC_541\Debug\F1-TestFixture.a(DEMUX_CTRL_460800.o)
 .debug_line    0x00005390      0x1b3 .\CortexM3\ARM_GCC_541\Debug\F1-TestFixture.a(UART_460800_IntClock.o)
 .debug_line    0x00005543      0x162 .\CortexM3\ARM_GCC_541\Debug\F1-TestFixture.a(Timer_10ms.o)
 .debug_line    0x000056a5      0x269 .\CortexM3\ARM_GCC_541\Debug\F1-TestFixture.a(isr_Timer_10ms.o)
 .debug_line    0x0000590e      0x162 .\CortexM3\ARM_GCC_541\Debug\F1-TestFixture.a(Timer_50ms.o)
 .debug_line    0x00005a70      0x311 .\CortexM3\ARM_GCC_541\Debug\F1-TestFixture.a(isr_Timer_50ms.o)
 .debug_line    0x00005d81       0x9d .\CortexM3\ARM_GCC_541\Debug\F1-TestFixture.a(PB_NextAction.o)
 .debug_line    0x00005e1e       0xef .\CortexM3\ARM_GCC_541\Debug\F1-TestFixture.a(WaveDAC.o)
 .debug_line    0x00005f0d       0x84 .\CortexM3\ARM_GCC_541\Debug\F1-TestFixture.a(WaveDAC_Wave1_DMA_dma.o)
 .debug_line    0x00005f91       0x84 .\CortexM3\ARM_GCC_541\Debug\F1-TestFixture.a(WaveDAC_Wave2_DMA_dma.o)
 .debug_line    0x00006015       0xf5 .\CortexM3\ARM_GCC_541\Debug\F1-TestFixture.a(WaveDAC_VDAC8.o)
 .debug_line    0x0000610a      0x161 .\CortexM3\ARM_GCC_541\Debug\F1-TestFixture.a(Timer_DAC.o)
 .debug_line    0x0000626b       0xa0 .\CortexM3\ARM_GCC_541\Debug\F1-TestFixture.a(RTest_BLOCK_4_EN.o)
 .debug_line    0x0000630b       0xa0 .\CortexM3\ARM_GCC_541\Debug\F1-TestFixture.a(RTest_BLOCK_3_EN.o)
 .debug_line    0x000063ab       0xa0 .\CortexM3\ARM_GCC_541\Debug\F1-TestFixture.a(RTest_BLOCK_2_EN.o)
 .debug_line    0x0000644b       0xa0 .\CortexM3\ARM_GCC_541\Debug\F1-TestFixture.a(RTest_BLOCK_1_EN.o)
 .debug_line    0x000064eb       0x9d .\CortexM3\ARM_GCC_541\Debug\F1-TestFixture.a(RTest_DEMUX_C.o)
 .debug_line    0x00006588       0x9d .\CortexM3\ARM_GCC_541\Debug\F1-TestFixture.a(RTest_DEMUX_B.o)
 .debug_line    0x00006625       0x9d .\CortexM3\ARM_GCC_541\Debug\F1-TestFixture.a(RTest_DEMUX_A.o)
 .debug_line    0x000066c2       0x9f .\CortexM3\ARM_GCC_541\Debug\F1-TestFixture.a(RTest_DEMUX_COM.o)
 .debug_line    0x00006761       0x78 .\CortexM3\ARM_GCC_541\Debug\F1-TestFixture.a(MUX_CTRL_115200.o)
 .debug_line    0x000067d9       0x99 .\CortexM3\ARM_GCC_541\Debug\F1-TestFixture.a(Overload1.o)
 .debug_line    0x00006872       0x99 .\CortexM3\ARM_GCC_541\Debug\F1-TestFixture.a(Overload2.o)
 .debug_line    0x0000690b       0x66 .\CortexM3\ARM_GCC_541\Debug\F1-TestFixture.a(CyBootAsmGnu.o)
 .debug_line    0x00006971      0x22f .\CortexM3\ARM_GCC_541\Debug\F1-TestFixture.a(CyFlash.o)
 .debug_line    0x00006ba0      0x231 .\CortexM3\ARM_GCC_541\Debug\F1-TestFixture.a(CySpc.o)
 .debug_line    0x00006dd1       0x94 .\CortexM3\ARM_GCC_541\Debug\F1-TestFixture.a(LED1.o)
 .debug_line    0x00006e65       0x94 .\CortexM3\ARM_GCC_541\Debug\F1-TestFixture.a(LED2.o)
 .debug_line    0x00006ef9       0x94 .\CortexM3\ARM_GCC_541\Debug\F1-TestFixture.a(LED3.o)

.debug_frame    0x00000000     0x61f4
 *(.debug_frame)
 .debug_frame   0x00000000       0x90 .\CortexM3\ARM_GCC_541\Debug\main.o
 .debug_frame   0x00000090      0x1f4 .\CortexM3\ARM_GCC_541\Debug\ControllerTest.o
 .debug_frame   0x00000284      0x1a4 .\CortexM3\ARM_GCC_541\Debug\UART_230400_Functions.o
 .debug_frame   0x00000428      0x198 .\CortexM3\ARM_GCC_541\Debug\SirenTest.o
 .debug_frame   0x000005c0      0x31c .\CortexM3\ARM_GCC_541\Debug\RelayTest.o
 .debug_frame   0x000008dc      0x148 .\CortexM3\ARM_GCC_541\Debug\UART_460800_Functions.o
 .debug_frame   0x00000a24       0xac .\CortexM3\ARM_GCC_541\Debug\UART_115200_Functions.o
 .debug_frame   0x00000ad0       0x84 .\CortexM3\ARM_GCC_541\Debug\CD4051BPW_Driver.o
 .debug_frame   0x00000b54      0x16c .\CortexM3\ARM_GCC_541\Debug\cyfitter_cfg.o
 .debug_frame   0x00000cc0       0xd8 .\CortexM3\ARM_GCC_541\Debug\Cm3Start.o
 .debug_frame   0x00000d98      0x3d0 .\CortexM3\ARM_GCC_541\Debug\F1-TestFixture.a(CyDmac.o)
 .debug_frame   0x00001168      0xc0c .\CortexM3\ARM_GCC_541\Debug\F1-TestFixture.a(CyLib.o)
 .debug_frame   0x00001d74      0x234 .\CortexM3\ARM_GCC_541\Debug\F1-TestFixture.a(cyPm.o)
 .debug_frame   0x00001fa8       0xa8 .\CortexM3\ARM_GCC_541\Debug\F1-TestFixture.a(STest_SIREN_EN.o)
 .debug_frame   0x00002050       0xa8 .\CortexM3\ARM_GCC_541\Debug\F1-TestFixture.a(CTest_CONT_VBATT_EN.o)
 .debug_frame   0x000020f8       0xa8 .\CortexM3\ARM_GCC_541\Debug\F1-TestFixture.a(CTest_USB_5V_EN.o)
 .debug_frame   0x000021a0       0xa8 .\CortexM3\ARM_GCC_541\Debug\F1-TestFixture.a(RTest_SIREN_EN.o)
 .debug_frame   0x00002248       0xa8 .\CortexM3\ARM_GCC_541\Debug\F1-TestFixture.a(RS1.o)
 .debug_frame   0x000022f0       0xa8 .\CortexM3\ARM_GCC_541\Debug\F1-TestFixture.a(RS2.o)
 .debug_frame   0x00002398       0xa8 .\CortexM3\ARM_GCC_541\Debug\F1-TestFixture.a(RTest_HSide1.o)
 .debug_frame   0x00002440       0xa8 .\CortexM3\ARM_GCC_541\Debug\F1-TestFixture.a(RTest_HSide3.o)
 .debug_frame   0x000024e8       0xa8 .\CortexM3\ARM_GCC_541\Debug\F1-TestFixture.a(RTest_HSide2.o)
 .debug_frame   0x00002590       0xa8 .\CortexM3\ARM_GCC_541\Debug\F1-TestFixture.a(RTest_HSide4.o)
 .debug_frame   0x00002638       0xa8 .\CortexM3\ARM_GCC_541\Debug\F1-TestFixture.a(RTest_HSide5.o)
 .debug_frame   0x000026e0       0xa8 .\CortexM3\ARM_GCC_541\Debug\F1-TestFixture.a(RTest_HSide6.o)
 .debug_frame   0x00002788       0xa8 .\CortexM3\ARM_GCC_541\Debug\F1-TestFixture.a(RTest_HSide7.o)
 .debug_frame   0x00002830       0xa8 .\CortexM3\ARM_GCC_541\Debug\F1-TestFixture.a(RTest_HSide8.o)
 .debug_frame   0x000028d8      0x1e0 .\CortexM3\ARM_GCC_541\Debug\F1-TestFixture.a(isr_UART_230400.o)
 .debug_frame   0x00002ab8      0x424 .\CortexM3\ARM_GCC_541\Debug\F1-TestFixture.a(UART_230400.o)
 .debug_frame   0x00002edc       0x34 .\CortexM3\ARM_GCC_541\Debug\F1-TestFixture.a(UART_230400_INT.o)
 .debug_frame   0x00002f10      0x1b4 .\CortexM3\ARM_GCC_541\Debug\F1-TestFixture.a(UART_230400_IntClock.o)
 .debug_frame   0x000030c4       0x5c .\CortexM3\ARM_GCC_541\Debug\F1-TestFixture.a(MUX_CTRL_230400.o)
 .debug_frame   0x00003120      0x208 .\CortexM3\ARM_GCC_541\Debug\F1-TestFixture.a(Timer_20ms.o)
 .debug_frame   0x00003328       0xa8 .\CortexM3\ARM_GCC_541\Debug\F1-TestFixture.a(LED_EN.o)
 .debug_frame   0x000033d0      0x1e0 .\CortexM3\ARM_GCC_541\Debug\F1-TestFixture.a(isr_Timer_20ms.o)
 .debug_frame   0x000035b0      0x424 .\CortexM3\ARM_GCC_541\Debug\F1-TestFixture.a(UART_115200.o)
 .debug_frame   0x000039d4       0x34 .\CortexM3\ARM_GCC_541\Debug\F1-TestFixture.a(UART_115200_INT.o)
 .debug_frame   0x00003a08      0x1e0 .\CortexM3\ARM_GCC_541\Debug\F1-TestFixture.a(isr_UART_115200.o)
 .debug_frame   0x00003be8      0x1b4 .\CortexM3\ARM_GCC_541\Debug\F1-TestFixture.a(UART_115200_IntClock.o)
 .debug_frame   0x00003d9c       0x5c .\CortexM3\ARM_GCC_541\Debug\F1-TestFixture.a(DEMUX_CTRL_230400.o)
 .debug_frame   0x00003df8      0x1e0 .\CortexM3\ARM_GCC_541\Debug\F1-TestFixture.a(isr_UART_460800.o)
 .debug_frame   0x00003fd8      0x424 .\CortexM3\ARM_GCC_541\Debug\F1-TestFixture.a(UART_460800.o)
 .debug_frame   0x000043fc       0x34 .\CortexM3\ARM_GCC_541\Debug\F1-TestFixture.a(UART_460800_INT.o)
 .debug_frame   0x00004430       0x5c .\CortexM3\ARM_GCC_541\Debug\F1-TestFixture.a(MUX_CTRL_460800.o)
 .debug_frame   0x0000448c       0x5c .\CortexM3\ARM_GCC_541\Debug\F1-TestFixture.a(DEMUX_CTRL_460800.o)
 .debug_frame   0x000044e8      0x1b4 .\CortexM3\ARM_GCC_541\Debug\F1-TestFixture.a(UART_460800_IntClock.o)
 .debug_frame   0x0000469c      0x208 .\CortexM3\ARM_GCC_541\Debug\F1-TestFixture.a(Timer_10ms.o)
 .debug_frame   0x000048a4      0x1e0 .\CortexM3\ARM_GCC_541\Debug\F1-TestFixture.a(isr_Timer_10ms.o)
 .debug_frame   0x00004a84      0x208 .\CortexM3\ARM_GCC_541\Debug\F1-TestFixture.a(Timer_50ms.o)
 .debug_frame   0x00004c8c      0x1e0 .\CortexM3\ARM_GCC_541\Debug\F1-TestFixture.a(isr_Timer_50ms.o)
 .debug_frame   0x00004e6c       0xa8 .\CortexM3\ARM_GCC_541\Debug\F1-TestFixture.a(PB_NextAction.o)
 .debug_frame   0x00004f14       0xf8 .\CortexM3\ARM_GCC_541\Debug\F1-TestFixture.a(WaveDAC.o)
 .debug_frame   0x0000500c       0x58 .\CortexM3\ARM_GCC_541\Debug\F1-TestFixture.a(WaveDAC_Wave1_DMA_dma.o)
 .debug_frame   0x00005064       0x58 .\CortexM3\ARM_GCC_541\Debug\F1-TestFixture.a(WaveDAC_Wave2_DMA_dma.o)
 .debug_frame   0x000050bc      0x130 .\CortexM3\ARM_GCC_541\Debug\F1-TestFixture.a(WaveDAC_VDAC8.o)
 .debug_frame   0x000051ec      0x208 .\CortexM3\ARM_GCC_541\Debug\F1-TestFixture.a(Timer_DAC.o)
 .debug_frame   0x000053f4       0xa8 .\CortexM3\ARM_GCC_541\Debug\F1-TestFixture.a(RTest_BLOCK_4_EN.o)
 .debug_frame   0x0000549c       0xa8 .\CortexM3\ARM_GCC_541\Debug\F1-TestFixture.a(RTest_BLOCK_3_EN.o)
 .debug_frame   0x00005544       0xa8 .\CortexM3\ARM_GCC_541\Debug\F1-TestFixture.a(RTest_BLOCK_2_EN.o)
 .debug_frame   0x000055ec       0xa8 .\CortexM3\ARM_GCC_541\Debug\F1-TestFixture.a(RTest_BLOCK_1_EN.o)
 .debug_frame   0x00005694       0xa8 .\CortexM3\ARM_GCC_541\Debug\F1-TestFixture.a(RTest_DEMUX_C.o)