Archive member included to satisfy reference by file (symbol)

.\CortexM3\ARM_GCC_541\Debug\F1-TestFixture.a(CyDmac.o)
                              .\CortexM3\ARM_GCC_541\Debug\Cm3Start.o (CyDmacConfigure)
.\CortexM3\ARM_GCC_541\Debug\F1-TestFixture.a(CyLib.o)
                              .\CortexM3\ARM_GCC_541\Debug\Cm3Start.o (CyResetStatus)
.\CortexM3\ARM_GCC_541\Debug\F1-TestFixture.a(cyPm.o)
                              .\CortexM3\ARM_GCC_541\Debug\F1-TestFixture.a(CyLib.o) (CyPmReadStatus)
.\CortexM3\ARM_GCC_541\Debug\F1-TestFixture.a(STest_SIREN_EN.o)
                              .\CortexM3\ARM_GCC_541\Debug\SirenTest.o (STest_SIREN_EN_Write)
.\CortexM3\ARM_GCC_541\Debug\F1-TestFixture.a(CTest_CONT_VBATT_EN.o)
                              .\CortexM3\ARM_GCC_541\Debug\ControllerTest.o (CTest_CONT_VBATT_EN_Write)
.\CortexM3\ARM_GCC_541\Debug\F1-TestFixture.a(CTest_USB_5V_EN.o)
                              .\CortexM3\ARM_GCC_541\Debug\ControllerTest.o (CTest_USB_5V_EN_Write)
.\CortexM3\ARM_GCC_541\Debug\F1-TestFixture.a(RTest_SIREN_EN.o)
                              .\CortexM3\ARM_GCC_541\Debug\RelayTest.o (RTest_SIREN_EN_Read)
.\CortexM3\ARM_GCC_541\Debug\F1-TestFixture.a(RS1.o)
                              .\CortexM3\ARM_GCC_541\Debug\main.o (RS1_Read)
.\CortexM3\ARM_GCC_541\Debug\F1-TestFixture.a(RS2.o)
                              .\CortexM3\ARM_GCC_541\Debug\main.o (RS2_Read)
.\CortexM3\ARM_GCC_541\Debug\F1-TestFixture.a(RTest_HSide1.o)
                              .\CortexM3\ARM_GCC_541\Debug\RelayTest.o (RTest_HSide1_Write)
.\CortexM3\ARM_GCC_541\Debug\F1-TestFixture.a(RTest_HSide3.o)
                              .\CortexM3\ARM_GCC_541\Debug\RelayTest.o (RTest_HSide3_Write)
.\CortexM3\ARM_GCC_541\Debug\F1-TestFixture.a(RTest_HSide2.o)
                              .\CortexM3\ARM_GCC_541\Debug\RelayTest.o (RTest_HSide2_Write)
.\CortexM3\ARM_GCC_541\Debug\F1-TestFixture.a(RTest_HSide4.o)
                              .\CortexM3\ARM_GCC_541\Debug\RelayTest.o (RTest_HSide4_Write)
.\CortexM3\ARM_GCC_541\Debug\F1-TestFixture.a(RTest_HSide5.o)
                              .\CortexM3\ARM_GCC_541\Debug\RelayTest.o (RTest_HSide5_Write)
.\CortexM3\ARM_GCC_541\Debug\F1-TestFixture.a(RTest_HSide6.o)
                              .\CortexM3\ARM_GCC_541\Debug\RelayTest.o (RTest_HSide6_Write)
.\CortexM3\ARM_GCC_541\Debug\F1-TestFixture.a(RTest_HSide7.o)
                              .\CortexM3\ARM_GCC_541\Debug\RelayTest.o (RTest_HSide7_Write)
.\CortexM3\ARM_GCC_541\Debug\F1-TestFixture.a(RTest_HSide8.o)
                              .\CortexM3\ARM_GCC_541\Debug\RelayTest.o (RTest_HSide8_Write)
.\CortexM3\ARM_GCC_541\Debug\F1-TestFixture.a(isr_UART_230400.o)
                              .\CortexM3\ARM_GCC_541\Debug\main.o (isr_UART_230400_Start)
.\CortexM3\ARM_GCC_541\Debug\F1-TestFixture.a(UART_230400.o)
                              .\CortexM3\ARM_GCC_541\Debug\main.o (UART_230400_Start)
.\CortexM3\ARM_GCC_541\Debug\F1-TestFixture.a(UART_230400_INT.o)
                              .\CortexM3\ARM_GCC_541\Debug\F1-TestFixture.a(UART_230400.o) (UART_230400_TXISR)
.\CortexM3\ARM_GCC_541\Debug\F1-TestFixture.a(UART_230400_IntClock.o)
                              .\CortexM3\ARM_GCC_541\Debug\F1-TestFixture.a(UART_230400.o) (UART_230400_IntClock_Start)
.\CortexM3\ARM_GCC_541\Debug\F1-TestFixture.a(MUX_CTRL_230400.o)
                              .\CortexM3\ARM_GCC_541\Debug\ControllerTest.o (MUX_CTRL_230400_Write)
.\CortexM3\ARM_GCC_541\Debug\F1-TestFixture.a(Timer_20ms.o)
                              .\CortexM3\ARM_GCC_541\Debug\main.o (Timer_20ms_Start)
.\CortexM3\ARM_GCC_541\Debug\F1-TestFixture.a(LED_EN.o)
                              .\CortexM3\ARM_GCC_541\Debug\ControllerTest.o (LED_EN_Write)
.\CortexM3\ARM_GCC_541\Debug\F1-TestFixture.a(isr_Timer_20ms.o)
                              .\CortexM3\ARM_GCC_541\Debug\main.o (isr_Timer_20ms_Start)
.\CortexM3\ARM_GCC_541\Debug\F1-TestFixture.a(UART_115200.o)
                              .\CortexM3\ARM_GCC_541\Debug\main.o (UART_115200_Start)
.\CortexM3\ARM_GCC_541\Debug\F1-TestFixture.a(UART_115200_INT.o)
                              .\CortexM3\ARM_GCC_541\Debug\F1-TestFixture.a(UART_115200.o) (UART_115200_TXISR)
.\CortexM3\ARM_GCC_541\Debug\F1-TestFixture.a(isr_UART_115200.o)
                              .\CortexM3\ARM_GCC_541\Debug\main.o (isr_UART_115200_Start)
.\CortexM3\ARM_GCC_541\Debug\F1-TestFixture.a(UART_115200_IntClock.o)
                              .\CortexM3\ARM_GCC_541\Debug\F1-TestFixture.a(UART_115200.o) (UART_115200_IntClock_Start)
.\CortexM3\ARM_GCC_541\Debug\F1-TestFixture.a(DEMUX_CTRL_230400.o)
                              .\CortexM3\ARM_GCC_541\Debug\UART_230400_Functions.o (DEMUX_CTRL_230400_Write)
.\CortexM3\ARM_GCC_541\Debug\F1-TestFixture.a(isr_UART_460800.o)
                              .\CortexM3\ARM_GCC_541\Debug\main.o (isr_UART_460800_Start)
.\CortexM3\ARM_GCC_541\Debug\F1-TestFixture.a(UART_460800.o)
[...]
Memory Configuration

Name             Origin             Length             Attributes
rom              0x00000000         0x00020000         xr
ram              0x1fffc000         0x00008000         xrw
*default*        0x00000000         0xffffffff

Linker script and memory map

LOAD c:/program files (x86)/cypress/psoc creator/4.3/psoc creator/import/gnu/arm/5.4.1/bin/../lib/gcc/arm-none-eabi/5.4.1/armv7-m/crti.o
LOAD c:/program files (x86)/cypress/psoc creator/4.3/psoc creator/import/gnu/arm/5.4.1/bin/../lib/gcc/arm-none-eabi/5.4.1/armv7-m/crtbegin.o
LOAD c:/program files (x86)/cypress/psoc creator/4.3/psoc creator/import/gnu/arm/5.4.1/bin/../lib/gcc/arm-none-eabi/5.4.1/../../../../arm-none-eabi/lib/armv7-m/crt0.o
START GROUP
LOAD .\CortexM3\ARM_GCC_541\Debug\main.o
LOAD .\CortexM3\ARM_GCC_541\Debug\ControllerTest.o
LOAD .\CortexM3\ARM_GCC_541\Debug\UART_230400_Functions.o
LOAD .\CortexM3\ARM_GCC_541\Debug\SirenTest.o
LOAD .\CortexM3\ARM_GCC_541\Debug\RelayTest.o
LOAD .\CortexM3\ARM_GCC_541\Debug\UART_460800_Functions.o
LOAD .\CortexM3\ARM_GCC_541\Debug\UART_115200_Functions.o
LOAD .\CortexM3\ARM_GCC_541\Debug\CD4051BPW_Driver.o
LOAD .\CortexM3\ARM_GCC_541\Debug\ControllerTest_Complete.o
LOAD .\CortexM3\ARM_GCC_541\Debug\RelayTest_Complete.o
LOAD .\CortexM3\ARM_GCC_541\Debug\ControllerCableTest_Complete.o
LOAD .\CortexM3\ARM_GCC_541\Debug\cyfitter_cfg.o
LOAD .\CortexM3\ARM_GCC_541\Debug\cymetadata.o
LOAD .\CortexM3\ARM_GCC_541\Debug\Cm3Start.o
LOAD .\CortexM3\ARM_GCC_541\Debug\F1-TestFixture.a
LOAD C:\Program Files (x86)\Cypress\PSoC Creator\4.3\PSoC Creator\psoc\content\cycomponentlibrary\CyComponentLibrary.cylib\CortexM3\ARM_GCC_541\Debug\CyComponentLibrary.a
END GROUP
START GROUP
LOAD c:/program files (x86)/cypress/psoc creator/4.3/psoc creator/import/gnu/arm/5.4.1/bin/../lib/gcc/arm-none-eabi/5.4.1/armv7-m\libgcc.a
LOAD c:/program files (x86)/cypress/psoc creator/4.3/psoc creator/import/gnu/arm/5.4.1/bin/../lib/gcc/arm-none-eabi/5.4.1/../../../../arm-none-eabi/lib/armv7-m\libg_nano.a
LOAD c:/program files (x86)/cypress/psoc creator/4.3/psoc creator/import/gnu/arm/5.4.1/bin/../lib/gcc/arm-none-eabi/5.4.1/../../../../arm-none-eabi/lib/armv7-m\libc_nano.a
END GROUP
START GROUP
LOAD c:/program files (x86)/cypress/psoc creator/4.3/psoc creator/import/gnu/arm/5.4.1/bin/../lib/gcc/arm-none-eabi/5.4.1/armv7-m\libgcc.a
LOAD c:/program files (x86)/cypress/psoc creator/4.3/psoc creator/import/gnu/arm/5.4.1/bin/../lib/gcc/arm-none-eabi/5.4.1/../../../../arm-none-eabi/lib/armv7-m\libc_nano.a
END GROUP
LOAD c:/program files (x86)/cypress/psoc creator/4.3/psoc creator/import/gnu/arm/5.4.1/bin/../lib/gcc/arm-none-eabi/5.4.1/armv7-m/crtend.o
LOAD c:/program files (x86)/cypress/psoc creator/4.3/psoc creator/import/gnu/arm/5.4.1/bin/../lib/gcc/arm-none-eabi/5.4.1/armv7-m/crtn.o
START GROUP
LOAD c:/program files (x86)/cypress/psoc creator/4.3/psoc creator/import/gnu/arm/5.4.1/bin/../lib/gcc/arm-none-eabi/5.4.1/armv7-m\libgcc.a
LOAD c:/program files (x86)/cypress/psoc creator/4.3/psoc creator/import/gnu/arm/5.4.1/bin/../lib/gcc/arm-none-eabi/5.4.1/../../../../arm-none-eabi/lib/armv7-m\libc.a
LOAD c:/program files (x86)/cypress/psoc creator/4.3/psoc creator/import/gnu/arm/5.4.1/bin/../lib/gcc/arm-none-eabi/5.4.1/../../../../arm-none-eabi/lib/armv7-m\libnosys.a
END GROUP
                0x00000000                CY_APPL_ORIGIN = 0x0
                0x00000100                CY_FLASH_ROW_SIZE = 0x100
                0x00000020                CY_ECC_ROW_SIZE = 0x20
                0x00000000                CY_EE_IN_BTLDR = 0x0
                0x00000000                CY_APPL_LOADABLE = 0x0
                0x00000800                CY_EE_SIZE = 0x800
                0x00000001                CY_APPL_NUM = 0x1
                0x00000001                CY_APPL_MAX = 0x1
                0x00000040                CY_METADATA_SIZE = 0x40
                0x00000000                CY_APPL_LOADABLE = 0x0
                0x00000000                CY_CHECKSUM_EXCLUDE_SIZE = ALIGN (0x0, CY_FLASH_ROW_SIZE)
                [!provide]                PROVIDE (__cy_heap_start, _end)
                0x00000001                PROVIDE (__cy_region_num, ((__cy_regions_end - __cy_regions) / 0x10))
                0x20004000                PROVIDE (__cy_stack, (ORIGIN (ram) + LENGTH (ram)))
                [!provide]                PROVIDE (__cy_heap_end, (__cy_stack - 0x800))

.cybootloader   0x00000000        0x0
 *(.cybootloader)
                0x00000000                appl1_start = CY_APPL_ORIGIN?CY_APPL_ORIGIN:ALIGN (CY_FLASH_ROW_SIZE)
                0x0000ff00                appl2_start = (appl1_start + ALIGN ((((LENGTH (rom) - appl1_start) - (0x2 * CY_FLASH_ROW_SIZE)) / 0x2), CY_FLASH_ROW_SIZE))
                0x00000000                appl_start = (CY_APPL_NUM == 0x1)?appl1_start:appl2_start
                0x00000000                ecc_offset = ((appl_start / CY_FLASH_ROW_SIZE) * CY_ECC_ROW_SIZE)
                0x00000000                ee_offset = (CY_APPL_LOADABLE && ! (CY_EE_IN_BTLDR))?((CY_EE_SIZE / CY_APPL_MAX) * (CY_APPL_NUM - 0x1)):0x0
                0x00000800                ee_size = (CY_APPL_LOADABLE && ! (CY_EE_IN_BTLDR))?(CY_EE_SIZE / CY_APPL_MAX):CY_EE_SIZE
                [!provide]                PROVIDE (CY_ECC_OFFSET, ecc_offset)

.text           0x00000000     0x6d42
 CREATE_OBJECT_SYMBOLS
                0x00000000                PROVIDE (__cy_interrupt_vector, RomVectors)
 *(.romvectors)
 .romvectors    0x00000000       0x10 .\CortexM3\ARM_GCC_541\Debug\Cm3Start.o
                0x00000000                RomVectors
                0x00000001                ASSERT ((. != __cy_interrupt_vector), No interrupt vector)
                0x00000001                ASSERT (CY_APPL_ORIGIN?(SIZEOF (.cybootloader) <= CY_APPL_ORIGIN):0x1, Wrong image location)
                0x00000010                PROVIDE (__cy_reset, Reset)
 *(.text.Reset)
 .text.Reset    0x00000010       0x18 .\CortexM3\ARM_GCC_541\Debug\Cm3Start.o
                0x00000010                Reset
                0x00000001                ASSERT ((. != __cy_reset), No reset code)
 *(.dma_init)
                0x00000001                ASSERT ((((appl_start + .) <= 0x10000) || 0x1), DMA Init must be within the first 64k of flash)
 *(.text .text.* .gnu.linkonce.t.*)
 .text          0x00000028       0x5c c:/program files (x86)/cypress/psoc creator/4.3/psoc creator/import/gnu/arm/5.4.1/bin/../lib/gcc/arm-none-eabi/5.4.1/armv7-m/crtbegin.o
 .text.main     0x00000084      0x190 .\CortexM3\ARM_GCC_541\Debug\main.o
                0x00000084                main
 .text.initializePeripherals
                0x00000214       0x3c .\CortexM3\ARM_GCC_541\Debug\main.o
 .text.ControllerTest
                0x00000250      0x340 .\CortexM3\ARM_GCC_541\Debug\ControllerTest.o
                0x00000250                ControllerTest
 .text.CTest_ReadPushbuttons
                0x00000590       0x3c .\CortexM3\ARM_GCC_541\Debug\ControllerTest.o
                0x00000590                CTest_ReadPushbuttons
 .text.getTxPacket_Relay
                0x000005cc       0x20 .\CortexM3\ARM_GCC_541\Debug\ControllerTest.o
                0x000005cc                getTxPacket_Relay
 .text.getRxPacket_Controller
                0x000005ec       0x20 .\CortexM3\ARM_GCC_541\Debug\ControllerTest.o
                0x000005ec                getRxPacket_Controller
 .text.getTxPacket_Controller
                0x0000060c       0x20 .\CortexM3\ARM_GCC_541\Debug\ControllerTest.o
                0x0000060c                getTxPacket_Controller
 .text.CTest_sendDiagPacket
                0x0000062c       0x58 .\CortexM3\ARM_GCC_541\Debug\ControllerTest.o
                0x0000062c                CTest_sendDiagPacket
 .text.CTest_isr_PB
                0x00000684       0xe8 .\CortexM3\ARM_GCC_541\Debug\ControllerTest.o
                0x00000684                CTest_isr_PB
 .text.CTest_20ms_isr
                0x0000076c       0x7c .\CortexM3\ARM_GCC_541\Debug\ControllerTest.o
                0x0000076c                CTest_20ms_isr
 .text.CTest_50ms_isr
                0x000007e8       0x40 .\CortexM3\ARM_GCC_541\Debug\ControllerTest.o
                0x000007e8                CTest_50ms_isr
 .text.CTest_StartAutomatedStep
                0x00000828       0x3c .\CortexM3\ARM_GCC_541\Debug\ControllerTest.o
                0x00000828                CTest_StartAutomatedStep
 .text.CTest_StopAutomatedStep
                0x00000864       0x40 .\CortexM3\ARM_GCC_541\Debug\ControllerTest.o
                0x00000864                CTest_StopAutomatedStep
 .text.CTest_PB_WaitForAction
                0x000008a4       0x6c .\CortexM3\ARM_GCC_541\Debug\ControllerTest.o
                0x000008a4                CTest_PB_WaitForAction
 .text.getTxPacket_Intermotive
                0x00000910       0x20 .\CortexM3\ARM_GCC_541\Debug\ControllerTest.o
                0x00000910                getTxPacket_Intermotive
 .text.setLEDs  0x00000930      0x6dc .\CortexM3\ARM_GCC_541\Debug\ControllerTest.o
                0x00000930                setLEDs
 .text.processByteReceivedHandler
                0x0000100c       0x68 .\CortexM3\ARM_GCC_541\Debug\UART_230400_Functions.o
                0x0000100c                processByteReceivedHandler
 .text.detectPacket
                0x00001074      0x324 .\CortexM3\ARM_GCC_541\Debug\UART_230400_Functions.o
 .text.VerifyPacket_230400
                0x00001398       0x34 .\CortexM3\ARM_GCC_541\Debug\UART_230400_Functions.o
                0x00001398                VerifyPacket_230400
 .text.findpacket
                0x000013cc       0xd0 .\CortexM3\ARM_GCC_541\Debug\UART_230400_Functions.o
                0x000013cc                findpacket
 .text.sendPacket_RelayToController
                0x0000149c       0x5c .\CortexM3\ARM_GCC_541\Debug\UART_230400_Functions.o
                0x0000149c                sendPacket_RelayToController
 .text.sendPacket_RelayToController_Test
                0x000014f8       0xa0 .\CortexM3\ARM_GCC_541\Debug\UART_230400_Functions.o
                0x000014f8                sendPacket_RelayToController_Test
 .text.sendPacketToRelaySiren
                0x00001598       0xc8 .\CortexM3\ARM_GCC_541\Debug\UART_230400_Functions.o
                0x00001598                sendPacketToRelaySiren
 .text.sendPacket_SirenToRelay
                0x00001660       0x64 .\CortexM3\ARM_GCC_541\Debug\UART_230400_Functions.o
                0x00001660                sendPacket_SirenToRelay
 .text.VerifyPacket_GPS
                0x000016c4       0x24 .\CortexM3\ARM_GCC_541\Debug\UART_230400_Functions.o
                0x000016c4                VerifyPacket_GPS
 .text.SirenTest
                0x000016e8      0x480 .\CortexM3\ARM_GCC_541\Debug\SirenTest.o
                0x000016e8                SirenTest
 .text.STest_isr_PB
                0x00001b68       0xe8 .\CortexM3\ARM_GCC_541\Debug\SirenTest.o
                0x00001b68                STest_isr_PB
 .text.STest_10ms_isr
                0x00001c50       0x1c .\CortexM3\ARM_GCC_541\Debug\SirenTest.o
                0x00001c50                STest_10ms_isr
 .text.STest_20ms_isr
                0x00001c6c       0x7c .\CortexM3\ARM_GCC_541\Debug\SirenTest.o
                0x00001c6c                STest_20ms_isr
 .text.STest_50ms_isr
                0x00001ce8       0x58 .\CortexM3\ARM_GCC_541\Debug\SirenTest.o
                0x00001ce8                STest_50ms_isr
 .text.STest_sendDiagPacket
                0x00001d40       0x58 .\CortexM3\ARM_GCC_541\Debug\SirenTest.o
                0x00001d40                STest_sendDiagPacket
 .text.PB_WaitForAction
                0x00001d98       0x6c .\CortexM3\ARM_GCC_541\Debug\SirenTest.o
                0x00001d98                PB_WaitForAction
 .text.StartAutomatedStep
                0x00001e04       0x3c .\CortexM3\ARM_GCC_541\Debug\SirenTest.o
                0x00001e04                StartAutomatedStep
 .text.StopAutomatedStep
                0x00001e40       0x40 .\CortexM3\ARM_GCC_541\Debug\SirenTest.o
                0x00001e40                StopAutomatedStep
 .text.RelayTest
                0x00001e80      0x434 .\CortexM3\ARM_GCC_541\Debug\RelayTest.o
                0x00001e80                RelayTest
 .text.RTest_Test_Outputs
                0x000022b4       0x68 .\CortexM3\ARM_GCC_541\Debug\RelayTest.o
                0x000022b4                RTest_Test_Outputs
 .text.RTest_Test_DataLink
                0x0000231c       0x68 .\CortexM3\ARM_GCC_541\Debug\RelayTest.o
                0x0000231c                RTest_Test_DataLink
 .text.RTest_Test_QuadPorts
                0x00002384       0x58 .\CortexM3\ARM_GCC_541\Debug\RelayTest.o
                0x00002384                RTest_Test_QuadPorts
 .text.RTest_Test_UART_Siren
                0x000023dc       0x90 .\CortexM3\ARM_GCC_541\Debug\RelayTest.o
                0x000023dc                RTest_Test_UART_Siren
 .text.RTest_Test_Inputs
                0x0000246c       0x54 .\CortexM3\ARM_GCC_541\Debug\RelayTest.o
                0x0000246c                RTest_Test_Inputs
 .text.RTest_Test_Vbatt
                0x000024c0       0x40 .\CortexM3\ARM_GCC_541\Debug\RelayTest.o
                0x000024c0                RTest_Test_Vbatt
 .text.RTest_Test_BlockCurrents
                0x00002500       0x7c .\CortexM3\ARM_GCC_541\Debug\RelayTest.o
                0x00002500                RTest_Test_BlockCurrents
 .text.getRxPacket_Relay
                0x0000257c       0x20 .\CortexM3\ARM_GCC_541\Debug\RelayTest.o
                0x0000257c                getRxPacket_Relay
 .text.getTxPacket_RelaySiren
                0x0000259c       0x20 .\CortexM3\ARM_GCC_541\Debug\RelayTest.o
                0x0000259c                getTxPacket_RelaySiren
 .text.getRxPacket_RelaySiren
                0x000025bc       0x20 .\CortexM3\ARM_GCC_541\Debug\RelayTest.o
                0x000025bc                getRxPacket_RelaySiren
 .text.getTxPacket_H
                0x000025dc       0x20 .\CortexM3\ARM_GCC_541\Debug\RelayTest.o
                0x000025dc                getTxPacket_H
 .text.getRxPacket_H
                0x000025fc       0x20 .\CortexM3\ARM_GCC_541\Debug\RelayTest.o
                0x000025fc                getRxPacket_H
 .text.RTest_sendDiagPacket
                0x0000261c       0x58 .\CortexM3\ARM_GCC_541\Debug\RelayTest.o
                0x0000261c                RTest_sendDiagPacket
 .text.RTest_BlockCurrent
                0x00002674       0x7c .\CortexM3\ARM_GCC_541\Debug\RelayTest.o
                0x00002674                RTest_BlockCurrent
 .text.RTest_10ms_isr
                0x000026f0       0x1c .\CortexM3\ARM_GCC_541\Debug\RelayTest.o
                0x000026f0                RTest_10ms_isr
 .text.RTest_20ms_isr
                0x0000270c       0x84 .\CortexM3\ARM_GCC_541\Debug\RelayTest.o
                0x0000270c                RTest_20ms_isr
 .text.RTest_50ms_isr
                0x00002790       0x58 .\CortexM3\ARM_GCC_541\Debug\RelayTest.o
                0x00002790                RTest_50ms_isr
 .text.SetRelayOutputs
                0x000027e8       0x80 .\CortexM3\ARM_GCC_541\Debug\RelayTest.o
                0x000027e8                SetRelayOutputs
 .text.RTest_StartAutomatedStep
                0x00002868       0x3c .\CortexM3\ARM_GCC_541\Debug\RelayTest.o
                0x00002868                RTest_StartAutomatedStep
 .text.RTest_StopAutomatedStep
                0x000028a4       0x40 .\CortexM3\ARM_GCC_541\Debug\RelayTest.o
                0x000028a4                RTest_StopAutomatedStep
 .text.SetRelayInputs
                0x000028e4       0x7c .\CortexM3\ARM_GCC_541\Debug\RelayTest.o
                0x000028e4                SetRelayInputs
 .text.processByteReceivedHandler_460800
                0x00002960       0x60 .\CortexM3\ARM_GCC_541\Debug\UART_460800_Functions.o
                0x00002960                processByteReceivedHandler_460800
 .text.detectPacket
                0x000029c0      0x21c .\CortexM3\ARM_GCC_541\Debug\UART_460800_Functions.o
 .text.VerifyPacket_460800
                0x00002bdc       0x34 .\CortexM3\ARM_GCC_541\Debug\UART_460800_Functions.o
                0x00002bdc                VerifyPacket_460800
 .text.sendPacketToRelay_Quad
                0x00002c10       0x40 .\CortexM3\ARM_GCC_541\Debug\UART_460800_Functions.o
                0x00002c10                sendPacketToRelay_Quad
 .text.sendPacketToSiren_Audio
                0x00002c50       0x2c .\CortexM3\ARM_GCC_541\Debug\UART_460800_Functions.o
                0x00002c50                sendPacketToSiren_Audio
 .text.sendPacketToController_OBDII
                0x00002c7c       0x50 .\CortexM3\ARM_GCC_541\Debug\UART_460800_Functions.o
                0x00002c7c                sendPacketToController_OBDII
 .text.sendPacket_OBDII
                0x00002ccc       0x88 .\CortexM3\ARM_GCC_541\Debug\UART_460800_Functions.o
                0x00002ccc                sendPacket_OBDII
 .text.processByteReceivedHandler_115200
                0x00002d54       0x60 .\CortexM3\ARM_GCC_541\Debug\UART_115200_Functions.o
                0x00002d54                processByteReceivedHandler_115200
 .text.detectPacket
                0x00002db4      0x1d8 .\CortexM3\ARM_GCC_541\Debug\UART_115200_Functions.o
 .text.VerifyPacket_115200
                0x00002f8c       0x4c .\CortexM3\ARM_GCC_541\Debug\UART_115200_Functions.o
                0x00002f8c                VerifyPacket_115200
 .text.getMuxValue
                0x00002fd8       0x20 .\CortexM3\ARM_GCC_541\Debug\CD4051BPW_Driver.o
 .text.selectADCChannelMux
                0x00002ff8      0x17c .\CortexM3\ARM_GCC_541\Debug\CD4051BPW_Driver.o
                0x00002ff8                selectADCChannelMux
 .text.ControllerTest_Complete
                0x00003174      0x378 .\CortexM3\ARM_GCC_541\Debug\ControllerTest_Complete.o
                0x00003174                ControllerTest_Complete
 .text.CTest_Complete_sendDiagPacket
                0x000034ec       0x58 .\CortexM3\ARM_GCC_541\Debug\ControllerTest_Complete.o
                0x000034ec                CTest_Complete_sendDiagPacket
 .text.CTest_Complete_20ms_isr
                0x00003544       0x7c .\CortexM3\ARM_GCC_541\Debug\ControllerTest_Complete.o
                0x00003544                CTest_Complete_20ms_isr
 .text.CTest_Complete_50ms_isr
                0x000035c0       0x3c .\CortexM3\ARM_GCC_541\Debug\ControllerTest_Complete.o
                0x000035c0                CTest_Complete_50ms_isr
 .text.CTest_Complete_StartAutomatedStep
                0x000035fc       0x3c .\CortexM3\ARM_GCC_541\Debug\ControllerTest_Complete.o
                0x000035fc                CTest_Complete_StartAutomatedStep
 .text.CTest_Complete_StopAutomatedStep
                0x00003638       0x40 .\CortexM3\ARM_GCC_541\Debug\ControllerTest_Complete.o
                0x00003638                CTest_Complete_StopAutomatedStep
 .text.RelayTest_Complete
                0x00003678      0x604 .\CortexM3\ARM_GCC_541\Debug\RelayTest_Complete.o
                0x00003678                RelayTest_Complete
 .text.RTest_Complete_Test_DataLink
                0x00003c7c       0x68 .\CortexM3\ARM_GCC_541\Debug\RelayTest_Complete.o
                0x00003c7c                RTest_Complete_Test_DataLink
 .text.RTest_Complete_sendDiagPacket
                0x00003ce4       0x58 .\CortexM3\ARM_GCC_541\Debug\RelayTest_Complete.o
                0x00003ce4                RTest_Complete_sendDiagPacket
 .text.RTest_Complete_isr_PB
                0x00003d3c       0xe8 .\CortexM3\ARM_GCC_541\Debug\RelayTest_Complete.o
                0x00003d3c                RTest_Complete_isr_PB
 .text.RTest_Complete_20ms_isr
                0x00003e24       0x84 .\CortexM3\ARM_GCC_541\Debug\RelayTest_Complete.o
                0x00003e24                RTest_Complete_20ms_isr
 .text.RTest_Complete_50ms_isr
                0x00003ea8       0x60 .\CortexM3\ARM_GCC_541\Debug\RelayTest_Complete.o
                0x00003ea8                RTest_Complete_50ms_isr
 .text.RTest_Complete_StartAutomatedStep
                0x00003f08       0x3c .\CortexM3\ARM_GCC_541\Debug\RelayTest_Complete.o
                0x00003f08                RTest_Complete_StartAutomatedStep
 .text.RTest_Complete_StopAutomatedStep
                0x00003f44       0x40 .\CortexM3\ARM_GCC_541\Debug\RelayTest_Complete.o
                0x00003f44                RTest_Complete_StopAutomatedStep
 .text.RTest_Complete_PB_WaitForAction
                0x00003f84       0x6c .\CortexM3\ARM_GCC_541\Debug\RelayTest_Complete.o
                0x00003f84                RTest_Complete_PB_WaitForAction
 .text.ControllerCableTest_Complete
                0x00003ff0      0x22c .\CortexM3\ARM_GCC_541\Debug\ControllerCableTest_Complete.o
                0x00003ff0                ControllerCableTest_Complete
 .text.CableTest_Complete_sendDiagPacket
                0x0000421c       0x58 .\CortexM3\ARM_GCC_541\Debug\ControllerCableTest_Complete.o
                0x0000421c                CableTest_Complete_sendDiagPacket
 .text.CableTest_Complete_20ms_isr
                0x00004274       0x7c .\CortexM3\ARM_GCC_541\Debug\ControllerCableTest_Complete.o
                0x00004274                CableTest_Complete_20ms_isr
 .text.CableTest_Complete_50ms_isr
                0x000042f0       0x2c .\CortexM3\ARM_GCC_541\Debug\ControllerCableTest_Complete.o
                0x000042f0                CableTest_Complete_50ms_isr
 .text.CableTest_Complete_StartAutomatedStep
                0x0000431c       0x3c .\CortexM3\ARM_GCC_541\Debug\ControllerCableTest_Complete.o
                0x0000431c                CableTest_Complete_StartAutomatedStep
 .text.CableTest_Complete_StopAutomatedStep
                0x00004358       0x40 .\CortexM3\ARM_GCC_541\Debug\ControllerCableTest_Complete.o
                0x00004358                CableTest_Complete_StopAutomatedStep
 .text.CYMEMZERO
                0x00004398       0x1c .\CortexM3\ARM_GCC_541\Debug\cyfitter_cfg.o
 .text.CYCONFIGCPY
                0x000043b4       0x20 .\CortexM3\ARM_GCC_541\Debug\cyfitter_cfg.o
 .text.CyClockStartupError
                0x000043d4        0xc .\CortexM3\ARM_GCC_541\Debug\cyfitter_cfg.o
 .text.cfg_write_bytes32
                0x000043e0       0x74 .\CortexM3\ARM_GCC_541\Debug\cyfitter_cfg.o
 .text.ClockSetup
                0x00004454      0x170 .\CortexM3\ARM_GCC_541\Debug\cyfitter_cfg.o
 .text.AnalogSetDefault
                0x000045c4       0x6c .\CortexM3\ARM_GCC_541\Debug\cyfitter_cfg.o
 .text.cyfitter_cfg
                0x00004630      0x1f8 .\CortexM3\ARM_GCC_541\Debug\cyfitter_cfg.o
                0x00004630                cyfitter_cfg
 .text.IntDefaultHandler
                0x00004828       0x14 .\CortexM3\ARM_GCC_541\Debug\Cm3Start.o
                0x00004828                IntDefaultHandler
 .text.Start_c  0x0000483c       0x98 .\CortexM3\ARM_GCC_541\Debug\Cm3Start.o
                0x0000483c                Start_c
 .text.initialize_psoc
                0x000048d4       0x94 .\CortexM3\ARM_GCC_541\Debug\Cm3Start.o
                0x000048d4                initialize_psoc
 .text.CyDmacConfigure
                0x00004968       0x5c .\CortexM3\ARM_GCC_541\Debug\F1-TestFixture.a(CyDmac.o)
                0x00004968                CyDmacConfigure
 .text.CyDmaChEnable
                0x000049c4       0x8c .\CortexM3\ARM_GCC_541\Debug\F1-TestFixture.a(CyDmac.o)
                0x000049c4                CyDmaChEnable
 .text.CyDmaChDisable
                0x00004a50       0x60 .\CortexM3\ARM_GCC_541\Debug\F1-TestFixture.a(CyDmac.o)
                0x00004a50                CyDmaChDisable
 .text.CyDmaChPriority
                0x00004ab0       0x64 .\CortexM3\ARM_GCC_541\Debug\F1-TestFixture.a(CyDmac.o)
                0x00004ab0                CyDmaChPriority
 .text.CyDmaChSetExtendedAddress
                0x00004b14       0x78 .\CortexM3\ARM_GCC_541\Debug\F1-TestFixture.a(CyDmac.o)
                0x00004b14                CyDmaChSetExtendedAddress
 .text.CyDmaChSetInitialTd
                0x00004b8c       0x3c .\CortexM3\ARM_GCC_541\Debug\F1-TestFixture.a(CyDmac.o)
                0x00004b8c                CyDmaChSetInitialTd
 .text.CyDmaChSetConfiguration
                0x00004bc8       0xa0 .\CortexM3\ARM_GCC_541\Debug\F1-TestFixture.a(CyDmac.o)
                0x00004bc8                CyDmaChSetConfiguration
 .text.CyDmaTdAllocate
                0x00004c68       0x5c .\CortexM3\ARM_GCC_541\Debug\F1-TestFixture.a(CyDmac.o)
                0x00004c68                CyDmaTdAllocate
 .text.CyDmaTdSetConfiguration
                0x00004cc4       0x80 .\CortexM3\ARM_GCC_541\Debug\F1-TestFixture.a(CyDmac.o)
                0x00004cc4                CyDmaTdSetConfiguration
 .text.CyDmaTdSetAddress
                0x00004d44       0x5c .\CortexM3\ARM_GCC_541\Debug\F1-TestFixture.a(CyDmac.o)
                0x00004d44                CyDmaTdSetAddress
 .text.CyHalt   0x00004da0       0x18 .\CortexM3\ARM_GCC_541\Debug\F1-TestFixture.a(CyLib.o)
                0x00004da0                CyHalt
 .text.CyDelay  0x00004db8       0x44 .\CortexM3\ARM_GCC_541\Debug\F1-TestFixture.a(CyLib.o)
                0x00004db8                CyDelay
 .text.CyIntSetVector
                0x00004dfc       0x50 .\CortexM3\ARM_GCC_541\Debug\F1-TestFixture.a(CyLib.o)
                0x00004dfc                CyIntSetVector
 .text.CyIntSetPriority
                0x00004e4c       0x48 .\CortexM3\ARM_GCC_541\Debug\F1-TestFixture.a(CyLib.o)
                0x00004e4c                CyIntSetPriority
 .text.STest_SIREN_EN_Write
                0x00004e94       0x3c .\CortexM3\ARM_GCC_541\Debug\F1-TestFixture.a(STest_SIREN_EN.o)
                0x00004e94                STest_SIREN_EN_Write
 .text.CTest_CONT_VBATT_EN_Write
                0x00004ed0       0x3c .\CortexM3\ARM_GCC_541\Debug\F1-TestFixture.a(CTest_CONT_VBATT_EN.o)
                0x00004ed0                CTest_CONT_VBATT_EN_Write
 .text.CTest_USB_5V_EN_Write
                0x00004f0c       0x3c .\CortexM3\ARM_GCC_541\Debug\F1-TestFixture.a(CTest_USB_5V_EN.o)
                0x00004f0c                CTest_USB_5V_EN_Write
 .text.RTest_SIREN_EN_Read
                0x00004f48       0x1c .\CortexM3\ARM_GCC_541\Debug\F1-TestFixture.a(RTest_SIREN_EN.o)
                0x00004f48                RTest_SIREN_EN_Read
 .text.RS1_Read
                0x00004f64       0x20 .\CortexM3\ARM_GCC_541\Debug\F1-TestFixture.a(RS1.o)
                0x00004f64                RS1_Read
 .text.RS2_Read
                0x00004f84       0x20 .\CortexM3\ARM_GCC_541\Debug\F1-TestFixture.a(RS2.o)
                0x00004f84                RS2_Read
 .text.RTest_HSide1_Write
                0x00004fa4       0x3c .\CortexM3\ARM_GCC_541\Debug\F1-TestFixture.a(RTest_HSide1.o)
                0x00004fa4                RTest_HSide1_Write
 .text.RTest_HSide3_Write
                0x00004fe0       0x34 .\CortexM3\ARM_GCC_541\Debug\F1-TestFixture.a(RTest_HSide3.o)
                0x00004fe0                RTest_HSide3_Write
 .text.RTest_HSide2_Write
                0x00005014       0x3c .\CortexM3\ARM_GCC_541\Debug\F1-TestFixture.a(RTest_HSide2.o)
                0x00005014                RTest_HSide2_Write
 .text.RTest_HSide4_Write
                0x00005050       0x3c .\CortexM3\ARM_GCC_541\Debug\F1-TestFixture.a(RTest_HSide4.o)
                0x00005050                RTest_HSide4_Write
 .text.RTest_HSide5_Write
                0x0000508c       0x3c .\CortexM3\ARM_GCC_541\Debug\F1-TestFixture.a(RTest_HSide5.o)
                0x0000508c                RTest_HSide5_Write
 .text.RTest_HSide6_Write
                0x000050c8       0x3c .\CortexM3\ARM_GCC_541\Debug\F1-TestFixture.a(RTest_HSide6.o)
                0x000050c8                RTest_HSide6_Write
 .text.RTest_HSide7_Write
                0x00005104       0x3c .\CortexM3\ARM_GCC_541\Debug\F1-TestFixture.a(RTest_HSide7.o)
                0x00005104                RTest_HSide7_Write
 .text.RTest_HSide8_Write
                0x00005140       0x38 .\CortexM3\ARM_GCC_541\Debug\F1-TestFixture.a(RTest_HSide8.o)
                0x00005140                RTest_HSide8_Write
 .text.isr_UART_230400_Start
                0x00005178       0x20 .\CortexM3\ARM_GCC_541\Debug\F1-TestFixture.a(isr_UART_230400.o)
                0x00005178                isr_UART_230400_Start
 .text.isr_UART_230400_Interrupt
                0x00005198        0xc .\CortexM3\ARM_GCC_541\Debug\F1-TestFixture.a(isr_UART_230400.o)
                0x00005198                isr_UART_230400_Interrupt
 .text.isr_UART_230400_SetVector
                0x000051a4       0x24 .\CortexM3\ARM_GCC_541\Debug\F1-TestFixture.a(isr_UART_230400.o)
                0x000051a4                isr_UART_230400_SetVector
 .text.isr_UART_230400_SetPriority
                0x000051c8       0x24 .\CortexM3\ARM_GCC_541\Debug\F1-TestFixture.a(isr_UART_230400.o)
                0x000051c8                isr_UART_230400_SetPriority
 .text.isr_UART_230400_Enable
                0x000051ec       0x18 .\CortexM3\ARM_GCC_541\Debug\F1-TestFixture.a(isr_UART_230400.o)
                0x000051ec                isr_UART_230400_Enable
 .text.isr_UART_230400_Disable
                0x00005204       0x18 .\CortexM3\ARM_GCC_541\Debug\F1-TestFixture.a(isr_UART_230400.o)
                0x00005204                isr_UART_230400_Disable
 .text.UART_230400_Start
                0x0000521c       0x24 .\CortexM3\ARM_GCC_541\Debug\F1-TestFixture.a(UART_230400.o)
                0x0000521c                UART_230400_Start
 .text.UART_230400_Init
                0x00005240       0x50 .\CortexM3\ARM_GCC_541\Debug\F1-TestFixture.a(UART_230400.o)
                0x00005240                UART_230400_Init
 .text.UART_230400_Enable
                0x00005290       0x74 .\CortexM3\ARM_GCC_541\Debug\F1-TestFixture.a(UART_230400.o)
                0x00005290                UART_230400_Enable
 .text.UART_230400_ReadRxStatus
                0x00005304       0x24 .\CortexM3\ARM_GCC_541\Debug\F1-TestFixture.a(UART_230400.o)
                0x00005304                UART_230400_ReadRxStatus
 .text.UART_230400_GetChar
                0x00005328       0x44 .\CortexM3\ARM_GCC_541\Debug\F1-TestFixture.a(UART_230400.o)
                0x00005328                UART_230400_GetChar
 .text.UART_230400_WriteTxData
                0x0000536c       0x94 .\CortexM3\ARM_GCC_541\Debug\F1-TestFixture.a(UART_230400.o)
                0x0000536c                UART_230400_WriteTxData
 .text.UART_230400_TXISR
                0x00005400       0x70 .\CortexM3\ARM_GCC_541\Debug\F1-TestFixture.a(UART_230400_INT.o)
                0x00005400                UART_230400_TXISR
 .text.UART_230400_IntClock_Start
                0x00005470       0x34 .\CortexM3\ARM_GCC_541\Debug\F1-TestFixture.a(UART_230400_IntClock.o)
                0x00005470                UART_230400_IntClock_Start
 .text.MUX_CTRL_230400_Write
                0x000054a4       0x20 .\CortexM3\ARM_GCC_541\Debug\F1-TestFixture.a(MUX_CTRL_230400.o)
                0x000054a4                MUX_CTRL_230400_Write
 .text.Timer_20ms_Init
                0x000054c4       0xa0 .\CortexM3\ARM_GCC_541\Debug\F1-TestFixture.a(Timer_20ms.o)
                0x000054c4                Timer_20ms_Init
 .text.Timer_20ms_Enable
                0x00005564       0x48 .\CortexM3\ARM_GCC_541\Debug\F1-TestFixture.a(Timer_20ms.o)
                0x00005564                Timer_20ms_Enable
 .text.Timer_20ms_Start
                0x000055ac       0x24 .\CortexM3\ARM_GCC_541\Debug\F1-TestFixture.a(Timer_20ms.o)
                0x000055ac                Timer_20ms_Start
 .text.Timer_20ms_SetInterruptMode
                0x000055d0       0x20 .\CortexM3\ARM_GCC_541\Debug\F1-TestFixture.a(Timer_20ms.o)
                0x000055d0                Timer_20ms_SetInterruptMode
 .text.Timer_20ms_WritePeriod
                0x000055f0       0x24 .\CortexM3\ARM_GCC_541\Debug\F1-TestFixture.a(Timer_20ms.o)
                0x000055f0                Timer_20ms_WritePeriod
 .text.Timer_20ms_WriteCounter
                0x00005614       0x20 .\CortexM3\ARM_GCC_541\Debug\F1-TestFixture.a(Timer_20ms.o)
                0x00005614                Timer_20ms_WriteCounter
 .text.LED_EN_Write
                0x00005634       0x3c .\CortexM3\ARM_GCC_541\Debug\F1-TestFixture.a(LED_EN.o)
                0x00005634                LED_EN_Write
 .text.isr_Timer_20ms_Start
                0x00005670       0x20 .\CortexM3\ARM_GCC_541\Debug\F1-TestFixture.a(isr_Timer_20ms.o)
                0x00005670                isr_Timer_20ms_Start
 .text.isr_Timer_20ms_Interrupt
                0x00005690       0x2c .\CortexM3\ARM_GCC_541\Debug\F1-TestFixture.a(isr_Timer_20ms.o)
                0x00005690                isr_Timer_20ms_Interrupt
 .text.isr_Timer_20ms_SetVector
                0x000056bc       0x24 .\CortexM3\ARM_GCC_541\Debug\F1-TestFixture.a(isr_Timer_20ms.o)
                0x000056bc                isr_Timer_20ms_SetVector
 .text.isr_Timer_20ms_SetPriority
                0x000056e0       0x24 .\CortexM3\ARM_GCC_541\Debug\F1-TestFixture.a(isr_Timer_20ms.o)
                0x000056e0                isr_Timer_20ms_SetPriority
 .text.isr_Timer_20ms_Enable
                0x00005704       0x18 .\CortexM3\ARM_GCC_541\Debug\F1-TestFixture.a(isr_Timer_20ms.o)
                0x00005704                isr_Timer_20ms_Enable
 .text.isr_Timer_20ms_Disable
                0x0000571c       0x18 .\CortexM3\ARM_GCC_541\Debug\F1-TestFixture.a(isr_Timer_20ms.o)
                0x0000571c                isr_Timer_20ms_Disable
 .text.UART_115200_Start
                0x00005734       0x24 .\CortexM3\ARM_GCC_541\Debug\F1-TestFixture.a(UART_115200.o)
                0x00005734                UART_115200_Start
 .text.UART_115200_Init
                0x00005758       0x50 .\CortexM3\ARM_GCC_541\Debug\F1-TestFixture.a(UART_115200.o)
                0x00005758                UART_115200_Init
 .text.UART_115200_Enable
                0x000057a8       0x74 .\CortexM3\ARM_GCC_541\Debug\F1-TestFixture.a(UART_115200.o)
                0x000057a8                UART_115200_Enable
 .text.UART_115200_ReadRxStatus
                0x0000581c       0x24 .\CortexM3\ARM_GCC_541\Debug\F1-TestFixture.a(UART_115200.o)
                0x0000581c                UART_115200_ReadRxStatus
 .text.UART_115200_GetChar
                0x00005840       0x44 .\CortexM3\ARM_GCC_541\Debug\F1-TestFixture.a(UART_115200.o)
                0x00005840                UART_115200_GetChar
 .text.UART_115200_PutChar
                0x00005884       0xbc .\CortexM3\ARM_GCC_541\Debug\F1-TestFixture.a(UART_115200.o)
                0x00005884                UART_115200_PutChar
 .text.UART_115200_PutArray
                0x00005940       0x44 .\CortexM3\ARM_GCC_541\Debug\F1-TestFixture.a(UART_115200.o)
                0x00005940                UART_115200_PutArray
 .text.UART_115200_TXISR
                0x00005984       0x70 .\CortexM3\ARM_GCC_541\Debug\F1-TestFixture.a(UART_115200_INT.o)
                0x00005984                UART_115200_TXISR
 .text.isr_UART_115200_Start
                0x000059f4       0x20 .\CortexM3\ARM_GCC_541\Debug\F1-TestFixture.a(isr_UART_115200.o)
                0x000059f4                isr_UART_115200_Start
 .text.isr_UART_115200_Interrupt
                0x00005a14        0xc .\CortexM3\ARM_GCC_541\Debug\F1-TestFixture.a(isr_UART_115200.o)
                0x00005a14                isr_UART_115200_Interrupt
 .text.isr_UART_115200_SetVector
                0x00005a20       0x24 .\CortexM3\ARM_GCC_541\Debug\F1-TestFixture.a(isr_UART_115200.o)
                0x00005a20                isr_UART_115200_SetVector
 .text.isr_UART_115200_SetPriority
                0x00005a44       0x24 .\CortexM3\ARM_GCC_541\Debug\F1-TestFixture.a(isr_UART_115200.o)
                0x00005a44                isr_UART_115200_SetPriority
 .text.isr_UART_115200_Enable
                0x00005a68       0x18 .\CortexM3\ARM_GCC_541\Debug\F1-TestFixture.a(isr_UART_115200.o)
                0x00005a68                isr_UART_115200_Enable
 .text.isr_UART_115200_Disable
                0x00005a80       0x18 .\CortexM3\ARM_GCC_541\Debug\F1-TestFixture.a(isr_UART_115200.o)
                0x00005a80                isr_UART_115200_Disable
 .text.UART_115200_IntClock_Start
                0x00005a98       0x34 .\CortexM3\ARM_GCC_541\Debug\F1-TestFixture.a(UART_115200_IntClock.o)
                0x00005a98                UART_115200_IntClock_Start
 .text.DEMUX_CTRL_230400_Write
                0x00005acc       0x20 .\CortexM3\ARM_GCC_541\Debug\F1-TestFixture.a(DEMUX_CTRL_230400.o)
                0x00005acc                DEMUX_CTRL_230400_Write
 .text.isr_UART_460800_Start
                0x00005aec       0x20 .\CortexM3\ARM_GCC_541\Debug\F1-TestFixture.a(isr_UART_460800.o)
                0x00005aec                isr_UART_460800_Start
 .text.isr_UART_460800_Interrupt
                0x00005b0c        0xc .\CortexM3\ARM_GCC_541\Debug\F1-TestFixture.a(isr_UART_460800.o)
                0x00005b0c                isr_UART_460800_Interrupt
 .text.isr_UART_460800_SetVector
                0x00005b18       0x24 .\CortexM3\ARM_GCC_541\Debug\F1-TestFixture.a(isr_UART_460800.o)
                0x00005b18                isr_UART_460800_SetVector
 .text.isr_UART_460800_SetPriority
                0x00005b3c       0x24 .\CortexM3\ARM_GCC_541\Debug\F1-TestFixture.a(isr_UART_460800.o)
                0x00005b3c                isr_UART_460800_SetPriority
 .text.isr_UART_460800_Enable
                0x00005b60       0x18 .\CortexM3\ARM_GCC_541\Debug\F1-TestFixture.a(isr_UART_460800.o)
                0x00005b60                isr_UART_460800_Enable
 .text.isr_UART_460800_Disable
                0x00005b78       0x18 .\CortexM3\ARM_GCC_541\Debug\F1-TestFixture.a(isr_UART_460800.o)
                0x00005b78                isr_UART_460800_Disable
 .text.UART_460800_Start
                0x00005b90       0x24 .\CortexM3\ARM_GCC_541\Debug\F1-TestFixture.a(UART_460800.o)
                0x00005b90                UART_460800_Start
 .text.UART_460800_Init
                0x00005bb4       0x50 .\CortexM3\ARM_GCC_541\Debug\F1-TestFixture.a(UART_460800.o)
                0x00005bb4                UART_460800_Init
 .text.UART_460800_Enable
                0x00005c04       0x74 .\CortexM3\ARM_GCC_541\Debug\F1-TestFixture.a(UART_460800.o)
                0x00005c04                UART_460800_Enable
 .text.UART_460800_ReadRxStatus
                0x00005c78       0x24 .\CortexM3\ARM_GCC_541\Debug\F1-TestFixture.a(UART_460800.o)
                0x00005c78                UART_460800_ReadRxStatus
 .text.UART_460800_GetChar
                0x00005c9c       0x44 .\CortexM3\ARM_GCC_541\Debug\F1-TestFixture.a(UART_460800.o)
                0x00005c9c                UART_460800_GetChar
 .text.UART_460800_WriteTxData
                0x00005ce0       0x94 .\CortexM3\ARM_GCC_541\Debug\F1-TestFixture.a(UART_460800.o)
                0x00005ce0                UART_460800_WriteTxData
 .text.UART_460800_TXISR
                0x00005d74       0x70 .\CortexM3\ARM_GCC_541\Debug\F1-TestFixture.a(UART_460800_INT.o)
                0x00005d74                UART_460800_TXISR
 .text.MUX_CTRL_460800_Write
                0x00005de4       0x20 .\CortexM3\ARM_GCC_541\Debug\F1-TestFixture.a(MUX_CTRL_460800.o)
                0x00005de4                MUX_CTRL_460800_Write
 .text.DEMUX_CTRL_460800_Write
                0x00005e04       0x20 .\CortexM3\ARM_GCC_541\Debug\F1-TestFixture.a(DEMUX_CTRL_460800.o)
                0x00005e04                DEMUX_CTRL_460800_Write
 .text.UART_460800_IntClock_Start
                0x00005e24       0x34 .\CortexM3\ARM_GCC_541\Debug\F1-TestFixture.a(UART_460800_IntClock.o)
                0x00005e24                UART_460800_IntClock_Start
 .text.Timer_10ms_Init
                0x00005e58       0x9c .\CortexM3\ARM_GCC_541\Debug\F1-TestFixture.a(Timer_10ms.o)
                0x00005e58                Timer_10ms_Init
 .text.Timer_10ms_Enable
                0x00005ef4       0x48 .\CortexM3\ARM_GCC_541\Debug\F1-TestFixture.a(Timer_10ms.o)
                0x00005ef4                Timer_10ms_Enable
 .text.Timer_10ms_Start
                0x00005f3c       0x24 .\CortexM3\ARM_GCC_541\Debug\F1-TestFixture.a(Timer_10ms.o)
                0x00005f3c                Timer_10ms_Start
 .text.Timer_10ms_SetInterruptMode
                0x00005f60       0x20 .\CortexM3\ARM_GCC_541\Debug\F1-TestFixture.a(Timer_10ms.o)
                0x00005f60                Timer_10ms_SetInterruptMode
 .text.Timer_10ms_WritePeriod
                0x00005f80       0x24 .\CortexM3\ARM_GCC_541\Debug\F1-TestFixture.a(Timer_10ms.o)
                0x00005f80                Timer_10ms_WritePeriod
 .text.Timer_10ms_WriteCounter
                0x00005fa4       0x20 .\CortexM3\ARM_GCC_541\Debug\F1-TestFixture.a(Timer_10ms.o)
                0x00005fa4                Timer_10ms_WriteCounter
 .text.isr_Timer_10ms_Start
                0x00005fc4       0x20 .\CortexM3\ARM_GCC_541\Debug\F1-TestFixture.a(isr_Timer_10ms.o)
                0x00005fc4                isr_Timer_10ms_Start
 .text.isr_Timer_10ms_Interrupt
                0x00005fe4       0x10 .\CortexM3\ARM_GCC_541\Debug\F1-TestFixture.a(isr_Timer_10ms.o)
                0x00005fe4                isr_Timer_10ms_Interrupt
 .text.isr_Timer_10ms_SetVector
                0x00005ff4       0x24 .\CortexM3\ARM_GCC_541\Debug\F1-TestFixture.a(isr_Timer_10ms.o)
                0x00005ff4                isr_Timer_10ms_SetVector
 .text.isr_Timer_10ms_SetPriority
                0x00006018       0x24 .\CortexM3\ARM_GCC_541\Debug\F1-TestFixture.a(isr_Timer_10ms.o)
                0x00006018                isr_Timer_10ms_SetPriority
 .text.isr_Timer_10ms_Enable
                0x0000603c       0x18 .\CortexM3\ARM_GCC_541\Debug\F1-TestFixture.a(isr_Timer_10ms.o)
                0x0000603c                isr_Timer_10ms_Enable
 .text.isr_Timer_10ms_Disable
                0x00006054       0x18 .\CortexM3\ARM_GCC_541\Debug\F1-TestFixture.a(isr_Timer_10ms.o)
                0x00006054                isr_Timer_10ms_Disable
 .text.Timer_50ms_Init
                0x0000606c       0xa0 .\CortexM3\ARM_GCC_541\Debug\F1-TestFixture.a(Timer_50ms.o)
                0x0000606c                Timer_50ms_Init
 .text.Timer_50ms_Enable
                0x0000610c       0x48 .\CortexM3\ARM_GCC_541\Debug\F1-TestFixture.a(Timer_50ms.o)
                0x0000610c                Timer_50ms_Enable
 .text.Timer_50ms_Start
                0x00006154       0x24 .\CortexM3\ARM_GCC_541\Debug\F1-TestFixture.a(Timer_50ms.o)
                0x00006154                Timer_50ms_Start
 .text.Timer_50ms_SetInterruptMode
                0x00006178       0x20 .\CortexM3\ARM_GCC_541\Debug\F1-TestFixture.a(Timer_50ms.o)
                0x00006178                Timer_50ms_SetInterruptMode
 .text.Timer_50ms_WritePeriod
                0x00006198       0x24 .\CortexM3\ARM_GCC_541\Debug\F1-TestFixture.a(Timer_50ms.o)
                0x00006198                Timer_50ms_WritePeriod
 .text.Timer_50ms_WriteCounter
                0x000061bc       0x20 .\CortexM3\ARM_GCC_541\Debug\F1-TestFixture.a(Timer_50ms.o)
                0x000061bc                Timer_50ms_WriteCounter
 .text.isr_Timer_50ms_Start
                0x000061dc       0x20 .\CortexM3\ARM_GCC_541\Debug\F1-TestFixture.a(isr_Timer_50ms.o)
                0x000061dc                isr_Timer_50ms_Start
 .text.isr_Timer_50ms_Interrupt
                0x000061fc      0x2bc .\CortexM3\ARM_GCC_541\Debug\F1-TestFixture.a(isr_Timer_50ms.o)
                0x000061fc                isr_Timer_50ms_Interrupt
 .text.isr_Timer_50ms_SetVector
                0x000064b8       0x24 .\CortexM3\ARM_GCC_541\Debug\F1-TestFixture.a(isr_Timer_50ms.o)
                0x000064b8                isr_Timer_50ms_SetVector
 .text.isr_Timer_50ms_SetPriority
                0x000064dc       0x24 .\CortexM3\ARM_GCC_541\Debug\F1-TestFixture.a(isr_Timer_50ms.o)
                0x000064dc                isr_Timer_50ms_SetPriority
 .text.isr_Timer_50ms_Enable
                0x00006500       0x18 .\CortexM3\ARM_GCC_541\Debug\F1-TestFixture.a(isr_Timer_50ms.o)
                0x00006500                isr_Timer_50ms_Enable
 .text.isr_Timer_50ms_Disable
                0x00006518       0x18 .\CortexM3\ARM_GCC_541\Debug\F1-TestFixture.a(isr_Timer_50ms.o)
                0x00006518                isr_Timer_50ms_Disable
 .text.PB_NextAction_Read
                0x00006530       0x20 .\CortexM3\ARM_GCC_541\Debug\F1-TestFixture.a(PB_NextAction.o)
                0x00006530                PB_NextAction_Read
 .text.WaveDAC_Init
                0x00006550       0x50 .\CortexM3\ARM_GCC_541\Debug\F1-TestFixture.a(WaveDAC.o)
                0x00006550                WaveDAC_Init
 .text.WaveDAC_Enable
                0x000065a0       0x38 .\CortexM3\ARM_GCC_541\Debug\F1-TestFixture.a(WaveDAC.o)
                0x000065a0                WaveDAC_Enable
 .text.WaveDAC_Start
                0x000065d8       0x24 .\CortexM3\ARM_GCC_541\Debug\F1-TestFixture.a(WaveDAC.o)
                0x000065d8                WaveDAC_Start
 .text.WaveDAC_Stop
                0x000065fc       0x2c .\CortexM3\ARM_GCC_541\Debug\F1-TestFixture.a(WaveDAC.o)
                0x000065fc                WaveDAC_Stop
 .text.WaveDAC_Wave1Setup
                0x00006628       0x68 .\CortexM3\ARM_GCC_541\Debug\F1-TestFixture.a(WaveDAC.o)
                0x00006628                WaveDAC_Wave1Setup
 .text.WaveDAC_Wave2Setup
                0x00006690       0x68 .\CortexM3\ARM_GCC_541\Debug\F1-TestFixture.a(WaveDAC.o)
                0x00006690                WaveDAC_Wave2Setup
 .text.WaveDAC_DacClk_Start
                0x000066f8       0x34 .\CortexM3\ARM_GCC_541\Debug\F1-TestFixture.a(WaveDAC_DacClk.o)
                0x000066f8                WaveDAC_DacClk_Start
 .text.WaveDAC_DacClk_Stop
                0x0000672c       0x34 .\CortexM3\ARM_GCC_541\Debug\F1-TestFixture.a(WaveDAC_DacClk.o)
                0x0000672c                WaveDAC_DacClk_Stop
 .text.WaveDAC_Wave1_DMA_DmaInitialize
                0x00006760       0x64 .\CortexM3\ARM_GCC_541\Debug\F1-TestFixture.a(WaveDAC_Wave1_DMA_dma.o)
                0x00006760                WaveDAC_Wave1_DMA_DmaInitialize
 .text.WaveDAC_Wave2_DMA_DmaInitialize
                0x000067c4       0x64 .\CortexM3\ARM_GCC_541\Debug\F1-TestFixture.a(WaveDAC_Wave2_DMA_dma.o)
                0x000067c4                WaveDAC_Wave2_DMA_DmaInitialize
 .text.WaveDAC_VDAC8_Init
                0x00006828       0x3c .\CortexM3\ARM_GCC_541\Debug\F1-TestFixture.a(WaveDAC_VDAC8.o)
                0x00006828                WaveDAC_VDAC8_Init
 .text.WaveDAC_VDAC8_Enable
                0x00006864       0x34 .\CortexM3\ARM_GCC_541\Debug\F1-TestFixture.a(WaveDAC_VDAC8.o)
                0x00006864                WaveDAC_VDAC8_Enable
 .text.WaveDAC_VDAC8_Stop
                0x00006898       0x34 .\CortexM3\ARM_GCC_541\Debug\F1-TestFixture.a(WaveDAC_VDAC8.o)
                0x00006898                WaveDAC_VDAC8_Stop
 .text.WaveDAC_VDAC8_SetSpeed
                0x000068cc       0x40 .\CortexM3\ARM_GCC_541\Debug\F1-TestFixture.a(WaveDAC_VDAC8.o)
                0x000068cc                WaveDAC_VDAC8_SetSpeed
 .text.WaveDAC_VDAC8_SetRange
                0x0000690c       0x40 .\CortexM3\ARM_GCC_541\Debug\F1-TestFixture.a(WaveDAC_VDAC8.o)
                0x0000690c                WaveDAC_VDAC8_SetRange
 .text.WaveDAC_VDAC8_SetValue
                0x0000694c       0x20 .\CortexM3\ARM_GCC_541\Debug\F1-TestFixture.a(WaveDAC_VDAC8.o)
                0x0000694c                WaveDAC_VDAC8_SetValue
 .text.WaveDAC_VDAC8_DacTrim
                0x0000696c       0x3c .\CortexM3\ARM_GCC_541\Debug\F1-TestFixture.a(WaveDAC_VDAC8.o)
                0x0000696c                WaveDAC_VDAC8_DacTrim
 .text.RTest_BLOCK_4_EN_Write
                0x000069a8       0x34 .\CortexM3\ARM_GCC_541\Debug\F1-TestFixture.a(RTest_BLOCK_4_EN.o)
                0x000069a8                RTest_BLOCK_4_EN_Write
 .text.RTest_BLOCK_3_EN_Write
                0x000069dc       0x38 .\CortexM3\ARM_GCC_541\Debug\F1-TestFixture.a(RTest_BLOCK_3_EN.o)
                0x000069dc                RTest_BLOCK_3_EN_Write
 .text.RTest_BLOCK_2_EN_Write
                0x00006a14       0x3c .\CortexM3\ARM_GCC_541\Debug\F1-TestFixture.a(RTest_BLOCK_2_EN.o)
                0x00006a14                RTest_BLOCK_2_EN_Write
 .text.RTest_BLOCK_1_EN_Write
                0x00006a50       0x38 .\CortexM3\ARM_GCC_541\Debug\F1-TestFixture.a(RTest_BLOCK_1_EN.o)
                0x00006a50                RTest_BLOCK_1_EN_Write
 .text.RTest_DEMUX_C_Write
                0x00006a88       0x3c .\CortexM3\ARM_GCC_541\Debug\F1-TestFixture.a(RTest_DEMUX_C.o)
                0x00006a88                RTest_DEMUX_C_Write
 .text.RTest_DEMUX_B_Write
                0x00006ac4       0x3c .\CortexM3\ARM_GCC_541\Debug\F1-TestFixture.a(RTest_DEMUX_B.o)
                0x00006ac4                RTest_DEMUX_B_Write
 .text.RTest_DEMUX_A_Write
                0x00006b00       0x3c .\CortexM3\ARM_GCC_541\Debug\F1-TestFixture.a(RTest_DEMUX_A.o)
                0x00006b00                RTest_DEMUX_A_Write
 .text.RTest_DEMUX_COM_Read
                0x00006b3c       0x20 .\CortexM3\ARM_GCC_541\Debug\F1-TestFixture.a(RTest_DEMUX_COM.o)
                0x00006b3c                RTest_DEMUX_COM_Read
 .text.MUX_CTRL_115200_Write
                0x00006b5c       0x20 .\CortexM3\ARM_GCC_541\Debug\F1-TestFixture.a(MUX_CTRL_115200.o)
                0x00006b5c                MUX_CTRL_115200_Write
 .text.Overload1_Write
                0x00006b7c       0x3c .\CortexM3\ARM_GCC_541\Debug\F1-TestFixture.a(Overload1.o)
                0x00006b7c                Overload1_Write
 .text.Overload2_Write
                0x00006bb8       0x3c .\CortexM3\ARM_GCC_541\Debug\F1-TestFixture.a(Overload2.o)
                0x00006bb8                Overload2_Write
 *fill*         0x00006bf4        0x4 
 .text          0x00006bf8       0x20 .\CortexM3\ARM_GCC_541\Debug\F1-TestFixture.a(CyBootAsmGnu.o)
                0x00006bf8                CyDelayCycles
                0x00006c08                CyEnterCriticalSection
                0x00006c10                CyExitCriticalSection
 .text.LED1_Write
                0x00006c18       0x3c .\CortexM3\ARM_GCC_541\Debug\F1-TestFixture.a(LED1.o)
                0x00006c18                LED1_Write
 .text.LED2_Write
                0x00006c54       0x34 .\CortexM3\ARM_GCC_541\Debug\F1-TestFixture.a(LED2.o)
                0x00006c54                LED2_Write
 .text.LED3_Write
                0x00006c88       0x3c .\CortexM3\ARM_GCC_541\Debug\F1-TestFixture.a(LED3.o)
                0x00006c88                LED3_Write
 .text.__errno  0x00006cc4        0xc c:/program files (x86)/cypress/psoc creator/4.3/psoc creator/import/gnu/arm/5.4.1/bin/../lib/gcc/arm-none-eabi/5.4.1/../../../../arm-none-eabi/lib/armv7-m\libg_nano.a(lib_a-errno.o)
                0x00006cc4                __errno
 .text.__libc_init_array
                0x00006cd0       0x4c c:/program files (x86)/cypress/psoc creator/4.3/psoc creator/import/gnu/arm/5.4.1/bin/../lib/gcc/arm-none-eabi/5.4.1/../../../../arm-none-eabi/lib/armv7-m\libg_nano.a(lib_a-init.o)
                0x00006cd0                __libc_init_array
 .text.memcpy   0x00006d1c       0x16 c:/program files (x86)/cypress/psoc creator/4.3/psoc creator/import/gnu/arm/5.4.1/bin/../lib/gcc/arm-none-eabi/5.4.1/../../../../arm-none-eabi/lib/armv7-m\libg_nano.a(lib_a-memcpy-stub.o)
                0x00006d1c                memcpy
 .text.memset   0x00006d32       0x10 c:/program files (x86)/cypress/psoc creator/4.3/psoc creator/import/gnu/arm/5.4.1/bin/../lib/gcc/arm-none-eabi/5.4.1/../../../../arm-none-eabi/lib/armv7-m\libg_nano.a(lib_a-memset.o)
                0x00006d32                memset
 *(.plt)
 *(.gnu.warning)
 *(.glue_7t)
 .glue_7t       0x00006d42        0x0 linker stubs
 *(.glue_7)
 .glue_7        0x00006d42        0x0 linker stubs
 *(.vfp11_veneer)
 .vfp11_veneer  0x00006d42        0x0 linker stubs
 *(.bootloader)
 *(.ARM.extab* .gnu.linkonce.armextab.*)
 *(.gcc_except_table)

.v4_bx          0x00006d44        0x0
 .v4_bx         0x00006d44        0x0 linker stubs

.iplt           0x00006d44        0x0
 .iplt          0x00006d44        0x0 c:/program files (x86)/cypress/psoc creator/4.3/psoc creator/import/gnu/arm/5.4.1/bin/../lib/gcc/arm-none-eabi/5.4.1/armv7-m/crtbegin.o

.eh_frame_hdr
 *(.eh_frame_hdr)

.eh_frame       0x00006d44        0x4
 *(.eh_frame)
 .eh_frame      0x00006d44        0x0 c:/program files (x86)/cypress/psoc creator/4.3/psoc creator/import/gnu/arm/5.4.1/bin/../lib/gcc/arm-none-eabi/5.4.1/armv7-m/crtbegin.o
 .eh_frame      0x00006d44        0x4 c:/program files (x86)/cypress/psoc creator/4.3/psoc creator/import/gnu/arm/5.4.1/bin/../lib/gcc/arm-none-eabi/5.4.1/armv7-m/crtend.o
                [!provide]                PROVIDE (__exidx_start, .)

.ARM.exidx
 *(.ARM.exidx* .gnu.linkonce.armexidx.*)
                0x00006d48                __exidx_end = .

.rodata         0x00006d48      0x148
 *(.rodata .rodata.* .gnu.linkonce.r.*)
 .rodata        0x00006d48       0x44 .\CortexM3\ARM_GCC_541\Debug\cyfitter_cfg.o
 .rodata        0x00006d8c       0xc8 .\CortexM3\ARM_GCC_541\Debug\F1-TestFixture.a(WaveDAC.o)
                0x00006d8c                WaveDAC_wave1
                0x00006df0                WaveDAC_wave2
 .rodata.str1.1
                0x00006e54        0x2 c:/program files (x86)/cypress/psoc creator/4.3/psoc creator/import/gnu/arm/5.4.1/bin/../lib/gcc/arm-none-eabi/5.4.1/../../../../arm-none-eabi/lib/armv7-m\libg_nano.a(lib_a-impure.o)
                0x00006e58                . = ALIGN (0x4)
 *fill*         0x00006e56        0x2 
 *(.init)
 .init          0x00006e58        0x4 c:/program files (x86)/cypress/psoc creator/4.3/psoc creator/import/gnu/arm/5.4.1/bin/../lib/gcc/arm-none-eabi/5.4.1/armv7-m/crti.o
                0x00006e58                _init
 .init          0x00006e5c        0x8 c:/program files (x86)/cypress/psoc creator/4.3/psoc creator/import/gnu/arm/5.4.1/bin/../lib/gcc/arm-none-eabi/5.4.1/armv7-m/crtn.o
                0x00006e64                . = ALIGN (0x4)
                0x00006e64                __preinit_array_start = .
 *(.preinit_array)
                0x00006e64                __preinit_array_end = .
                0x00006e64                . = ALIGN (0x4)
                0x00006e64                __init_array_start = .
 *(SORT(.init_array.*))
 *(.init_array)
 .init_array    0x00006e64        0x4 c:/program files (x86)/cypress/psoc creator/4.3/psoc creator/import/gnu/arm/5.4.1/bin/../lib/gcc/arm-none-eabi/5.4.1/armv7-m/crtbegin.o
 .init_array    0x00006e68        0x4 .\CortexM3\ARM_GCC_541\Debug\Cm3Start.o
                0x00006e6c                __init_array_end = .
                0x00006e6c                . = ALIGN (0x4)
 *(.fini)
 .fini          0x00006e6c        0x4 c:/program files (x86)/cypress/psoc creator/4.3/psoc creator/import/gnu/arm/5.4.1/bin/../lib/gcc/arm-none-eabi/5.4.1/armv7-m/crti.o
                0x00006e6c                _fini
 .fini          0x00006e70        0x8 c:/program files (x86)/cypress/psoc creator/4.3/psoc creator/import/gnu/arm/5.4.1/bin/../lib/gcc/arm-none-eabi/5.4.1/armv7-m/crtn.o
                0x00006e78                . = ALIGN (0x4)
                0x00006e78                __fini_array_start = .
 *(.fini_array)
 .fini_array    0x00006e78        0x4 c:/program files (x86)/cypress/psoc creator/4.3/psoc creator/import/gnu/arm/5.4.1/bin/../lib/gcc/arm-none-eabi/5.4.1/armv7-m/crtbegin.o
 *(SORT(.fini_array.*))
                0x00006e7c                __fini_array_end = .
                0x00006e7c                . = ALIGN (0x4)
 *crtbegin.o(.ctors)
 *(EXCLUDE_FILE(*crtend.o) .ctors)
 *(SORT(.ctors.*))
 *crtend.o(.ctors)
                0x00006e7c                . = ALIGN (0x4)
 *crtbegin.o(.dtors)
 *(EXCLUDE_FILE(*crtend.o) .dtors)
 *(SORT(.dtors.*))
 *crtend.o(.dtors)
                0x00006e7c                . = ALIGN (0x4)
                0x00006e7c                __cy_regions = .
                0x00006e7c        0x4 LONG 0x6e90 __cy_region_init_ram
                0x00006e80        0x4 LONG 0x1fffc0c8 __cy_region_start_data
                0x00006e84        0x4 LONG 0x150 __cy_region_init_size_ram
                0x00006e88        0x4 LONG 0x1b18 __cy_region_zero_size_ram
                0x00006e8c                __cy_regions_end = .
                0x00006e90                . = ALIGN (0x8)
 *fill*         0x00006e8c        0x4 
                0x00006e90                _etext = .

.cy_checksum_exclude
                0x00006e90        0x0
 *(.cy_checksum_exclude)

.ramvectors     0x1fffc000       0xc0
                0x1fffc000                __cy_region_start_ram = .
 *(.ramvectors)
 .ramvectors    0x1fffc000       0xc0 .\CortexM3\ARM_GCC_541\Debug\Cm3Start.o
                0x1fffc000                CyRamVectors

.noinit         0x1fffc0c0        0x5
 *(.noinit)
 .noinit        0x1fffc0c0        0x4 .\CortexM3\ARM_GCC_541\Debug\Cm3Start.o
 .noinit        0x1fffc0c4        0x1 .\CortexM3\ARM_GCC_541\Debug\F1-TestFixture.a(CyLib.o)
                0x1fffc0c4                CyResetStatus

.data           0x1fffc0c8      0x150 load address 0x00006e90
                0x1fffc0c8                __cy_region_start_data = .
 *(.jcr)
 .jcr           0x1fffc0c8        0x0 c:/program files (x86)/cypress/psoc creator/4.3/psoc creator/import/gnu/arm/5.4.1/bin/../lib/gcc/arm-none-eabi/5.4.1/armv7-m/crtbegin.o
 .jcr           0x1fffc0c8        0x4 c:/program files (x86)/cypress/psoc creator/4.3/psoc creator/import/gnu/arm/5.4.1/bin/../lib/gcc/arm-none-eabi/5.4.1/armv7-m/crtend.o
 *(.got.plt)
 *(.got)
 *(.shdata)
 *(.data .data.* .gnu.linkonce.d.*)
 .data          0x1fffc0cc        0xe .\CortexM3\ARM_GCC_541\Debug\ControllerTest.o
 *fill*         0x1fffc0da        0x2 
 .data          0x1fffc0dc       0x1b .\CortexM3\ARM_GCC_541\Debug\UART_230400_Functions.o
 *fill*         0x1fffc0f7        0x1 
 .data          0x1fffc0f8       0x16 .\CortexM3\ARM_GCC_541\Debug\SirenTest.o
 *fill*         0x1fffc10e        0x2 
 .data          0x1fffc110       0x16 .\CortexM3\ARM_GCC_541\Debug\RelayTest.o
 *fill*         0x1fffc126        0x2 
 .data          0x1fffc128        0xa .\CortexM3\ARM_GCC_541\Debug\UART_460800_Functions.o
 *fill*         0x1fffc132        0x2 
 .data          0x1fffc134        0x5 .\CortexM3\ARM_GCC_541\Debug\UART_115200_Functions.o
 *fill*         0x1fffc139        0x3 
 .data          0x1fffc13c       0x20 .\CortexM3\ARM_GCC_541\Debug\CD4051BPW_Driver.o
 .data          0x1fffc15c       0x10 .\CortexM3\ARM_GCC_541\Debug\ControllerTest_Complete.o
 .data          0x1fffc16c       0x1c .\CortexM3\ARM_GCC_541\Debug\RelayTest_Complete.o
 .data          0x1fffc188        0xa .\CortexM3\ARM_GCC_541\Debug\ControllerCableTest_Complete.o
 *fill*         0x1fffc192        0x2 
 .data          0x1fffc194        0x8 .\CortexM3\ARM_GCC_541\Debug\F1-TestFixture.a(CyDmac.o)
 .data          0x1fffc19c       0x10 .\CortexM3\ARM_GCC_541\Debug\F1-TestFixture.a(CyLib.o)
                0x1fffc19c                cydelay_freq_hz
                0x1fffc1a0                cydelay_freq_khz
                0x1fffc1a4                cydelay_freq_mhz
                0x1fffc1a8                cydelay_32k_ms
 .data          0x1fffc1ac        0x1 .\CortexM3\ARM_GCC_541\Debug\F1-TestFixture.a(WaveDAC_Wave1_DMA_dma.o)
                0x1fffc1ac                WaveDAC_Wave1_DMA_DmaHandle
 .data          0x1fffc1ad        0x1 .\CortexM3\ARM_GCC_541\Debug\F1-TestFixture.a(WaveDAC_Wave2_DMA_dma.o)
                0x1fffc1ad                WaveDAC_Wave2_DMA_DmaHandle
 *fill*         0x1fffc1ae        0x2 
 .data.impure_data
                0x1fffc1b0       0x60 c:/program files (x86)/cypress/psoc creator/4.3/psoc creator/import/gnu/arm/5.4.1/bin/../lib/gcc/arm-none-eabi/5.4.1/../../../../arm-none-eabi/lib/armv7-m\libg_nano.a(lib_a-impure.o)
 .data._impure_ptr
                0x1fffc210        0x4 c:/program files (x86)/cypress/psoc creator/4.3/psoc creator/import/gnu/arm/5.4.1/bin/../lib/gcc/arm-none-eabi/5.4.1/../../../../arm-none-eabi/lib/armv7-m\libg_nano.a(lib_a-impure.o)
                0x1fffc210                _impure_ptr
                0x1fffc218                . = ALIGN (0x8)
 *fill*         0x1fffc214        0x4 
 *(.ram)
                0x1fffc218                _edata = .

.igot.plt       0x1fffc218        0x0 load address 0x00006fe0
 .igot.plt      0x1fffc218        0x0 c:/program files (x86)/cypress/psoc creator/4.3/psoc creator/import/gnu/arm/5.4.1/bin/../lib/gcc/arm-none-eabi/5.4.1/armv7-m/crtbegin.o

.bss            0x1fffc218     0x1b18 load address 0x00006fe0
                0x1fffc218                PROVIDE (__bss_start__, .)
 *(.shbss)
 *(.bss .bss.* .gnu.linkonce.b.*)
 .bss           0x1fffc218       0x1c c:/program files (x86)/cypress/psoc creator/4.3/psoc creator/import/gnu/arm/5.4.1/bin/../lib/gcc/arm-none-eabi/5.4.1/armv7-m/crtbegin.o
 .bss           0x1fffc234        0x3 .\CortexM3\ARM_GCC_541\Debug\main.o
                0x1fffc234                TESTFIXTURE_TYPE
 *fill*         0x1fffc237        0x1 
 .bss           0x1fffc238       0xf0 .\CortexM3\ARM_GCC_541\Debug\ControllerTest.o
 .bss           0x1fffc328      0x232 .\CortexM3\ARM_GCC_541\Debug\UART_230400_Functions.o
 *fill*         0x1fffc55a        0x2 
 .bss           0x1fffc55c       0xa6 .\CortexM3\ARM_GCC_541\Debug\SirenTest.o
 *fill*         0x1fffc602        0x2 
 .bss           0x1fffc604      0x12e .\CortexM3\ARM_GCC_541\Debug\RelayTest.o
 *fill*         0x1fffc732        0x2 
 .bss           0x1fffc734      0x245 .\CortexM3\ARM_GCC_541\Debug\UART_460800_Functions.o
 *fill*         0x1fffc979        0x3 
 .bss           0x1fffc97c       0x78 .\CortexM3\ARM_GCC_541\Debug\UART_115200_Functions.o
 .bss           0x1fffc9f4       0xec .\CortexM3\ARM_GCC_541\Debug\ControllerTest_Complete.o
 .bss           0x1fffcae0      0x142 .\CortexM3\ARM_GCC_541\Debug\RelayTest_Complete.o
 *fill*         0x1fffcc22        0x2 
 .bss           0x1fffcc24       0xe6 .\CortexM3\ARM_GCC_541\Debug\ControllerCableTest_Complete.o
 .bss           0x1fffcd0a        0x7 .\CortexM3\ARM_GCC_541\Debug\F1-TestFixture.a(UART_230400.o)
                0x1fffcd0a                UART_230400_initVar
                0x1fffcd0c                UART_230400_txBufferRead
                0x1fffcd0e                UART_230400_txBufferWrite
 .bss           0x1fffcd11        0x1 .\CortexM3\ARM_GCC_541\Debug\F1-TestFixture.a(Timer_20ms.o)
                0x1fffcd11                Timer_20ms_initVar
 .bss           0x1fffcd12        0x7 .\CortexM3\ARM_GCC_541\Debug\F1-TestFixture.a(UART_115200.o)
                0x1fffcd12                UART_115200_initVar
                0x1fffcd14                UART_115200_txBufferRead
                0x1fffcd16                UART_115200_txBufferWrite
 *fill*         0x1fffcd19        0x1 
 .bss           0x1fffcd1a        0x7 .\CortexM3\ARM_GCC_541\Debug\F1-TestFixture.a(UART_460800.o)
                0x1fffcd1a                UART_460800_initVar
                0x1fffcd1c                UART_460800_txBufferRead
                0x1fffcd1e                UART_460800_txBufferWrite
 .bss           0x1fffcd21        0x1 .\CortexM3\ARM_GCC_541\Debug\F1-TestFixture.a(Timer_10ms.o)
                0x1fffcd21                Timer_10ms_initVar
 .bss           0x1fffcd22        0x1 .\CortexM3\ARM_GCC_541\Debug\F1-TestFixture.a(Timer_50ms.o)
                0x1fffcd22                Timer_50ms_initVar
 .bss           0x1fffcd23        0x1 .\CortexM3\ARM_GCC_541\Debug\F1-TestFixture.a(isr_Timer_50ms.o)
 .bss           0x1fffcd24        0x5 .\CortexM3\ARM_GCC_541\Debug\F1-TestFixture.a(WaveDAC.o)
                0x1fffcd24                WaveDAC_initVar
 *(COMMON)
 *fill*         0x1fffcd29        0x3 
 COMMON         0x1fffcd2c      0x400 .\CortexM3\ARM_GCC_541\Debug\F1-TestFixture.a(UART_230400.o)
                0x1fffcd2c                UART_230400_txBuffer
 COMMON         0x1fffd12c      0x400 .\CortexM3\ARM_GCC_541\Debug\F1-TestFixture.a(UART_115200.o)
                0x1fffd12c                UART_115200_txBuffer
 COMMON         0x1fffd52c      0x800 .\CortexM3\ARM_GCC_541\Debug\F1-TestFixture.a(UART_460800.o)
                0x1fffd52c                UART_460800_txBuffer
 COMMON         0x1fffdd2c        0x3 .\CortexM3\ARM_GCC_541\Debug\F1-TestFixture.a(isr_Timer_50ms.o)
                0x1fffdd2c                CurrentTest
                0x1fffdd30                . = ALIGN (0x8)
 *fill*         0x1fffdd2f        0x1 
 *(.ram.b)
                0x1fffdd30                _end = .
                0x1fffdd30                __end = .
                0x1fffdd30                PROVIDE (end, .)
                0x1fffdd30                PROVIDE (__bss_end__, .)
                0x00006e90                __cy_region_init_ram = LOADADDR (.data)
                0x00000150                __cy_region_init_size_ram = (_edata - ADDR (.data))
                0x00001b18                __cy_region_zero_size_ram = (_end - _edata)

.heap           0x1fffdd30       0x80 load address 0x00006fe0
                0x1fffdd30                . = _end
                0x1fffddb0                . = (. + 0x80)
 *fill*         0x1fffdd30       0x80 
                0x1fffddb0                __cy_heap_limit = .

.stack          0x20003800      0x800
                0x20003800                __cy_stack_limit = .
                0x20004000                . = (. + 0x800)
 *fill*         0x20003800      0x800 
                0x00000001                ASSERT ((__cy_stack_limit >= __cy_heap_limit), region RAM overflowed with stack)
                0x00000000                cy_checksum_exclude_size = (CY_APPL_LOADABLE == 0x1)?SIZEOF (.cy_checksum_exclude):0x0
                0x00000001                ASSERT ((cy_checksum_exclude_size <= CY_CHECKSUM_EXCLUDE_SIZE), CY_BOOT: Section .cy_checksum_exclude size exceedes specified limit.)

.cyloadermeta
 *(.cyloadermeta)

.cyloadablemeta
 *(.cyloadablemeta)

.cyconfigecc    0x80000000      0xc2c
 *(.cyconfigecc)
 .cyconfigecc   0x80000000      0xc2c .\CortexM3\ARM_GCC_541\Debug\cymetadata.o
                0x80000000                cy_meta_configecc

.cycustnvl      0x90000000        0x4
 *(.cycustnvl)
 .cycustnvl     0x90000000        0x4 .\CortexM3\ARM_GCC_541\Debug\cymetadata.o
                0x90000000                cy_meta_custnvl

.cywolatch      0x90100000        0x4
 *(.cywolatch)
 .cywolatch     0x90100000        0x4 .\CortexM3\ARM_GCC_541\Debug\cymetadata.o
                0x90100000                cy_meta_wonvl

.cyeeprom       0x90200000        0x0
 *(.cyeeprom)
                0x00000001                ASSERT ((. <= ((0x90200000 + ee_offset) + ee_size)), .cyeeprom data will not fit in EEPROM)

.cyflashprotect
                0x90400000       0x80
 *(.cyflashprotect)
 .cyflashprotect
                0x90400000       0x80 .\CortexM3\ARM_GCC_541\Debug\cymetadata.o
                0x90400000                cy_meta_flashprotect

.cymeta         0x90500000        0xc
 *(.cymeta)
 .cymeta        0x90500000        0xc .\CortexM3\ARM_GCC_541\Debug\cymetadata.o
                0x90500000                cy_metadata

.rel.dyn        0x00006fe0        0x0 load address 0x9050000c
 .rel.iplt      0x00006fe0        0x0 c:/program files (x86)/cypress/psoc creator/4.3/psoc creator/import/gnu/arm/5.4.1/bin/../lib/gcc/arm-none-eabi/5.4.1/armv7-m/crtbegin.o

.stab
 *(.stab)

.stabstr
 *(.stabstr)

.debug
 *(.debug)

.line
 *(.line)

.debug_srcinfo
 *(.debug_srcinfo)

.debug_sfnames
 *(.debug_sfnames)

.debug_aranges  0x00000000     0x1bb8
 *(.debug_aranges)
 .debug_aranges
                0x00000000       0x38 .\CortexM3\ARM_GCC_541\Debug\main.o
 .debug_aranges
                0x00000038       0x88 .\CortexM3\ARM_GCC_541\Debug\ControllerTest.o
 .debug_aranges
                0x000000c0       0x70 .\CortexM3\ARM_GCC_541\Debug\UART_230400_Functions.o
 .debug_aranges
                0x00000130       0x78 .\CortexM3\ARM_GCC_541\Debug\SirenTest.o
 .debug_aranges
                0x000001a8       0xc8 .\CortexM3\ARM_GCC_541\Debug\RelayTest.o
 .debug_aranges
                0x00000270       0x58 .\CortexM3\ARM_GCC_541\Debug\UART_460800_Functions.o
 .debug_aranges
                0x000002c8       0x38 .\CortexM3\ARM_GCC_541\Debug\UART_115200_Functions.o
 .debug_aranges
                0x00000300       0x30 .\CortexM3\ARM_GCC_541\Debug\CD4051BPW_Driver.o
 .debug_aranges
                0x00000330       0x48 .\CortexM3\ARM_GCC_541\Debug\ControllerTest_Complete.o
 .debug_aranges
                0x00000378       0x60 .\CortexM3\ARM_GCC_541\Debug\RelayTest_Complete.o
 .debug_aranges
                0x000003d8       0x48 .\CortexM3\ARM_GCC_541\Debug\ControllerCableTest_Complete.o
 .debug_aranges
                0x00000420       0x60 .\CortexM3\ARM_GCC_541\Debug\cyfitter_cfg.o
 .debug_aranges
                0x00000480       0x18 .\CortexM3\ARM_GCC_541\Debug\cymetadata.o
 .debug_aranges
                0x00000498       0x48 .\CortexM3\ARM_GCC_541\Debug\Cm3Start.o
 .debug_aranges
                0x000004e0       0xd8 .\CortexM3\ARM_GCC_541\Debug\F1-TestFixture.a(CyDmac.o)
 .debug_aranges
                0x000005b8      0x2a0 .\CortexM3\ARM_GCC_541\Debug\F1-TestFixture.a(CyLib.o)
 .debug_aranges
                0x00000858       0x98 .\CortexM3\ARM_GCC_541\Debug\F1-TestFixture.a(cyPm.o)
 .debug_aranges
                0x000008f0       0x38 .\CortexM3\ARM_GCC_541\Debug\F1-TestFixture.a(STest_SIREN_EN.o)
 .debug_aranges
                0x00000928       0x38 .\CortexM3\ARM_GCC_541\Debug\F1-TestFixture.a(CTest_CONT_VBATT_EN.o)
 .debug_aranges
                0x00000960       0x38 .\CortexM3\ARM_GCC_541\Debug\F1-TestFixture.a(CTest_USB_5V_EN.o)
 .debug_aranges
                0x00000998       0x38 .\CortexM3\ARM_GCC_541\Debug\F1-TestFixture.a(RTest_SIREN_EN.o)
 .debug_aranges
                0x000009d0       0x38 .\CortexM3\ARM_GCC_541\Debug\F1-TestFixture.a(RS1.o)
 .debug_aranges
                0x00000a08       0x38 .\CortexM3\ARM_GCC_541\Debug\F1-TestFixture.a(RS2.o)
 .debug_aranges
                0x00000a40       0x38 .\CortexM3\ARM_GCC_541\Debug\F1-TestFixture.a(RTest_HSide1.o)
 .debug_aranges
                0x00000a78       0x38 .\CortexM3\ARM_GCC_541\Debug\F1-TestFixture.a(RTest_HSide3.o)
 .debug_aranges
                0x00000ab0       0x38 .\CortexM3\ARM_GCC_541\Debug\F1-TestFixture.a(RTest_HSide2.o)
 .debug_aranges
                0x00000ae8       0x38 .\CortexM3\ARM_GCC_541\Debug\F1-TestFixture.a(RTest_HSide4.o)
 .debug_aranges
                0x00000b20       0x38 .\CortexM3\ARM_GCC_541\Debug\F1-TestFixture.a(RTest_HSide5.o)
 .debug_aranges
                0x00000b58       0x38 .\CortexM3\ARM_GCC_541\Debug\F1-TestFixture.a(RTest_HSide6.o)
 .debug_aranges
                0x00000b90       0x38 .\CortexM3\ARM_GCC_541\Debug\F1-TestFixture.a(RTest_HSide7.o)
 .debug_aranges
                0x00000bc8       0x38 .\CortexM3\ARM_GCC_541\Debug\F1-TestFixture.a(RTest_HSide8.o)
 .debug_aranges
                0x00000c00       0x80 .\CortexM3\ARM_GCC_541\Debug\F1-TestFixture.a(isr_UART_230400.o)
 .debug_aranges
                0x00000c80       0xf0 .\CortexM3\ARM_GCC_541\Debug\F1-TestFixture.a(UART_230400.o)
 .debug_aranges
                0x00000d70       0x20 .\CortexM3\ARM_GCC_541\Debug\F1-TestFixture.a(UART_230400_INT.o)
 .debug_aranges
                0x00000d90       0x70 .\CortexM3\ARM_GCC_541\Debug\F1-TestFixture.a(UART_230400_IntClock.o)
 .debug_aranges
                0x00000e00       0x28 .\CortexM3\ARM_GCC_541\Debug\F1-TestFixture.a(MUX_CTRL_230400.o)
 .debug_aranges
                0x00000e28       0x88 .\CortexM3\ARM_GCC_541\Debug\F1-TestFixture.a(Timer_20ms.o)
 .debug_aranges
                0x00000eb0       0x38 .\CortexM3\ARM_GCC_541\Debug\F1-TestFixture.a(LED_EN.o)
 .debug_aranges
                0x00000ee8       0x80 .\CortexM3\ARM_GCC_541\Debug\F1-TestFixture.a(isr_Timer_20ms.o)
 .debug_aranges
                0x00000f68       0xf0 .\CortexM3\ARM_GCC_541\Debug\F1-TestFixture.a(UART_115200.o)
 .debug_aranges
                0x00001058       0x20 .\CortexM3\ARM_GCC_541\Debug\F1-TestFixture.a(UART_115200_INT.o)
 .debug_aranges
                0x00001078       0x80 .\CortexM3\ARM_GCC_541\Debug\F1-TestFixture.a(isr_UART_115200.o)
 .debug_aranges
                0x000010f8       0x70 .\CortexM3\ARM_GCC_541\Debug\F1-TestFixture.a(UART_115200_IntClock.o)
 .debug_aranges
                0x00001168       0x28 .\CortexM3\ARM_GCC_541\Debug\F1-TestFixture.a(DEMUX_CTRL_230400.o)
 .debug_aranges
                0x00001190       0x80 .\CortexM3\ARM_GCC_541\Debug\F1-TestFixture.a(isr_UART_460800.o)
 .debug_aranges
                0x00001210       0xf0 .\CortexM3\ARM_GCC_541\Debug\F1-TestFixture.a(UART_460800.o)
 .debug_aranges
                0x00001300       0x20 .\CortexM3\ARM_GCC_541\Debug\F1-TestFixture.a(UART_460800_INT.o)
 .debug_aranges
                0x00001320       0x28 .\CortexM3\ARM_GCC_541\Debug\F1-TestFixture.a(MUX_CTRL_460800.o)
 .debug_aranges
                0x00001348       0x28 .\CortexM3\ARM_GCC_541\Debug\F1-TestFixture.a(DEMUX_CTRL_460800.o)
 .debug_aranges
                0x00001370       0x70 .\CortexM3\ARM_GCC_541\Debug\F1-TestFixture.a(UART_460800_IntClock.o)
 .debug_aranges
                0x000013e0       0x88 .\CortexM3\ARM_GCC_541\Debug\F1-TestFixture.a(Timer_10ms.o)
 .debug_aranges
                0x00001468       0x80 .\CortexM3\ARM_GCC_541\Debug\F1-TestFixture.a(isr_Timer_10ms.o)
 .debug_aranges
                0x000014e8       0x88 .\CortexM3\ARM_GCC_541\Debug\F1-TestFixture.a(Timer_50ms.o)
 .debug_aranges
                0x00001570       0x80 .\CortexM3\ARM_GCC_541\Debug\F1-TestFixture.a(isr_Timer_50ms.o)
 .debug_aranges
                0x000015f0       0x38 .\CortexM3\ARM_GCC_541\Debug\F1-TestFixture.a(PB_NextAction.o)
 .debug_aranges
                0x00001628       0x50 .\CortexM3\ARM_GCC_541\Debug\F1-TestFixture.a(WaveDAC.o)
 .debug_aranges
                0x00001678       0x70 .\CortexM3\ARM_GCC_541\Debug\F1-TestFixture.a(WaveDAC_DacClk.o)
 .debug_aranges
                0x000016e8       0x28 .\CortexM3\ARM_GCC_541\Debug\F1-TestFixture.a(WaveDAC_Wave1_DMA_dma.o)
 .debug_aranges
                0x00001710       0x28 .\CortexM3\ARM_GCC_541\Debug\F1-TestFixture.a(WaveDAC_Wave2_DMA_dma.o)
 .debug_aranges
                0x00001738       0x58 .\CortexM3\ARM_GCC_541\Debug\F1-TestFixture.a(WaveDAC_VDAC8.o)
 .debug_aranges
                0x00001790       0x38 .\CortexM3\ARM_GCC_541\Debug\F1-TestFixture.a(RTest_BLOCK_4_EN.o)
 .debug_aranges
                0x000017c8       0x38 .\CortexM3\ARM_GCC_541\Debug\F1-TestFixture.a(RTest_BLOCK_3_EN.o)
 .debug_aranges
                0x00001800       0x38 .\CortexM3\ARM_GCC_541\Debug\F1-TestFixture.a(RTest_BLOCK_2_EN.o)
 .debug_aranges
                0x00001838       0x38 .\CortexM3\ARM_GCC_541\Debug\F1-TestFixture.a(RTest_BLOCK_1_EN.o)
 .debug_aranges
                0x00001870       0x38 .\CortexM3\ARM_GCC_541\Debug\F1-TestFixture.a(RTest_DEMUX_C.o)
 .debug_aranges
                0x000018a8       0x38 .\CortexM3\ARM_GCC_541\Debug\F1-TestFixture.a(RTest_DEMUX_B.o)
 .debug_aranges
                0x000018e0       0x38 .\CortexM3\ARM_GCC_541\Debug\F1-TestFixture.a(RTest_DEMUX_A.o)
 .debug_aranges
                0x00001918       0x38 .\CortexM3\ARM_GCC_541\Debug\F1-TestFixture.a(RTest_DEMUX_COM.o)
 .debug_aranges
                0x00001950       0x28 .\CortexM3\ARM_GCC_541\Debug\F1-TestFixture.a(MUX_CTRL_115200.o)
 .debug_aranges
                0x00001978       0x38 .\CortexM3\ARM_GCC_541\Debug\F1-TestFixture.a(Overload1.o)
 .debug_aranges
                0x000019b0       0x38 .\CortexM3\ARM_GCC_541\Debug\F1-TestFixture.a(Overload2.o)
 .debug_aranges
                0x000019e8       0x20 .\CortexM3\ARM_GCC_541\Debug\F1-TestFixture.a(CyBootAsmGnu.o)
 .debug_aranges
                0x00001a08       0x88 .\CortexM3\ARM_GCC_541\Debug\F1-TestFixture.a(CyFlash.o)
 .debug_aranges
                0x00001a90       0x80 .\CortexM3\ARM_GCC_541\Debug\F1-TestFixture.a(CySpc.o)
 .debug_aranges
                0x00001b10       0x38 .\CortexM3\ARM_GCC_541\Debug\F1-TestFixture.a(LED1.o)
 .debug_aranges
                0x00001b48       0x38 .\CortexM3\ARM_GCC_541\Debug\F1-TestFixture.a(LED2.o)
 .debug_aranges
                0x00001b80       0x38 .\CortexM3\ARM_GCC_541\Debug\F1-TestFixture.a(LED3.o)

.debug_pubnames
 *(.debug_pubnames)

.debug_info     0x00000000    0x1075f
 *(.debug_info .gnu.linkonce.wi.*)
 .debug_info    0x00000000      0x1ca .\CortexM3\ARM_GCC_541\Debug\main.o
 .debug_info    0x000001ca      0xf34 .\CortexM3\ARM_GCC_541\Debug\ControllerTest.o
 .debug_info    0x000010fe     0x10dc .\CortexM3\ARM_GCC_541\Debug\UART_230400_Functions.o
 .debug_info    0x000021da      0xa81 .\CortexM3\ARM_GCC_541\Debug\SirenTest.o
 .debug_info    0x00002c5b     0x1274 .\CortexM3\ARM_GCC_541\Debug\RelayTest.o
 .debug_info    0x00003ecf      0xb70 .\CortexM3\ARM_GCC_541\Debug\UART_460800_Functions.o
 .debug_info    0x00004a3f      0x329 .\CortexM3\ARM_GCC_541\Debug\UART_115200_Functions.o
 .debug_info    0x00004d68      0x14e .\CortexM3\ARM_GCC_541\Debug\CD4051BPW_Driver.o
 .debug_info    0x00004eb6      0xde8 .\CortexM3\ARM_GCC_541\Debug\ControllerTest_Complete.o
 .debug_info    0x00005c9e     0x1098 .\CortexM3\ARM_GCC_541\Debug\RelayTest_Complete.o
 .debug_info    0x00006d36      0xdd6 .\CortexM3\ARM_GCC_541\Debug\ControllerCableTest_Complete.o
 .debug_info    0x00007b0c      0x452 .\CortexM3\ARM_GCC_541\Debug\cyfitter_cfg.o
 .debug_info    0x00007f5e      0x139 .\CortexM3\ARM_GCC_541\Debug\cymetadata.o
 .debug_info    0x00008097      0x32b .\CortexM3\ARM_GCC_541\Debug\Cm3Start.o
 .debug_info    0x000083c2      0x8c0 .\CortexM3\ARM_GCC_541\Debug\F1-TestFixture.a(CyDmac.o)
 .debug_info    0x00008c82      0xe51 .\CortexM3\ARM_GCC_541\Debug\F1-TestFixture.a(CyLib.o)
 .debug_info    0x00009ad3      0x57a .\CortexM3\ARM_GCC_541\Debug\F1-TestFixture.a(cyPm.o)
 .debug_info    0x0000a04d      0x11e .\CortexM3\ARM_GCC_541\Debug\F1-TestFixture.a(STest_SIREN_EN.o)
 .debug_info    0x0000a16b      0x11e .\CortexM3\ARM_GCC_541\Debug\F1-TestFixture.a(CTest_CONT_VBATT_EN.o)
 .debug_info    0x0000a289      0x11e .\CortexM3\ARM_GCC_541\Debug\F1-TestFixture.a(CTest_USB_5V_EN.o)
 .debug_info    0x0000a3a7      0x11e .\CortexM3\ARM_GCC_541\Debug\F1-TestFixture.a(RTest_SIREN_EN.o)
 .debug_info    0x0000a4c5      0x11e .\CortexM3\ARM_GCC_541\Debug\F1-TestFixture.a(RS1.o)
 .debug_info    0x0000a5e3      0x11e .\CortexM3\ARM_GCC_541\Debug\F1-TestFixture.a(RS2.o)
 .debug_info    0x0000a701      0x11e .\CortexM3\ARM_GCC_541\Debug\F1-TestFixture.a(RTest_HSide1.o)
 .debug_info    0x0000a81f      0x11e .\CortexM3\ARM_GCC_541\Debug\F1-TestFixture.a(RTest_HSide3.o)
 .debug_info    0x0000a93d      0x11e .\CortexM3\ARM_GCC_541\Debug\F1-TestFixture.a(RTest_HSide2.o)
 .debug_info    0x0000aa5b      0x11e .\CortexM3\ARM_GCC_541\Debug\F1-TestFixture.a(RTest_HSide4.o)
 .debug_info    0x0000ab79      0x11e .\CortexM3\ARM_GCC_541\Debug\F1-TestFixture.a(RTest_HSide5.o)
 .debug_info    0x0000ac97      0x11e .\CortexM3\ARM_GCC_541\Debug\F1-TestFixture.a(RTest_HSide6.o)
 .debug_info    0x0000adb5      0x11e .\CortexM3\ARM_GCC_541\Debug\F1-TestFixture.a(RTest_HSide7.o)
 .debug_info    0x0000aed3      0x11e .\CortexM3\ARM_GCC_541\Debug\F1-TestFixture.a(RTest_HSide8.o)
 .debug_info    0x0000aff1      0x268 .\CortexM3\ARM_GCC_541\Debug\F1-TestFixture.a(isr_UART_230400.o)
 .debug_info    0x0000b259      0x593 .\CortexM3\ARM_GCC_541\Debug\F1-TestFixture.a(UART_230400.o)
 .debug_info    0x0000b7ec      0x108 .\CortexM3\ARM_GCC_541\Debug\F1-TestFixture.a(UART_230400_INT.o)
 .debug_info    0x0000b8f4      0x25d .\CortexM3\ARM_GCC_541\Debug\F1-TestFixture.a(UART_230400_IntClock.o)
 .debug_info    0x0000bb51       0xd7 .\CortexM3\ARM_GCC_541\Debug\F1-TestFixture.a(MUX_CTRL_230400.o)
 .debug_info    0x0000bc28      0x245 .\CortexM3\ARM_GCC_541\Debug\F1-TestFixture.a(Timer_20ms.o)
 .debug_info    0x0000be6d      0x11e .\CortexM3\ARM_GCC_541\Debug\F1-TestFixture.a(LED_EN.o)
 .debug_info    0x0000bf8b      0x2aa .\CortexM3\ARM_GCC_541\Debug\F1-TestFixture.a(isr_Timer_20ms.o)
 .debug_info    0x0000c235      0x593 .\CortexM3\ARM_GCC_541\Debug\F1-TestFixture.a(UART_115200.o)
 .debug_info    0x0000c7c8      0x108 .\CortexM3\ARM_GCC_541\Debug\F1-TestFixture.a(UART_115200_INT.o)
 .debug_info    0x0000c8d0      0x268 .\CortexM3\ARM_GCC_541\Debug\F1-TestFixture.a(isr_UART_115200.o)
 .debug_info    0x0000cb38      0x25d .\CortexM3\ARM_GCC_541\Debug\F1-TestFixture.a(UART_115200_IntClock.o)
 .debug_info    0x0000cd95       0xd7 .\CortexM3\ARM_GCC_541\Debug\F1-TestFixture.a(DEMUX_CTRL_230400.o)
 .debug_info    0x0000ce6c      0x268 .\CortexM3\ARM_GCC_541\Debug\F1-TestFixture.a(isr_UART_460800.o)
 .debug_info    0x0000d0d4      0x593 .\CortexM3\ARM_GCC_541\Debug\F1-TestFixture.a(UART_460800.o)
 .debug_info    0x0000d667      0x108 .\CortexM3\ARM_GCC_541\Debug\F1-TestFixture.a(UART_460800_INT.o)
 .debug_info    0x0000d76f       0xd7 .\CortexM3\ARM_GCC_541\Debug\F1-TestFixture.a(MUX_CTRL_460800.o)
 .debug_info    0x0000d846       0xd7 .\CortexM3\ARM_GCC_541\Debug\F1-TestFixture.a(DEMUX_CTRL_460800.o)
 .debug_info    0x0000d91d      0x25d .\CortexM3\ARM_GCC_541\Debug\F1-TestFixture.a(UART_460800_IntClock.o)
 .debug_info    0x0000db7a      0x245 .\CortexM3\ARM_GCC_541\Debug\F1-TestFixture.a(Timer_10ms.o)
 .debug_info    0x0000ddbf      0x26a .\CortexM3\ARM_GCC_541\Debug\F1-TestFixture.a(isr_Timer_10ms.o)
 .debug_info    0x0000e029      0x245 .\CortexM3\ARM_GCC_541\Debug\F1-TestFixture.a(Timer_50ms.o)
 .debug_info    0x0000e26e      0x30b .\CortexM3\ARM_GCC_541\Debug\F1-TestFixture.a(isr_Timer_50ms.o)
 .debug_info    0x0000e579      0x11e .\CortexM3\ARM_GCC_541\Debug\F1-TestFixture.a(PB_NextAction.o)
 .debug_info    0x0000e697      0x248 .\CortexM3\ARM_GCC_541\Debug\F1-TestFixture.a(WaveDAC.o)
 .debug_info    0x0000e8df      0x25d .\CortexM3\ARM_GCC_541\Debug\F1-TestFixture.a(WaveDAC_DacClk.o)
 .debug_info    0x0000eb3c      0x11b .\CortexM3\ARM_GCC_541\Debug\F1-TestFixture.a(WaveDAC_Wave1_DMA_dma.o)
 .debug_info    0x0000ec57      0x11b .\CortexM3\ARM_GCC_541\Debug\F1-TestFixture.a(WaveDAC_Wave2_DMA_dma.o)
 .debug_info    0x0000ed72      0x185 .\CortexM3\ARM_GCC_541\Debug\F1-TestFixture.a(WaveDAC_VDAC8.o)
 .debug_info    0x0000eef7      0x11e .\CortexM3\ARM_GCC_541\Debug\F1-TestFixture.a(RTest_BLOCK_4_EN.o)
 .debug_info    0x0000f015      0x11e .\CortexM3\ARM_GCC_541\Debug\F1-TestFixture.a(RTest_BLOCK_3_EN.o)
 .debug_info    0x0000f133      0x11e .\CortexM3\ARM_GCC_541\Debug\F1-TestFixture.a(RTest_BLOCK_2_EN.o)
 .debug_info    0x0000f251      0x11e .\CortexM3\ARM_GCC_541\Debug\F1-TestFixture.a(RTest_BLOCK_1_EN.o)
 .debug_info    0x0000f36f      0x11e .\CortexM3\ARM_GCC_541\Debug\F1-TestFixture.a(RTest_DEMUX_C.o)
 .debug_info    0x0000f48d      0x11e .\CortexM3\ARM_GCC_541\Debug\F1-TestFixture.a(RTest_DEMUX_B.o)
 .debug_info    0x0000f5ab      0x11e .\CortexM3\ARM_GCC_541\Debug\F1-TestFixture.a(RTest_DEMUX_A.o)
 .debug_info    0x0000f6c9      0x11e .\CortexM3\ARM_GCC_541\Debug\F1-TestFixture.a(RTest_DEMUX_COM.o)
 .debug_info    0x0000f7e7       0xd7 .\CortexM3\ARM_GCC_541\Debug\F1-TestFixture.a(MUX_CTRL_115200.o)
 .debug_info    0x0000f8be      0x11e .\CortexM3\ARM_GCC_541\Debug\F1-TestFixture.a(Overload1.o)
 .debug_info    0x0000f9dc      0x11e .\CortexM3\ARM_GCC_541\Debug\F1-TestFixture.a(Overload2.o)
 .debug_info    0x0000fafa       0x92 .\CortexM3\ARM_GCC_541\Debug\F1-TestFixture.a(CyBootAsmGnu.o)
 .debug_info    0x0000fb8c      0x3b9 .\CortexM3\ARM_GCC_541\Debug\F1-TestFixture.a(CyFlash.o)
 .debug_info    0x0000ff45      0x4c0 .\CortexM3\ARM_GCC_541\Debug\F1-TestFixture.a(CySpc.o)
 .debug_info    0x00010405      0x11e .\CortexM3\ARM_GCC_541\Debug\F1-TestFixture.a(LED1.o)
 .debug_info    0x00010523      0x11e .\CortexM3\ARM_GCC_541\Debug\F1-TestFixture.a(LED2.o)
 .debug_info    0x00010641      0x11e .\CortexM3\ARM_GCC_541\Debug\F1-TestFixture.a(LED3.o)

.debug_abbrev   0x00000000     0x4b70
 *(.debug_abbrev)
 .debug_abbrev  0x00000000      0x10b .\CortexM3\ARM_GCC_541\Debug\main.o
 .debug_abbrev  0x0000010b      0x247 .\CortexM3\ARM_GCC_541\Debug\ControllerTest.o
 .debug_abbrev  0x00000352      0x23b .\CortexM3\ARM_GCC_541\Debug\UART_230400_Functions.o
 .debug_abbrev  0x0000058d      0x225 .\CortexM3\ARM_GCC_541\Debug\SirenTest.o
 .debug_abbrev  0x000007b2      0x254 .\CortexM3\ARM_GCC_541\Debug\RelayTest.o
 .debug_abbrev  0x00000a06      0x1e9 .\CortexM3\ARM_GCC_541\Debug\UART_460800_Functions.o
 .debug_abbrev  0x00000bef      0x169 .\CortexM3\ARM_GCC_541\Debug\UART_115200_Functions.o
 .debug_abbrev  0x00000d58       0xd8 .\CortexM3\ARM_GCC_541\Debug\CD4051BPW_Driver.o
 .debug_abbrev  0x00000e30      0x1fb .\CortexM3\ARM_GCC_541\Debug\ControllerTest_Complete.o
 .debug_abbrev  0x0000102b      0x20f .\CortexM3\ARM_GCC_541\Debug\RelayTest_Complete.o
 .debug_abbrev  0x0000123a      0x1fb .\CortexM3\ARM_GCC_541\Debug\ControllerCableTest_Complete.o
 .debug_abbrev  0x00001435      0x1b7 .\CortexM3\ARM_GCC_541\Debug\cyfitter_cfg.o
 .debug_abbrev  0x000015ec       0x77 .\CortexM3\ARM_GCC_541\Debug\cymetadata.o
 .debug_abbrev  0x00001663      0x1d6 .\CortexM3\ARM_GCC_541\Debug\Cm3Start.o
 .debug_abbrev  0x00001839      0x194 .\CortexM3\ARM_GCC_541\Debug\F1-TestFixture.a(CyDmac.o)
 .debug_abbrev  0x000019cd      0x217 .\CortexM3\ARM_GCC_541\Debug\F1-TestFixture.a(CyLib.o)
 .debug_abbrev  0x00001be4      0x161 .\CortexM3\ARM_GCC_541\Debug\F1-TestFixture.a(cyPm.o)
 .debug_abbrev  0x00001d45       0x90 .\CortexM3\ARM_GCC_541\Debug\F1-TestFixture.a(STest_SIREN_EN.o)
 .debug_abbrev  0x00001dd5       0x90 .\CortexM3\ARM_GCC_541\Debug\F1-TestFixture.a(CTest_CONT_VBATT_EN.o)
 .debug_abbrev  0x00001e65       0x90 .\CortexM3\ARM_GCC_541\Debug\F1-TestFixture.a(CTest_USB_5V_EN.o)
 .debug_abbrev  0x00001ef5       0x90 .\CortexM3\ARM_GCC_541\Debug\F1-TestFixture.a(RTest_SIREN_EN.o)
 .debug_abbrev  0x00001f85       0x90 .\CortexM3\ARM_GCC_541\Debug\F1-TestFixture.a(RS1.o)
 .debug_abbrev  0x00002015       0x90 .\CortexM3\ARM_GCC_541\Debug\F1-TestFixture.a(RS2.o)
 .debug_abbrev  0x000020a5       0x90 .\CortexM3\ARM_GCC_541\Debug\F1-TestFixture.a(RTest_HSide1.o)
 .debug_abbrev  0x00002135       0x90 .\CortexM3\ARM_GCC_541\Debug\F1-TestFixture.a(RTest_HSide3.o)
 .debug_abbrev  0x000021c5       0x90 .\CortexM3\ARM_GCC_541\Debug\F1-TestFixture.a(RTest_HSide2.o)
 .debug_abbrev  0x00002255       0x90 .\CortexM3\ARM_GCC_541\Debug\F1-TestFixture.a(RTest_HSide4.o)
 .debug_abbrev  0x000022e5       0x90 .\CortexM3\ARM_GCC_541\Debug\F1-TestFixture.a(RTest_HSide5.o)
 .debug_abbrev  0x00002375       0x90 .\CortexM3\ARM_GCC_541\Debug\F1-TestFixture.a(RTest_HSide6.o)
 .debug_abbrev  0x00002405       0x90 .\CortexM3\ARM_GCC_541\Debug\F1-TestFixture.a(RTest_HSide7.o)
 .debug_abbrev  0x00002495       0x90 .\CortexM3\ARM_GCC_541\Debug\F1-TestFixture.a(RTest_HSide8.o)
 .debug_abbrev  0x00002525      0x178 .\CortexM3\ARM_GCC_541\Debug\F1-TestFixture.a(isr_UART_230400.o)
 .debug_abbrev  0x0000269d      0x15d .\CortexM3\ARM_GCC_541\Debug\F1-TestFixture.a(UART_230400.o)
 .debug_abbrev  0x000027fa       0x79 .\CortexM3\ARM_GCC_541\Debug\F1-TestFixture.a(UART_230400_INT.o)
 .debug_abbrev  0x00002873      0x11d .\CortexM3\ARM_GCC_541\Debug\F1-TestFixture.a(UART_230400_IntClock.o)
 .debug_abbrev  0x00002990       0x81 .\CortexM3\ARM_GCC_541\Debug\F1-TestFixture.a(MUX_CTRL_230400.o)
 .debug_abbrev  0x00002a11       0xe9 .\CortexM3\ARM_GCC_541\Debug\F1-TestFixture.a(Timer_20ms.o)
 .debug_abbrev  0x00002afa       0x90 .\CortexM3\ARM_GCC_541\Debug\F1-TestFixture.a(LED_EN.o)
 .debug_abbrev  0x00002b8a      0x1a7 .\CortexM3\ARM_GCC_541\Debug\F1-TestFixture.a(isr_Timer_20ms.o)
 .debug_abbrev  0x00002d31      0x15d .\CortexM3\ARM_GCC_541\Debug\F1-TestFixture.a(UART_115200.o)
 .debug_abbrev  0x00002e8e       0x79 .\CortexM3\ARM_GCC_541\Debug\F1-TestFixture.a(UART_115200_INT.o)
 .debug_abbrev  0x00002f07      0x178 .\CortexM3\ARM_GCC_541\Debug\F1-TestFixture.a(isr_UART_115200.o)
 .debug_abbrev  0x0000307f      0x11d .\CortexM3\ARM_GCC_541\Debug\F1-TestFixture.a(UART_115200_IntClock.o)
 .debug_abbrev  0x0000319c       0x81 .\CortexM3\ARM_GCC_541\Debug\F1-TestFixture.a(DEMUX_CTRL_230400.o)
 .debug_abbrev  0x0000321d      0x178 .\CortexM3\ARM_GCC_541\Debug\F1-TestFixture.a(isr_UART_460800.o)
 .debug_abbrev  0x00003395      0x15d .\CortexM3\ARM_GCC_541\Debug\F1-TestFixture.a(UART_460800.o)
 .debug_abbrev  0x000034f2       0x79 .\CortexM3\ARM_GCC_541\Debug\F1-TestFixture.a(UART_460800_INT.o)
 .debug_abbrev  0x0000356b       0x81 .\CortexM3\ARM_GCC_541\Debug\F1-TestFixture.a(MUX_CTRL_460800.o)
 .debug_abbrev  0x000035ec       0x81 .\CortexM3\ARM_GCC_541\Debug\F1-TestFixture.a(DEMUX_CTRL_460800.o)
 .debug_abbrev  0x0000366d      0x11d .\CortexM3\ARM_GCC_541\Debug\F1-TestFixture.a(UART_460800_IntClock.o)
 .debug_abbrev  0x0000378a       0xe9 .\CortexM3\ARM_GCC_541\Debug\F1-TestFixture.a(Timer_10ms.o)
 .debug_abbrev  0x00003873      0x15c .\CortexM3\ARM_GCC_541\Debug\F1-TestFixture.a(isr_Timer_10ms.o)
 .debug_abbrev  0x000039cf       0xe9 .\CortexM3\ARM_GCC_541\Debug\F1-TestFixture.a(Timer_50ms.o)
 .debug_abbrev  0x00003ab8      0x18b .\CortexM3\ARM_GCC_541\Debug\F1-TestFixture.a(isr_Timer_50ms.o)
 .debug_abbrev  0x00003c43       0x90 .\CortexM3\ARM_GCC_541\Debug\F1-TestFixture.a(PB_NextAction.o)
 .debug_abbrev  0x00003cd3       0xe3 .\CortexM3\ARM_GCC_541\Debug\F1-TestFixture.a(WaveDAC.o)
 .debug_abbrev  0x00003db6      0x11d .\CortexM3\ARM_GCC_541\Debug\F1-TestFixture.a(WaveDAC_DacClk.o)
 .debug_abbrev  0x00003ed3       0x8b .\CortexM3\ARM_GCC_541\Debug\F1-TestFixture.a(WaveDAC_Wave1_DMA_dma.o)
 .debug_abbrev  0x00003f5e       0x8b .\CortexM3\ARM_GCC_541\Debug\F1-TestFixture.a(WaveDAC_Wave2_DMA_dma.o)
 .debug_abbrev  0x00003fe9       0xeb .\CortexM3\ARM_GCC_541\Debug\F1-TestFixture.a(WaveDAC_VDAC8.o)
 .debug_abbrev  0x000040d4       0x90 .\CortexM3\ARM_GCC_541\Debug\F1-TestFixture.a(RTest_BLOCK_4_EN.o)
 .debug_abbrev  0x00004164       0x90 .\CortexM3\ARM_GCC_541\Debug\F1-TestFixture.a(RTest_BLOCK_3_EN.o)
 .debug_abbrev  0x000041f4       0x90 .\CortexM3\ARM_GCC_541\Debug\F1-TestFixture.a(RTest_BLOCK_2_EN.o)
 .debug_abbrev  0x00004284       0x90 .\CortexM3\ARM_GCC_541\Debug\F1-TestFixture.a(RTest_BLOCK_1_EN.o)
 .debug_abbrev  0x00004314       0x90 .\CortexM3\ARM_GCC_541\Debug\F1-TestFixture.a(RTest_DEMUX_C.o)
 .debug_abbrev  0x000043a4       0x90 .\CortexM3\ARM_GCC_541\Debug\F1-TestFixture.a(RTest_DEMUX_B.o)
 .debug_abbrev  0x00004434       0x90 .\CortexM3\ARM_GCC_541\Debug\F1-TestFixture.a(RTest_DEMUX_A.o)
 .debug_abbrev  0x000044c4       0x90 .\CortexM3\ARM_GCC_541\Debug\F1-TestFixture.a(RTest_DEMUX_COM.o)
 .debug_abbrev  0x00004554       0x81 .\CortexM3\ARM_GCC_541\Debug\F1-TestFixture.a(MUX_CTRL_115200.o)
 .debug_abbrev  0x000045d5       0x90 .\CortexM3\ARM_GCC_541\Debug\F1-TestFixture.a(Overload1.o)
 .debug_abbrev  0x00004665       0x90 .\CortexM3\ARM_GCC_541\Debug\F1-TestFixture.a(Overload2.o)
 .debug_abbrev  0x000046f5       0x14 .\CortexM3\ARM_GCC_541\Debug\F1-TestFixture.a(CyBootAsmGnu.o)
 .debug_abbrev  0x00004709      0x14b .\CortexM3\ARM_GCC_541\Debug\F1-TestFixture.a(CyFlash.o)
 .debug_abbrev  0x00004854      0x16c .\CortexM3\ARM_GCC_541\Debug\F1-TestFixture.a(CySpc.o)
 .debug_abbrev  0x000049c0       0x90 .\CortexM3\ARM_GCC_541\Debug\F1-TestFixture.a(LED1.o)
 .debug_abbrev  0x00004a50       0x90 .\CortexM3\ARM_GCC_541\Debug\F1-TestFixture.a(LED2.o)
 .debug_abbrev  0x00004ae0       0x90 .\CortexM3\ARM_GCC_541\Debug\F1-TestFixture.a(LED3.o)

.debug_line     0x00000000     0x7acc
 *(.debug_line)
 .debug_line    0x00000000      0x23e .\CortexM3\ARM_GCC_541\Debug\main.o
 .debug_line    0x0000023e      0x4d6 .\CortexM3\ARM_GCC_541\Debug\ControllerTest.o
 .debug_line    0x00000714      0x3a8 .\CortexM3\ARM_GCC_541\Debug\UART_230400_Functions.o
 .debug_line    0x00000abc      0x3ea .\CortexM3\ARM_GCC_541\Debug\SirenTest.o
 .debug_line    0x00000ea6      0x594 .\CortexM3\ARM_GCC_541\Debug\RelayTest.o
 .debug_line    0x0000143a      0x309 .\CortexM3\ARM_GCC_541\Debug\UART_460800_Functions.o
 .debug_line    0x00001743      0x22f .\CortexM3\ARM_GCC_541\Debug\UART_115200_Functions.o
 .debug_line    0x00001972      0x1d3 .\CortexM3\ARM_GCC_541\Debug\CD4051BPW_Driver.o
 .debug_line    0x00001b45      0x34f .\CortexM3\ARM_GCC_541\Debug\ControllerTest_Complete.o
 .debug_line    0x00001e94      0x44e .\CortexM3\ARM_GCC_541\Debug\RelayTest_Complete.o
 .debug_line    0x000022e2      0x2fb .\CortexM3\ARM_GCC_541\Debug\ControllerCableTest_Complete.o
 .debug_line    0x000025dd      0x230 .\CortexM3\ARM_GCC_541\Debug\cyfitter_cfg.o
 .debug_line    0x0000280d      0x141 .\CortexM3\ARM_GCC_541\Debug\cymetadata.o
 .debug_line    0x0000294e      0x1db .\CortexM3\ARM_GCC_541\Debug\Cm3Start.o
 .debug_line    0x00002b29      0x2b6 .\CortexM3\ARM_GCC_541\Debug\F1-TestFixture.a(CyDmac.o)
 .debug_line    0x00002ddf      0x883 .\CortexM3\ARM_GCC_541\Debug\F1-TestFixture.a(CyLib.o)
 .debug_line    0x00003662      0x38e .\CortexM3\ARM_GCC_541\Debug\F1-TestFixture.a(cyPm.o)
 .debug_line    0x000039f0       0x9e .\CortexM3\ARM_GCC_541\Debug\F1-TestFixture.a(STest_SIREN_EN.o)
 .debug_line    0x00003a8e       0xa3 .\CortexM3\ARM_GCC_541\Debug\F1-TestFixture.a(CTest_CONT_VBATT_EN.o)
 .debug_line    0x00003b31       0x9f .\CortexM3\ARM_GCC_541\Debug\F1-TestFixture.a(CTest_USB_5V_EN.o)
 .debug_line    0x00003bd0       0x9e .\CortexM3\ARM_GCC_541\Debug\F1-TestFixture.a(RTest_SIREN_EN.o)
 .debug_line    0x00003c6e       0x93 .\CortexM3\ARM_GCC_541\Debug\F1-TestFixture.a(RS1.o)
 .debug_line    0x00003d01       0x93 .\CortexM3\ARM_GCC_541\Debug\F1-TestFixture.a(RS2.o)
 .debug_line    0x00003d94       0x9c .\CortexM3\ARM_GCC_541\Debug\F1-TestFixture.a(RTest_HSide1.o)
 .debug_line    0x00003e30       0x9c .\CortexM3\ARM_GCC_541\Debug\F1-TestFixture.a(RTest_HSide3.o)
 .debug_line    0x00003ecc       0x9c .\CortexM3\ARM_GCC_541\Debug\F1-TestFixture.a(RTest_HSide2.o)
 .debug_line    0x00003f68       0x9c .\CortexM3\ARM_GCC_541\Debug\F1-TestFixture.a(RTest_HSide4.o)
 .debug_line    0x00004004       0x9c .\CortexM3\ARM_GCC_541\Debug\F1-TestFixture.a(RTest_HSide5.o)
 .debug_line    0x000040a0       0x9c .\CortexM3\ARM_GCC_541\Debug\F1-TestFixture.a(RTest_HSide6.o)
 .debug_line    0x0000413c       0x9c .\CortexM3\ARM_GCC_541\Debug\F1-TestFixture.a(RTest_HSide7.o)
 .debug_line    0x000041d8       0x9c .\CortexM3\ARM_GCC_541\Debug\F1-TestFixture.a(RTest_HSide8.o)
 .debug_line    0x00004274      0x264 .\CortexM3\ARM_GCC_541\Debug\F1-TestFixture.a(isr_UART_230400.o)