Archive member included to satisfy reference by file (symbol)

.\CortexM3\ARM_GCC_541\Debug\F1-TestFixture.a(CyDmac.o)
                              .\CortexM3\ARM_GCC_541\Debug\Cm3Start.o (CyDmacConfigure)
.\CortexM3\ARM_GCC_541\Debug\F1-TestFixture.a(CyLib.o)
                              .\CortexM3\ARM_GCC_541\Debug\Cm3Start.o (CyResetStatus)
.\CortexM3\ARM_GCC_541\Debug\F1-TestFixture.a(cyPm.o)
                              .\CortexM3\ARM_GCC_541\Debug\F1-TestFixture.a(CyLib.o) (CyPmReadStatus)
.\CortexM3\ARM_GCC_541\Debug\F1-TestFixture.a(RTest_SIREN_EN.o)
                              .\CortexM3\ARM_GCC_541\Debug\RelayTest.o (RTest_SIREN_EN_Read)
.\CortexM3\ARM_GCC_541\Debug\F1-TestFixture.a(isr_UART_230400.o)
                              .\CortexM3\ARM_GCC_541\Debug\main.o (isr_UART_230400_Start)
.\CortexM3\ARM_GCC_541\Debug\F1-TestFixture.a(UART_230400.o)
                              .\CortexM3\ARM_GCC_541\Debug\main.o (UART_230400_Start)
.\CortexM3\ARM_GCC_541\Debug\F1-TestFixture.a(UART_230400_INT.o)
                              .\CortexM3\ARM_GCC_541\Debug\F1-TestFixture.a(UART_230400.o) (UART_230400_TXISR)
.\CortexM3\ARM_GCC_541\Debug\F1-TestFixture.a(UART_230400_IntClock.o)
                              .\CortexM3\ARM_GCC_541\Debug\F1-TestFixture.a(UART_230400.o) (UART_230400_IntClock_Start)
.\CortexM3\ARM_GCC_541\Debug\F1-TestFixture.a(MUX_CTRL_230400.o)
                              .\CortexM3\ARM_GCC_541\Debug\ControllerTest.o (MUX_CTRL_230400_Write)
.\CortexM3\ARM_GCC_541\Debug\F1-TestFixture.a(Timer_20ms.o)
                              .\CortexM3\ARM_GCC_541\Debug\main.o (Timer_20ms_Start)
.\CortexM3\ARM_GCC_541\Debug\F1-TestFixture.a(LED_EN.o)
                              .\CortexM3\ARM_GCC_541\Debug\SirenTest.o (LED_EN_Write)
.\CortexM3\ARM_GCC_541\Debug\F1-TestFixture.a(isr_Timer_20ms.o)
                              .\CortexM3\ARM_GCC_541\Debug\main.o (isr_Timer_20ms_Start)
.\CortexM3\ARM_GCC_541\Debug\F1-TestFixture.a(UART_115200.o)
                              .\CortexM3\ARM_GCC_541\Debug\main.o (UART_115200_Start)
.\CortexM3\ARM_GCC_541\Debug\F1-TestFixture.a(UART_115200_INT.o)
                              .\CortexM3\ARM_GCC_541\Debug\F1-TestFixture.a(UART_115200.o) (UART_115200_TXISR)
.\CortexM3\ARM_GCC_541\Debug\F1-TestFixture.a(isr_UART_115200.o)
                              .\CortexM3\ARM_GCC_541\Debug\main.o (isr_UART_115200_Start)
.\CortexM3\ARM_GCC_541\Debug\F1-TestFixture.a(UART_115200_IntClock.o)
                              .\CortexM3\ARM_GCC_541\Debug\F1-TestFixture.a(UART_115200.o) (UART_115200_IntClock_Start)
.\CortexM3\ARM_GCC_541\Debug\F1-TestFixture.a(DEMUX_CTRL_230400.o)
                              .\CortexM3\ARM_GCC_541\Debug\UART_230400_Functions.o (DEMUX_CTRL_230400_Write)
.\CortexM3\ARM_GCC_541\Debug\F1-TestFixture.a(isr_UART_460800.o)
                              .\CortexM3\ARM_GCC_541\Debug\main.o (isr_UART_460800_Start)
.\CortexM3\ARM_GCC_541\Debug\F1-TestFixture.a(UART_460800.o)
                              .\CortexM3\ARM_GCC_541\Debug\main.o (UART_460800_Start)
.\CortexM3\ARM_GCC_541\Debug\F1-TestFixture.a(UART_460800_INT.o)
                              .\CortexM3\ARM_GCC_541\Debug\F1-TestFixture.a(UART_460800.o) (UART_460800_TXISR)
.\CortexM3\ARM_GCC_541\Debug\F1-TestFixture.a(MUX_CTRL_460800.o)
                              .\CortexM3\ARM_GCC_541\Debug\RelayTest.o (MUX_CTRL_460800_Write)
.\CortexM3\ARM_GCC_541\Debug\F1-TestFixture.a(DEMUX_CTRL_460800.o)
                              .\CortexM3\ARM_GCC_541\Debug\RelayTest.o (DEMUX_CTRL_460800_Write)
.\CortexM3\ARM_GCC_541\Debug\F1-TestFixture.a(UART_460800_IntClock.o)
                              .\CortexM3\ARM_GCC_541\Debug\F1-TestFixture.a(UART_460800.o) (UART_460800_IntClock_Start)
.\CortexM3\ARM_GCC_541\Debug\F1-TestFixture.a(Timer_10ms.o)
                              .\CortexM3\ARM_GCC_541\Debug\main.o (Timer_10ms_Start)
.\CortexM3\ARM_GCC_541\Debug\F1-TestFixture.a(isr_Timer_10ms.o)
                              .\CortexM3\ARM_GCC_541\Debug\main.o (isr_Timer_10ms_Start)
.\CortexM3\ARM_GCC_541\Debug\F1-TestFixture.a(Timer_50ms.o)
                              .\CortexM3\ARM_GCC_541\Debug\main.o (Timer_50ms_Start)
.\CortexM3\ARM_GCC_541\Debug\F1-TestFixture.a(isr_Timer_50ms.o)
                              .\CortexM3\ARM_GCC_541\Debug\main.o (CurrentTest)
.\CortexM3\ARM_GCC_541\Debug\F1-TestFixture.a(PB_NextAction.o)
                              .\CortexM3\ARM_GCC_541\Debug\SirenTest.o (PB_NextAction_Read)
.\CortexM3\ARM_GCC_541\Debug\F1-TestFixture.a(WaveDAC.o)
                              .\CortexM3\ARM_GCC_541\Debug\SirenTest.o (WaveDAC_Start)
.\CortexM3\ARM_GCC_541\Debug\F1-TestFixture.a(WaveDAC_Wave1_DMA_dma.o)
                              .\CortexM3\ARM_GCC_541\Debug\F1-TestFixture.a(WaveDAC.o) (WaveDAC_Wave1_DMA_DmaInitialize)
.\CortexM3\ARM_GCC_541\Debug\F1-TestFixture.a(WaveDAC_Wave2_DMA_dma.o)
[...]
Memory Configuration

Name             Origin             Length             Attributes
rom              0x00000000         0x00020000         xr
ram              0x1fffc000         0x00008000         xrw
*default*        0x00000000         0xffffffff

Linker script and memory map

LOAD c:/program files (x86)/cypress/psoc creator/4.3/psoc creator/import/gnu/arm/5.4.1/bin/../lib/gcc/arm-none-eabi/5.4.1/armv7-m/crti.o
LOAD c:/program files (x86)/cypress/psoc creator/4.3/psoc creator/import/gnu/arm/5.4.1/bin/../lib/gcc/arm-none-eabi/5.4.1/armv7-m/crtbegin.o
LOAD c:/program files (x86)/cypress/psoc creator/4.3/psoc creator/import/gnu/arm/5.4.1/bin/../lib/gcc/arm-none-eabi/5.4.1/../../../../arm-none-eabi/lib/armv7-m/crt0.o
START GROUP
LOAD .\CortexM3\ARM_GCC_541\Debug\main.o
LOAD .\CortexM3\ARM_GCC_541\Debug\ControllerTest.o
LOAD .\CortexM3\ARM_GCC_541\Debug\UART_230400_Functions.o
LOAD .\CortexM3\ARM_GCC_541\Debug\SirenTest.o
LOAD .\CortexM3\ARM_GCC_541\Debug\RelayTest.o
LOAD .\CortexM3\ARM_GCC_541\Debug\UART_460800_Functions.o
LOAD .\CortexM3\ARM_GCC_541\Debug\UART_115200_Functions.o
LOAD .\CortexM3\ARM_GCC_541\Debug\CD4051BPW_Driver.o
LOAD .\CortexM3\ARM_GCC_541\Debug\cyfitter_cfg.o
LOAD .\CortexM3\ARM_GCC_541\Debug\cymetadata.o
LOAD .\CortexM3\ARM_GCC_541\Debug\Cm3Start.o
LOAD .\CortexM3\ARM_GCC_541\Debug\F1-TestFixture.a
LOAD C:\Program Files (x86)\Cypress\PSoC Creator\4.3\PSoC Creator\psoc\content\cycomponentlibrary\CyComponentLibrary.cylib\CortexM3\ARM_GCC_541\Debug\CyComponentLibrary.a
END GROUP
START GROUP
LOAD c:/program files (x86)/cypress/psoc creator/4.3/psoc creator/import/gnu/arm/5.4.1/bin/../lib/gcc/arm-none-eabi/5.4.1/armv7-m\libgcc.a
LOAD c:/program files (x86)/cypress/psoc creator/4.3/psoc creator/import/gnu/arm/5.4.1/bin/../lib/gcc/arm-none-eabi/5.4.1/../../../../arm-none-eabi/lib/armv7-m\libg_nano.a
LOAD c:/program files (x86)/cypress/psoc creator/4.3/psoc creator/import/gnu/arm/5.4.1/bin/../lib/gcc/arm-none-eabi/5.4.1/../../../../arm-none-eabi/lib/armv7-m\libc_nano.a
END GROUP
START GROUP
LOAD c:/program files (x86)/cypress/psoc creator/4.3/psoc creator/import/gnu/arm/5.4.1/bin/../lib/gcc/arm-none-eabi/5.4.1/armv7-m\libgcc.a
LOAD c:/program files (x86)/cypress/psoc creator/4.3/psoc creator/import/gnu/arm/5.4.1/bin/../lib/gcc/arm-none-eabi/5.4.1/../../../../arm-none-eabi/lib/armv7-m\libc_nano.a
END GROUP
LOAD c:/program files (x86)/cypress/psoc creator/4.3/psoc creator/import/gnu/arm/5.4.1/bin/../lib/gcc/arm-none-eabi/5.4.1/armv7-m/crtend.o
LOAD c:/program files (x86)/cypress/psoc creator/4.3/psoc creator/import/gnu/arm/5.4.1/bin/../lib/gcc/arm-none-eabi/5.4.1/armv7-m/crtn.o
START GROUP
LOAD c:/program files (x86)/cypress/psoc creator/4.3/psoc creator/import/gnu/arm/5.4.1/bin/../lib/gcc/arm-none-eabi/5.4.1/armv7-m\libgcc.a
LOAD c:/program files (x86)/cypress/psoc creator/4.3/psoc creator/import/gnu/arm/5.4.1/bin/../lib/gcc/arm-none-eabi/5.4.1/../../../../arm-none-eabi/lib/armv7-m\libc.a
LOAD c:/program files (x86)/cypress/psoc creator/4.3/psoc creator/import/gnu/arm/5.4.1/bin/../lib/gcc/arm-none-eabi/5.4.1/../../../../arm-none-eabi/lib/armv7-m\libnosys.a
END GROUP
                0x00000000                CY_APPL_ORIGIN = 0x0
                0x00000100                CY_FLASH_ROW_SIZE = 0x100
                0x00000020                CY_ECC_ROW_SIZE = 0x20
                0x00000000                CY_EE_IN_BTLDR = 0x0
                0x00000000                CY_APPL_LOADABLE = 0x0
                0x00000800                CY_EE_SIZE = 0x800
                0x00000001                CY_APPL_NUM = 0x1
                0x00000001                CY_APPL_MAX = 0x1
                0x00000040                CY_METADATA_SIZE = 0x40
                0x00000000                CY_APPL_LOADABLE = 0x0
                0x00000000                CY_CHECKSUM_EXCLUDE_SIZE = ALIGN (0x0, CY_FLASH_ROW_SIZE)
                [!provide]                PROVIDE (__cy_heap_start, _end)
                0x00000001                PROVIDE (__cy_region_num, ((__cy_regions_end - __cy_regions) / 0x10))
                0x20004000                PROVIDE (__cy_stack, (ORIGIN (ram) + LENGTH (ram)))
                [!provide]                PROVIDE (__cy_heap_end, (__cy_stack - 0x800))

.cybootloader   0x00000000        0x0
 *(.cybootloader)
                0x00000000                appl1_start = CY_APPL_ORIGIN?CY_APPL_ORIGIN:ALIGN (CY_FLASH_ROW_SIZE)
                0x0000ff00                appl2_start = (appl1_start + ALIGN ((((LENGTH (rom) - appl1_start) - (0x2 * CY_FLASH_ROW_SIZE)) / 0x2), CY_FLASH_ROW_SIZE))
                0x00000000                appl_start = (CY_APPL_NUM == 0x1)?appl1_start:appl2_start
                0x00000000                ecc_offset = ((appl_start / CY_FLASH_ROW_SIZE) * CY_ECC_ROW_SIZE)
                0x00000000                ee_offset = (CY_APPL_LOADABLE && ! (CY_EE_IN_BTLDR))?((CY_EE_SIZE / CY_APPL_MAX) * (CY_APPL_NUM - 0x1)):0x0
                0x00000800                ee_size = (CY_APPL_LOADABLE && ! (CY_EE_IN_BTLDR))?(CY_EE_SIZE / CY_APPL_MAX):CY_EE_SIZE
                [!provide]                PROVIDE (CY_ECC_OFFSET, ecc_offset)

.text           0x00000000     0x4716
 CREATE_OBJECT_SYMBOLS
                0x00000000                PROVIDE (__cy_interrupt_vector, RomVectors)
 *(.romvectors)
 .romvectors    0x00000000       0x10 .\CortexM3\ARM_GCC_541\Debug\Cm3Start.o
                0x00000000                RomVectors
                0x00000001                ASSERT ((. != __cy_interrupt_vector), No interrupt vector)
                0x00000001                ASSERT (CY_APPL_ORIGIN?(SIZEOF (.cybootloader) <= CY_APPL_ORIGIN):0x1, Wrong image location)
                0x00000010                PROVIDE (__cy_reset, Reset)
 *(.text.Reset)
 .text.Reset    0x00000010       0x18 .\CortexM3\ARM_GCC_541\Debug\Cm3Start.o
                0x00000010                Reset
                0x00000001                ASSERT ((. != __cy_reset), No reset code)
 *(.dma_init)
                0x00000001                ASSERT ((((appl_start + .) <= 0x10000) || 0x1), DMA Init must be within the first 64k of flash)
 *(.text .text.* .gnu.linkonce.t.*)
 .text          0x00000028       0x5c c:/program files (x86)/cypress/psoc creator/4.3/psoc creator/import/gnu/arm/5.4.1/bin/../lib/gcc/arm-none-eabi/5.4.1/armv7-m/crtbegin.o
 .text.main     0x00000084       0x64 .\CortexM3\ARM_GCC_541\Debug\main.o
                0x00000084                main
 .text.initializePeripherals
                0x000000e8       0x44 .\CortexM3\ARM_GCC_541\Debug\main.o
 .text.ControllerTest
                0x0000012c       0xac .\CortexM3\ARM_GCC_541\Debug\ControllerTest.o
                0x0000012c                ControllerTest
 .text.CTest_ReadPowerMode
                0x000001d8       0x1c .\CortexM3\ARM_GCC_541\Debug\ControllerTest.o
                0x000001d8                CTest_ReadPowerMode
 .text.getRxPacket_Controller
                0x000001f4       0x20 .\CortexM3\ARM_GCC_541\Debug\ControllerTest.o
                0x000001f4                getRxPacket_Controller
 .text.CTest_sendDiagPacket
                0x00000214       0x58 .\CortexM3\ARM_GCC_541\Debug\ControllerTest.o
                0x00000214                CTest_sendDiagPacket
 .text.CTest_20ms_isr
                0x0000026c       0x68 .\CortexM3\ARM_GCC_541\Debug\ControllerTest.o
                0x0000026c                CTest_20ms_isr
 .text.CTest_50ms_isr
                0x000002d4        0xc .\CortexM3\ARM_GCC_541\Debug\ControllerTest.o
                0x000002d4                CTest_50ms_isr
 .text.processByteReceivedHandler
                0x000002e0       0x60 .\CortexM3\ARM_GCC_541\Debug\UART_230400_Functions.o
                0x000002e0                processByteReceivedHandler
 .text.detectPacket
                0x00000340      0x324 .\CortexM3\ARM_GCC_541\Debug\UART_230400_Functions.o
 .text.ResetPacketSuccess
                0x00000664       0x28 .\CortexM3\ARM_GCC_541\Debug\UART_230400_Functions.o
                0x00000664                ResetPacketSuccess
 .text.VerifyPacket_230400
                0x0000068c       0x34 .\CortexM3\ARM_GCC_541\Debug\UART_230400_Functions.o
                0x0000068c                VerifyPacket_230400
 .text.sendPacketToRelaySiren
                0x000006c0       0xdc .\CortexM3\ARM_GCC_541\Debug\UART_230400_Functions.o
                0x000006c0                sendPacketToRelaySiren
 .text.sendPacket_SirenToRelay
                0x0000079c       0x60 .\CortexM3\ARM_GCC_541\Debug\UART_230400_Functions.o
                0x0000079c                sendPacket_SirenToRelay
 .text.SirenTest
                0x000007fc      0x2b8 .\CortexM3\ARM_GCC_541\Debug\SirenTest.o
                0x000007fc                SirenTest
 .text.STest_isr_PB
                0x00000ab4       0xe4 .\CortexM3\ARM_GCC_541\Debug\SirenTest.o
                0x00000ab4                STest_isr_PB
 .text.STest_10ms_isr
                0x00000b98       0x20 .\CortexM3\ARM_GCC_541\Debug\SirenTest.o
                0x00000b98                STest_10ms_isr
 .text.STest_20ms_isr
                0x00000bb8       0x68 .\CortexM3\ARM_GCC_541\Debug\SirenTest.o
                0x00000bb8                STest_20ms_isr
 .text.STest_50ms_isr
                0x00000c20       0x4c .\CortexM3\ARM_GCC_541\Debug\SirenTest.o
                0x00000c20                STest_50ms_isr
 .text.PB_WaitForAction
                0x00000c6c       0x60 .\CortexM3\ARM_GCC_541\Debug\SirenTest.o
                0x00000c6c                PB_WaitForAction
 .text.STest_PlayTestTone
                0x00000ccc       0x50 .\CortexM3\ARM_GCC_541\Debug\SirenTest.o
                0x00000ccc                STest_PlayTestTone
 .text.StartAutomatedStep
                0x00000d1c       0x34 .\CortexM3\ARM_GCC_541\Debug\SirenTest.o
                0x00000d1c                StartAutomatedStep
 .text.StopAutomatedStep
                0x00000d50       0x3c .\CortexM3\ARM_GCC_541\Debug\SirenTest.o
                0x00000d50                StopAutomatedStep
 .text.RelayTest
                0x00000d8c      0x3bc .\CortexM3\ARM_GCC_541\Debug\RelayTest.o
                0x00000d8c                RelayTest
 .text.RTest_Test_Outputs
                0x00001148       0x64 .\CortexM3\ARM_GCC_541\Debug\RelayTest.o
                0x00001148                RTest_Test_Outputs
 .text.RTest_Test_DataLink
                0x000011ac       0x58 .\CortexM3\ARM_GCC_541\Debug\RelayTest.o
                0x000011ac                RTest_Test_DataLink
 .text.RTest_Test_QuadPorts
                0x00001204       0x54 .\CortexM3\ARM_GCC_541\Debug\RelayTest.o
                0x00001204                RTest_Test_QuadPorts
 .text.RTest_Test_UART_Siren
                0x00001258       0xa0 .\CortexM3\ARM_GCC_541\Debug\RelayTest.o
                0x00001258                RTest_Test_UART_Siren
 .text.RTest_Test_Inputs
                0x000012f8       0x48 .\CortexM3\ARM_GCC_541\Debug\RelayTest.o
                0x000012f8                RTest_Test_Inputs
 .text.RTest_Test_Vbatt
                0x00001340       0x3c .\CortexM3\ARM_GCC_541\Debug\RelayTest.o
                0x00001340                RTest_Test_Vbatt
 .text.RTest_Test_BlockCurrents
                0x0000137c       0x70 .\CortexM3\ARM_GCC_541\Debug\RelayTest.o
                0x0000137c                RTest_Test_BlockCurrents
 .text.RTest_Test_GPS
                0x000013ec       0x10 .\CortexM3\ARM_GCC_541\Debug\RelayTest.o
                0x000013ec                RTest_Test_GPS
 .text.getRxPacket_Relay
                0x000013fc       0x20 .\CortexM3\ARM_GCC_541\Debug\RelayTest.o
                0x000013fc                getRxPacket_Relay
 .text.getTxPacket_RelaySiren
                0x0000141c       0x20 .\CortexM3\ARM_GCC_541\Debug\RelayTest.o
                0x0000141c                getTxPacket_RelaySiren
 .text.getRxPacket_RelaySiren
                0x0000143c       0x20 .\CortexM3\ARM_GCC_541\Debug\RelayTest.o
                0x0000143c                getRxPacket_RelaySiren
 .text.getTxPacket_H
                0x0000145c       0x20 .\CortexM3\ARM_GCC_541\Debug\RelayTest.o
                0x0000145c                getTxPacket_H
 .text.getRxPacket_H
                0x0000147c       0x20 .\CortexM3\ARM_GCC_541\Debug\RelayTest.o
                0x0000147c                getRxPacket_H
 .text.RTest_BlockCurrent
                0x0000149c       0x7c .\CortexM3\ARM_GCC_541\Debug\RelayTest.o
                0x0000149c                RTest_BlockCurrent
 .text.RTest_10ms_isr
                0x00001518       0x1c .\CortexM3\ARM_GCC_541\Debug\RelayTest.o
                0x00001518                RTest_10ms_isr
 .text.RTest_20ms_isr
                0x00001534       0x84 .\CortexM3\ARM_GCC_541\Debug\RelayTest.o
                0x00001534                RTest_20ms_isr
 .text.RTest_50ms_isr
                0x000015b8       0x48 .\CortexM3\ARM_GCC_541\Debug\RelayTest.o
                0x000015b8                RTest_50ms_isr
 .text.SetRelayOutputs
                0x00001600       0x78 .\CortexM3\ARM_GCC_541\Debug\RelayTest.o
                0x00001600                SetRelayOutputs
 .text.RTest_StartAutomatedStep
                0x00001678       0x3c .\CortexM3\ARM_GCC_541\Debug\RelayTest.o
                0x00001678                RTest_StartAutomatedStep
 .text.RTest_StopAutomatedStep
                0x000016b4       0x40 .\CortexM3\ARM_GCC_541\Debug\RelayTest.o
                0x000016b4                RTest_StopAutomatedStep
 .text.processByteReceivedHandler_460800
                0x000016f4       0x60 .\CortexM3\ARM_GCC_541\Debug\UART_460800_Functions.o
                0x000016f4                processByteReceivedHandler_460800
 .text.detectPacket
                0x00001754      0x21c .\CortexM3\ARM_GCC_541\Debug\UART_460800_Functions.o
 .text.VerifyPacket_460800
                0x00001970       0x34 .\CortexM3\ARM_GCC_541\Debug\UART_460800_Functions.o
                0x00001970                VerifyPacket_460800
 .text.sendPacketToRelay_Quad
                0x000019a4       0x40 .\CortexM3\ARM_GCC_541\Debug\UART_460800_Functions.o
                0x000019a4                sendPacketToRelay_Quad
 .text.sendPacketToSiren_Audio
                0x000019e4       0x2c .\CortexM3\ARM_GCC_541\Debug\UART_460800_Functions.o
                0x000019e4                sendPacketToSiren_Audio
 .text.processByteReceivedHandler_115200
                0x00001a10       0x60 .\CortexM3\ARM_GCC_541\Debug\UART_115200_Functions.o
                0x00001a10                processByteReceivedHandler_115200
 .text.detectPacket
                0x00001a70      0x1d8 .\CortexM3\ARM_GCC_541\Debug\UART_115200_Functions.o
 .text.VerifyPacket_115200
                0x00001c48       0x34 .\CortexM3\ARM_GCC_541\Debug\UART_115200_Functions.o
                0x00001c48                VerifyPacket_115200
 .text.getMuxValue
                0x00001c7c       0x20 .\CortexM3\ARM_GCC_541\Debug\CD4051BPW_Driver.o
 .text.selectADCChannelMux
                0x00001c9c      0x17c .\CortexM3\ARM_GCC_541\Debug\CD4051BPW_Driver.o
                0x00001c9c                selectADCChannelMux
 .text.CYMEMZERO
                0x00001e18       0x1c .\CortexM3\ARM_GCC_541\Debug\cyfitter_cfg.o
 .text.CYCONFIGCPY
                0x00001e34       0x20 .\CortexM3\ARM_GCC_541\Debug\cyfitter_cfg.o
 .text.CyClockStartupError
                0x00001e54        0xc .\CortexM3\ARM_GCC_541\Debug\cyfitter_cfg.o
 .text.cfg_write_bytes32
                0x00001e60       0x74 .\CortexM3\ARM_GCC_541\Debug\cyfitter_cfg.o
 .text.ClockSetup
                0x00001ed4      0x1b4 .\CortexM3\ARM_GCC_541\Debug\cyfitter_cfg.o
 .text.AnalogSetDefault
                0x00002088       0xd0 .\CortexM3\ARM_GCC_541\Debug\cyfitter_cfg.o
 .text.cyfitter_cfg
                0x00002158      0x19c .\CortexM3\ARM_GCC_541\Debug\cyfitter_cfg.o
                0x00002158                cyfitter_cfg
 .text.IntDefaultHandler
                0x000022f4       0x14 .\CortexM3\ARM_GCC_541\Debug\Cm3Start.o
                0x000022f4                IntDefaultHandler
 .text.Start_c  0x00002308       0x98 .\CortexM3\ARM_GCC_541\Debug\Cm3Start.o
                0x00002308                Start_c
 .text.initialize_psoc
                0x000023a0       0x94 .\CortexM3\ARM_GCC_541\Debug\Cm3Start.o
                0x000023a0                initialize_psoc
 .text.CyDmacConfigure
                0x00002434       0x5c .\CortexM3\ARM_GCC_541\Debug\F1-TestFixture.a(CyDmac.o)
                0x00002434                CyDmacConfigure
 .text.CyDmaChEnable
                0x00002490       0x8c .\CortexM3\ARM_GCC_541\Debug\F1-TestFixture.a(CyDmac.o)
                0x00002490                CyDmaChEnable
 .text.CyDmaChDisable
                0x0000251c       0x60 .\CortexM3\ARM_GCC_541\Debug\F1-TestFixture.a(CyDmac.o)
                0x0000251c                CyDmaChDisable
 .text.CyDmaChPriority
                0x0000257c       0x64 .\CortexM3\ARM_GCC_541\Debug\F1-TestFixture.a(CyDmac.o)
                0x0000257c                CyDmaChPriority
 .text.CyDmaChSetExtendedAddress
                0x000025e0       0x78 .\CortexM3\ARM_GCC_541\Debug\F1-TestFixture.a(CyDmac.o)
                0x000025e0                CyDmaChSetExtendedAddress
 .text.CyDmaChSetInitialTd
                0x00002658       0x3c .\CortexM3\ARM_GCC_541\Debug\F1-TestFixture.a(CyDmac.o)
                0x00002658                CyDmaChSetInitialTd
 .text.CyDmaChSetConfiguration
                0x00002694       0xa0 .\CortexM3\ARM_GCC_541\Debug\F1-TestFixture.a(CyDmac.o)
                0x00002694                CyDmaChSetConfiguration
 .text.CyDmaTdAllocate
                0x00002734       0x5c .\CortexM3\ARM_GCC_541\Debug\F1-TestFixture.a(CyDmac.o)
                0x00002734                CyDmaTdAllocate
 .text.CyDmaTdSetConfiguration
                0x00002790       0x80 .\CortexM3\ARM_GCC_541\Debug\F1-TestFixture.a(CyDmac.o)
                0x00002790                CyDmaTdSetConfiguration
 .text.CyDmaTdSetAddress
                0x00002810       0x5c .\CortexM3\ARM_GCC_541\Debug\F1-TestFixture.a(CyDmac.o)
                0x00002810                CyDmaTdSetAddress
 .text.CyHalt   0x0000286c       0x18 .\CortexM3\ARM_GCC_541\Debug\F1-TestFixture.a(CyLib.o)
                0x0000286c                CyHalt
 .text.CyDelay  0x00002884       0x44 .\CortexM3\ARM_GCC_541\Debug\F1-TestFixture.a(CyLib.o)
                0x00002884                CyDelay
 .text.CyDelayUs
                0x000028c8       0x28 .\CortexM3\ARM_GCC_541\Debug\F1-TestFixture.a(CyLib.o)
                0x000028c8                CyDelayUs
 .text.CyIntSetVector
                0x000028f0       0x50 .\CortexM3\ARM_GCC_541\Debug\F1-TestFixture.a(CyLib.o)
                0x000028f0                CyIntSetVector
 .text.CyIntSetPriority
                0x00002940       0x48 .\CortexM3\ARM_GCC_541\Debug\F1-TestFixture.a(CyLib.o)
                0x00002940                CyIntSetPriority
 .text.RTest_SIREN_EN_Read
                0x00002988       0x1c .\CortexM3\ARM_GCC_541\Debug\F1-TestFixture.a(RTest_SIREN_EN.o)
                0x00002988                RTest_SIREN_EN_Read
 .text.isr_UART_230400_Start
                0x000029a4       0x20 .\CortexM3\ARM_GCC_541\Debug\F1-TestFixture.a(isr_UART_230400.o)
                0x000029a4                isr_UART_230400_Start
 .text.isr_UART_230400_Interrupt
                0x000029c4        0xc .\CortexM3\ARM_GCC_541\Debug\F1-TestFixture.a(isr_UART_230400.o)
                0x000029c4                isr_UART_230400_Interrupt
 .text.isr_UART_230400_SetVector
                0x000029d0       0x24 .\CortexM3\ARM_GCC_541\Debug\F1-TestFixture.a(isr_UART_230400.o)
                0x000029d0                isr_UART_230400_SetVector
 .text.isr_UART_230400_SetPriority
                0x000029f4       0x24 .\CortexM3\ARM_GCC_541\Debug\F1-TestFixture.a(isr_UART_230400.o)
                0x000029f4                isr_UART_230400_SetPriority
 .text.isr_UART_230400_Enable
                0x00002a18       0x18 .\CortexM3\ARM_GCC_541\Debug\F1-TestFixture.a(isr_UART_230400.o)
                0x00002a18                isr_UART_230400_Enable
 .text.isr_UART_230400_Disable
                0x00002a30       0x18 .\CortexM3\ARM_GCC_541\Debug\F1-TestFixture.a(isr_UART_230400.o)
                0x00002a30                isr_UART_230400_Disable
 .text.UART_230400_Start
                0x00002a48       0x24 .\CortexM3\ARM_GCC_541\Debug\F1-TestFixture.a(UART_230400.o)
                0x00002a48                UART_230400_Start
 .text.UART_230400_Init
                0x00002a6c       0x50 .\CortexM3\ARM_GCC_541\Debug\F1-TestFixture.a(UART_230400.o)
                0x00002a6c                UART_230400_Init
 .text.UART_230400_Enable
                0x00002abc       0x74 .\CortexM3\ARM_GCC_541\Debug\F1-TestFixture.a(UART_230400.o)
                0x00002abc                UART_230400_Enable
 .text.UART_230400_ReadRxStatus
                0x00002b30       0x24 .\CortexM3\ARM_GCC_541\Debug\F1-TestFixture.a(UART_230400.o)
                0x00002b30                UART_230400_ReadRxStatus
 .text.UART_230400_GetChar
                0x00002b54       0x44 .\CortexM3\ARM_GCC_541\Debug\F1-TestFixture.a(UART_230400.o)
                0x00002b54                UART_230400_GetChar
 .text.UART_230400_WriteTxData
                0x00002b98       0x94 .\CortexM3\ARM_GCC_541\Debug\F1-TestFixture.a(UART_230400.o)
                0x00002b98                UART_230400_WriteTxData
 .text.UART_230400_PutChar
                0x00002c2c       0xbc .\CortexM3\ARM_GCC_541\Debug\F1-TestFixture.a(UART_230400.o)
                0x00002c2c                UART_230400_PutChar
 .text.UART_230400_PutArray
                0x00002ce8       0x44 .\CortexM3\ARM_GCC_541\Debug\F1-TestFixture.a(UART_230400.o)
                0x00002ce8                UART_230400_PutArray
 .text.UART_230400_TXISR
                0x00002d2c       0x70 .\CortexM3\ARM_GCC_541\Debug\F1-TestFixture.a(UART_230400_INT.o)
                0x00002d2c                UART_230400_TXISR
 .text.UART_230400_IntClock_Start
                0x00002d9c       0x34 .\CortexM3\ARM_GCC_541\Debug\F1-TestFixture.a(UART_230400_IntClock.o)
                0x00002d9c                UART_230400_IntClock_Start
 .text.MUX_CTRL_230400_Write
                0x00002dd0       0x20 .\CortexM3\ARM_GCC_541\Debug\F1-TestFixture.a(MUX_CTRL_230400.o)
                0x00002dd0                MUX_CTRL_230400_Write
 .text.Timer_20ms_Init
                0x00002df0       0xa0 .\CortexM3\ARM_GCC_541\Debug\F1-TestFixture.a(Timer_20ms.o)
                0x00002df0                Timer_20ms_Init
 .text.Timer_20ms_Enable
                0x00002e90       0x48 .\CortexM3\ARM_GCC_541\Debug\F1-TestFixture.a(Timer_20ms.o)
                0x00002e90                Timer_20ms_Enable
 .text.Timer_20ms_Start
                0x00002ed8       0x24 .\CortexM3\ARM_GCC_541\Debug\F1-TestFixture.a(Timer_20ms.o)
                0x00002ed8                Timer_20ms_Start
 .text.Timer_20ms_SetInterruptMode
                0x00002efc       0x20 .\CortexM3\ARM_GCC_541\Debug\F1-TestFixture.a(Timer_20ms.o)
                0x00002efc                Timer_20ms_SetInterruptMode
 .text.Timer_20ms_WritePeriod
                0x00002f1c       0x24 .\CortexM3\ARM_GCC_541\Debug\F1-TestFixture.a(Timer_20ms.o)
                0x00002f1c                Timer_20ms_WritePeriod
 .text.Timer_20ms_WriteCounter
                0x00002f40       0x20 .\CortexM3\ARM_GCC_541\Debug\F1-TestFixture.a(Timer_20ms.o)
                0x00002f40                Timer_20ms_WriteCounter
 .text.LED_EN_Write
                0x00002f60       0x3c .\CortexM3\ARM_GCC_541\Debug\F1-TestFixture.a(LED_EN.o)
                0x00002f60                LED_EN_Write
 .text.isr_Timer_20ms_Start
                0x00002f9c       0x20 .\CortexM3\ARM_GCC_541\Debug\F1-TestFixture.a(isr_Timer_20ms.o)
                0x00002f9c                isr_Timer_20ms_Start
 .text.isr_Timer_20ms_Interrupt
                0x00002fbc       0x18 .\CortexM3\ARM_GCC_541\Debug\F1-TestFixture.a(isr_Timer_20ms.o)
                0x00002fbc                isr_Timer_20ms_Interrupt
 .text.isr_Timer_20ms_SetVector
                0x00002fd4       0x24 .\CortexM3\ARM_GCC_541\Debug\F1-TestFixture.a(isr_Timer_20ms.o)
                0x00002fd4                isr_Timer_20ms_SetVector
 .text.isr_Timer_20ms_SetPriority
                0x00002ff8       0x24 .\CortexM3\ARM_GCC_541\Debug\F1-TestFixture.a(isr_Timer_20ms.o)
                0x00002ff8                isr_Timer_20ms_SetPriority
 .text.isr_Timer_20ms_Enable
                0x0000301c       0x18 .\CortexM3\ARM_GCC_541\Debug\F1-TestFixture.a(isr_Timer_20ms.o)
                0x0000301c                isr_Timer_20ms_Enable
 .text.isr_Timer_20ms_Disable
                0x00003034       0x18 .\CortexM3\ARM_GCC_541\Debug\F1-TestFixture.a(isr_Timer_20ms.o)
                0x00003034                isr_Timer_20ms_Disable
 .text.UART_115200_Start
                0x0000304c       0x24 .\CortexM3\ARM_GCC_541\Debug\F1-TestFixture.a(UART_115200.o)
                0x0000304c                UART_115200_Start
 .text.UART_115200_Init
                0x00003070       0x50 .\CortexM3\ARM_GCC_541\Debug\F1-TestFixture.a(UART_115200.o)
                0x00003070                UART_115200_Init
 .text.UART_115200_Enable
                0x000030c0       0x74 .\CortexM3\ARM_GCC_541\Debug\F1-TestFixture.a(UART_115200.o)
                0x000030c0                UART_115200_Enable
 .text.UART_115200_ReadRxStatus
                0x00003134       0x24 .\CortexM3\ARM_GCC_541\Debug\F1-TestFixture.a(UART_115200.o)
                0x00003134                UART_115200_ReadRxStatus
 .text.UART_115200_GetChar
                0x00003158       0x44 .\CortexM3\ARM_GCC_541\Debug\F1-TestFixture.a(UART_115200.o)
                0x00003158                UART_115200_GetChar
 .text.UART_115200_TXISR
                0x0000319c       0x70 .\CortexM3\ARM_GCC_541\Debug\F1-TestFixture.a(UART_115200_INT.o)
                0x0000319c                UART_115200_TXISR
 .text.isr_UART_115200_Start
                0x0000320c       0x20 .\CortexM3\ARM_GCC_541\Debug\F1-TestFixture.a(isr_UART_115200.o)
                0x0000320c                isr_UART_115200_Start
 .text.isr_UART_115200_Interrupt
                0x0000322c        0xc .\CortexM3\ARM_GCC_541\Debug\F1-TestFixture.a(isr_UART_115200.o)
                0x0000322c                isr_UART_115200_Interrupt
 .text.isr_UART_115200_SetVector
                0x00003238       0x24 .\CortexM3\ARM_GCC_541\Debug\F1-TestFixture.a(isr_UART_115200.o)
                0x00003238                isr_UART_115200_SetVector
 .text.isr_UART_115200_SetPriority
                0x0000325c       0x24 .\CortexM3\ARM_GCC_541\Debug\F1-TestFixture.a(isr_UART_115200.o)
                0x0000325c                isr_UART_115200_SetPriority
 .text.isr_UART_115200_Enable
                0x00003280       0x18 .\CortexM3\ARM_GCC_541\Debug\F1-TestFixture.a(isr_UART_115200.o)
                0x00003280                isr_UART_115200_Enable
 .text.isr_UART_115200_Disable
                0x00003298       0x18 .\CortexM3\ARM_GCC_541\Debug\F1-TestFixture.a(isr_UART_115200.o)
                0x00003298                isr_UART_115200_Disable
 .text.UART_115200_IntClock_Start
                0x000032b0       0x34 .\CortexM3\ARM_GCC_541\Debug\F1-TestFixture.a(UART_115200_IntClock.o)
                0x000032b0                UART_115200_IntClock_Start
 .text.DEMUX_CTRL_230400_Write
                0x000032e4       0x20 .\CortexM3\ARM_GCC_541\Debug\F1-TestFixture.a(DEMUX_CTRL_230400.o)
                0x000032e4                DEMUX_CTRL_230400_Write
 .text.isr_UART_460800_Start
                0x00003304       0x20 .\CortexM3\ARM_GCC_541\Debug\F1-TestFixture.a(isr_UART_460800.o)
                0x00003304                isr_UART_460800_Start
 .text.isr_UART_460800_Interrupt
                0x00003324        0xc .\CortexM3\ARM_GCC_541\Debug\F1-TestFixture.a(isr_UART_460800.o)
                0x00003324                isr_UART_460800_Interrupt
 .text.isr_UART_460800_SetVector
                0x00003330       0x24 .\CortexM3\ARM_GCC_541\Debug\F1-TestFixture.a(isr_UART_460800.o)
                0x00003330                isr_UART_460800_SetVector
 .text.isr_UART_460800_SetPriority
                0x00003354       0x24 .\CortexM3\ARM_GCC_541\Debug\F1-TestFixture.a(isr_UART_460800.o)
                0x00003354                isr_UART_460800_SetPriority
 .text.isr_UART_460800_Enable
                0x00003378       0x18 .\CortexM3\ARM_GCC_541\Debug\F1-TestFixture.a(isr_UART_460800.o)
                0x00003378                isr_UART_460800_Enable
 .text.isr_UART_460800_Disable
                0x00003390       0x18 .\CortexM3\ARM_GCC_541\Debug\F1-TestFixture.a(isr_UART_460800.o)
                0x00003390                isr_UART_460800_Disable
 .text.UART_460800_Start
                0x000033a8       0x24 .\CortexM3\ARM_GCC_541\Debug\F1-TestFixture.a(UART_460800.o)
                0x000033a8                UART_460800_Start
 .text.UART_460800_Init
                0x000033cc       0x50 .\CortexM3\ARM_GCC_541\Debug\F1-TestFixture.a(UART_460800.o)
                0x000033cc                UART_460800_Init
 .text.UART_460800_Enable
                0x0000341c       0x74 .\CortexM3\ARM_GCC_541\Debug\F1-TestFixture.a(UART_460800.o)
                0x0000341c                UART_460800_Enable
 .text.UART_460800_ReadRxStatus
                0x00003490       0x24 .\CortexM3\ARM_GCC_541\Debug\F1-TestFixture.a(UART_460800.o)
                0x00003490                UART_460800_ReadRxStatus
 .text.UART_460800_GetChar
                0x000034b4       0x44 .\CortexM3\ARM_GCC_541\Debug\F1-TestFixture.a(UART_460800.o)
                0x000034b4                UART_460800_GetChar
 .text.UART_460800_WriteTxData
                0x000034f8       0x94 .\CortexM3\ARM_GCC_541\Debug\F1-TestFixture.a(UART_460800.o)
                0x000034f8                UART_460800_WriteTxData
 .text.UART_460800_TXISR
                0x0000358c       0x70 .\CortexM3\ARM_GCC_541\Debug\F1-TestFixture.a(UART_460800_INT.o)
                0x0000358c                UART_460800_TXISR
 .text.MUX_CTRL_460800_Write
                0x000035fc       0x20 .\CortexM3\ARM_GCC_541\Debug\F1-TestFixture.a(MUX_CTRL_460800.o)
                0x000035fc                MUX_CTRL_460800_Write
 .text.DEMUX_CTRL_460800_Write
                0x0000361c       0x20 .\CortexM3\ARM_GCC_541\Debug\F1-TestFixture.a(DEMUX_CTRL_460800.o)
                0x0000361c                DEMUX_CTRL_460800_Write
 .text.UART_460800_IntClock_Start
                0x0000363c       0x34 .\CortexM3\ARM_GCC_541\Debug\F1-TestFixture.a(UART_460800_IntClock.o)
                0x0000363c                UART_460800_IntClock_Start
 .text.Timer_10ms_Init
                0x00003670       0x9c .\CortexM3\ARM_GCC_541\Debug\F1-TestFixture.a(Timer_10ms.o)
                0x00003670                Timer_10ms_Init
 .text.Timer_10ms_Enable
                0x0000370c       0x48 .\CortexM3\ARM_GCC_541\Debug\F1-TestFixture.a(Timer_10ms.o)
                0x0000370c                Timer_10ms_Enable
 .text.Timer_10ms_Start
                0x00003754       0x24 .\CortexM3\ARM_GCC_541\Debug\F1-TestFixture.a(Timer_10ms.o)
                0x00003754                Timer_10ms_Start
 .text.Timer_10ms_SetInterruptMode
                0x00003778       0x20 .\CortexM3\ARM_GCC_541\Debug\F1-TestFixture.a(Timer_10ms.o)
                0x00003778                Timer_10ms_SetInterruptMode
 .text.Timer_10ms_WritePeriod
                0x00003798       0x24 .\CortexM3\ARM_GCC_541\Debug\F1-TestFixture.a(Timer_10ms.o)
                0x00003798                Timer_10ms_WritePeriod
 .text.Timer_10ms_WriteCounter
                0x000037bc       0x20 .\CortexM3\ARM_GCC_541\Debug\F1-TestFixture.a(Timer_10ms.o)
                0x000037bc                Timer_10ms_WriteCounter
 .text.isr_Timer_10ms_Start
                0x000037dc       0x20 .\CortexM3\ARM_GCC_541\Debug\F1-TestFixture.a(isr_Timer_10ms.o)
                0x000037dc                isr_Timer_10ms_Start
 .text.isr_Timer_10ms_Interrupt
                0x000037fc       0x10 .\CortexM3\ARM_GCC_541\Debug\F1-TestFixture.a(isr_Timer_10ms.o)
                0x000037fc                isr_Timer_10ms_Interrupt
 .text.isr_Timer_10ms_SetVector
                0x0000380c       0x24 .\CortexM3\ARM_GCC_541\Debug\F1-TestFixture.a(isr_Timer_10ms.o)
                0x0000380c                isr_Timer_10ms_SetVector
 .text.isr_Timer_10ms_SetPriority
                0x00003830       0x24 .\CortexM3\ARM_GCC_541\Debug\F1-TestFixture.a(isr_Timer_10ms.o)
                0x00003830                isr_Timer_10ms_SetPriority
 .text.isr_Timer_10ms_Enable
                0x00003854       0x18 .\CortexM3\ARM_GCC_541\Debug\F1-TestFixture.a(isr_Timer_10ms.o)
                0x00003854                isr_Timer_10ms_Enable
 .text.isr_Timer_10ms_Disable
                0x0000386c       0x18 .\CortexM3\ARM_GCC_541\Debug\F1-TestFixture.a(isr_Timer_10ms.o)
                0x0000386c                isr_Timer_10ms_Disable
 .text.Timer_50ms_Init
                0x00003884       0xa0 .\CortexM3\ARM_GCC_541\Debug\F1-TestFixture.a(Timer_50ms.o)
                0x00003884                Timer_50ms_Init
 .text.Timer_50ms_Enable
                0x00003924       0x48 .\CortexM3\ARM_GCC_541\Debug\F1-TestFixture.a(Timer_50ms.o)
                0x00003924                Timer_50ms_Enable
 .text.Timer_50ms_Start
                0x0000396c       0x24 .\CortexM3\ARM_GCC_541\Debug\F1-TestFixture.a(Timer_50ms.o)
                0x0000396c                Timer_50ms_Start
 .text.Timer_50ms_SetInterruptMode
                0x00003990       0x20 .\CortexM3\ARM_GCC_541\Debug\F1-TestFixture.a(Timer_50ms.o)
                0x00003990                Timer_50ms_SetInterruptMode
 .text.Timer_50ms_WritePeriod
                0x000039b0       0x24 .\CortexM3\ARM_GCC_541\Debug\F1-TestFixture.a(Timer_50ms.o)
                0x000039b0                Timer_50ms_WritePeriod
 .text.Timer_50ms_WriteCounter
                0x000039d4       0x20 .\CortexM3\ARM_GCC_541\Debug\F1-TestFixture.a(Timer_50ms.o)
                0x000039d4                Timer_50ms_WriteCounter
 .text.isr_Timer_50ms_Start
                0x000039f4       0x20 .\CortexM3\ARM_GCC_541\Debug\F1-TestFixture.a(isr_Timer_50ms.o)
                0x000039f4                isr_Timer_50ms_Start
 .text.isr_Timer_50ms_Interrupt
                0x00003a14       0x98 .\CortexM3\ARM_GCC_541\Debug\F1-TestFixture.a(isr_Timer_50ms.o)
                0x00003a14                isr_Timer_50ms_Interrupt
 .text.isr_Timer_50ms_SetVector
                0x00003aac       0x24 .\CortexM3\ARM_GCC_541\Debug\F1-TestFixture.a(isr_Timer_50ms.o)
                0x00003aac                isr_Timer_50ms_SetVector
 .text.isr_Timer_50ms_SetPriority
                0x00003ad0       0x24 .\CortexM3\ARM_GCC_541\Debug\F1-TestFixture.a(isr_Timer_50ms.o)
                0x00003ad0                isr_Timer_50ms_SetPriority
 .text.isr_Timer_50ms_Enable
                0x00003af4       0x18 .\CortexM3\ARM_GCC_541\Debug\F1-TestFixture.a(isr_Timer_50ms.o)
                0x00003af4                isr_Timer_50ms_Enable
 .text.isr_Timer_50ms_Disable
                0x00003b0c       0x18 .\CortexM3\ARM_GCC_541\Debug\F1-TestFixture.a(isr_Timer_50ms.o)
                0x00003b0c                isr_Timer_50ms_Disable
 .text.PB_NextAction_Read
                0x00003b24       0x20 .\CortexM3\ARM_GCC_541\Debug\F1-TestFixture.a(PB_NextAction.o)
                0x00003b24                PB_NextAction_Read
 .text.WaveDAC_Init
                0x00003b44       0x50 .\CortexM3\ARM_GCC_541\Debug\F1-TestFixture.a(WaveDAC.o)
                0x00003b44                WaveDAC_Init
 .text.WaveDAC_Enable
                0x00003b94       0x34 .\CortexM3\ARM_GCC_541\Debug\F1-TestFixture.a(WaveDAC.o)
                0x00003b94                WaveDAC_Enable
 .text.WaveDAC_Start
                0x00003bc8       0x24 .\CortexM3\ARM_GCC_541\Debug\F1-TestFixture.a(WaveDAC.o)
                0x00003bc8                WaveDAC_Start
 .text.WaveDAC_Stop
                0x00003bec       0x28 .\CortexM3\ARM_GCC_541\Debug\F1-TestFixture.a(WaveDAC.o)
                0x00003bec                WaveDAC_Stop
 .text.WaveDAC_Wave1Setup
                0x00003c14       0x68 .\CortexM3\ARM_GCC_541\Debug\F1-TestFixture.a(WaveDAC.o)
                0x00003c14                WaveDAC_Wave1Setup
 .text.WaveDAC_Wave2Setup
                0x00003c7c       0x68 .\CortexM3\ARM_GCC_541\Debug\F1-TestFixture.a(WaveDAC.o)
                0x00003c7c                WaveDAC_Wave2Setup
 .text.WaveDAC_Wave1_DMA_DmaInitialize
                0x00003ce4       0x64 .\CortexM3\ARM_GCC_541\Debug\F1-TestFixture.a(WaveDAC_Wave1_DMA_dma.o)
                0x00003ce4                WaveDAC_Wave1_DMA_DmaInitialize
 .text.WaveDAC_Wave2_DMA_DmaInitialize
                0x00003d48       0x64 .\CortexM3\ARM_GCC_541\Debug\F1-TestFixture.a(WaveDAC_Wave2_DMA_dma.o)
                0x00003d48                WaveDAC_Wave2_DMA_DmaInitialize
 .text.WaveDAC_VDAC8_Init
                0x00003dac       0x3c .\CortexM3\ARM_GCC_541\Debug\F1-TestFixture.a(WaveDAC_VDAC8.o)
                0x00003dac                WaveDAC_VDAC8_Init
 .text.WaveDAC_VDAC8_Enable
                0x00003de8       0x34 .\CortexM3\ARM_GCC_541\Debug\F1-TestFixture.a(WaveDAC_VDAC8.o)
                0x00003de8                WaveDAC_VDAC8_Enable
 .text.WaveDAC_VDAC8_Stop
                0x00003e1c       0x34 .\CortexM3\ARM_GCC_541\Debug\F1-TestFixture.a(WaveDAC_VDAC8.o)
                0x00003e1c                WaveDAC_VDAC8_Stop
 .text.WaveDAC_VDAC8_SetSpeed
                0x00003e50       0x40 .\CortexM3\ARM_GCC_541\Debug\F1-TestFixture.a(WaveDAC_VDAC8.o)
                0x00003e50                WaveDAC_VDAC8_SetSpeed
 .text.WaveDAC_VDAC8_SetRange
                0x00003e90       0x40 .\CortexM3\ARM_GCC_541\Debug\F1-TestFixture.a(WaveDAC_VDAC8.o)
                0x00003e90                WaveDAC_VDAC8_SetRange
 .text.WaveDAC_VDAC8_SetValue
                0x00003ed0       0x20 .\CortexM3\ARM_GCC_541\Debug\F1-TestFixture.a(WaveDAC_VDAC8.o)
                0x00003ed0                WaveDAC_VDAC8_SetValue
 .text.WaveDAC_VDAC8_DacTrim
                0x00003ef0       0x3c .\CortexM3\ARM_GCC_541\Debug\F1-TestFixture.a(WaveDAC_VDAC8.o)
                0x00003ef0                WaveDAC_VDAC8_DacTrim
 .text.Timer_DAC_Init
                0x00003f2c       0x9c .\CortexM3\ARM_GCC_541\Debug\F1-TestFixture.a(Timer_DAC.o)
                0x00003f2c                Timer_DAC_Init
 .text.Timer_DAC_Enable
                0x00003fc8       0x48 .\CortexM3\ARM_GCC_541\Debug\F1-TestFixture.a(Timer_DAC.o)
                0x00003fc8                Timer_DAC_Enable
 .text.Timer_DAC_Start
                0x00004010       0x24 .\CortexM3\ARM_GCC_541\Debug\F1-TestFixture.a(Timer_DAC.o)
                0x00004010                Timer_DAC_Start
 .text.Timer_DAC_SetInterruptMode
                0x00004034       0x20 .\CortexM3\ARM_GCC_541\Debug\F1-TestFixture.a(Timer_DAC.o)
                0x00004034                Timer_DAC_SetInterruptMode
 .text.Timer_DAC_WritePeriod
                0x00004054       0x24 .\CortexM3\ARM_GCC_541\Debug\F1-TestFixture.a(Timer_DAC.o)
                0x00004054                Timer_DAC_WritePeriod
 .text.Timer_DAC_WriteCounter
                0x00004078       0x20 .\CortexM3\ARM_GCC_541\Debug\F1-TestFixture.a(Timer_DAC.o)
                0x00004078                Timer_DAC_WriteCounter
 .text.isr_ADC_AudioStream_Start
                0x00004098       0x20 .\CortexM3\ARM_GCC_541\Debug\F1-TestFixture.a(isr_ADC_AudioStream.o)
                0x00004098                isr_ADC_AudioStream_Start
 .text.isr_ADC_AudioStream_Interrupt
                0x000040b8       0x40 .\CortexM3\ARM_GCC_541\Debug\F1-TestFixture.a(isr_ADC_AudioStream.o)
                0x000040b8                isr_ADC_AudioStream_Interrupt
 .text.isr_ADC_AudioStream_SetVector
                0x000040f8       0x24 .\CortexM3\ARM_GCC_541\Debug\F1-TestFixture.a(isr_ADC_AudioStream.o)
                0x000040f8                isr_ADC_AudioStream_SetVector
 .text.isr_ADC_AudioStream_SetPriority
                0x0000411c       0x24 .\CortexM3\ARM_GCC_541\Debug\F1-TestFixture.a(isr_ADC_AudioStream.o)
                0x0000411c                isr_ADC_AudioStream_SetPriority
 .text.isr_ADC_AudioStream_Enable
                0x00004140       0x18 .\CortexM3\ARM_GCC_541\Debug\F1-TestFixture.a(isr_ADC_AudioStream.o)
                0x00004140                isr_ADC_AudioStream_Enable
 .text.isr_ADC_AudioStream_Disable
                0x00004158       0x18 .\CortexM3\ARM_GCC_541\Debug\F1-TestFixture.a(isr_ADC_AudioStream.o)
                0x00004158                isr_ADC_AudioStream_Disable
 .text.ADC_AudioStream_Start
                0x00004170       0x24 .\CortexM3\ARM_GCC_541\Debug\F1-TestFixture.a(ADC_AudioStream.o)
                0x00004170                ADC_AudioStream_Start
 .text.ADC_AudioStream_Init
                0x00004194       0x48 .\CortexM3\ARM_GCC_541\Debug\F1-TestFixture.a(ADC_AudioStream.o)
                0x00004194                ADC_AudioStream_Init
 .text.ADC_AudioStream_Enable
                0x000041dc       0xf4 .\CortexM3\ARM_GCC_541\Debug\F1-TestFixture.a(ADC_AudioStream.o)
                0x000041dc                ADC_AudioStream_Enable
 .text.ADC_AudioStream_SetResolution
                0x000042d0       0x54 .\CortexM3\ARM_GCC_541\Debug\F1-TestFixture.a(ADC_AudioStream.o)
                0x000042d0                ADC_AudioStream_SetResolution
 .text.ADC_AudioStream_StartConvert
                0x00004324       0x20 .\CortexM3\ARM_GCC_541\Debug\F1-TestFixture.a(ADC_AudioStream.o)
                0x00004324                ADC_AudioStream_StartConvert
 .text.ADC_AudioStream_GetResult16
                0x00004344       0x30 .\CortexM3\ARM_GCC_541\Debug\F1-TestFixture.a(ADC_AudioStream.o)
                0x00004344                ADC_AudioStream_GetResult16
 .text.ADC_AudioStream_CalcGain
                0x00004374       0x80 .\CortexM3\ARM_GCC_541\Debug\F1-TestFixture.a(ADC_AudioStream.o)
 .text.ADC_AudioStream_ISR
                0x000043f4        0xc .\CortexM3\ARM_GCC_541\Debug\F1-TestFixture.a(ADC_AudioStream_INT.o)
                0x000043f4                ADC_AudioStream_ISR
 .text.ADC_AudioStream_theACLK_SetModeRegister
                0x00004400       0x34 .\CortexM3\ARM_GCC_541\Debug\F1-TestFixture.a(ADC_AudioStream_theACLK.o)
                0x00004400                ADC_AudioStream_theACLK_SetModeRegister
 .text.RTest_BLOCK_4_EN_Write
                0x00004434       0x34 .\CortexM3\ARM_GCC_541\Debug\F1-TestFixture.a(RTest_BLOCK_4_EN.o)
                0x00004434                RTest_BLOCK_4_EN_Write
 .text.RTest_BLOCK_3_EN_Write
                0x00004468       0x38 .\CortexM3\ARM_GCC_541\Debug\F1-TestFixture.a(RTest_BLOCK_3_EN.o)
                0x00004468                RTest_BLOCK_3_EN_Write
 .text.RTest_BLOCK_2_EN_Write
                0x000044a0       0x3c .\CortexM3\ARM_GCC_541\Debug\F1-TestFixture.a(RTest_BLOCK_2_EN.o)
                0x000044a0                RTest_BLOCK_2_EN_Write
 .text.RTest_BLOCK_1_EN_Write
                0x000044dc       0x38 .\CortexM3\ARM_GCC_541\Debug\F1-TestFixture.a(RTest_BLOCK_1_EN.o)
                0x000044dc                RTest_BLOCK_1_EN_Write
 .text.RTest_DEMUX_C_Write
                0x00004514       0x3c .\CortexM3\ARM_GCC_541\Debug\F1-TestFixture.a(RTest_DEMUX_C.o)
                0x00004514                RTest_DEMUX_C_Write
 .text.RTest_DEMUX_B_Write
                0x00004550       0x3c .\CortexM3\ARM_GCC_541\Debug\F1-TestFixture.a(RTest_DEMUX_B.o)
                0x00004550                RTest_DEMUX_B_Write
 .text.RTest_DEMUX_A_Write
                0x0000458c       0x3c .\CortexM3\ARM_GCC_541\Debug\F1-TestFixture.a(RTest_DEMUX_A.o)
                0x0000458c                RTest_DEMUX_A_Write
 .text.RTest_DEMUX_COM_Read
                0x000045c8       0x20 .\CortexM3\ARM_GCC_541\Debug\F1-TestFixture.a(RTest_DEMUX_COM.o)
                0x000045c8                RTest_DEMUX_COM_Read
 .text.MUX_CTRL_115200_Write
                0x000045e8       0x20 .\CortexM3\ARM_GCC_541\Debug\F1-TestFixture.a(MUX_CTRL_115200.o)
                0x000045e8                MUX_CTRL_115200_Write
 .text          0x00004608       0x20 .\CortexM3\ARM_GCC_541\Debug\F1-TestFixture.a(CyBootAsmGnu.o)
                0x00004608                CyDelayCycles
                0x00004618                CyEnterCriticalSection
                0x00004620                CyExitCriticalSection
 .text.LED1_Write
                0x00004628       0x3c .\CortexM3\ARM_GCC_541\Debug\F1-TestFixture.a(LED1.o)
                0x00004628                LED1_Write
 .text.LED2_Write
                0x00004664       0x34 .\CortexM3\ARM_GCC_541\Debug\F1-TestFixture.a(LED2.o)
                0x00004664                LED2_Write
 .text.__errno  0x00004698        0xc c:/program files (x86)/cypress/psoc creator/4.3/psoc creator/import/gnu/arm/5.4.1/bin/../lib/gcc/arm-none-eabi/5.4.1/../../../../arm-none-eabi/lib/armv7-m\libg_nano.a(lib_a-errno.o)
                0x00004698                __errno
 .text.__libc_init_array
                0x000046a4       0x4c c:/program files (x86)/cypress/psoc creator/4.3/psoc creator/import/gnu/arm/5.4.1/bin/../lib/gcc/arm-none-eabi/5.4.1/../../../../arm-none-eabi/lib/armv7-m\libg_nano.a(lib_a-init.o)
                0x000046a4                __libc_init_array
 .text.memcpy   0x000046f0       0x16 c:/program files (x86)/cypress/psoc creator/4.3/psoc creator/import/gnu/arm/5.4.1/bin/../lib/gcc/arm-none-eabi/5.4.1/../../../../arm-none-eabi/lib/armv7-m\libg_nano.a(lib_a-memcpy-stub.o)
                0x000046f0                memcpy
 .text.memset   0x00004706       0x10 c:/program files (x86)/cypress/psoc creator/4.3/psoc creator/import/gnu/arm/5.4.1/bin/../lib/gcc/arm-none-eabi/5.4.1/../../../../arm-none-eabi/lib/armv7-m\libg_nano.a(lib_a-memset.o)
                0x00004706                memset
 *(.plt)
 *(.gnu.warning)
 *(.glue_7t)
 .glue_7t       0x00004716        0x0 linker stubs
 *(.glue_7)
 .glue_7        0x00004716        0x0 linker stubs
 *(.vfp11_veneer)
 .vfp11_veneer  0x00004716        0x0 linker stubs
 *(.bootloader)
 *(.ARM.extab* .gnu.linkonce.armextab.*)
 *(.gcc_except_table)

.v4_bx          0x00004718        0x0
 .v4_bx         0x00004718        0x0 linker stubs

.iplt           0x00004718        0x0
 .iplt          0x00004718        0x0 c:/program files (x86)/cypress/psoc creator/4.3/psoc creator/import/gnu/arm/5.4.1/bin/../lib/gcc/arm-none-eabi/5.4.1/armv7-m/crtbegin.o

.eh_frame_hdr
 *(.eh_frame_hdr)

.eh_frame       0x00004718        0x4
 *(.eh_frame)
 .eh_frame      0x00004718        0x0 c:/program files (x86)/cypress/psoc creator/4.3/psoc creator/import/gnu/arm/5.4.1/bin/../lib/gcc/arm-none-eabi/5.4.1/armv7-m/crtbegin.o
 .eh_frame      0x00004718        0x4 c:/program files (x86)/cypress/psoc creator/4.3/psoc creator/import/gnu/arm/5.4.1/bin/../lib/gcc/arm-none-eabi/5.4.1/armv7-m/crtend.o
                [!provide]                PROVIDE (__exidx_start, .)

.ARM.exidx
 *(.ARM.exidx* .gnu.linkonce.armexidx.*)
                0x0000471c                __exidx_end = .

.rodata         0x0000471c      0x12c
 *(.rodata .rodata.* .gnu.linkonce.r.*)
 .rodata        0x0000471c       0x2a .\CortexM3\ARM_GCC_541\Debug\cyfitter_cfg.o
 *fill*         0x00004746        0x2 
 .rodata        0x00004748       0xc8 .\CortexM3\ARM_GCC_541\Debug\F1-TestFixture.a(WaveDAC.o)
                0x00004748                WaveDAC_wave1
                0x000047ac                WaveDAC_wave2
 .rodata.str1.1
                0x00004810        0x2 c:/program files (x86)/cypress/psoc creator/4.3/psoc creator/import/gnu/arm/5.4.1/bin/../lib/gcc/arm-none-eabi/5.4.1/../../../../arm-none-eabi/lib/armv7-m\libg_nano.a(lib_a-impure.o)
                0x00004814                . = ALIGN (0x4)
 *fill*         0x00004812        0x2 
 *(.init)
 .init          0x00004814        0x4 c:/program files (x86)/cypress/psoc creator/4.3/psoc creator/import/gnu/arm/5.4.1/bin/../lib/gcc/arm-none-eabi/5.4.1/armv7-m/crti.o
                0x00004814                _init
 .init          0x00004818        0x8 c:/program files (x86)/cypress/psoc creator/4.3/psoc creator/import/gnu/arm/5.4.1/bin/../lib/gcc/arm-none-eabi/5.4.1/armv7-m/crtn.o
                0x00004820                . = ALIGN (0x4)
                0x00004820                __preinit_array_start = .
 *(.preinit_array)
                0x00004820                __preinit_array_end = .
                0x00004820                . = ALIGN (0x4)
                0x00004820                __init_array_start = .
 *(SORT(.init_array.*))
 *(.init_array)
 .init_array    0x00004820        0x4 c:/program files (x86)/cypress/psoc creator/4.3/psoc creator/import/gnu/arm/5.4.1/bin/../lib/gcc/arm-none-eabi/5.4.1/armv7-m/crtbegin.o
 .init_array    0x00004824        0x4 .\CortexM3\ARM_GCC_541\Debug\Cm3Start.o
                0x00004828                __init_array_end = .
                0x00004828                . = ALIGN (0x4)
 *(.fini)
 .fini          0x00004828        0x4 c:/program files (x86)/cypress/psoc creator/4.3/psoc creator/import/gnu/arm/5.4.1/bin/../lib/gcc/arm-none-eabi/5.4.1/armv7-m/crti.o
                0x00004828                _fini
 .fini          0x0000482c        0x8 c:/program files (x86)/cypress/psoc creator/4.3/psoc creator/import/gnu/arm/5.4.1/bin/../lib/gcc/arm-none-eabi/5.4.1/armv7-m/crtn.o
                0x00004834                . = ALIGN (0x4)
                0x00004834                __fini_array_start = .
 *(.fini_array)
 .fini_array    0x00004834        0x4 c:/program files (x86)/cypress/psoc creator/4.3/psoc creator/import/gnu/arm/5.4.1/bin/../lib/gcc/arm-none-eabi/5.4.1/armv7-m/crtbegin.o
 *(SORT(.fini_array.*))
                0x00004838                __fini_array_end = .
                0x00004838                . = ALIGN (0x4)
 *crtbegin.o(.ctors)
 *(EXCLUDE_FILE(*crtend.o) .ctors)
 *(SORT(.ctors.*))
 *crtend.o(.ctors)
                0x00004838                . = ALIGN (0x4)
 *crtbegin.o(.dtors)
 *(EXCLUDE_FILE(*crtend.o) .dtors)
 *(SORT(.dtors.*))
 *crtend.o(.dtors)
                0x00004838                . = ALIGN (0x4)
                0x00004838                __cy_regions = .
                0x00004838        0x4 LONG 0x4848 __cy_region_init_ram
                0x0000483c        0x4 LONG 0x1fffc0c8 __cy_region_start_data
                0x00004840        0x4 LONG 0xf8 __cy_region_init_size_ram
                0x00004844        0x4 LONG 0x18f0 __cy_region_zero_size_ram
                0x00004848                __cy_regions_end = .
                0x00004848                . = ALIGN (0x8)
                0x00004848                _etext = .

.cy_checksum_exclude
                0x00004848        0x0
 *(.cy_checksum_exclude)

.ramvectors     0x1fffc000       0xc0
                0x1fffc000                __cy_region_start_ram = .
 *(.ramvectors)
 .ramvectors    0x1fffc000       0xc0 .\CortexM3\ARM_GCC_541\Debug\Cm3Start.o
                0x1fffc000                CyRamVectors

.noinit         0x1fffc0c0        0x5
 *(.noinit)
 .noinit        0x1fffc0c0        0x4 .\CortexM3\ARM_GCC_541\Debug\Cm3Start.o
 .noinit        0x1fffc0c4        0x1 .\CortexM3\ARM_GCC_541\Debug\F1-TestFixture.a(CyLib.o)
                0x1fffc0c4                CyResetStatus

.data           0x1fffc0c8       0xf8 load address 0x00004848
                0x1fffc0c8                __cy_region_start_data = .
 *(.jcr)
 .jcr           0x1fffc0c8        0x0 c:/program files (x86)/cypress/psoc creator/4.3/psoc creator/import/gnu/arm/5.4.1/bin/../lib/gcc/arm-none-eabi/5.4.1/armv7-m/crtbegin.o
 .jcr           0x1fffc0c8        0x4 c:/program files (x86)/cypress/psoc creator/4.3/psoc creator/import/gnu/arm/5.4.1/bin/../lib/gcc/arm-none-eabi/5.4.1/armv7-m/crtend.o
 *(.got.plt)
 *(.got)
 *(.shdata)
 *(.data .data.* .gnu.linkonce.d.*)
 .data          0x1fffc0cc       0x1a .\CortexM3\ARM_GCC_541\Debug\UART_230400_Functions.o
 *fill*         0x1fffc0e6        0x2 
 .data          0x1fffc0e8       0x1e .\CortexM3\ARM_GCC_541\Debug\RelayTest.o
 *fill*         0x1fffc106        0x2 
 .data          0x1fffc108        0xa .\CortexM3\ARM_GCC_541\Debug\UART_460800_Functions.o
 *fill*         0x1fffc112        0x2 
 .data          0x1fffc114        0x5 .\CortexM3\ARM_GCC_541\Debug\UART_115200_Functions.o
 *fill*         0x1fffc119        0x3 
 .data          0x1fffc11c       0x20 .\CortexM3\ARM_GCC_541\Debug\CD4051BPW_Driver.o
 .data          0x1fffc13c        0x8 .\CortexM3\ARM_GCC_541\Debug\F1-TestFixture.a(CyDmac.o)
 .data          0x1fffc144       0x10 .\CortexM3\ARM_GCC_541\Debug\F1-TestFixture.a(CyLib.o)
                0x1fffc144                cydelay_freq_hz
                0x1fffc148                cydelay_freq_khz
                0x1fffc14c                cydelay_freq_mhz
                0x1fffc150                cydelay_32k_ms
 .data          0x1fffc154        0x1 .\CortexM3\ARM_GCC_541\Debug\F1-TestFixture.a(WaveDAC_Wave1_DMA_dma.o)
                0x1fffc154                WaveDAC_Wave1_DMA_DmaHandle
 .data          0x1fffc155        0x1 .\CortexM3\ARM_GCC_541\Debug\F1-TestFixture.a(WaveDAC_Wave2_DMA_dma.o)
                0x1fffc155                WaveDAC_Wave2_DMA_DmaHandle
 *fill*         0x1fffc156        0x2 
 .data.impure_data
                0x1fffc158       0x60 c:/program files (x86)/cypress/psoc creator/4.3/psoc creator/import/gnu/arm/5.4.1/bin/../lib/gcc/arm-none-eabi/5.4.1/../../../../arm-none-eabi/lib/armv7-m\libg_nano.a(lib_a-impure.o)
 .data._impure_ptr
                0x1fffc1b8        0x4 c:/program files (x86)/cypress/psoc creator/4.3/psoc creator/import/gnu/arm/5.4.1/bin/../lib/gcc/arm-none-eabi/5.4.1/../../../../arm-none-eabi/lib/armv7-m\libg_nano.a(lib_a-impure.o)
                0x1fffc1b8                _impure_ptr
                0x1fffc1c0                . = ALIGN (0x8)
 *fill*         0x1fffc1bc        0x4 
 *(.ram)
                0x1fffc1c0                _edata = .

.igot.plt       0x1fffc1c0        0x0 load address 0x00004940
 .igot.plt      0x1fffc1c0        0x0 c:/program files (x86)/cypress/psoc creator/4.3/psoc creator/import/gnu/arm/5.4.1/bin/../lib/gcc/arm-none-eabi/5.4.1/armv7-m/crtbegin.o

.bss            0x1fffc1c0     0x18f0 load address 0x00004940
                0x1fffc1c0                PROVIDE (__bss_start__, .)
 *(.shbss)
 *(.bss .bss.* .gnu.linkonce.b.*)
 .bss           0x1fffc1c0       0x1c c:/program files (x86)/cypress/psoc creator/4.3/psoc creator/import/gnu/arm/5.4.1/bin/../lib/gcc/arm-none-eabi/5.4.1/armv7-m/crtbegin.o
 .bss           0x1fffc1dc      0x1d8 .\CortexM3\ARM_GCC_541\Debug\ControllerTest.o
 .bss           0x1fffc3b4      0x17a .\CortexM3\ARM_GCC_541\Debug\UART_230400_Functions.o
 *fill*         0x1fffc52e        0x2 
 .bss           0x1fffc530       0x9a .\CortexM3\ARM_GCC_541\Debug\SirenTest.o
 *fill*         0x1fffc5ca        0x2 
 .bss           0x1fffc5cc      0x12e .\CortexM3\ARM_GCC_541\Debug\RelayTest.o
 *fill*         0x1fffc6fa        0x2 
 .bss           0x1fffc6fc      0x238 .\CortexM3\ARM_GCC_541\Debug\UART_460800_Functions.o
 .bss           0x1fffc934       0x78 .\CortexM3\ARM_GCC_541\Debug\UART_115200_Functions.o
 .bss           0x1fffc9ac        0x7 .\CortexM3\ARM_GCC_541\Debug\F1-TestFixture.a(UART_230400.o)
                0x1fffc9ac                UART_230400_initVar
                0x1fffc9ae                UART_230400_txBufferRead
                0x1fffc9b0                UART_230400_txBufferWrite
 .bss           0x1fffc9b3        0x1 .\CortexM3\ARM_GCC_541\Debug\F1-TestFixture.a(Timer_20ms.o)
                0x1fffc9b3                Timer_20ms_initVar
 .bss           0x1fffc9b4        0x7 .\CortexM3\ARM_GCC_541\Debug\F1-TestFixture.a(UART_115200.o)
                0x1fffc9b4                UART_115200_initVar
                0x1fffc9b6                UART_115200_txBufferRead
                0x1fffc9b8                UART_115200_txBufferWrite
 *fill*         0x1fffc9bb        0x1 
 .bss           0x1fffc9bc        0x7 .\CortexM3\ARM_GCC_541\Debug\F1-TestFixture.a(UART_460800.o)
                0x1fffc9bc                UART_460800_initVar
                0x1fffc9be                UART_460800_txBufferRead
                0x1fffc9c0                UART_460800_txBufferWrite
 .bss           0x1fffc9c3        0x1 .\CortexM3\ARM_GCC_541\Debug\F1-TestFixture.a(Timer_10ms.o)
                0x1fffc9c3                Timer_10ms_initVar
 .bss           0x1fffc9c4        0x1 .\CortexM3\ARM_GCC_541\Debug\F1-TestFixture.a(Timer_50ms.o)
                0x1fffc9c4                Timer_50ms_initVar
 .bss           0x1fffc9c5        0x5 .\CortexM3\ARM_GCC_541\Debug\F1-TestFixture.a(WaveDAC.o)
                0x1fffc9c5                WaveDAC_initVar
 .bss           0x1fffc9ca        0x1 .\CortexM3\ARM_GCC_541\Debug\F1-TestFixture.a(Timer_DAC.o)
                0x1fffc9ca                Timer_DAC_initVar
 *fill*         0x1fffc9cb        0x1 
 .bss           0x1fffc9cc       0xcc .\CortexM3\ARM_GCC_541\Debug\F1-TestFixture.a(isr_ADC_AudioStream.o)
 .bss           0x1fffca98        0x1 .\CortexM3\ARM_GCC_541\Debug\F1-TestFixture.a(ADC_AudioStream.o)
                0x1fffca98                ADC_AudioStream_initVar
 *(COMMON)
 *fill*         0x1fffca99        0x3 
 COMMON         0x1fffca9c      0x400 .\CortexM3\ARM_GCC_541\Debug\F1-TestFixture.a(UART_230400.o)
                0x1fffca9c                UART_230400_txBuffer
 COMMON         0x1fffce9c      0x400 .\CortexM3\ARM_GCC_541\Debug\F1-TestFixture.a(UART_115200.o)
                0x1fffce9c                UART_115200_txBuffer
 COMMON         0x1fffd29c      0x800 .\CortexM3\ARM_GCC_541\Debug\F1-TestFixture.a(UART_460800.o)
                0x1fffd29c                UART_460800_txBuffer
 COMMON         0x1fffda9c        0x3 .\CortexM3\ARM_GCC_541\Debug\F1-TestFixture.a(isr_Timer_50ms.o)
                0x1fffda9c                CurrentTest
 *fill*         0x1fffda9f        0x1 
 COMMON         0x1fffdaa0        0xc .\CortexM3\ARM_GCC_541\Debug\F1-TestFixture.a(ADC_AudioStream.o)
                0x1fffdaa0                ADC_AudioStream_shift
                0x1fffdaa2                ADC_AudioStream_offset
                0x1fffdaa4                ADC_AudioStream_countsPerVolt
                0x1fffdaa8                ADC_AudioStream_countsPer10Volt
                0x1fffdab0                . = ALIGN (0x8)
 *fill*         0x1fffdaac        0x4 
 *(.ram.b)
                0x1fffdab0                _end = .
                0x1fffdab0                __end = .
                0x1fffdab0                PROVIDE (end, .)
                0x1fffdab0                PROVIDE (__bss_end__, .)
                0x00004848                __cy_region_init_ram = LOADADDR (.data)
                0x000000f8                __cy_region_init_size_ram = (_edata - ADDR (.data))
                0x000018f0                __cy_region_zero_size_ram = (_end - _edata)

.heap           0x1fffdab0       0x80 load address 0x00004940
                0x1fffdab0                . = _end
                0x1fffdb30                . = (. + 0x80)
 *fill*         0x1fffdab0       0x80 
                0x1fffdb30                __cy_heap_limit = .

.stack          0x20003800      0x800
                0x20003800                __cy_stack_limit = .
                0x20004000                . = (. + 0x800)
 *fill*         0x20003800      0x800 
                0x00000001                ASSERT ((__cy_stack_limit >= __cy_heap_limit), region RAM overflowed with stack)
                0x00000000                cy_checksum_exclude_size = (CY_APPL_LOADABLE == 0x1)?SIZEOF (.cy_checksum_exclude):0x0
                0x00000001                ASSERT ((cy_checksum_exclude_size <= CY_CHECKSUM_EXCLUDE_SIZE), CY_BOOT: Section .cy_checksum_exclude size exceedes specified limit.)

.cyloadermeta
 *(.cyloadermeta)

.cyloadablemeta
 *(.cyloadablemeta)

.cyconfigecc    0x80000000      0xc98
 *(.cyconfigecc)
 .cyconfigecc   0x80000000      0xc98 .\CortexM3\ARM_GCC_541\Debug\cymetadata.o
                0x80000000                cy_meta_configecc

.cycustnvl      0x90000000        0x4
 *(.cycustnvl)
 .cycustnvl     0x90000000        0x4 .\CortexM3\ARM_GCC_541\Debug\cymetadata.o
                0x90000000                cy_meta_custnvl

.cywolatch      0x90100000        0x4
 *(.cywolatch)
 .cywolatch     0x90100000        0x4 .\CortexM3\ARM_GCC_541\Debug\cymetadata.o
                0x90100000                cy_meta_wonvl

.cyeeprom       0x90200000        0x0
 *(.cyeeprom)
                0x00000001                ASSERT ((. <= ((0x90200000 + ee_offset) + ee_size)), .cyeeprom data will not fit in EEPROM)

.cyflashprotect
                0x90400000       0x80
 *(.cyflashprotect)
 .cyflashprotect
                0x90400000       0x80 .\CortexM3\ARM_GCC_541\Debug\cymetadata.o
                0x90400000                cy_meta_flashprotect

.cymeta         0x90500000        0xc
 *(.cymeta)
 .cymeta        0x90500000        0xc .\CortexM3\ARM_GCC_541\Debug\cymetadata.o
                0x90500000                cy_metadata

.rel.dyn        0x00004940        0x0 load address 0x9050000c
 .rel.iplt      0x00004940        0x0 c:/program files (x86)/cypress/psoc creator/4.3/psoc creator/import/gnu/arm/5.4.1/bin/../lib/gcc/arm-none-eabi/5.4.1/armv7-m/crtbegin.o

.stab
 *(.stab)

.stabstr
 *(.stabstr)

.debug
 *(.debug)

.line
 *(.line)

.debug_srcinfo
 *(.debug_srcinfo)

.debug_sfnames
 *(.debug_sfnames)

.debug_aranges  0x00000000     0x18e0
 *(.debug_aranges)
 .debug_aranges
                0x00000000       0x38 .\CortexM3\ARM_GCC_541\Debug\main.o
 .debug_aranges
                0x00000038       0x68 .\CortexM3\ARM_GCC_541\Debug\ControllerTest.o
 .debug_aranges
                0x000000a0       0x58 .\CortexM3\ARM_GCC_541\Debug\UART_230400_Functions.o
 .debug_aranges
                0x000000f8       0x78 .\CortexM3\ARM_GCC_541\Debug\SirenTest.o
 .debug_aranges
                0x00000170       0xc8 .\CortexM3\ARM_GCC_541\Debug\RelayTest.o
 .debug_aranges
                0x00000238       0x48 .\CortexM3\ARM_GCC_541\Debug\UART_460800_Functions.o
 .debug_aranges
                0x00000280       0x38 .\CortexM3\ARM_GCC_541\Debug\UART_115200_Functions.o
 .debug_aranges
                0x000002b8       0x30 .\CortexM3\ARM_GCC_541\Debug\CD4051BPW_Driver.o
 .debug_aranges
                0x000002e8       0x60 .\CortexM3\ARM_GCC_541\Debug\cyfitter_cfg.o
 .debug_aranges
                0x00000348       0x18 .\CortexM3\ARM_GCC_541\Debug\cymetadata.o
 .debug_aranges
                0x00000360       0x48 .\CortexM3\ARM_GCC_541\Debug\Cm3Start.o
 .debug_aranges
                0x000003a8       0xd8 .\CortexM3\ARM_GCC_541\Debug\F1-TestFixture.a(CyDmac.o)
 .debug_aranges
                0x00000480      0x2a0 .\CortexM3\ARM_GCC_541\Debug\F1-TestFixture.a(CyLib.o)
 .debug_aranges
                0x00000720       0x98 .\CortexM3\ARM_GCC_541\Debug\F1-TestFixture.a(cyPm.o)
 .debug_aranges
                0x000007b8       0x38 .\CortexM3\ARM_GCC_541\Debug\F1-TestFixture.a(RTest_SIREN_EN.o)
 .debug_aranges
                0x000007f0       0x80 .\CortexM3\ARM_GCC_541\Debug\F1-TestFixture.a(isr_UART_230400.o)
 .debug_aranges
                0x00000870       0xf0 .\CortexM3\ARM_GCC_541\Debug\F1-TestFixture.a(UART_230400.o)
 .debug_aranges
                0x00000960       0x20 .\CortexM3\ARM_GCC_541\Debug\F1-TestFixture.a(UART_230400_INT.o)
 .debug_aranges
                0x00000980       0x70 .\CortexM3\ARM_GCC_541\Debug\F1-TestFixture.a(UART_230400_IntClock.o)
 .debug_aranges
                0x000009f0       0x28 .\CortexM3\ARM_GCC_541\Debug\F1-TestFixture.a(MUX_CTRL_230400.o)
 .debug_aranges
                0x00000a18       0x88 .\CortexM3\ARM_GCC_541\Debug\F1-TestFixture.a(Timer_20ms.o)
 .debug_aranges
                0x00000aa0       0x38 .\CortexM3\ARM_GCC_541\Debug\F1-TestFixture.a(LED_EN.o)
 .debug_aranges
                0x00000ad8       0x80 .\CortexM3\ARM_GCC_541\Debug\F1-TestFixture.a(isr_Timer_20ms.o)
 .debug_aranges
                0x00000b58       0xf0 .\CortexM3\ARM_GCC_541\Debug\F1-TestFixture.a(UART_115200.o)
 .debug_aranges
                0x00000c48       0x20 .\CortexM3\ARM_GCC_541\Debug\F1-TestFixture.a(UART_115200_INT.o)
 .debug_aranges
                0x00000c68       0x80 .\CortexM3\ARM_GCC_541\Debug\F1-TestFixture.a(isr_UART_115200.o)
 .debug_aranges
                0x00000ce8       0x70 .\CortexM3\ARM_GCC_541\Debug\F1-TestFixture.a(UART_115200_IntClock.o)
 .debug_aranges
                0x00000d58       0x28 .\CortexM3\ARM_GCC_541\Debug\F1-TestFixture.a(DEMUX_CTRL_230400.o)
 .debug_aranges
                0x00000d80       0x80 .\CortexM3\ARM_GCC_541\Debug\F1-TestFixture.a(isr_UART_460800.o)
 .debug_aranges
                0x00000e00       0xf0 .\CortexM3\ARM_GCC_541\Debug\F1-TestFixture.a(UART_460800.o)
 .debug_aranges
                0x00000ef0       0x20 .\CortexM3\ARM_GCC_541\Debug\F1-TestFixture.a(UART_460800_INT.o)
 .debug_aranges
                0x00000f10       0x28 .\CortexM3\ARM_GCC_541\Debug\F1-TestFixture.a(MUX_CTRL_460800.o)
 .debug_aranges
                0x00000f38       0x28 .\CortexM3\ARM_GCC_541\Debug\F1-TestFixture.a(DEMUX_CTRL_460800.o)
 .debug_aranges
                0x00000f60       0x70 .\CortexM3\ARM_GCC_541\Debug\F1-TestFixture.a(UART_460800_IntClock.o)
 .debug_aranges
                0x00000fd0       0x88 .\CortexM3\ARM_GCC_541\Debug\F1-TestFixture.a(Timer_10ms.o)
 .debug_aranges
                0x00001058       0x80 .\CortexM3\ARM_GCC_541\Debug\F1-TestFixture.a(isr_Timer_10ms.o)
 .debug_aranges
                0x000010d8       0x88 .\CortexM3\ARM_GCC_541\Debug\F1-TestFixture.a(Timer_50ms.o)
 .debug_aranges
                0x00001160       0x80 .\CortexM3\ARM_GCC_541\Debug\F1-TestFixture.a(isr_Timer_50ms.o)
 .debug_aranges
                0x000011e0       0x38 .\CortexM3\ARM_GCC_541\Debug\F1-TestFixture.a(PB_NextAction.o)
 .debug_aranges
                0x00001218       0x50 .\CortexM3\ARM_GCC_541\Debug\F1-TestFixture.a(WaveDAC.o)
 .debug_aranges
                0x00001268       0x28 .\CortexM3\ARM_GCC_541\Debug\F1-TestFixture.a(WaveDAC_Wave1_DMA_dma.o)
 .debug_aranges
                0x00001290       0x28 .\CortexM3\ARM_GCC_541\Debug\F1-TestFixture.a(WaveDAC_Wave2_DMA_dma.o)
 .debug_aranges
                0x000012b8       0x58 .\CortexM3\ARM_GCC_541\Debug\F1-TestFixture.a(WaveDAC_VDAC8.o)
 .debug_aranges
                0x00001310       0x88 .\CortexM3\ARM_GCC_541\Debug\F1-TestFixture.a(Timer_DAC.o)
 .debug_aranges
                0x00001398       0x80 .\CortexM3\ARM_GCC_541\Debug\F1-TestFixture.a(isr_ADC_AudioStream.o)
 .debug_aranges
                0x00001418       0xa8 .\CortexM3\ARM_GCC_541\Debug\F1-TestFixture.a(ADC_AudioStream.o)
 .debug_aranges
                0x000014c0       0x20 .\CortexM3\ARM_GCC_541\Debug\F1-TestFixture.a(ADC_AudioStream_INT.o)
 .debug_aranges
                0x000014e0       0x80 .\CortexM3\ARM_GCC_541\Debug\F1-TestFixture.a(ADC_AudioStream_theACLK.o)
 .debug_aranges
                0x00001560       0x38 .\CortexM3\ARM_GCC_541\Debug\F1-TestFixture.a(RTest_BLOCK_4_EN.o)
 .debug_aranges
                0x00001598       0x38 .\CortexM3\ARM_GCC_541\Debug\F1-TestFixture.a(RTest_BLOCK_3_EN.o)
 .debug_aranges
                0x000015d0       0x38 .\CortexM3\ARM_GCC_541\Debug\F1-TestFixture.a(RTest_BLOCK_2_EN.o)
 .debug_aranges
                0x00001608       0x38 .\CortexM3\ARM_GCC_541\Debug\F1-TestFixture.a(RTest_BLOCK_1_EN.o)
 .debug_aranges
                0x00001640       0x38 .\CortexM3\ARM_GCC_541\Debug\F1-TestFixture.a(RTest_DEMUX_C.o)
 .debug_aranges
                0x00001678       0x38 .\CortexM3\ARM_GCC_541\Debug\F1-TestFixture.a(RTest_DEMUX_B.o)
 .debug_aranges
                0x000016b0       0x38 .\CortexM3\ARM_GCC_541\Debug\F1-TestFixture.a(RTest_DEMUX_A.o)
 .debug_aranges
                0x000016e8       0x38 .\CortexM3\ARM_GCC_541\Debug\F1-TestFixture.a(RTest_DEMUX_COM.o)
 .debug_aranges
                0x00001720       0x28 .\CortexM3\ARM_GCC_541\Debug\F1-TestFixture.a(MUX_CTRL_115200.o)
 .debug_aranges
                0x00001748       0x20 .\CortexM3\ARM_GCC_541\Debug\F1-TestFixture.a(CyBootAsmGnu.o)
 .debug_aranges
                0x00001768       0x88 .\CortexM3\ARM_GCC_541\Debug\F1-TestFixture.a(CyFlash.o)
 .debug_aranges
                0x000017f0       0x80 .\CortexM3\ARM_GCC_541\Debug\F1-TestFixture.a(CySpc.o)
 .debug_aranges
                0x00001870       0x38 .\CortexM3\ARM_GCC_541\Debug\F1-TestFixture.a(LED1.o)
 .debug_aranges
                0x000018a8       0x38 .\CortexM3\ARM_GCC_541\Debug\F1-TestFixture.a(LED2.o)

.debug_pubnames
 *(.debug_pubnames)

.debug_info     0x00000000     0xbf13
 *(.debug_info .gnu.linkonce.wi.*)
 .debug_info    0x00000000      0x185 .\CortexM3\ARM_GCC_541\Debug\main.o
 .debug_info    0x00000185      0x4b0 .\CortexM3\ARM_GCC_541\Debug\ControllerTest.o
 .debug_info    0x00000635      0xbb5 .\CortexM3\ARM_GCC_541\Debug\UART_230400_Functions.o
 .debug_info    0x000011ea      0x8fe .\CortexM3\ARM_GCC_541\Debug\SirenTest.o
 .debug_info    0x00001ae8     0x1233 .\CortexM3\ARM_GCC_541\Debug\RelayTest.o
 .debug_info    0x00002d1b      0x9f2 .\CortexM3\ARM_GCC_541\Debug\UART_460800_Functions.o
 .debug_info    0x0000370d      0x329 .\CortexM3\ARM_GCC_541\Debug\UART_115200_Functions.o
 .debug_info    0x00003a36      0x14e .\CortexM3\ARM_GCC_541\Debug\CD4051BPW_Driver.o
 .debug_info    0x00003b84      0x3b8 .\CortexM3\ARM_GCC_541\Debug\cyfitter_cfg.o
 .debug_info    0x00003f3c      0x139 .\CortexM3\ARM_GCC_541\Debug\cymetadata.o
 .debug_info    0x00004075      0x32b .\CortexM3\ARM_GCC_541\Debug\Cm3Start.o
 .debug_info    0x000043a0      0x8c0 .\CortexM3\ARM_GCC_541\Debug\F1-TestFixture.a(CyDmac.o)
 .debug_info    0x00004c60      0xe51 .\CortexM3\ARM_GCC_541\Debug\F1-TestFixture.a(CyLib.o)
 .debug_info    0x00005ab1      0x57a .\CortexM3\ARM_GCC_541\Debug\F1-TestFixture.a(cyPm.o)
 .debug_info    0x0000602b      0x11e .\CortexM3\ARM_GCC_541\Debug\F1-TestFixture.a(RTest_SIREN_EN.o)
 .debug_info    0x00006149      0x268 .\CortexM3\ARM_GCC_541\Debug\F1-TestFixture.a(isr_UART_230400.o)
 .debug_info    0x000063b1      0x593 .\CortexM3\ARM_GCC_541\Debug\F1-TestFixture.a(UART_230400.o)
 .debug_info    0x00006944      0x108 .\CortexM3\ARM_GCC_541\Debug\F1-TestFixture.a(UART_230400_INT.o)
 .debug_info    0x00006a4c      0x25d .\CortexM3\ARM_GCC_541\Debug\F1-TestFixture.a(UART_230400_IntClock.o)
 .debug_info    0x00006ca9       0xd7 .\CortexM3\ARM_GCC_541\Debug\F1-TestFixture.a(MUX_CTRL_230400.o)
 .debug_info    0x00006d80      0x245 .\CortexM3\ARM_GCC_541\Debug\F1-TestFixture.a(Timer_20ms.o)
 .debug_info    0x00006fc5      0x11e .\CortexM3\ARM_GCC_541\Debug\F1-TestFixture.a(LED_EN.o)
 .debug_info    0x000070e3      0x268 .\CortexM3\ARM_GCC_541\Debug\F1-TestFixture.a(isr_Timer_20ms.o)
 .debug_info    0x0000734b      0x593 .\CortexM3\ARM_GCC_541\Debug\F1-TestFixture.a(UART_115200.o)
 .debug_info    0x000078de      0x108 .\CortexM3\ARM_GCC_541\Debug\F1-TestFixture.a(UART_115200_INT.o)
 .debug_info    0x000079e6      0x268 .\CortexM3\ARM_GCC_541\Debug\F1-TestFixture.a(isr_UART_115200.o)
 .debug_info    0x00007c4e      0x25d .\CortexM3\ARM_GCC_541\Debug\F1-TestFixture.a(UART_115200_IntClock.o)
 .debug_info    0x00007eab       0xd7 .\CortexM3\ARM_GCC_541\Debug\F1-TestFixture.a(DEMUX_CTRL_230400.o)
 .debug_info    0x00007f82      0x268 .\CortexM3\ARM_GCC_541\Debug\F1-TestFixture.a(isr_UART_460800.o)
 .debug_info    0x000081ea      0x593 .\CortexM3\ARM_GCC_541\Debug\F1-TestFixture.a(UART_460800.o)
 .debug_info    0x0000877d      0x108 .\CortexM3\ARM_GCC_541\Debug\F1-TestFixture.a(UART_460800_INT.o)
 .debug_info    0x00008885       0xd7 .\CortexM3\ARM_GCC_541\Debug\F1-TestFixture.a(MUX_CTRL_460800.o)
 .debug_info    0x0000895c       0xd7 .\CortexM3\ARM_GCC_541\Debug\F1-TestFixture.a(DEMUX_CTRL_460800.o)
 .debug_info    0x00008a33      0x25d .\CortexM3\ARM_GCC_541\Debug\F1-TestFixture.a(UART_460800_IntClock.o)
 .debug_info    0x00008c90      0x245 .\CortexM3\ARM_GCC_541\Debug\F1-TestFixture.a(Timer_10ms.o)
 .debug_info    0x00008ed5      0x26a .\CortexM3\ARM_GCC_541\Debug\F1-TestFixture.a(isr_Timer_10ms.o)
 .debug_info    0x0000913f      0x245 .\CortexM3\ARM_GCC_541\Debug\F1-TestFixture.a(Timer_50ms.o)
 .debug_info    0x00009384      0x2cb .\CortexM3\ARM_GCC_541\Debug\F1-TestFixture.a(isr_Timer_50ms.o)
 .debug_info    0x0000964f      0x11e .\CortexM3\ARM_GCC_541\Debug\F1-TestFixture.a(PB_NextAction.o)
 .debug_info    0x0000976d      0x248 .\CortexM3\ARM_GCC_541\Debug\F1-TestFixture.a(WaveDAC.o)
 .debug_info    0x000099b5      0x11b .\CortexM3\ARM_GCC_541\Debug\F1-TestFixture.a(WaveDAC_Wave1_DMA_dma.o)
 .debug_info    0x00009ad0      0x11b .\CortexM3\ARM_GCC_541\Debug\F1-TestFixture.a(WaveDAC_Wave2_DMA_dma.o)
 .debug_info    0x00009beb      0x185 .\CortexM3\ARM_GCC_541\Debug\F1-TestFixture.a(WaveDAC_VDAC8.o)
 .debug_info    0x00009d70      0x245 .\CortexM3\ARM_GCC_541\Debug\F1-TestFixture.a(Timer_DAC.o)
 .debug_info    0x00009fb5      0x2a6 .\CortexM3\ARM_GCC_541\Debug\F1-TestFixture.a(isr_ADC_AudioStream.o)
 .debug_info    0x0000a25b      0x47f .\CortexM3\ARM_GCC_541\Debug\F1-TestFixture.a(ADC_AudioStream.o)
 .debug_info    0x0000a6da       0x92 .\CortexM3\ARM_GCC_541\Debug\F1-TestFixture.a(ADC_AudioStream_INT.o)
 .debug_info    0x0000a76c      0x299 .\CortexM3\ARM_GCC_541\Debug\F1-TestFixture.a(ADC_AudioStream_theACLK.o)
 .debug_info    0x0000aa05      0x11e .\CortexM3\ARM_GCC_541\Debug\F1-TestFixture.a(RTest_BLOCK_4_EN.o)
 .debug_info    0x0000ab23      0x11e .\CortexM3\ARM_GCC_541\Debug\F1-TestFixture.a(RTest_BLOCK_3_EN.o)
 .debug_info    0x0000ac41      0x11e .\CortexM3\ARM_GCC_541\Debug\F1-TestFixture.a(RTest_BLOCK_2_EN.o)
 .debug_info    0x0000ad5f      0x11e .\CortexM3\ARM_GCC_541\Debug\F1-TestFixture.a(RTest_BLOCK_1_EN.o)
 .debug_info    0x0000ae7d      0x11e .\CortexM3\ARM_GCC_541\Debug\F1-TestFixture.a(RTest_DEMUX_C.o)
 .debug_info    0x0000af9b      0x11e .\CortexM3\ARM_GCC_541\Debug\F1-TestFixture.a(RTest_DEMUX_B.o)
 .debug_info    0x0000b0b9      0x11e .\CortexM3\ARM_GCC_541\Debug\F1-TestFixture.a(RTest_DEMUX_A.o)
 .debug_info    0x0000b1d7      0x11e .\CortexM3\ARM_GCC_541\Debug\F1-TestFixture.a(RTest_DEMUX_COM.o)
 .debug_info    0x0000b2f5       0xd7 .\CortexM3\ARM_GCC_541\Debug\F1-TestFixture.a(MUX_CTRL_115200.o)
 .debug_info    0x0000b3cc       0x92 .\CortexM3\ARM_GCC_541\Debug\F1-TestFixture.a(CyBootAsmGnu.o)
 .debug_info    0x0000b45e      0x3b9 .\CortexM3\ARM_GCC_541\Debug\F1-TestFixture.a(CyFlash.o)
 .debug_info    0x0000b817      0x4c0 .\CortexM3\ARM_GCC_541\Debug\F1-TestFixture.a(CySpc.o)
 .debug_info    0x0000bcd7      0x11e .\CortexM3\ARM_GCC_541\Debug\F1-TestFixture.a(LED1.o)
 .debug_info    0x0000bdf5      0x11e .\CortexM3\ARM_GCC_541\Debug\F1-TestFixture.a(LED2.o)

.debug_abbrev   0x00000000     0x3ea1
 *(.debug_abbrev)
 .debug_abbrev  0x00000000       0xfc .\CortexM3\ARM_GCC_541\Debug\main.o
 .debug_abbrev  0x000000fc      0x1a8 .\CortexM3\ARM_GCC_541\Debug\ControllerTest.o
 .debug_abbrev  0x000002a4      0x1e0 .\CortexM3\ARM_GCC_541\Debug\UART_230400_Functions.o
 .debug_abbrev  0x00000484      0x1ca .\CortexM3\ARM_GCC_541\Debug\SirenTest.o
 .debug_abbrev  0x0000064e      0x252 .\CortexM3\ARM_GCC_541\Debug\RelayTest.o
 .debug_abbrev  0x000008a0      0x1cf .\CortexM3\ARM_GCC_541\Debug\UART_460800_Functions.o
 .debug_abbrev  0x00000a6f      0x169 .\CortexM3\ARM_GCC_541\Debug\UART_115200_Functions.o
 .debug_abbrev  0x00000bd8       0xd8 .\CortexM3\ARM_GCC_541\Debug\CD4051BPW_Driver.o
 .debug_abbrev  0x00000cb0      0x19d .\CortexM3\ARM_GCC_541\Debug\cyfitter_cfg.o
 .debug_abbrev  0x00000e4d       0x77 .\CortexM3\ARM_GCC_541\Debug\cymetadata.o
 .debug_abbrev  0x00000ec4      0x1d6 .\CortexM3\ARM_GCC_541\Debug\Cm3Start.o
 .debug_abbrev  0x0000109a      0x194 .\CortexM3\ARM_GCC_541\Debug\F1-TestFixture.a(CyDmac.o)
 .debug_abbrev  0x0000122e      0x217 .\CortexM3\ARM_GCC_541\Debug\F1-TestFixture.a(CyLib.o)
 .debug_abbrev  0x00001445      0x161 .\CortexM3\ARM_GCC_541\Debug\F1-TestFixture.a(cyPm.o)
 .debug_abbrev  0x000015a6       0x90 .\CortexM3\ARM_GCC_541\Debug\F1-TestFixture.a(RTest_SIREN_EN.o)
 .debug_abbrev  0x00001636      0x178 .\CortexM3\ARM_GCC_541\Debug\F1-TestFixture.a(isr_UART_230400.o)
 .debug_abbrev  0x000017ae      0x15d .\CortexM3\ARM_GCC_541\Debug\F1-TestFixture.a(UART_230400.o)
 .debug_abbrev  0x0000190b       0x79 .\CortexM3\ARM_GCC_541\Debug\F1-TestFixture.a(UART_230400_INT.o)
 .debug_abbrev  0x00001984      0x11d .\CortexM3\ARM_GCC_541\Debug\F1-TestFixture.a(UART_230400_IntClock.o)
 .debug_abbrev  0x00001aa1       0x81 .\CortexM3\ARM_GCC_541\Debug\F1-TestFixture.a(MUX_CTRL_230400.o)
 .debug_abbrev  0x00001b22       0xe9 .\CortexM3\ARM_GCC_541\Debug\F1-TestFixture.a(Timer_20ms.o)
 .debug_abbrev  0x00001c0b       0x90 .\CortexM3\ARM_GCC_541\Debug\F1-TestFixture.a(LED_EN.o)
 .debug_abbrev  0x00001c9b      0x178 .\CortexM3\ARM_GCC_541\Debug\F1-TestFixture.a(isr_Timer_20ms.o)
 .debug_abbrev  0x00001e13      0x15d .\CortexM3\ARM_GCC_541\Debug\F1-TestFixture.a(UART_115200.o)
 .debug_abbrev  0x00001f70       0x79 .\CortexM3\ARM_GCC_541\Debug\F1-TestFixture.a(UART_115200_INT.o)
 .debug_abbrev  0x00001fe9      0x178 .\CortexM3\ARM_GCC_541\Debug\F1-TestFixture.a(isr_UART_115200.o)
 .debug_abbrev  0x00002161      0x11d .\CortexM3\ARM_GCC_541\Debug\F1-TestFixture.a(UART_115200_IntClock.o)
 .debug_abbrev  0x0000227e       0x81 .\CortexM3\ARM_GCC_541\Debug\F1-TestFixture.a(DEMUX_CTRL_230400.o)
 .debug_abbrev  0x000022ff      0x178 .\CortexM3\ARM_GCC_541\Debug\F1-TestFixture.a(isr_UART_460800.o)
 .debug_abbrev  0x00002477      0x15d .\CortexM3\ARM_GCC_541\Debug\F1-TestFixture.a(UART_460800.o)
 .debug_abbrev  0x000025d4       0x79 .\CortexM3\ARM_GCC_541\Debug\F1-TestFixture.a(UART_460800_INT.o)
 .debug_abbrev  0x0000264d       0x81 .\CortexM3\ARM_GCC_541\Debug\F1-TestFixture.a(MUX_CTRL_460800.o)
 .debug_abbrev  0x000026ce       0x81 .\CortexM3\ARM_GCC_541\Debug\F1-TestFixture.a(DEMUX_CTRL_460800.o)
 .debug_abbrev  0x0000274f      0x11d .\CortexM3\ARM_GCC_541\Debug\F1-TestFixture.a(UART_460800_IntClock.o)
 .debug_abbrev  0x0000286c       0xe9 .\CortexM3\ARM_GCC_541\Debug\F1-TestFixture.a(Timer_10ms.o)
 .debug_abbrev  0x00002955      0x15c .\CortexM3\ARM_GCC_541\Debug\F1-TestFixture.a(isr_Timer_10ms.o)
 .debug_abbrev  0x00002ab1       0xe9 .\CortexM3\ARM_GCC_541\Debug\F1-TestFixture.a(Timer_50ms.o)
 .debug_abbrev  0x00002b9a      0x162 .\CortexM3\ARM_GCC_541\Debug\F1-TestFixture.a(isr_Timer_50ms.o)
 .debug_abbrev  0x00002cfc       0x90 .\CortexM3\ARM_GCC_541\Debug\F1-TestFixture.a(PB_NextAction.o)
 .debug_abbrev  0x00002d8c       0xe3 .\CortexM3\ARM_GCC_541\Debug\F1-TestFixture.a(WaveDAC.o)
 .debug_abbrev  0x00002e6f       0x8b .\CortexM3\ARM_GCC_541\Debug\F1-TestFixture.a(WaveDAC_Wave1_DMA_dma.o)
 .debug_abbrev  0x00002efa       0x8b .\CortexM3\ARM_GCC_541\Debug\F1-TestFixture.a(WaveDAC_Wave2_DMA_dma.o)
 .debug_abbrev  0x00002f85       0xeb .\CortexM3\ARM_GCC_541\Debug\F1-TestFixture.a(WaveDAC_VDAC8.o)
 .debug_abbrev  0x00003070       0xe9 .\CortexM3\ARM_GCC_541\Debug\F1-TestFixture.a(Timer_DAC.o)
 .debug_abbrev  0x00003159      0x18a .\CortexM3\ARM_GCC_541\Debug\F1-TestFixture.a(isr_ADC_AudioStream.o)
 .debug_abbrev  0x000032e3      0x173 .\CortexM3\ARM_GCC_541\Debug\F1-TestFixture.a(ADC_AudioStream.o)
 .debug_abbrev  0x00003456       0x42 .\CortexM3\ARM_GCC_541\Debug\F1-TestFixture.a(ADC_AudioStream_INT.o)
 .debug_abbrev  0x00003498      0x11d .\CortexM3\ARM_GCC_541\Debug\F1-TestFixture.a(ADC_AudioStream_theACLK.o)
 .debug_abbrev  0x000035b5       0x90 .\CortexM3\ARM_GCC_541\Debug\F1-TestFixture.a(RTest_BLOCK_4_EN.o)
 .debug_abbrev  0x00003645       0x90 .\CortexM3\ARM_GCC_541\Debug\F1-TestFixture.a(RTest_BLOCK_3_EN.o)
 .debug_abbrev  0x000036d5       0x90 .\CortexM3\ARM_GCC_541\Debug\F1-TestFixture.a(RTest_BLOCK_2_EN.o)
 .debug_abbrev  0x00003765       0x90 .\CortexM3\ARM_GCC_541\Debug\F1-TestFixture.a(RTest_BLOCK_1_EN.o)
 .debug_abbrev  0x000037f5       0x90 .\CortexM3\ARM_GCC_541\Debug\F1-TestFixture.a(RTest_DEMUX_C.o)
 .debug_abbrev  0x00003885       0x90 .\CortexM3\ARM_GCC_541\Debug\F1-TestFixture.a(RTest_DEMUX_B.o)
 .debug_abbrev  0x00003915       0x90 .\CortexM3\ARM_GCC_541\Debug\F1-TestFixture.a(RTest_DEMUX_A.o)
 .debug_abbrev  0x000039a5       0x90 .\CortexM3\ARM_GCC_541\Debug\F1-TestFixture.a(RTest_DEMUX_COM.o)
 .debug_abbrev  0x00003a35       0x81 .\CortexM3\ARM_GCC_541\Debug\F1-TestFixture.a(MUX_CTRL_115200.o)
 .debug_abbrev  0x00003ab6       0x14 .\CortexM3\ARM_GCC_541\Debug\F1-TestFixture.a(CyBootAsmGnu.o)
 .debug_abbrev  0x00003aca      0x14b .\CortexM3\ARM_GCC_541\Debug\F1-TestFixture.a(CyFlash.o)
 .debug_abbrev  0x00003c15      0x16c .\CortexM3\ARM_GCC_541\Debug\F1-TestFixture.a(CySpc.o)
 .debug_abbrev  0x00003d81       0x90 .\CortexM3\ARM_GCC_541\Debug\F1-TestFixture.a(LED1.o)
 .debug_abbrev  0x00003e11       0x90 .\CortexM3\ARM_GCC_541\Debug\F1-TestFixture.a(LED2.o)

.debug_line     0x00000000     0x67e9
 *(.debug_line)
 .debug_line    0x00000000      0x1e9 .\CortexM3\ARM_GCC_541\Debug\main.o
 .debug_line    0x000001e9      0x28b .\CortexM3\ARM_GCC_541\Debug\ControllerTest.o
 .debug_line    0x00000474      0x2f9 .\CortexM3\ARM_GCC_541\Debug\UART_230400_Functions.o
 .debug_line    0x0000076d      0x37c .\CortexM3\ARM_GCC_541\Debug\SirenTest.o
 .debug_line    0x00000ae9      0x55a .\CortexM3\ARM_GCC_541\Debug\RelayTest.o
 .debug_line    0x00001043      0x2a0 .\CortexM3\ARM_GCC_541\Debug\UART_460800_Functions.o
 .debug_line    0x000012e3      0x22d .\CortexM3\ARM_GCC_541\Debug\UART_115200_Functions.o
 .debug_line    0x00001510      0x1d3 .\CortexM3\ARM_GCC_541\Debug\CD4051BPW_Driver.o
 .debug_line    0x000016e3      0x214 .\CortexM3\ARM_GCC_541\Debug\cyfitter_cfg.o
 .debug_line    0x000018f7      0x141 .\CortexM3\ARM_GCC_541\Debug\cymetadata.o
 .debug_line    0x00001a38      0x1db .\CortexM3\ARM_GCC_541\Debug\Cm3Start.o
 .debug_line    0x00001c13      0x2b6 .\CortexM3\ARM_GCC_541\Debug\F1-TestFixture.a(CyDmac.o)
 .debug_line    0x00001ec9      0x883 .\CortexM3\ARM_GCC_541\Debug\F1-TestFixture.a(CyLib.o)
 .debug_line    0x0000274c      0x38e .\CortexM3\ARM_GCC_541\Debug\F1-TestFixture.a(cyPm.o)
 .debug_line    0x00002ada       0x9e .\CortexM3\ARM_GCC_541\Debug\F1-TestFixture.a(RTest_SIREN_EN.o)
 .debug_line    0x00002b78      0x264 .\CortexM3\ARM_GCC_541\Debug\F1-TestFixture.a(isr_UART_230400.o)
 .debug_line    0x00002ddc      0x324 .\CortexM3\ARM_GCC_541\Debug\F1-TestFixture.a(UART_230400.o)
 .debug_line    0x00003100       0x8e .\CortexM3\ARM_GCC_541\Debug\F1-TestFixture.a(UART_230400_INT.o)
 .debug_line    0x0000318e      0x1b3 .\CortexM3\ARM_GCC_541\Debug\F1-TestFixture.a(UART_230400_IntClock.o)
 .debug_line    0x00003341       0x78 .\CortexM3\ARM_GCC_541\Debug\F1-TestFixture.a(MUX_CTRL_230400.o)
 .debug_line    0x000033b9      0x162 .\CortexM3\ARM_GCC_541\Debug\F1-TestFixture.a(Timer_20ms.o)
 .debug_line    0x0000351b       0x96 .\CortexM3\ARM_GCC_541\Debug\F1-TestFixture.a(LED_EN.o)
 .debug_line    0x000035b1      0x269 .\CortexM3\ARM_GCC_541\Debug\F1-TestFixture.a(isr_Timer_20ms.o)
 .debug_line    0x0000381a      0x324 .\CortexM3\ARM_GCC_541\Debug\F1-TestFixture.a(UART_115200.o)
 .debug_line    0x00003b3e       0x8e .\CortexM3\ARM_GCC_541\Debug\F1-TestFixture.a(UART_115200_INT.o)
 .debug_line    0x00003bcc      0x264 .\CortexM3\ARM_GCC_541\Debug\F1-TestFixture.a(isr_UART_115200.o)
 .debug_line    0x00003e30      0x1b3 .\CortexM3\ARM_GCC_541\Debug\F1-TestFixture.a(UART_115200_IntClock.o)
 .debug_line    0x00003fe3       0x7a .\CortexM3\ARM_GCC_541\Debug\F1-TestFixture.a(DEMUX_CTRL_230400.o)
 .debug_line    0x0000405d      0x264 .\CortexM3\ARM_GCC_541\Debug\F1-TestFixture.a(isr_UART_460800.o)
 .debug_line    0x000042c1      0x324 .\CortexM3\ARM_GCC_541\Debug\F1-TestFixture.a(UART_460800.o)
 .debug_line    0x000045e5       0x8e .\CortexM3\ARM_GCC_541\Debug\F1-TestFixture.a(UART_460800_INT.o)
 .debug_line    0x00004673       0x78 .\CortexM3\ARM_GCC_541\Debug\F1-TestFixture.a(MUX_CTRL_460800.o)
 .debug_line    0x000046eb       0x7a .\CortexM3\ARM_GCC_541\Debug\F1-TestFixture.a(DEMUX_CTRL_460800.o)
 .debug_line    0x00004765      0x1b3 .\CortexM3\ARM_GCC_541\Debug\F1-TestFixture.a(UART_460800_IntClock.o)
 .debug_line    0x00004918      0x162 .\CortexM3\ARM_GCC_541\Debug\F1-TestFixture.a(Timer_10ms.o)
 .debug_line    0x00004a7a      0x269 .\CortexM3\ARM_GCC_541\Debug\F1-TestFixture.a(isr_Timer_10ms.o)
 .debug_line    0x00004ce3      0x162 .\CortexM3\ARM_GCC_541\Debug\F1-TestFixture.a(Timer_50ms.o)
 .debug_line    0x00004e45      0x2a4 .\CortexM3\ARM_GCC_541\Debug\F1-TestFixture.a(isr_Timer_50ms.o)
 .debug_line    0x000050e9       0x9d .\CortexM3\ARM_GCC_541\Debug\F1-TestFixture.a(PB_NextAction.o)
 .debug_line    0x00005186       0xef .\CortexM3\ARM_GCC_541\Debug\F1-TestFixture.a(WaveDAC.o)
 .debug_line    0x00005275       0x84 .\CortexM3\ARM_GCC_541\Debug\F1-TestFixture.a(WaveDAC_Wave1_DMA_dma.o)
 .debug_line    0x000052f9       0x84 .\CortexM3\ARM_GCC_541\Debug\F1-TestFixture.a(WaveDAC_Wave2_DMA_dma.o)
 .debug_line    0x0000537d       0xf5 .\CortexM3\ARM_GCC_541\Debug\F1-TestFixture.a(WaveDAC_VDAC8.o)
 .debug_line    0x00005472      0x161 .\CortexM3\ARM_GCC_541\Debug\F1-TestFixture.a(Timer_DAC.o)
 .debug_line    0x000055d3      0x26e .\CortexM3\ARM_GCC_541\Debug\F1-TestFixture.a(isr_ADC_AudioStream.o)
 .debug_line    0x00005841      0x213 .\CortexM3\ARM_GCC_541\Debug\F1-TestFixture.a(ADC_AudioStream.o)
 .debug_line    0x00005a54       0x5f .\CortexM3\ARM_GCC_541\Debug\F1-TestFixture.a(ADC_AudioStream_INT.o)
 .debug_line    0x00005ab3      0x1da .\CortexM3\ARM_GCC_541\Debug\F1-TestFixture.a(ADC_AudioStream_theACLK.o)
 .debug_line    0x00005c8d       0xa0 .\CortexM3\ARM_GCC_541\Debug\F1-TestFixture.a(RTest_BLOCK_4_EN.o)
 .debug_line    0x00005d2d       0xa0 .\CortexM3\ARM_GCC_541\Debug\F1-TestFixture.a(RTest_BLOCK_3_EN.o)
 .debug_line    0x00005dcd       0xa0 .\CortexM3\ARM_GCC_541\Debug\F1-TestFixture.a(RTest_BLOCK_2_EN.o)
 .debug_line    0x00005e6d       0xa0 .\CortexM3\ARM_GCC_541\Debug\F1-TestFixture.a(RTest_BLOCK_1_EN.o)
 .debug_line    0x00005f0d       0x9d .\CortexM3\ARM_GCC_541\Debug\F1-TestFixture.a(RTest_DEMUX_C.o)
 .debug_line    0x00005faa       0x9d .\CortexM3\ARM_GCC_541\Debug\F1-TestFixture.a(RTest_DEMUX_B.o)
 .debug_line    0x00006047       0x9d .\CortexM3\ARM_GCC_541\Debug\F1-TestFixture.a(RTest_DEMUX_A.o)
 .debug_line    0x000060e4       0x9f .\CortexM3\ARM_GCC_541\Debug\F1-TestFixture.a(RTest_DEMUX_COM.o)
 .debug_line    0x00006183       0x78 .\CortexM3\ARM_GCC_541\Debug\F1-TestFixture.a(MUX_CTRL_115200.o)
 .debug_line    0x000061fb       0x66 .\CortexM3\ARM_GCC_541\Debug\F1-TestFixture.a(CyBootAsmGnu.o)
 .debug_line    0x00006261      0x22f .\CortexM3\ARM_GCC_541\Debug\F1-TestFixture.a(CyFlash.o)
 .debug_line    0x00006490      0x231 .\CortexM3\ARM_GCC_541\Debug\F1-TestFixture.a(CySpc.o)
 .debug_line    0x000066c1       0x94 .\CortexM3\ARM_GCC_541\Debug\F1-TestFixture.a(LED1.o)
 .debug_line    0x00006755       0x94 .\CortexM3\ARM_GCC_541\Debug\F1-TestFixture.a(LED2.o)

.debug_frame    0x00000000     0x5d6c
 *(.debug_frame)
 .debug_frame   0x00000000       0x90 .\CortexM3\ARM_GCC_541\Debug\main.o
 .debug_frame   0x00000090      0x160 .\CortexM3\ARM_GCC_541\Debug\ControllerTest.o
 .debug_frame   0x000001f0      0x130 .\CortexM3\ARM_GCC_541\Debug\UART_230400_Functions.o
 .debug_frame   0x00000320      0x198 .\CortexM3\ARM_GCC_541\Debug\SirenTest.o
 .debug_frame   0x000004b8      0x318 .\CortexM3\ARM_GCC_541\Debug\RelayTest.o
 .debug_frame   0x000007d0       0xf8 .\CortexM3\ARM_GCC_541\Debug\UART_460800_Functions.o
 .debug_frame   0x000008c8       0xac .\CortexM3\ARM_GCC_541\Debug\UART_115200_Functions.o
 .debug_frame   0x00000974       0x84 .\CortexM3\ARM_GCC_541\Debug\CD4051BPW_Driver.o
 .debug_frame   0x000009f8      0x16c .\CortexM3\ARM_GCC_541\Debug\cyfitter_cfg.o
 .debug_frame   0x00000b64       0xd8 .\CortexM3\ARM_GCC_541\Debug\Cm3Start.o
 .debug_frame   0x00000c3c      0x3d0 .\CortexM3\ARM_GCC_541\Debug\F1-TestFixture.a(CyDmac.o)
 .debug_frame   0x0000100c      0xc0c .\CortexM3\ARM_GCC_541\Debug\F1-TestFixture.a(CyLib.o)
 .debug_frame   0x00001c18      0x234 .\CortexM3\ARM_GCC_541\Debug\F1-TestFixture.a(cyPm.o)
 .debug_frame   0x00001e4c       0xa8 .\CortexM3\ARM_GCC_541\Debug\F1-TestFixture.a(RTest_SIREN_EN.o)
 .debug_frame   0x00001ef4      0x1e0 .\CortexM3\ARM_GCC_541\Debug\F1-TestFixture.a(isr_UART_230400.o)
 .debug_frame   0x000020d4      0x424 .\CortexM3\ARM_GCC_541\Debug\F1-TestFixture.a(UART_230400.o)
 .debug_frame   0x000024f8       0x34 .\CortexM3\ARM_GCC_541\Debug\F1-TestFixture.a(UART_230400_INT.o)
 .debug_frame   0x0000252c      0x1b4 .\CortexM3\ARM_GCC_541\Debug\F1-TestFixture.a(UART_230400_IntClock.o)
 .debug_frame   0x000026e0       0x5c .\CortexM3\ARM_GCC_541\Debug\F1-TestFixture.a(MUX_CTRL_230400.o)
 .debug_frame   0x0000273c      0x208 .\CortexM3\ARM_GCC_541\Debug\F1-TestFixture.a(Timer_20ms.o)
 .debug_frame   0x00002944       0xa8 .\CortexM3\ARM_GCC_541\Debug\F1-TestFixture.a(LED_EN.o)
 .debug_frame   0x000029ec      0x1e0 .\CortexM3\ARM_GCC_541\Debug\F1-TestFixture.a(isr_Timer_20ms.o)
 .debug_frame   0x00002bcc      0x424 .\CortexM3\ARM_GCC_541\Debug\F1-TestFixture.a(UART_115200.o)
 .debug_frame   0x00002ff0       0x34 .\CortexM3\ARM_GCC_541\Debug\F1-TestFixture.a(UART_115200_INT.o)
 .debug_frame   0x00003024      0x1e0 .\CortexM3\ARM_GCC_541\Debug\F1-TestFixture.a(isr_UART_115200.o)
 .debug_frame   0x00003204      0x1b4 .\CortexM3\ARM_GCC_541\Debug\F1-TestFixture.a(UART_115200_IntClock.o)
 .debug_frame   0x000033b8       0x5c .\CortexM3\ARM_GCC_541\Debug\F1-TestFixture.a(DEMUX_CTRL_230400.o)
 .debug_frame   0x00003414      0x1e0 .\CortexM3\ARM_GCC_541\Debug\F1-TestFixture.a(isr_UART_460800.o)
 .debug_frame   0x000035f4      0x424 .\CortexM3\ARM_GCC_541\Debug\F1-TestFixture.a(UART_460800.o)
 .debug_frame   0x00003a18       0x34 .\CortexM3\ARM_GCC_541\Debug\F1-TestFixture.a(UART_460800_INT.o)
 .debug_frame   0x00003a4c       0x5c .\CortexM3\ARM_GCC_541\Debug\F1-TestFixture.a(MUX_CTRL_460800.o)
 .debug_frame   0x00003aa8       0x5c .\CortexM3\ARM_GCC_541\Debug\F1-TestFixture.a(DEMUX_CTRL_460800.o)
 .debug_frame   0x00003b04      0x1b4 .\CortexM3\ARM_GCC_541\Debug\F1-TestFixture.a(UART_460800_IntClock.o)
 .debug_frame   0x00003cb8      0x208 .\CortexM3\ARM_GCC_541\Debug\F1-TestFixture.a(Timer_10ms.o)
 .debug_frame   0x00003ec0      0x1e0 .\CortexM3\ARM_GCC_541\Debug\F1-TestFixture.a(isr_Timer_10ms.o)
 .debug_frame   0x000040a0      0x208 .\CortexM3\ARM_GCC_541\Debug\F1-TestFixture.a(Timer_50ms.o)
 .debug_frame   0x000042a8      0x1e0 .\CortexM3\ARM_GCC_541\Debug\F1-TestFixture.a(isr_Timer_50ms.o)
 .debug_frame   0x00004488       0xa8 .\CortexM3\ARM_GCC_541\Debug\F1-TestFixture.a(PB_NextAction.o)
 .debug_frame   0x00004530       0xf8 .\CortexM3\ARM_GCC_541\Debug\F1-TestFixture.a(WaveDAC.o)
 .debug_frame   0x00004628       0x58 .\CortexM3\ARM_GCC_541\Debug\F1-TestFixture.a(WaveDAC_Wave1_DMA_dma.o)
 .debug_frame   0x00004680       0x58 .\CortexM3\ARM_GCC_541\Debug\F1-TestFixture.a(WaveDAC_Wave2_DMA_dma.o)
 .debug_frame   0x000046d8      0x130 .\CortexM3\ARM_GCC_541\Debug\F1-TestFixture.a(WaveDAC_VDAC8.o)
 .debug_frame   0x00004808      0x208 .\CortexM3\ARM_GCC_541\Debug\F1-TestFixture.a(Timer_DAC.o)
 .debug_frame   0x00004a10      0x1e8 .\CortexM3\ARM_GCC_541\Debug\F1-TestFixture.a(isr_ADC_AudioStream.o)
 .debug_frame   0x00004bf8      0x2bc .\CortexM3\ARM_GCC_541\Debug\F1-TestFixture.a(ADC_AudioStream.o)
 .debug_frame   0x00004eb4       0x34 .\CortexM3\ARM_GCC_541\Debug\F1-TestFixture.a(ADC_AudioStream_INT.o)
 .debug_frame   0x00004ee8      0x200 .\CortexM3\ARM_GCC_541\Debug\F1-TestFixture.a(ADC_AudioStream_theACLK.o)
 .debug_frame   0x000050e8       0xa8 .\CortexM3\ARM_GCC_541\Debug\F1-TestFixture.a(RTest_BLOCK_4_EN.o)
 .debug_frame   0x00005190       0xa8 .\CortexM3\ARM_GCC_541\Debug\F1-TestFixture.a(RTest_BLOCK_3_EN.o)
 .debug_frame   0x00005238       0xa8 .\CortexM3\ARM_GCC_541\Debug\F1-TestFixture.a(RTest_BLOCK_2_EN.o)
 .debug_frame   0x000052e0       0xa8 .\CortexM3\ARM_GCC_541\Debug\F1-TestFixture.a(RTest_BLOCK_1_EN.o)
 .debug_frame   0x00005388       0xa8 .\CortexM3\ARM_GCC_541\Debug\F1-TestFixture.a(RTest_DEMUX_C.o)
 .debug_frame   0x00005430       0xa8 .\CortexM3\ARM_GCC_541\Debug\F1-TestFixture.a(RTest_DEMUX_B.o)
 .debug_frame   0x000054d8       0xa8 .\CortexM3\ARM_GCC_541\Debug\F1-TestFixture.a(RTest_DEMUX_A.o)
 .debug_frame   0x00005580       0xa8 .\CortexM3\ARM_GCC_541\Debug\F1-TestFixture.a(RTest_DEMUX_COM.o)
 .debug_frame   0x00005628       0x5c .\CortexM3\ARM_GCC_541\Debug\F1-TestFixture.a(MUX_CTRL_115200.o)
 .debug_frame   0x00005684      0x238 .\CortexM3\ARM_GCC_541\Debug\F1-TestFixture.a(CyFlash.o)
 .debug_frame   0x000058bc      0x228 .\CortexM3\ARM_GCC_541\Debug\F1-TestFixture.a(CySpc.o)
 .debug_frame   0x00005ae4       0xa8 .\CortexM3\ARM_GCC_541\Debug\F1-TestFixture.a(LED1.o)
 .debug_frame   0x00005b8c       0xa8 .\CortexM3\ARM_GCC_541\Debug\F1-TestFixture.a(LED2.o)
 .debug_frame   0x00005c34       0x44 c:/program files (x86)/cypress/psoc creator/4.3/psoc creator/import/gnu/arm/5.4.1/bin/../lib/gcc/arm-none-eabi/5.4.1/armv7-m\libgcc.a(_aeabi_ldivmod.o)
 .debug_frame   0x00005c78       0x38 c:/program files (x86)/cypress/psoc creator/4.3/psoc creator/import/gnu/arm/5.4.1/bin/../lib/gcc/arm-none-eabi/5.4.1/armv7-m\libgcc.a(_udivmoddi4.o)
 .debug_frame   0x00005cb0       0x20 c:/program files (x86)/cypress/psoc creator/4.3/psoc creator/import/gnu/arm/5.4.1/bin/../lib/gcc/arm-none-eabi/5.4.1/../../../../arm-none-eabi/lib/armv7-m\libg_nano.a(lib_a-errno.o)
 .debug_frame   0x00005cd0       0x28 c:/program files (x86)/cypress/psoc creator/4.3/psoc creator/import/gnu/arm/5.4.1/bin/../lib/gcc/arm-none-eabi/5.4.1/../../../../arm-none-eabi/lib/armv7-m\libg_nano.a(lib_a-exit.o)
 .debug_frame   0x00005cf8       0x2c c:/program files (x86)/cypress/psoc creator/4.3/psoc creator/import/gnu/arm/5.4.1/bin/../lib/gcc/arm-none-eabi/5.4.1/../../../../arm-none-eabi/lib/armv7-m\libg_nano.a(lib_a-init.o)
 .debug_frame   0x00005d24       0x28 c:/program files (x86)/cypress/psoc creator/4.3/psoc creator/import/gnu/arm/5.4.1/bin/../lib/gcc/arm-none-eabi/5.4.1/../../../../arm-none-eabi/lib/armv7-m\libg_nano.a(lib_a-memcpy-stub.o)
 .debug_frame   0x00005d4c       0x20 c:/program files (x86)/cypress/psoc creator/4.3/psoc creator/import/gnu/arm/5.4.1/bin/../lib/gcc/arm-none-eabi/5.4.1/../../../../arm-none-eabi/lib/armv7-m\libg_nano.a(lib_a-memset.o)

.debug_str      0x00000000     0x5d4e
 *(.debug_str)
 .debug_str     0x00000000      0x1f0 .\CortexM3\ARM_GCC_541\Debug\main.o