Archive member included to satisfy reference by file (symbol)

.\CortexM3\ARM_GCC_541\Debug\F1-TestFixture.a(CyDmac.o)
                              .\CortexM3\ARM_GCC_541\Debug\Cm3Start.o (CyDmacConfigure)
.\CortexM3\ARM_GCC_541\Debug\F1-TestFixture.a(CyLib.o)
                              .\CortexM3\ARM_GCC_541\Debug\Cm3Start.o (CyResetStatus)
.\CortexM3\ARM_GCC_541\Debug\F1-TestFixture.a(cyPm.o)
                              .\CortexM3\ARM_GCC_541\Debug\F1-TestFixture.a(CyLib.o) (CyPmReadStatus)
.\CortexM3\ARM_GCC_541\Debug\F1-TestFixture.a(CTest_CONT_VBATT_EN.o)
                              .\CortexM3\ARM_GCC_541\Debug\ControllerTest.o (CTest_CONT_VBATT_EN_Write)
.\CortexM3\ARM_GCC_541\Debug\F1-TestFixture.a(CTest_USB_5V_EN.o)
                              .\CortexM3\ARM_GCC_541\Debug\ControllerTest.o (CTest_USB_5V_EN_Write)
.\CortexM3\ARM_GCC_541\Debug\F1-TestFixture.a(RTest_SIREN_EN.o)
                              .\CortexM3\ARM_GCC_541\Debug\RelayTest.o (RTest_SIREN_EN_Read)
.\CortexM3\ARM_GCC_541\Debug\F1-TestFixture.a(RTest_HSide1.o)
                              .\CortexM3\ARM_GCC_541\Debug\RelayTest.o (RTest_HSide1_Write)
.\CortexM3\ARM_GCC_541\Debug\F1-TestFixture.a(RTest_HSide3.o)
                              .\CortexM3\ARM_GCC_541\Debug\RelayTest.o (RTest_HSide3_Write)
.\CortexM3\ARM_GCC_541\Debug\F1-TestFixture.a(RTest_HSide2.o)
                              .\CortexM3\ARM_GCC_541\Debug\RelayTest.o (RTest_HSide2_Write)
.\CortexM3\ARM_GCC_541\Debug\F1-TestFixture.a(RTest_HSide4.o)
                              .\CortexM3\ARM_GCC_541\Debug\RelayTest.o (RTest_HSide4_Write)
.\CortexM3\ARM_GCC_541\Debug\F1-TestFixture.a(RTest_HSide5.o)
                              .\CortexM3\ARM_GCC_541\Debug\RelayTest.o (RTest_HSide5_Write)
.\CortexM3\ARM_GCC_541\Debug\F1-TestFixture.a(RTest_HSide6.o)
                              .\CortexM3\ARM_GCC_541\Debug\RelayTest.o (RTest_HSide6_Write)
.\CortexM3\ARM_GCC_541\Debug\F1-TestFixture.a(RTest_HSide7.o)
                              .\CortexM3\ARM_GCC_541\Debug\RelayTest.o (RTest_HSide7_Write)
.\CortexM3\ARM_GCC_541\Debug\F1-TestFixture.a(RTest_HSide8.o)
                              .\CortexM3\ARM_GCC_541\Debug\RelayTest.o (RTest_HSide8_Write)
.\CortexM3\ARM_GCC_541\Debug\F1-TestFixture.a(isr_UART_230400.o)
                              .\CortexM3\ARM_GCC_541\Debug\main.o (isr_UART_230400_Start)
.\CortexM3\ARM_GCC_541\Debug\F1-TestFixture.a(UART_230400.o)
                              .\CortexM3\ARM_GCC_541\Debug\main.o (UART_230400_Start)
.\CortexM3\ARM_GCC_541\Debug\F1-TestFixture.a(UART_230400_INT.o)
                              .\CortexM3\ARM_GCC_541\Debug\F1-TestFixture.a(UART_230400.o) (UART_230400_TXISR)
.\CortexM3\ARM_GCC_541\Debug\F1-TestFixture.a(UART_230400_IntClock.o)
                              .\CortexM3\ARM_GCC_541\Debug\F1-TestFixture.a(UART_230400.o) (UART_230400_IntClock_Start)
.\CortexM3\ARM_GCC_541\Debug\F1-TestFixture.a(MUX_CTRL_230400.o)
                              .\CortexM3\ARM_GCC_541\Debug\ControllerTest.o (MUX_CTRL_230400_Write)
.\CortexM3\ARM_GCC_541\Debug\F1-TestFixture.a(Timer_20ms.o)
                              .\CortexM3\ARM_GCC_541\Debug\main.o (Timer_20ms_Start)
.\CortexM3\ARM_GCC_541\Debug\F1-TestFixture.a(LED_EN.o)
                              .\CortexM3\ARM_GCC_541\Debug\ControllerTest.o (LED_EN_Write)
.\CortexM3\ARM_GCC_541\Debug\F1-TestFixture.a(isr_Timer_20ms.o)
                              .\CortexM3\ARM_GCC_541\Debug\main.o (isr_Timer_20ms_Start)
.\CortexM3\ARM_GCC_541\Debug\F1-TestFixture.a(UART_115200.o)
                              .\CortexM3\ARM_GCC_541\Debug\main.o (UART_115200_Start)
.\CortexM3\ARM_GCC_541\Debug\F1-TestFixture.a(UART_115200_INT.o)
                              .\CortexM3\ARM_GCC_541\Debug\F1-TestFixture.a(UART_115200.o) (UART_115200_TXISR)
.\CortexM3\ARM_GCC_541\Debug\F1-TestFixture.a(isr_UART_115200.o)
                              .\CortexM3\ARM_GCC_541\Debug\main.o (isr_UART_115200_Start)
.\CortexM3\ARM_GCC_541\Debug\F1-TestFixture.a(UART_115200_IntClock.o)
                              .\CortexM3\ARM_GCC_541\Debug\F1-TestFixture.a(UART_115200.o) (UART_115200_IntClock_Start)
.\CortexM3\ARM_GCC_541\Debug\F1-TestFixture.a(DEMUX_CTRL_230400.o)
                              .\CortexM3\ARM_GCC_541\Debug\UART_230400_Functions.o (DEMUX_CTRL_230400_Write)
.\CortexM3\ARM_GCC_541\Debug\F1-TestFixture.a(isr_UART_460800.o)
                              .\CortexM3\ARM_GCC_541\Debug\main.o (isr_UART_460800_Start)
.\CortexM3\ARM_GCC_541\Debug\F1-TestFixture.a(UART_460800.o)
                              .\CortexM3\ARM_GCC_541\Debug\main.o (UART_460800_Start)
.\CortexM3\ARM_GCC_541\Debug\F1-TestFixture.a(UART_460800_INT.o)
                              .\CortexM3\ARM_GCC_541\Debug\F1-TestFixture.a(UART_460800.o) (UART_460800_TXISR)
.\CortexM3\ARM_GCC_541\Debug\F1-TestFixture.a(MUX_CTRL_460800.o)
                              .\CortexM3\ARM_GCC_541\Debug\RelayTest.o (MUX_CTRL_460800_Write)
[...]
Memory Configuration

Name             Origin             Length             Attributes
rom              0x00000000         0x00020000         xr
ram              0x1fffc000         0x00008000         xrw
*default*        0x00000000         0xffffffff

Linker script and memory map

LOAD c:/program files (x86)/cypress/psoc creator/4.3/psoc creator/import/gnu/arm/5.4.1/bin/../lib/gcc/arm-none-eabi/5.4.1/armv7-m/crti.o
LOAD c:/program files (x86)/cypress/psoc creator/4.3/psoc creator/import/gnu/arm/5.4.1/bin/../lib/gcc/arm-none-eabi/5.4.1/armv7-m/crtbegin.o
LOAD c:/program files (x86)/cypress/psoc creator/4.3/psoc creator/import/gnu/arm/5.4.1/bin/../lib/gcc/arm-none-eabi/5.4.1/../../../../arm-none-eabi/lib/armv7-m/crt0.o
START GROUP
LOAD .\CortexM3\ARM_GCC_541\Debug\main.o
LOAD .\CortexM3\ARM_GCC_541\Debug\ControllerTest.o
LOAD .\CortexM3\ARM_GCC_541\Debug\UART_230400_Functions.o
LOAD .\CortexM3\ARM_GCC_541\Debug\SirenTest.o
LOAD .\CortexM3\ARM_GCC_541\Debug\RelayTest.o
LOAD .\CortexM3\ARM_GCC_541\Debug\UART_460800_Functions.o
LOAD .\CortexM3\ARM_GCC_541\Debug\UART_115200_Functions.o
LOAD .\CortexM3\ARM_GCC_541\Debug\CD4051BPW_Driver.o
LOAD .\CortexM3\ARM_GCC_541\Debug\cyfitter_cfg.o
LOAD .\CortexM3\ARM_GCC_541\Debug\cymetadata.o
LOAD .\CortexM3\ARM_GCC_541\Debug\Cm3Start.o
LOAD .\CortexM3\ARM_GCC_541\Debug\F1-TestFixture.a
LOAD C:\Program Files (x86)\Cypress\PSoC Creator\4.3\PSoC Creator\psoc\content\cycomponentlibrary\CyComponentLibrary.cylib\CortexM3\ARM_GCC_541\Debug\CyComponentLibrary.a
END GROUP
START GROUP
LOAD c:/program files (x86)/cypress/psoc creator/4.3/psoc creator/import/gnu/arm/5.4.1/bin/../lib/gcc/arm-none-eabi/5.4.1/armv7-m\libgcc.a
LOAD c:/program files (x86)/cypress/psoc creator/4.3/psoc creator/import/gnu/arm/5.4.1/bin/../lib/gcc/arm-none-eabi/5.4.1/../../../../arm-none-eabi/lib/armv7-m\libg_nano.a
LOAD c:/program files (x86)/cypress/psoc creator/4.3/psoc creator/import/gnu/arm/5.4.1/bin/../lib/gcc/arm-none-eabi/5.4.1/../../../../arm-none-eabi/lib/armv7-m\libc_nano.a
END GROUP
START GROUP
LOAD c:/program files (x86)/cypress/psoc creator/4.3/psoc creator/import/gnu/arm/5.4.1/bin/../lib/gcc/arm-none-eabi/5.4.1/armv7-m\libgcc.a
LOAD c:/program files (x86)/cypress/psoc creator/4.3/psoc creator/import/gnu/arm/5.4.1/bin/../lib/gcc/arm-none-eabi/5.4.1/../../../../arm-none-eabi/lib/armv7-m\libc_nano.a
END GROUP
LOAD c:/program files (x86)/cypress/psoc creator/4.3/psoc creator/import/gnu/arm/5.4.1/bin/../lib/gcc/arm-none-eabi/5.4.1/armv7-m/crtend.o
LOAD c:/program files (x86)/cypress/psoc creator/4.3/psoc creator/import/gnu/arm/5.4.1/bin/../lib/gcc/arm-none-eabi/5.4.1/armv7-m/crtn.o
START GROUP
LOAD c:/program files (x86)/cypress/psoc creator/4.3/psoc creator/import/gnu/arm/5.4.1/bin/../lib/gcc/arm-none-eabi/5.4.1/armv7-m\libgcc.a
LOAD c:/program files (x86)/cypress/psoc creator/4.3/psoc creator/import/gnu/arm/5.4.1/bin/../lib/gcc/arm-none-eabi/5.4.1/../../../../arm-none-eabi/lib/armv7-m\libc.a
LOAD c:/program files (x86)/cypress/psoc creator/4.3/psoc creator/import/gnu/arm/5.4.1/bin/../lib/gcc/arm-none-eabi/5.4.1/../../../../arm-none-eabi/lib/armv7-m\libnosys.a
END GROUP
                0x00000000                CY_APPL_ORIGIN = 0x0
                0x00000100                CY_FLASH_ROW_SIZE = 0x100
                0x00000020                CY_ECC_ROW_SIZE = 0x20
                0x00000000                CY_EE_IN_BTLDR = 0x0
                0x00000000                CY_APPL_LOADABLE = 0x0
                0x00000800                CY_EE_SIZE = 0x800
                0x00000001                CY_APPL_NUM = 0x1
                0x00000001                CY_APPL_MAX = 0x1
                0x00000040                CY_METADATA_SIZE = 0x40
                0x00000000                CY_APPL_LOADABLE = 0x0
                0x00000000                CY_CHECKSUM_EXCLUDE_SIZE = ALIGN (0x0, CY_FLASH_ROW_SIZE)
                [!provide]                PROVIDE (__cy_heap_start, _end)
                0x00000001                PROVIDE (__cy_region_num, ((__cy_regions_end - __cy_regions) / 0x10))
                0x20004000                PROVIDE (__cy_stack, (ORIGIN (ram) + LENGTH (ram)))
                [!provide]                PROVIDE (__cy_heap_end, (__cy_stack - 0x800))

.cybootloader   0x00000000        0x0
 *(.cybootloader)
                0x00000000                appl1_start = CY_APPL_ORIGIN?CY_APPL_ORIGIN:ALIGN (CY_FLASH_ROW_SIZE)
                0x0000ff00                appl2_start = (appl1_start + ALIGN ((((LENGTH (rom) - appl1_start) - (0x2 * CY_FLASH_ROW_SIZE)) / 0x2), CY_FLASH_ROW_SIZE))
                0x00000000                appl_start = (CY_APPL_NUM == 0x1)?appl1_start:appl2_start
                0x00000000                ecc_offset = ((appl_start / CY_FLASH_ROW_SIZE) * CY_ECC_ROW_SIZE)
                0x00000000                ee_offset = (CY_APPL_LOADABLE && ! (CY_EE_IN_BTLDR))?((CY_EE_SIZE / CY_APPL_MAX) * (CY_APPL_NUM - 0x1)):0x0
                0x00000800                ee_size = (CY_APPL_LOADABLE && ! (CY_EE_IN_BTLDR))?(CY_EE_SIZE / CY_APPL_MAX):CY_EE_SIZE
                [!provide]                PROVIDE (CY_ECC_OFFSET, ecc_offset)

.text           0x00000000     0x4e46
 CREATE_OBJECT_SYMBOLS
                0x00000000                PROVIDE (__cy_interrupt_vector, RomVectors)
 *(.romvectors)
 .romvectors    0x00000000       0x10 .\CortexM3\ARM_GCC_541\Debug\Cm3Start.o
                0x00000000                RomVectors
                0x00000001                ASSERT ((. != __cy_interrupt_vector), No interrupt vector)
                0x00000001                ASSERT (CY_APPL_ORIGIN?(SIZEOF (.cybootloader) <= CY_APPL_ORIGIN):0x1, Wrong image location)
                0x00000010                PROVIDE (__cy_reset, Reset)
 *(.text.Reset)
 .text.Reset    0x00000010       0x18 .\CortexM3\ARM_GCC_541\Debug\Cm3Start.o
                0x00000010                Reset
                0x00000001                ASSERT ((. != __cy_reset), No reset code)
 *(.dma_init)
                0x00000001                ASSERT ((((appl_start + .) <= 0x10000) || 0x1), DMA Init must be within the first 64k of flash)
 *(.text .text.* .gnu.linkonce.t.*)
 .text          0x00000028       0x5c c:/program files (x86)/cypress/psoc creator/4.3/psoc creator/import/gnu/arm/5.4.1/bin/../lib/gcc/arm-none-eabi/5.4.1/armv7-m/crtbegin.o
 .text.main     0x00000084       0x64 .\CortexM3\ARM_GCC_541\Debug\main.o
                0x00000084                main
 .text.initializePeripherals
                0x000000e8       0x44 .\CortexM3\ARM_GCC_541\Debug\main.o
 .text.ControllerTest
                0x0000012c      0x29c .\CortexM3\ARM_GCC_541\Debug\ControllerTest.o
                0x0000012c                ControllerTest
 .text.CTest_ReadPushbuttons
                0x000003c8       0x54 .\CortexM3\ARM_GCC_541\Debug\ControllerTest.o
                0x000003c8                CTest_ReadPushbuttons
 .text.getTxPacket_Relay
                0x0000041c       0x20 .\CortexM3\ARM_GCC_541\Debug\ControllerTest.o
                0x0000041c                getTxPacket_Relay
 .text.getRxPacket_Controller
                0x0000043c       0x20 .\CortexM3\ARM_GCC_541\Debug\ControllerTest.o
                0x0000043c                getRxPacket_Controller
 .text.getTxPacket_Controller
                0x0000045c       0x20 .\CortexM3\ARM_GCC_541\Debug\ControllerTest.o
                0x0000045c                getTxPacket_Controller
 .text.CTest_sendDiagPacket
                0x0000047c       0x58 .\CortexM3\ARM_GCC_541\Debug\ControllerTest.o
                0x0000047c                CTest_sendDiagPacket
 .text.CTest_isr_PB
                0x000004d4       0xe4 .\CortexM3\ARM_GCC_541\Debug\ControllerTest.o
                0x000004d4                CTest_isr_PB
 .text.CTest_20ms_isr
                0x000005b8       0x7c .\CortexM3\ARM_GCC_541\Debug\ControllerTest.o
                0x000005b8                CTest_20ms_isr
 .text.CTest_50ms_isr
                0x00000634       0x30 .\CortexM3\ARM_GCC_541\Debug\ControllerTest.o
                0x00000634                CTest_50ms_isr
 .text.CTest_StartAutomatedStep
                0x00000664       0x3c .\CortexM3\ARM_GCC_541\Debug\ControllerTest.o
                0x00000664                CTest_StartAutomatedStep
 .text.CTest_StopAutomatedStep
                0x000006a0       0x40 .\CortexM3\ARM_GCC_541\Debug\ControllerTest.o
                0x000006a0                CTest_StopAutomatedStep
 .text.CTest_PB_WaitForAction
                0x000006e0       0x60 .\CortexM3\ARM_GCC_541\Debug\ControllerTest.o
                0x000006e0                CTest_PB_WaitForAction
 .text.processByteReceivedHandler
                0x00000740       0x60 .\CortexM3\ARM_GCC_541\Debug\UART_230400_Functions.o
                0x00000740                processByteReceivedHandler
 .text.detectPacket
                0x000007a0      0x324 .\CortexM3\ARM_GCC_541\Debug\UART_230400_Functions.o
 .text.VerifyPacket_230400
                0x00000ac4       0x34 .\CortexM3\ARM_GCC_541\Debug\UART_230400_Functions.o
                0x00000ac4                VerifyPacket_230400
 .text.sendPacket_RelayToController
                0x00000af8       0x5c .\CortexM3\ARM_GCC_541\Debug\UART_230400_Functions.o
                0x00000af8                sendPacket_RelayToController
 .text.sendPacketToRelaySiren
                0x00000b54       0xdc .\CortexM3\ARM_GCC_541\Debug\UART_230400_Functions.o
                0x00000b54                sendPacketToRelaySiren
 .text.sendPacket_SirenToRelay
                0x00000c30       0x64 .\CortexM3\ARM_GCC_541\Debug\UART_230400_Functions.o
                0x00000c30                sendPacket_SirenToRelay
 .text.SirenTest
                0x00000c94      0x2b8 .\CortexM3\ARM_GCC_541\Debug\SirenTest.o
                0x00000c94                SirenTest
 .text.STest_isr_PB
                0x00000f4c       0xe4 .\CortexM3\ARM_GCC_541\Debug\SirenTest.o
                0x00000f4c                STest_isr_PB
 .text.STest_10ms_isr
                0x00001030       0x20 .\CortexM3\ARM_GCC_541\Debug\SirenTest.o
                0x00001030                STest_10ms_isr
 .text.STest_20ms_isr
                0x00001050       0x68 .\CortexM3\ARM_GCC_541\Debug\SirenTest.o
                0x00001050                STest_20ms_isr
 .text.STest_50ms_isr
                0x000010b8       0x4c .\CortexM3\ARM_GCC_541\Debug\SirenTest.o
                0x000010b8                STest_50ms_isr
 .text.PB_WaitForAction
                0x00001104       0x60 .\CortexM3\ARM_GCC_541\Debug\SirenTest.o
                0x00001104                PB_WaitForAction
 .text.STest_PlayTestTone
                0x00001164       0x50 .\CortexM3\ARM_GCC_541\Debug\SirenTest.o
                0x00001164                STest_PlayTestTone
 .text.StartAutomatedStep
                0x000011b4       0x34 .\CortexM3\ARM_GCC_541\Debug\SirenTest.o
                0x000011b4                StartAutomatedStep
 .text.StopAutomatedStep
                0x000011e8       0x3c .\CortexM3\ARM_GCC_541\Debug\SirenTest.o
                0x000011e8                StopAutomatedStep
 .text.RelayTest
                0x00001224      0x2e8 .\CortexM3\ARM_GCC_541\Debug\RelayTest.o
                0x00001224                RelayTest
 .text.RTest_Test_Outputs
                0x0000150c       0x64 .\CortexM3\ARM_GCC_541\Debug\RelayTest.o
                0x0000150c                RTest_Test_Outputs
 .text.RTest_Test_DataLink
                0x00001570       0x58 .\CortexM3\ARM_GCC_541\Debug\RelayTest.o
                0x00001570                RTest_Test_DataLink
 .text.RTest_Test_QuadPorts
                0x000015c8       0x54 .\CortexM3\ARM_GCC_541\Debug\RelayTest.o
                0x000015c8                RTest_Test_QuadPorts
 .text.RTest_Test_UART_Siren
                0x0000161c       0xb8 .\CortexM3\ARM_GCC_541\Debug\RelayTest.o
                0x0000161c                RTest_Test_UART_Siren
 .text.RTest_Test_Inputs
                0x000016d4       0x54 .\CortexM3\ARM_GCC_541\Debug\RelayTest.o
                0x000016d4                RTest_Test_Inputs
 .text.RTest_Test_Vbatt
                0x00001728       0x40 .\CortexM3\ARM_GCC_541\Debug\RelayTest.o
                0x00001728                RTest_Test_Vbatt
 .text.RTest_Test_BlockCurrents
                0x00001768       0x7c .\CortexM3\ARM_GCC_541\Debug\RelayTest.o
                0x00001768                RTest_Test_BlockCurrents
 .text.RTest_Test_GPS
                0x000017e4       0x10 .\CortexM3\ARM_GCC_541\Debug\RelayTest.o
                0x000017e4                RTest_Test_GPS
 .text.getRxPacket_Relay
                0x000017f4       0x20 .\CortexM3\ARM_GCC_541\Debug\RelayTest.o
                0x000017f4                getRxPacket_Relay
 .text.getTxPacket_RelaySiren
                0x00001814       0x20 .\CortexM3\ARM_GCC_541\Debug\RelayTest.o
                0x00001814                getTxPacket_RelaySiren
 .text.getRxPacket_RelaySiren
                0x00001834       0x20 .\CortexM3\ARM_GCC_541\Debug\RelayTest.o
                0x00001834                getRxPacket_RelaySiren
 .text.getTxPacket_H
                0x00001854       0x20 .\CortexM3\ARM_GCC_541\Debug\RelayTest.o
                0x00001854                getTxPacket_H
 .text.getRxPacket_H
                0x00001874       0x20 .\CortexM3\ARM_GCC_541\Debug\RelayTest.o
                0x00001874                getRxPacket_H
 .text.RTest_BlockCurrent
                0x00001894       0x7c .\CortexM3\ARM_GCC_541\Debug\RelayTest.o
                0x00001894                RTest_BlockCurrent
 .text.RTest_10ms_isr
                0x00001910       0x1c .\CortexM3\ARM_GCC_541\Debug\RelayTest.o
                0x00001910                RTest_10ms_isr
 .text.RTest_20ms_isr
                0x0000192c       0x84 .\CortexM3\ARM_GCC_541\Debug\RelayTest.o
                0x0000192c                RTest_20ms_isr
 .text.RTest_50ms_isr
                0x000019b0       0x4c .\CortexM3\ARM_GCC_541\Debug\RelayTest.o
                0x000019b0                RTest_50ms_isr
 .text.SetRelayOutputs
                0x000019fc       0x78 .\CortexM3\ARM_GCC_541\Debug\RelayTest.o
                0x000019fc                SetRelayOutputs
 .text.RTest_StartAutomatedStep
                0x00001a74       0x3c .\CortexM3\ARM_GCC_541\Debug\RelayTest.o
                0x00001a74                RTest_StartAutomatedStep
 .text.RTest_StopAutomatedStep
                0x00001ab0       0x40 .\CortexM3\ARM_GCC_541\Debug\RelayTest.o
                0x00001ab0                RTest_StopAutomatedStep
 .text.SetRelayInputs
                0x00001af0       0x7c .\CortexM3\ARM_GCC_541\Debug\RelayTest.o
                0x00001af0                SetRelayInputs
 .text.processByteReceivedHandler_460800
                0x00001b6c       0x60 .\CortexM3\ARM_GCC_541\Debug\UART_460800_Functions.o
                0x00001b6c                processByteReceivedHandler_460800
 .text.detectPacket
                0x00001bcc      0x21c .\CortexM3\ARM_GCC_541\Debug\UART_460800_Functions.o
 .text.VerifyPacket_460800
                0x00001de8       0x34 .\CortexM3\ARM_GCC_541\Debug\UART_460800_Functions.o
                0x00001de8                VerifyPacket_460800
 .text.sendPacketToRelay_Quad
                0x00001e1c       0x40 .\CortexM3\ARM_GCC_541\Debug\UART_460800_Functions.o
                0x00001e1c                sendPacketToRelay_Quad
 .text.sendPacketToSiren_Audio
                0x00001e5c       0x2c .\CortexM3\ARM_GCC_541\Debug\UART_460800_Functions.o
                0x00001e5c                sendPacketToSiren_Audio
 .text.processByteReceivedHandler_115200
                0x00001e88       0x60 .\CortexM3\ARM_GCC_541\Debug\UART_115200_Functions.o
                0x00001e88                processByteReceivedHandler_115200
 .text.detectPacket
                0x00001ee8      0x1d8 .\CortexM3\ARM_GCC_541\Debug\UART_115200_Functions.o
 .text.VerifyPacket_115200
                0x000020c0       0x34 .\CortexM3\ARM_GCC_541\Debug\UART_115200_Functions.o
                0x000020c0                VerifyPacket_115200
 .text.getMuxValue
                0x000020f4       0x20 .\CortexM3\ARM_GCC_541\Debug\CD4051BPW_Driver.o
 .text.selectADCChannelMux
                0x00002114      0x17c .\CortexM3\ARM_GCC_541\Debug\CD4051BPW_Driver.o
                0x00002114                selectADCChannelMux
 .text.CYMEMZERO
                0x00002290       0x1c .\CortexM3\ARM_GCC_541\Debug\cyfitter_cfg.o
 .text.CYCONFIGCPY
                0x000022ac       0x20 .\CortexM3\ARM_GCC_541\Debug\cyfitter_cfg.o
 .text.CyClockStartupError
                0x000022cc        0xc .\CortexM3\ARM_GCC_541\Debug\cyfitter_cfg.o
 .text.cfg_write_bytes32
                0x000022d8       0x74 .\CortexM3\ARM_GCC_541\Debug\cyfitter_cfg.o
 .text.ClockSetup
                0x0000234c      0x1b4 .\CortexM3\ARM_GCC_541\Debug\cyfitter_cfg.o
 .text.AnalogSetDefault
                0x00002500       0xd0 .\CortexM3\ARM_GCC_541\Debug\cyfitter_cfg.o
 .text.cyfitter_cfg
                0x000025d0      0x1f8 .\CortexM3\ARM_GCC_541\Debug\cyfitter_cfg.o
                0x000025d0                cyfitter_cfg
 .text.IntDefaultHandler
                0x000027c8       0x14 .\CortexM3\ARM_GCC_541\Debug\Cm3Start.o
                0x000027c8                IntDefaultHandler
 .text.Start_c  0x000027dc       0x98 .\CortexM3\ARM_GCC_541\Debug\Cm3Start.o
                0x000027dc                Start_c
 .text.initialize_psoc
                0x00002874       0x94 .\CortexM3\ARM_GCC_541\Debug\Cm3Start.o
                0x00002874                initialize_psoc
 .text.CyDmacConfigure
                0x00002908       0x5c .\CortexM3\ARM_GCC_541\Debug\F1-TestFixture.a(CyDmac.o)
                0x00002908                CyDmacConfigure
 .text.CyDmaChEnable
                0x00002964       0x8c .\CortexM3\ARM_GCC_541\Debug\F1-TestFixture.a(CyDmac.o)
                0x00002964                CyDmaChEnable
 .text.CyDmaChDisable
                0x000029f0       0x60 .\CortexM3\ARM_GCC_541\Debug\F1-TestFixture.a(CyDmac.o)
                0x000029f0                CyDmaChDisable
 .text.CyDmaChPriority
                0x00002a50       0x64 .\CortexM3\ARM_GCC_541\Debug\F1-TestFixture.a(CyDmac.o)
                0x00002a50                CyDmaChPriority
 .text.CyDmaChSetExtendedAddress
                0x00002ab4       0x78 .\CortexM3\ARM_GCC_541\Debug\F1-TestFixture.a(CyDmac.o)
                0x00002ab4                CyDmaChSetExtendedAddress
 .text.CyDmaChSetInitialTd
                0x00002b2c       0x3c .\CortexM3\ARM_GCC_541\Debug\F1-TestFixture.a(CyDmac.o)
                0x00002b2c                CyDmaChSetInitialTd
 .text.CyDmaChSetConfiguration
                0x00002b68       0xa0 .\CortexM3\ARM_GCC_541\Debug\F1-TestFixture.a(CyDmac.o)
                0x00002b68                CyDmaChSetConfiguration
 .text.CyDmaTdAllocate
                0x00002c08       0x5c .\CortexM3\ARM_GCC_541\Debug\F1-TestFixture.a(CyDmac.o)
                0x00002c08                CyDmaTdAllocate
 .text.CyDmaTdSetConfiguration
                0x00002c64       0x80 .\CortexM3\ARM_GCC_541\Debug\F1-TestFixture.a(CyDmac.o)
                0x00002c64                CyDmaTdSetConfiguration
 .text.CyDmaTdSetAddress
                0x00002ce4       0x5c .\CortexM3\ARM_GCC_541\Debug\F1-TestFixture.a(CyDmac.o)
                0x00002ce4                CyDmaTdSetAddress
 .text.CyHalt   0x00002d40       0x18 .\CortexM3\ARM_GCC_541\Debug\F1-TestFixture.a(CyLib.o)
                0x00002d40                CyHalt
 .text.CyDelay  0x00002d58       0x44 .\CortexM3\ARM_GCC_541\Debug\F1-TestFixture.a(CyLib.o)
                0x00002d58                CyDelay
 .text.CyDelayUs
                0x00002d9c       0x28 .\CortexM3\ARM_GCC_541\Debug\F1-TestFixture.a(CyLib.o)
                0x00002d9c                CyDelayUs
 .text.CyIntSetVector
                0x00002dc4       0x50 .\CortexM3\ARM_GCC_541\Debug\F1-TestFixture.a(CyLib.o)
                0x00002dc4                CyIntSetVector
 .text.CyIntSetPriority
                0x00002e14       0x48 .\CortexM3\ARM_GCC_541\Debug\F1-TestFixture.a(CyLib.o)
                0x00002e14                CyIntSetPriority
 .text.CTest_CONT_VBATT_EN_Write
                0x00002e5c       0x3c .\CortexM3\ARM_GCC_541\Debug\F1-TestFixture.a(CTest_CONT_VBATT_EN.o)
                0x00002e5c                CTest_CONT_VBATT_EN_Write
 .text.CTest_USB_5V_EN_Write
                0x00002e98       0x3c .\CortexM3\ARM_GCC_541\Debug\F1-TestFixture.a(CTest_USB_5V_EN.o)
                0x00002e98                CTest_USB_5V_EN_Write
 .text.RTest_SIREN_EN_Read
                0x00002ed4       0x1c .\CortexM3\ARM_GCC_541\Debug\F1-TestFixture.a(RTest_SIREN_EN.o)
                0x00002ed4                RTest_SIREN_EN_Read
 .text.RTest_HSide1_Write
                0x00002ef0       0x3c .\CortexM3\ARM_GCC_541\Debug\F1-TestFixture.a(RTest_HSide1.o)
                0x00002ef0                RTest_HSide1_Write
 .text.RTest_HSide3_Write
                0x00002f2c       0x34 .\CortexM3\ARM_GCC_541\Debug\F1-TestFixture.a(RTest_HSide3.o)
                0x00002f2c                RTest_HSide3_Write
 .text.RTest_HSide2_Write
                0x00002f60       0x3c .\CortexM3\ARM_GCC_541\Debug\F1-TestFixture.a(RTest_HSide2.o)
                0x00002f60                RTest_HSide2_Write
 .text.RTest_HSide4_Write
                0x00002f9c       0x3c .\CortexM3\ARM_GCC_541\Debug\F1-TestFixture.a(RTest_HSide4.o)
                0x00002f9c                RTest_HSide4_Write
 .text.RTest_HSide5_Write
                0x00002fd8       0x3c .\CortexM3\ARM_GCC_541\Debug\F1-TestFixture.a(RTest_HSide5.o)
                0x00002fd8                RTest_HSide5_Write
 .text.RTest_HSide6_Write
                0x00003014       0x3c .\CortexM3\ARM_GCC_541\Debug\F1-TestFixture.a(RTest_HSide6.o)
                0x00003014                RTest_HSide6_Write
 .text.RTest_HSide7_Write
                0x00003050       0x3c .\CortexM3\ARM_GCC_541\Debug\F1-TestFixture.a(RTest_HSide7.o)
                0x00003050                RTest_HSide7_Write
 .text.RTest_HSide8_Write
                0x0000308c       0x38 .\CortexM3\ARM_GCC_541\Debug\F1-TestFixture.a(RTest_HSide8.o)
                0x0000308c                RTest_HSide8_Write
 .text.isr_UART_230400_Start
                0x000030c4       0x20 .\CortexM3\ARM_GCC_541\Debug\F1-TestFixture.a(isr_UART_230400.o)
                0x000030c4                isr_UART_230400_Start
 .text.isr_UART_230400_Interrupt
                0x000030e4        0xc .\CortexM3\ARM_GCC_541\Debug\F1-TestFixture.a(isr_UART_230400.o)
                0x000030e4                isr_UART_230400_Interrupt
 .text.isr_UART_230400_SetVector
                0x000030f0       0x24 .\CortexM3\ARM_GCC_541\Debug\F1-TestFixture.a(isr_UART_230400.o)
                0x000030f0                isr_UART_230400_SetVector
 .text.isr_UART_230400_SetPriority
                0x00003114       0x24 .\CortexM3\ARM_GCC_541\Debug\F1-TestFixture.a(isr_UART_230400.o)
                0x00003114                isr_UART_230400_SetPriority
 .text.isr_UART_230400_Enable
                0x00003138       0x18 .\CortexM3\ARM_GCC_541\Debug\F1-TestFixture.a(isr_UART_230400.o)
                0x00003138                isr_UART_230400_Enable
 .text.isr_UART_230400_Disable
                0x00003150       0x18 .\CortexM3\ARM_GCC_541\Debug\F1-TestFixture.a(isr_UART_230400.o)
                0x00003150                isr_UART_230400_Disable
 .text.UART_230400_Start
                0x00003168       0x24 .\CortexM3\ARM_GCC_541\Debug\F1-TestFixture.a(UART_230400.o)
                0x00003168                UART_230400_Start
 .text.UART_230400_Init
                0x0000318c       0x50 .\CortexM3\ARM_GCC_541\Debug\F1-TestFixture.a(UART_230400.o)
                0x0000318c                UART_230400_Init
 .text.UART_230400_Enable
                0x000031dc       0x74 .\CortexM3\ARM_GCC_541\Debug\F1-TestFixture.a(UART_230400.o)
                0x000031dc                UART_230400_Enable
 .text.UART_230400_ReadRxStatus
                0x00003250       0x24 .\CortexM3\ARM_GCC_541\Debug\F1-TestFixture.a(UART_230400.o)
                0x00003250                UART_230400_ReadRxStatus
 .text.UART_230400_GetChar
                0x00003274       0x44 .\CortexM3\ARM_GCC_541\Debug\F1-TestFixture.a(UART_230400.o)
                0x00003274                UART_230400_GetChar
 .text.UART_230400_WriteTxData
                0x000032b8       0x94 .\CortexM3\ARM_GCC_541\Debug\F1-TestFixture.a(UART_230400.o)
                0x000032b8                UART_230400_WriteTxData
 .text.UART_230400_TXISR
                0x0000334c       0x70 .\CortexM3\ARM_GCC_541\Debug\F1-TestFixture.a(UART_230400_INT.o)
                0x0000334c                UART_230400_TXISR
 .text.UART_230400_IntClock_Start
                0x000033bc       0x34 .\CortexM3\ARM_GCC_541\Debug\F1-TestFixture.a(UART_230400_IntClock.o)
                0x000033bc                UART_230400_IntClock_Start
 .text.MUX_CTRL_230400_Write
                0x000033f0       0x20 .\CortexM3\ARM_GCC_541\Debug\F1-TestFixture.a(MUX_CTRL_230400.o)
                0x000033f0                MUX_CTRL_230400_Write
 .text.Timer_20ms_Init
                0x00003410       0xa0 .\CortexM3\ARM_GCC_541\Debug\F1-TestFixture.a(Timer_20ms.o)
                0x00003410                Timer_20ms_Init
 .text.Timer_20ms_Enable
                0x000034b0       0x48 .\CortexM3\ARM_GCC_541\Debug\F1-TestFixture.a(Timer_20ms.o)
                0x000034b0                Timer_20ms_Enable
 .text.Timer_20ms_Start
                0x000034f8       0x24 .\CortexM3\ARM_GCC_541\Debug\F1-TestFixture.a(Timer_20ms.o)
                0x000034f8                Timer_20ms_Start
 .text.Timer_20ms_SetInterruptMode
                0x0000351c       0x20 .\CortexM3\ARM_GCC_541\Debug\F1-TestFixture.a(Timer_20ms.o)
                0x0000351c                Timer_20ms_SetInterruptMode
 .text.Timer_20ms_WritePeriod
                0x0000353c       0x24 .\CortexM3\ARM_GCC_541\Debug\F1-TestFixture.a(Timer_20ms.o)
                0x0000353c                Timer_20ms_WritePeriod
 .text.Timer_20ms_WriteCounter
                0x00003560       0x20 .\CortexM3\ARM_GCC_541\Debug\F1-TestFixture.a(Timer_20ms.o)
                0x00003560                Timer_20ms_WriteCounter
 .text.LED_EN_Write
                0x00003580       0x3c .\CortexM3\ARM_GCC_541\Debug\F1-TestFixture.a(LED_EN.o)
                0x00003580                LED_EN_Write
 .text.isr_Timer_20ms_Start
                0x000035bc       0x20 .\CortexM3\ARM_GCC_541\Debug\F1-TestFixture.a(isr_Timer_20ms.o)
                0x000035bc                isr_Timer_20ms_Start
 .text.isr_Timer_20ms_Interrupt
                0x000035dc       0x1c .\CortexM3\ARM_GCC_541\Debug\F1-TestFixture.a(isr_Timer_20ms.o)
                0x000035dc                isr_Timer_20ms_Interrupt
 .text.isr_Timer_20ms_SetVector
                0x000035f8       0x24 .\CortexM3\ARM_GCC_541\Debug\F1-TestFixture.a(isr_Timer_20ms.o)
                0x000035f8                isr_Timer_20ms_SetVector
 .text.isr_Timer_20ms_SetPriority
                0x0000361c       0x24 .\CortexM3\ARM_GCC_541\Debug\F1-TestFixture.a(isr_Timer_20ms.o)
                0x0000361c                isr_Timer_20ms_SetPriority
 .text.isr_Timer_20ms_Enable
                0x00003640       0x18 .\CortexM3\ARM_GCC_541\Debug\F1-TestFixture.a(isr_Timer_20ms.o)
                0x00003640                isr_Timer_20ms_Enable
 .text.isr_Timer_20ms_Disable
                0x00003658       0x18 .\CortexM3\ARM_GCC_541\Debug\F1-TestFixture.a(isr_Timer_20ms.o)
                0x00003658                isr_Timer_20ms_Disable
 .text.UART_115200_Start
                0x00003670       0x24 .\CortexM3\ARM_GCC_541\Debug\F1-TestFixture.a(UART_115200.o)
                0x00003670                UART_115200_Start
 .text.UART_115200_Init
                0x00003694       0x50 .\CortexM3\ARM_GCC_541\Debug\F1-TestFixture.a(UART_115200.o)
                0x00003694                UART_115200_Init
 .text.UART_115200_Enable
                0x000036e4       0x74 .\CortexM3\ARM_GCC_541\Debug\F1-TestFixture.a(UART_115200.o)
                0x000036e4                UART_115200_Enable
 .text.UART_115200_ReadRxStatus
                0x00003758       0x24 .\CortexM3\ARM_GCC_541\Debug\F1-TestFixture.a(UART_115200.o)
                0x00003758                UART_115200_ReadRxStatus
 .text.UART_115200_GetChar
                0x0000377c       0x44 .\CortexM3\ARM_GCC_541\Debug\F1-TestFixture.a(UART_115200.o)
                0x0000377c                UART_115200_GetChar
 .text.UART_115200_PutChar
                0x000037c0       0xbc .\CortexM3\ARM_GCC_541\Debug\F1-TestFixture.a(UART_115200.o)
                0x000037c0                UART_115200_PutChar
 .text.UART_115200_PutArray
                0x0000387c       0x44 .\CortexM3\ARM_GCC_541\Debug\F1-TestFixture.a(UART_115200.o)
                0x0000387c                UART_115200_PutArray
 .text.UART_115200_TXISR
                0x000038c0       0x70 .\CortexM3\ARM_GCC_541\Debug\F1-TestFixture.a(UART_115200_INT.o)
                0x000038c0                UART_115200_TXISR
 .text.isr_UART_115200_Start
                0x00003930       0x20 .\CortexM3\ARM_GCC_541\Debug\F1-TestFixture.a(isr_UART_115200.o)
                0x00003930                isr_UART_115200_Start
 .text.isr_UART_115200_Interrupt
                0x00003950        0xc .\CortexM3\ARM_GCC_541\Debug\F1-TestFixture.a(isr_UART_115200.o)
                0x00003950                isr_UART_115200_Interrupt
 .text.isr_UART_115200_SetVector
                0x0000395c       0x24 .\CortexM3\ARM_GCC_541\Debug\F1-TestFixture.a(isr_UART_115200.o)
                0x0000395c                isr_UART_115200_SetVector
 .text.isr_UART_115200_SetPriority
                0x00003980       0x24 .\CortexM3\ARM_GCC_541\Debug\F1-TestFixture.a(isr_UART_115200.o)
                0x00003980                isr_UART_115200_SetPriority
 .text.isr_UART_115200_Enable
                0x000039a4       0x18 .\CortexM3\ARM_GCC_541\Debug\F1-TestFixture.a(isr_UART_115200.o)
                0x000039a4                isr_UART_115200_Enable
 .text.isr_UART_115200_Disable
                0x000039bc       0x18 .\CortexM3\ARM_GCC_541\Debug\F1-TestFixture.a(isr_UART_115200.o)
                0x000039bc                isr_UART_115200_Disable
 .text.UART_115200_IntClock_Start
                0x000039d4       0x34 .\CortexM3\ARM_GCC_541\Debug\F1-TestFixture.a(UART_115200_IntClock.o)
                0x000039d4                UART_115200_IntClock_Start
 .text.DEMUX_CTRL_230400_Write
                0x00003a08       0x20 .\CortexM3\ARM_GCC_541\Debug\F1-TestFixture.a(DEMUX_CTRL_230400.o)
                0x00003a08                DEMUX_CTRL_230400_Write
 .text.isr_UART_460800_Start
                0x00003a28       0x20 .\CortexM3\ARM_GCC_541\Debug\F1-TestFixture.a(isr_UART_460800.o)
                0x00003a28                isr_UART_460800_Start
 .text.isr_UART_460800_Interrupt
                0x00003a48        0xc .\CortexM3\ARM_GCC_541\Debug\F1-TestFixture.a(isr_UART_460800.o)
                0x00003a48                isr_UART_460800_Interrupt
 .text.isr_UART_460800_SetVector
                0x00003a54       0x24 .\CortexM3\ARM_GCC_541\Debug\F1-TestFixture.a(isr_UART_460800.o)
                0x00003a54                isr_UART_460800_SetVector
 .text.isr_UART_460800_SetPriority
                0x00003a78       0x24 .\CortexM3\ARM_GCC_541\Debug\F1-TestFixture.a(isr_UART_460800.o)
                0x00003a78                isr_UART_460800_SetPriority
 .text.isr_UART_460800_Enable
                0x00003a9c       0x18 .\CortexM3\ARM_GCC_541\Debug\F1-TestFixture.a(isr_UART_460800.o)
                0x00003a9c                isr_UART_460800_Enable
 .text.isr_UART_460800_Disable
                0x00003ab4       0x18 .\CortexM3\ARM_GCC_541\Debug\F1-TestFixture.a(isr_UART_460800.o)
                0x00003ab4                isr_UART_460800_Disable
 .text.UART_460800_Start
                0x00003acc       0x24 .\CortexM3\ARM_GCC_541\Debug\F1-TestFixture.a(UART_460800.o)
                0x00003acc                UART_460800_Start
 .text.UART_460800_Init
                0x00003af0       0x50 .\CortexM3\ARM_GCC_541\Debug\F1-TestFixture.a(UART_460800.o)
                0x00003af0                UART_460800_Init
 .text.UART_460800_Enable
                0x00003b40       0x74 .\CortexM3\ARM_GCC_541\Debug\F1-TestFixture.a(UART_460800.o)
                0x00003b40                UART_460800_Enable
 .text.UART_460800_ReadRxStatus
                0x00003bb4       0x24 .\CortexM3\ARM_GCC_541\Debug\F1-TestFixture.a(UART_460800.o)
                0x00003bb4                UART_460800_ReadRxStatus
 .text.UART_460800_GetChar
                0x00003bd8       0x44 .\CortexM3\ARM_GCC_541\Debug\F1-TestFixture.a(UART_460800.o)
                0x00003bd8                UART_460800_GetChar
 .text.UART_460800_WriteTxData
                0x00003c1c       0x94 .\CortexM3\ARM_GCC_541\Debug\F1-TestFixture.a(UART_460800.o)
                0x00003c1c                UART_460800_WriteTxData
 .text.UART_460800_TXISR
                0x00003cb0       0x70 .\CortexM3\ARM_GCC_541\Debug\F1-TestFixture.a(UART_460800_INT.o)
                0x00003cb0                UART_460800_TXISR
 .text.MUX_CTRL_460800_Write
                0x00003d20       0x20 .\CortexM3\ARM_GCC_541\Debug\F1-TestFixture.a(MUX_CTRL_460800.o)
                0x00003d20                MUX_CTRL_460800_Write
 .text.DEMUX_CTRL_460800_Write
                0x00003d40       0x20 .\CortexM3\ARM_GCC_541\Debug\F1-TestFixture.a(DEMUX_CTRL_460800.o)
                0x00003d40                DEMUX_CTRL_460800_Write
 .text.UART_460800_IntClock_Start
                0x00003d60       0x34 .\CortexM3\ARM_GCC_541\Debug\F1-TestFixture.a(UART_460800_IntClock.o)
                0x00003d60                UART_460800_IntClock_Start
 .text.Timer_10ms_Init
                0x00003d94       0x9c .\CortexM3\ARM_GCC_541\Debug\F1-TestFixture.a(Timer_10ms.o)
                0x00003d94                Timer_10ms_Init
 .text.Timer_10ms_Enable
                0x00003e30       0x48 .\CortexM3\ARM_GCC_541\Debug\F1-TestFixture.a(Timer_10ms.o)
                0x00003e30                Timer_10ms_Enable
 .text.Timer_10ms_Start
                0x00003e78       0x24 .\CortexM3\ARM_GCC_541\Debug\F1-TestFixture.a(Timer_10ms.o)
                0x00003e78                Timer_10ms_Start
 .text.Timer_10ms_SetInterruptMode
                0x00003e9c       0x20 .\CortexM3\ARM_GCC_541\Debug\F1-TestFixture.a(Timer_10ms.o)
                0x00003e9c                Timer_10ms_SetInterruptMode
 .text.Timer_10ms_WritePeriod
                0x00003ebc       0x24 .\CortexM3\ARM_GCC_541\Debug\F1-TestFixture.a(Timer_10ms.o)
                0x00003ebc                Timer_10ms_WritePeriod
 .text.Timer_10ms_WriteCounter
                0x00003ee0       0x20 .\CortexM3\ARM_GCC_541\Debug\F1-TestFixture.a(Timer_10ms.o)
                0x00003ee0                Timer_10ms_WriteCounter
 .text.isr_Timer_10ms_Start
                0x00003f00       0x20 .\CortexM3\ARM_GCC_541\Debug\F1-TestFixture.a(isr_Timer_10ms.o)
                0x00003f00                isr_Timer_10ms_Start
 .text.isr_Timer_10ms_Interrupt
                0x00003f20       0x10 .\CortexM3\ARM_GCC_541\Debug\F1-TestFixture.a(isr_Timer_10ms.o)
                0x00003f20                isr_Timer_10ms_Interrupt
 .text.isr_Timer_10ms_SetVector
                0x00003f30       0x24 .\CortexM3\ARM_GCC_541\Debug\F1-TestFixture.a(isr_Timer_10ms.o)
                0x00003f30                isr_Timer_10ms_SetVector
 .text.isr_Timer_10ms_SetPriority
                0x00003f54       0x24 .\CortexM3\ARM_GCC_541\Debug\F1-TestFixture.a(isr_Timer_10ms.o)
                0x00003f54                isr_Timer_10ms_SetPriority
 .text.isr_Timer_10ms_Enable
                0x00003f78       0x18 .\CortexM3\ARM_GCC_541\Debug\F1-TestFixture.a(isr_Timer_10ms.o)
                0x00003f78                isr_Timer_10ms_Enable
 .text.isr_Timer_10ms_Disable
                0x00003f90       0x18 .\CortexM3\ARM_GCC_541\Debug\F1-TestFixture.a(isr_Timer_10ms.o)
                0x00003f90                isr_Timer_10ms_Disable
 .text.Timer_50ms_Init
                0x00003fa8       0xa0 .\CortexM3\ARM_GCC_541\Debug\F1-TestFixture.a(Timer_50ms.o)
                0x00003fa8                Timer_50ms_Init
 .text.Timer_50ms_Enable
                0x00004048       0x48 .\CortexM3\ARM_GCC_541\Debug\F1-TestFixture.a(Timer_50ms.o)
                0x00004048                Timer_50ms_Enable
 .text.Timer_50ms_Start
                0x00004090       0x24 .\CortexM3\ARM_GCC_541\Debug\F1-TestFixture.a(Timer_50ms.o)
                0x00004090                Timer_50ms_Start
 .text.Timer_50ms_SetInterruptMode
                0x000040b4       0x20 .\CortexM3\ARM_GCC_541\Debug\F1-TestFixture.a(Timer_50ms.o)
                0x000040b4                Timer_50ms_SetInterruptMode
 .text.Timer_50ms_WritePeriod
                0x000040d4       0x24 .\CortexM3\ARM_GCC_541\Debug\F1-TestFixture.a(Timer_50ms.o)
                0x000040d4                Timer_50ms_WritePeriod
 .text.Timer_50ms_WriteCounter
                0x000040f8       0x20 .\CortexM3\ARM_GCC_541\Debug\F1-TestFixture.a(Timer_50ms.o)
                0x000040f8                Timer_50ms_WriteCounter
 .text.isr_Timer_50ms_Start
                0x00004118       0x20 .\CortexM3\ARM_GCC_541\Debug\F1-TestFixture.a(isr_Timer_50ms.o)
                0x00004118                isr_Timer_50ms_Start
 .text.isr_Timer_50ms_Interrupt
                0x00004138       0xa0 .\CortexM3\ARM_GCC_541\Debug\F1-TestFixture.a(isr_Timer_50ms.o)
                0x00004138                isr_Timer_50ms_Interrupt
 .text.isr_Timer_50ms_SetVector
                0x000041d8       0x24 .\CortexM3\ARM_GCC_541\Debug\F1-TestFixture.a(isr_Timer_50ms.o)
                0x000041d8                isr_Timer_50ms_SetVector
 .text.isr_Timer_50ms_SetPriority
                0x000041fc       0x24 .\CortexM3\ARM_GCC_541\Debug\F1-TestFixture.a(isr_Timer_50ms.o)
                0x000041fc                isr_Timer_50ms_SetPriority
 .text.isr_Timer_50ms_Enable
                0x00004220       0x18 .\CortexM3\ARM_GCC_541\Debug\F1-TestFixture.a(isr_Timer_50ms.o)
                0x00004220                isr_Timer_50ms_Enable
 .text.isr_Timer_50ms_Disable
                0x00004238       0x18 .\CortexM3\ARM_GCC_541\Debug\F1-TestFixture.a(isr_Timer_50ms.o)
                0x00004238                isr_Timer_50ms_Disable
 .text.PB_NextAction_Read
                0x00004250       0x20 .\CortexM3\ARM_GCC_541\Debug\F1-TestFixture.a(PB_NextAction.o)
                0x00004250                PB_NextAction_Read
 .text.WaveDAC_Init
                0x00004270       0x50 .\CortexM3\ARM_GCC_541\Debug\F1-TestFixture.a(WaveDAC.o)
                0x00004270                WaveDAC_Init
 .text.WaveDAC_Enable
                0x000042c0       0x34 .\CortexM3\ARM_GCC_541\Debug\F1-TestFixture.a(WaveDAC.o)
                0x000042c0                WaveDAC_Enable
 .text.WaveDAC_Start
                0x000042f4       0x24 .\CortexM3\ARM_GCC_541\Debug\F1-TestFixture.a(WaveDAC.o)
                0x000042f4                WaveDAC_Start
 .text.WaveDAC_Stop
                0x00004318       0x28 .\CortexM3\ARM_GCC_541\Debug\F1-TestFixture.a(WaveDAC.o)
                0x00004318                WaveDAC_Stop
 .text.WaveDAC_Wave1Setup
                0x00004340       0x68 .\CortexM3\ARM_GCC_541\Debug\F1-TestFixture.a(WaveDAC.o)
                0x00004340                WaveDAC_Wave1Setup
 .text.WaveDAC_Wave2Setup
                0x000043a8       0x68 .\CortexM3\ARM_GCC_541\Debug\F1-TestFixture.a(WaveDAC.o)
                0x000043a8                WaveDAC_Wave2Setup
 .text.WaveDAC_Wave1_DMA_DmaInitialize
                0x00004410       0x64 .\CortexM3\ARM_GCC_541\Debug\F1-TestFixture.a(WaveDAC_Wave1_DMA_dma.o)
                0x00004410                WaveDAC_Wave1_DMA_DmaInitialize
 .text.WaveDAC_Wave2_DMA_DmaInitialize
                0x00004474       0x64 .\CortexM3\ARM_GCC_541\Debug\F1-TestFixture.a(WaveDAC_Wave2_DMA_dma.o)
                0x00004474                WaveDAC_Wave2_DMA_DmaInitialize
 .text.WaveDAC_VDAC8_Init
                0x000044d8       0x3c .\CortexM3\ARM_GCC_541\Debug\F1-TestFixture.a(WaveDAC_VDAC8.o)
                0x000044d8                WaveDAC_VDAC8_Init
 .text.WaveDAC_VDAC8_Enable
                0x00004514       0x34 .\CortexM3\ARM_GCC_541\Debug\F1-TestFixture.a(WaveDAC_VDAC8.o)
                0x00004514                WaveDAC_VDAC8_Enable
 .text.WaveDAC_VDAC8_Stop
                0x00004548       0x34 .\CortexM3\ARM_GCC_541\Debug\F1-TestFixture.a(WaveDAC_VDAC8.o)
                0x00004548                WaveDAC_VDAC8_Stop
 .text.WaveDAC_VDAC8_SetSpeed
                0x0000457c       0x40 .\CortexM3\ARM_GCC_541\Debug\F1-TestFixture.a(WaveDAC_VDAC8.o)
                0x0000457c                WaveDAC_VDAC8_SetSpeed
 .text.WaveDAC_VDAC8_SetRange
                0x000045bc       0x40 .\CortexM3\ARM_GCC_541\Debug\F1-TestFixture.a(WaveDAC_VDAC8.o)
                0x000045bc                WaveDAC_VDAC8_SetRange
 .text.WaveDAC_VDAC8_SetValue
                0x000045fc       0x20 .\CortexM3\ARM_GCC_541\Debug\F1-TestFixture.a(WaveDAC_VDAC8.o)
                0x000045fc                WaveDAC_VDAC8_SetValue
 .text.WaveDAC_VDAC8_DacTrim
                0x0000461c       0x3c .\CortexM3\ARM_GCC_541\Debug\F1-TestFixture.a(WaveDAC_VDAC8.o)
                0x0000461c                WaveDAC_VDAC8_DacTrim
 .text.Timer_DAC_Init
                0x00004658       0x9c .\CortexM3\ARM_GCC_541\Debug\F1-TestFixture.a(Timer_DAC.o)
                0x00004658                Timer_DAC_Init
 .text.Timer_DAC_Enable
                0x000046f4       0x48 .\CortexM3\ARM_GCC_541\Debug\F1-TestFixture.a(Timer_DAC.o)
                0x000046f4                Timer_DAC_Enable
 .text.Timer_DAC_Start
                0x0000473c       0x24 .\CortexM3\ARM_GCC_541\Debug\F1-TestFixture.a(Timer_DAC.o)
                0x0000473c                Timer_DAC_Start
 .text.Timer_DAC_SetInterruptMode
                0x00004760       0x20 .\CortexM3\ARM_GCC_541\Debug\F1-TestFixture.a(Timer_DAC.o)
                0x00004760                Timer_DAC_SetInterruptMode
 .text.Timer_DAC_WritePeriod
                0x00004780       0x24 .\CortexM3\ARM_GCC_541\Debug\F1-TestFixture.a(Timer_DAC.o)
                0x00004780                Timer_DAC_WritePeriod
 .text.Timer_DAC_WriteCounter
                0x000047a4       0x20 .\CortexM3\ARM_GCC_541\Debug\F1-TestFixture.a(Timer_DAC.o)
                0x000047a4                Timer_DAC_WriteCounter
 .text.isr_ADC_AudioStream_Start
                0x000047c4       0x20 .\CortexM3\ARM_GCC_541\Debug\F1-TestFixture.a(isr_ADC_AudioStream.o)
                0x000047c4                isr_ADC_AudioStream_Start
 .text.isr_ADC_AudioStream_Interrupt
                0x000047e4       0x40 .\CortexM3\ARM_GCC_541\Debug\F1-TestFixture.a(isr_ADC_AudioStream.o)
                0x000047e4                isr_ADC_AudioStream_Interrupt
 .text.isr_ADC_AudioStream_SetVector
                0x00004824       0x24 .\CortexM3\ARM_GCC_541\Debug\F1-TestFixture.a(isr_ADC_AudioStream.o)
                0x00004824                isr_ADC_AudioStream_SetVector
 .text.isr_ADC_AudioStream_SetPriority
                0x00004848       0x24 .\CortexM3\ARM_GCC_541\Debug\F1-TestFixture.a(isr_ADC_AudioStream.o)
                0x00004848                isr_ADC_AudioStream_SetPriority
 .text.isr_ADC_AudioStream_Enable
                0x0000486c       0x18 .\CortexM3\ARM_GCC_541\Debug\F1-TestFixture.a(isr_ADC_AudioStream.o)
                0x0000486c                isr_ADC_AudioStream_Enable
 .text.isr_ADC_AudioStream_Disable
                0x00004884       0x18 .\CortexM3\ARM_GCC_541\Debug\F1-TestFixture.a(isr_ADC_AudioStream.o)
                0x00004884                isr_ADC_AudioStream_Disable
 .text.ADC_AudioStream_Start
                0x0000489c       0x24 .\CortexM3\ARM_GCC_541\Debug\F1-TestFixture.a(ADC_AudioStream.o)
                0x0000489c                ADC_AudioStream_Start
 .text.ADC_AudioStream_Init
                0x000048c0       0x48 .\CortexM3\ARM_GCC_541\Debug\F1-TestFixture.a(ADC_AudioStream.o)
                0x000048c0                ADC_AudioStream_Init
 .text.ADC_AudioStream_Enable
                0x00004908       0xf4 .\CortexM3\ARM_GCC_541\Debug\F1-TestFixture.a(ADC_AudioStream.o)
                0x00004908                ADC_AudioStream_Enable
 .text.ADC_AudioStream_SetResolution
                0x000049fc       0x54 .\CortexM3\ARM_GCC_541\Debug\F1-TestFixture.a(ADC_AudioStream.o)
                0x000049fc                ADC_AudioStream_SetResolution
 .text.ADC_AudioStream_StartConvert
                0x00004a50       0x20 .\CortexM3\ARM_GCC_541\Debug\F1-TestFixture.a(ADC_AudioStream.o)
                0x00004a50                ADC_AudioStream_StartConvert
 .text.ADC_AudioStream_GetResult16
                0x00004a70       0x30 .\CortexM3\ARM_GCC_541\Debug\F1-TestFixture.a(ADC_AudioStream.o)
                0x00004a70                ADC_AudioStream_GetResult16
 .text.ADC_AudioStream_CalcGain
                0x00004aa0       0x80 .\CortexM3\ARM_GCC_541\Debug\F1-TestFixture.a(ADC_AudioStream.o)
 .text.ADC_AudioStream_ISR
                0x00004b20        0xc .\CortexM3\ARM_GCC_541\Debug\F1-TestFixture.a(ADC_AudioStream_INT.o)
                0x00004b20                ADC_AudioStream_ISR
 .text.ADC_AudioStream_theACLK_SetModeRegister
                0x00004b2c       0x34 .\CortexM3\ARM_GCC_541\Debug\F1-TestFixture.a(ADC_AudioStream_theACLK.o)
                0x00004b2c                ADC_AudioStream_theACLK_SetModeRegister
 .text.RTest_BLOCK_4_EN_Write
                0x00004b60       0x34 .\CortexM3\ARM_GCC_541\Debug\F1-TestFixture.a(RTest_BLOCK_4_EN.o)
                0x00004b60                RTest_BLOCK_4_EN_Write
 .text.RTest_BLOCK_3_EN_Write
                0x00004b94       0x38 .\CortexM3\ARM_GCC_541\Debug\F1-TestFixture.a(RTest_BLOCK_3_EN.o)
                0x00004b94                RTest_BLOCK_3_EN_Write
 .text.RTest_BLOCK_2_EN_Write
                0x00004bcc       0x3c .\CortexM3\ARM_GCC_541\Debug\F1-TestFixture.a(RTest_BLOCK_2_EN.o)
                0x00004bcc                RTest_BLOCK_2_EN_Write
 .text.RTest_BLOCK_1_EN_Write
                0x00004c08       0x38 .\CortexM3\ARM_GCC_541\Debug\F1-TestFixture.a(RTest_BLOCK_1_EN.o)
                0x00004c08                RTest_BLOCK_1_EN_Write
 .text.RTest_DEMUX_C_Write
                0x00004c40       0x3c .\CortexM3\ARM_GCC_541\Debug\F1-TestFixture.a(RTest_DEMUX_C.o)
                0x00004c40                RTest_DEMUX_C_Write
 .text.RTest_DEMUX_B_Write
                0x00004c7c       0x3c .\CortexM3\ARM_GCC_541\Debug\F1-TestFixture.a(RTest_DEMUX_B.o)
                0x00004c7c                RTest_DEMUX_B_Write
 .text.RTest_DEMUX_A_Write
                0x00004cb8       0x3c .\CortexM3\ARM_GCC_541\Debug\F1-TestFixture.a(RTest_DEMUX_A.o)
                0x00004cb8                RTest_DEMUX_A_Write
 .text.RTest_DEMUX_COM_Read
                0x00004cf4       0x20 .\CortexM3\ARM_GCC_541\Debug\F1-TestFixture.a(RTest_DEMUX_COM.o)
                0x00004cf4                RTest_DEMUX_COM_Read
 .text.MUX_CTRL_115200_Write
                0x00004d14       0x20 .\CortexM3\ARM_GCC_541\Debug\F1-TestFixture.a(MUX_CTRL_115200.o)
                0x00004d14                MUX_CTRL_115200_Write
 *fill*         0x00004d34        0x4 
 .text          0x00004d38       0x20 .\CortexM3\ARM_GCC_541\Debug\F1-TestFixture.a(CyBootAsmGnu.o)
                0x00004d38                CyDelayCycles
                0x00004d48                CyEnterCriticalSection
                0x00004d50                CyExitCriticalSection
 .text.LED1_Write
                0x00004d58       0x3c .\CortexM3\ARM_GCC_541\Debug\F1-TestFixture.a(LED1.o)
                0x00004d58                LED1_Write
 .text.LED2_Write
                0x00004d94       0x34 .\CortexM3\ARM_GCC_541\Debug\F1-TestFixture.a(LED2.o)
                0x00004d94                LED2_Write
 .text.__errno  0x00004dc8        0xc c:/program files (x86)/cypress/psoc creator/4.3/psoc creator/import/gnu/arm/5.4.1/bin/../lib/gcc/arm-none-eabi/5.4.1/../../../../arm-none-eabi/lib/armv7-m\libg_nano.a(lib_a-errno.o)
                0x00004dc8                __errno
 .text.__libc_init_array
                0x00004dd4       0x4c c:/program files (x86)/cypress/psoc creator/4.3/psoc creator/import/gnu/arm/5.4.1/bin/../lib/gcc/arm-none-eabi/5.4.1/../../../../arm-none-eabi/lib/armv7-m\libg_nano.a(lib_a-init.o)
                0x00004dd4                __libc_init_array
 .text.memcpy   0x00004e20       0x16 c:/program files (x86)/cypress/psoc creator/4.3/psoc creator/import/gnu/arm/5.4.1/bin/../lib/gcc/arm-none-eabi/5.4.1/../../../../arm-none-eabi/lib/armv7-m\libg_nano.a(lib_a-memcpy-stub.o)
                0x00004e20                memcpy
 .text.memset   0x00004e36       0x10 c:/program files (x86)/cypress/psoc creator/4.3/psoc creator/import/gnu/arm/5.4.1/bin/../lib/gcc/arm-none-eabi/5.4.1/../../../../arm-none-eabi/lib/armv7-m\libg_nano.a(lib_a-memset.o)
                0x00004e36                memset
 *(.plt)
 *(.gnu.warning)
 *(.glue_7t)
 .glue_7t       0x00004e46        0x0 linker stubs
 *(.glue_7)
 .glue_7        0x00004e46        0x0 linker stubs
 *(.vfp11_veneer)
 .vfp11_veneer  0x00004e46        0x0 linker stubs
 *(.bootloader)
 *(.ARM.extab* .gnu.linkonce.armextab.*)
 *(.gcc_except_table)

.v4_bx          0x00004e48        0x0
 .v4_bx         0x00004e48        0x0 linker stubs

.iplt           0x00004e48        0x0
 .iplt          0x00004e48        0x0 c:/program files (x86)/cypress/psoc creator/4.3/psoc creator/import/gnu/arm/5.4.1/bin/../lib/gcc/arm-none-eabi/5.4.1/armv7-m/crtbegin.o

.eh_frame_hdr
 *(.eh_frame_hdr)

.eh_frame       0x00004e48        0x4
 *(.eh_frame)
 .eh_frame      0x00004e48        0x0 c:/program files (x86)/cypress/psoc creator/4.3/psoc creator/import/gnu/arm/5.4.1/bin/../lib/gcc/arm-none-eabi/5.4.1/armv7-m/crtbegin.o
 .eh_frame      0x00004e48        0x4 c:/program files (x86)/cypress/psoc creator/4.3/psoc creator/import/gnu/arm/5.4.1/bin/../lib/gcc/arm-none-eabi/5.4.1/armv7-m/crtend.o
                [!provide]                PROVIDE (__exidx_start, .)

.ARM.exidx
 *(.ARM.exidx* .gnu.linkonce.armexidx.*)
                0x00004e4c                __exidx_end = .

.rodata         0x00004e4c      0x154
 *(.rodata .rodata.* .gnu.linkonce.r.*)
 .rodata        0x00004e4c       0x4e .\CortexM3\ARM_GCC_541\Debug\cyfitter_cfg.o
 *fill*         0x00004e9a        0x2 
 .rodata        0x00004e9c       0xc8 .\CortexM3\ARM_GCC_541\Debug\F1-TestFixture.a(WaveDAC.o)
                0x00004e9c                WaveDAC_wave1
                0x00004f00                WaveDAC_wave2
 .rodata.str1.1
                0x00004f64        0x2 c:/program files (x86)/cypress/psoc creator/4.3/psoc creator/import/gnu/arm/5.4.1/bin/../lib/gcc/arm-none-eabi/5.4.1/../../../../arm-none-eabi/lib/armv7-m\libg_nano.a(lib_a-impure.o)
                0x00004f68                . = ALIGN (0x4)
 *fill*         0x00004f66        0x2 
 *(.init)
 .init          0x00004f68        0x4 c:/program files (x86)/cypress/psoc creator/4.3/psoc creator/import/gnu/arm/5.4.1/bin/../lib/gcc/arm-none-eabi/5.4.1/armv7-m/crti.o
                0x00004f68                _init
 .init          0x00004f6c        0x8 c:/program files (x86)/cypress/psoc creator/4.3/psoc creator/import/gnu/arm/5.4.1/bin/../lib/gcc/arm-none-eabi/5.4.1/armv7-m/crtn.o
                0x00004f74                . = ALIGN (0x4)
                0x00004f74                __preinit_array_start = .
 *(.preinit_array)
                0x00004f74                __preinit_array_end = .
                0x00004f74                . = ALIGN (0x4)
                0x00004f74                __init_array_start = .
 *(SORT(.init_array.*))
 *(.init_array)
 .init_array    0x00004f74        0x4 c:/program files (x86)/cypress/psoc creator/4.3/psoc creator/import/gnu/arm/5.4.1/bin/../lib/gcc/arm-none-eabi/5.4.1/armv7-m/crtbegin.o
 .init_array    0x00004f78        0x4 .\CortexM3\ARM_GCC_541\Debug\Cm3Start.o
                0x00004f7c                __init_array_end = .
                0x00004f7c                . = ALIGN (0x4)
 *(.fini)
 .fini          0x00004f7c        0x4 c:/program files (x86)/cypress/psoc creator/4.3/psoc creator/import/gnu/arm/5.4.1/bin/../lib/gcc/arm-none-eabi/5.4.1/armv7-m/crti.o
                0x00004f7c                _fini
 .fini          0x00004f80        0x8 c:/program files (x86)/cypress/psoc creator/4.3/psoc creator/import/gnu/arm/5.4.1/bin/../lib/gcc/arm-none-eabi/5.4.1/armv7-m/crtn.o
                0x00004f88                . = ALIGN (0x4)
                0x00004f88                __fini_array_start = .
 *(.fini_array)
 .fini_array    0x00004f88        0x4 c:/program files (x86)/cypress/psoc creator/4.3/psoc creator/import/gnu/arm/5.4.1/bin/../lib/gcc/arm-none-eabi/5.4.1/armv7-m/crtbegin.o
 *(SORT(.fini_array.*))
                0x00004f8c                __fini_array_end = .
                0x00004f8c                . = ALIGN (0x4)
 *crtbegin.o(.ctors)
 *(EXCLUDE_FILE(*crtend.o) .ctors)
 *(SORT(.ctors.*))
 *crtend.o(.ctors)
                0x00004f8c                . = ALIGN (0x4)
 *crtbegin.o(.dtors)
 *(EXCLUDE_FILE(*crtend.o) .dtors)
 *(SORT(.dtors.*))
 *crtend.o(.dtors)
                0x00004f8c                . = ALIGN (0x4)
                0x00004f8c                __cy_regions = .
                0x00004f8c        0x4 LONG 0x4fa0 __cy_region_init_ram
                0x00004f90        0x4 LONG 0x1fffc0c8 __cy_region_start_data
                0x00004f94        0x4 LONG 0x108 __cy_region_init_size_ram
                0x00004f98        0x4 LONG 0x1860 __cy_region_zero_size_ram
                0x00004f9c                __cy_regions_end = .
                0x00004fa0                . = ALIGN (0x8)
 *fill*         0x00004f9c        0x4 
                0x00004fa0                _etext = .

.cy_checksum_exclude
                0x00004fa0        0x0
 *(.cy_checksum_exclude)

.ramvectors     0x1fffc000       0xc0
                0x1fffc000                __cy_region_start_ram = .
 *(.ramvectors)
 .ramvectors    0x1fffc000       0xc0 .\CortexM3\ARM_GCC_541\Debug\Cm3Start.o
                0x1fffc000                CyRamVectors

.noinit         0x1fffc0c0        0x5
 *(.noinit)
 .noinit        0x1fffc0c0        0x4 .\CortexM3\ARM_GCC_541\Debug\Cm3Start.o
 .noinit        0x1fffc0c4        0x1 .\CortexM3\ARM_GCC_541\Debug\F1-TestFixture.a(CyLib.o)
                0x1fffc0c4                CyResetStatus

.data           0x1fffc0c8      0x108 load address 0x00004fa0
                0x1fffc0c8                __cy_region_start_data = .
 *(.jcr)
 .jcr           0x1fffc0c8        0x0 c:/program files (x86)/cypress/psoc creator/4.3/psoc creator/import/gnu/arm/5.4.1/bin/../lib/gcc/arm-none-eabi/5.4.1/armv7-m/crtbegin.o
 .jcr           0x1fffc0c8        0x4 c:/program files (x86)/cypress/psoc creator/4.3/psoc creator/import/gnu/arm/5.4.1/bin/../lib/gcc/arm-none-eabi/5.4.1/armv7-m/crtend.o
 *(.got.plt)
 *(.got)
 *(.shdata)
 *(.data .data.* .gnu.linkonce.d.*)
 .data          0x1fffc0cc       0x14 .\CortexM3\ARM_GCC_541\Debug\ControllerTest.o
 .data          0x1fffc0e0       0x1a .\CortexM3\ARM_GCC_541\Debug\UART_230400_Functions.o
 *fill*         0x1fffc0fa        0x2 
 .data          0x1fffc0fc       0x1e .\CortexM3\ARM_GCC_541\Debug\RelayTest.o
 *fill*         0x1fffc11a        0x2 
 .data          0x1fffc11c        0xa .\CortexM3\ARM_GCC_541\Debug\UART_460800_Functions.o
 *fill*         0x1fffc126        0x2 
 .data          0x1fffc128        0x5 .\CortexM3\ARM_GCC_541\Debug\UART_115200_Functions.o
 *fill*         0x1fffc12d        0x3 
 .data          0x1fffc130       0x20 .\CortexM3\ARM_GCC_541\Debug\CD4051BPW_Driver.o
 .data          0x1fffc150        0x8 .\CortexM3\ARM_GCC_541\Debug\F1-TestFixture.a(CyDmac.o)
 .data          0x1fffc158       0x10 .\CortexM3\ARM_GCC_541\Debug\F1-TestFixture.a(CyLib.o)
                0x1fffc158                cydelay_freq_hz
                0x1fffc15c                cydelay_freq_khz
                0x1fffc160                cydelay_freq_mhz
                0x1fffc164                cydelay_32k_ms
 .data          0x1fffc168        0x1 .\CortexM3\ARM_GCC_541\Debug\F1-TestFixture.a(WaveDAC_Wave1_DMA_dma.o)
                0x1fffc168                WaveDAC_Wave1_DMA_DmaHandle
 .data          0x1fffc169        0x1 .\CortexM3\ARM_GCC_541\Debug\F1-TestFixture.a(WaveDAC_Wave2_DMA_dma.o)
                0x1fffc169                WaveDAC_Wave2_DMA_DmaHandle
 *fill*         0x1fffc16a        0x2 
 .data.impure_data
                0x1fffc16c       0x60 c:/program files (x86)/cypress/psoc creator/4.3/psoc creator/import/gnu/arm/5.4.1/bin/../lib/gcc/arm-none-eabi/5.4.1/../../../../arm-none-eabi/lib/armv7-m\libg_nano.a(lib_a-impure.o)
 .data._impure_ptr
                0x1fffc1cc        0x4 c:/program files (x86)/cypress/psoc creator/4.3/psoc creator/import/gnu/arm/5.4.1/bin/../lib/gcc/arm-none-eabi/5.4.1/../../../../arm-none-eabi/lib/armv7-m\libg_nano.a(lib_a-impure.o)
                0x1fffc1cc                _impure_ptr
                0x1fffc1d0                . = ALIGN (0x8)
 *(.ram)
                0x1fffc1d0                _edata = .

.igot.plt       0x1fffc1d0        0x0 load address 0x000050a8
 .igot.plt      0x1fffc1d0        0x0 c:/program files (x86)/cypress/psoc creator/4.3/psoc creator/import/gnu/arm/5.4.1/bin/../lib/gcc/arm-none-eabi/5.4.1/armv7-m/crtbegin.o

.bss            0x1fffc1d0     0x1860 load address 0x000050a8
                0x1fffc1d0                PROVIDE (__bss_start__, .)
 *(.shbss)
 *(.bss .bss.* .gnu.linkonce.b.*)
 .bss           0x1fffc1d0       0x1c c:/program files (x86)/cypress/psoc creator/4.3/psoc creator/import/gnu/arm/5.4.1/bin/../lib/gcc/arm-none-eabi/5.4.1/armv7-m/crtbegin.o
 .bss           0x1fffc1ec       0xea .\CortexM3\ARM_GCC_541\Debug\ControllerTest.o
 *fill*         0x1fffc2d6        0x2 
 .bss           0x1fffc2d8      0x1d6 .\CortexM3\ARM_GCC_541\Debug\UART_230400_Functions.o
 *fill*         0x1fffc4ae        0x2 
 .bss           0x1fffc4b0       0x9a .\CortexM3\ARM_GCC_541\Debug\SirenTest.o
 *fill*         0x1fffc54a        0x2 
 .bss           0x1fffc54c      0x12e .\CortexM3\ARM_GCC_541\Debug\RelayTest.o
 *fill*         0x1fffc67a        0x2 
 .bss           0x1fffc67c      0x238 .\CortexM3\ARM_GCC_541\Debug\UART_460800_Functions.o
 .bss           0x1fffc8b4       0x78 .\CortexM3\ARM_GCC_541\Debug\UART_115200_Functions.o
 .bss           0x1fffc92c        0x7 .\CortexM3\ARM_GCC_541\Debug\F1-TestFixture.a(UART_230400.o)
                0x1fffc92c                UART_230400_initVar
                0x1fffc92e                UART_230400_txBufferRead
                0x1fffc930                UART_230400_txBufferWrite
 .bss           0x1fffc933        0x1 .\CortexM3\ARM_GCC_541\Debug\F1-TestFixture.a(Timer_20ms.o)
                0x1fffc933                Timer_20ms_initVar
 .bss           0x1fffc934        0x7 .\CortexM3\ARM_GCC_541\Debug\F1-TestFixture.a(UART_115200.o)
                0x1fffc934                UART_115200_initVar
                0x1fffc936                UART_115200_txBufferRead
                0x1fffc938                UART_115200_txBufferWrite
 *fill*         0x1fffc93b        0x1 
 .bss           0x1fffc93c        0x7 .\CortexM3\ARM_GCC_541\Debug\F1-TestFixture.a(UART_460800.o)
                0x1fffc93c                UART_460800_initVar
                0x1fffc93e                UART_460800_txBufferRead
                0x1fffc940                UART_460800_txBufferWrite
 .bss           0x1fffc943        0x1 .\CortexM3\ARM_GCC_541\Debug\F1-TestFixture.a(Timer_10ms.o)
                0x1fffc943                Timer_10ms_initVar
 .bss           0x1fffc944        0x1 .\CortexM3\ARM_GCC_541\Debug\F1-TestFixture.a(Timer_50ms.o)
                0x1fffc944                Timer_50ms_initVar
 .bss           0x1fffc945        0x5 .\CortexM3\ARM_GCC_541\Debug\F1-TestFixture.a(WaveDAC.o)
                0x1fffc945                WaveDAC_initVar
 .bss           0x1fffc94a        0x1 .\CortexM3\ARM_GCC_541\Debug\F1-TestFixture.a(Timer_DAC.o)
                0x1fffc94a                Timer_DAC_initVar
 *fill*         0x1fffc94b        0x1 
 .bss           0x1fffc94c       0xcc .\CortexM3\ARM_GCC_541\Debug\F1-TestFixture.a(isr_ADC_AudioStream.o)
 .bss           0x1fffca18        0x1 .\CortexM3\ARM_GCC_541\Debug\F1-TestFixture.a(ADC_AudioStream.o)
                0x1fffca18                ADC_AudioStream_initVar
 *(COMMON)
 *fill*         0x1fffca19        0x3 
 COMMON         0x1fffca1c      0x400 .\CortexM3\ARM_GCC_541\Debug\F1-TestFixture.a(UART_230400.o)
                0x1fffca1c                UART_230400_txBuffer
 COMMON         0x1fffce1c      0x400 .\CortexM3\ARM_GCC_541\Debug\F1-TestFixture.a(UART_115200.o)
                0x1fffce1c                UART_115200_txBuffer
 COMMON         0x1fffd21c      0x800 .\CortexM3\ARM_GCC_541\Debug\F1-TestFixture.a(UART_460800.o)
                0x1fffd21c                UART_460800_txBuffer
 COMMON         0x1fffda1c        0x3 .\CortexM3\ARM_GCC_541\Debug\F1-TestFixture.a(isr_Timer_50ms.o)
                0x1fffda1c                CurrentTest
 *fill*         0x1fffda1f        0x1 
 COMMON         0x1fffda20        0xc .\CortexM3\ARM_GCC_541\Debug\F1-TestFixture.a(ADC_AudioStream.o)
                0x1fffda20                ADC_AudioStream_shift
                0x1fffda22                ADC_AudioStream_offset
                0x1fffda24                ADC_AudioStream_countsPerVolt
                0x1fffda28                ADC_AudioStream_countsPer10Volt
                0x1fffda30                . = ALIGN (0x8)
 *fill*         0x1fffda2c        0x4 
 *(.ram.b)
                0x1fffda30                _end = .
                0x1fffda30                __end = .
                0x1fffda30                PROVIDE (end, .)
                0x1fffda30                PROVIDE (__bss_end__, .)
                0x00004fa0                __cy_region_init_ram = LOADADDR (.data)
                0x00000108                __cy_region_init_size_ram = (_edata - ADDR (.data))
                0x00001860                __cy_region_zero_size_ram = (_end - _edata)

.heap           0x1fffda30       0x80 load address 0x000050a8
                0x1fffda30                . = _end
                0x1fffdab0                . = (. + 0x80)
 *fill*         0x1fffda30       0x80 
                0x1fffdab0                __cy_heap_limit = .

.stack          0x20003800      0x800
                0x20003800                __cy_stack_limit = .
                0x20004000                . = (. + 0x800)
 *fill*         0x20003800      0x800 
                0x00000001                ASSERT ((__cy_stack_limit >= __cy_heap_limit), region RAM overflowed with stack)
                0x00000000                cy_checksum_exclude_size = (CY_APPL_LOADABLE == 0x1)?SIZEOF (.cy_checksum_exclude):0x0
                0x00000001                ASSERT ((cy_checksum_exclude_size <= CY_CHECKSUM_EXCLUDE_SIZE), CY_BOOT: Section .cy_checksum_exclude size exceedes specified limit.)

.cyloadermeta
 *(.cyloadermeta)

.cyloadablemeta
 *(.cyloadablemeta)

.cyconfigecc    0x80000000      0xc7c
 *(.cyconfigecc)
 .cyconfigecc   0x80000000      0xc7c .\CortexM3\ARM_GCC_541\Debug\cymetadata.o
                0x80000000                cy_meta_configecc

.cycustnvl      0x90000000        0x4
 *(.cycustnvl)
 .cycustnvl     0x90000000        0x4 .\CortexM3\ARM_GCC_541\Debug\cymetadata.o
                0x90000000                cy_meta_custnvl

.cywolatch      0x90100000        0x4
 *(.cywolatch)
 .cywolatch     0x90100000        0x4 .\CortexM3\ARM_GCC_541\Debug\cymetadata.o
                0x90100000                cy_meta_wonvl

.cyeeprom       0x90200000        0x0
 *(.cyeeprom)
                0x00000001                ASSERT ((. <= ((0x90200000 + ee_offset) + ee_size)), .cyeeprom data will not fit in EEPROM)

.cyflashprotect
                0x90400000       0x80
 *(.cyflashprotect)
 .cyflashprotect
                0x90400000       0x80 .\CortexM3\ARM_GCC_541\Debug\cymetadata.o
                0x90400000                cy_meta_flashprotect

.cymeta         0x90500000        0xc
 *(.cymeta)
 .cymeta        0x90500000        0xc .\CortexM3\ARM_GCC_541\Debug\cymetadata.o
                0x90500000                cy_metadata

.rel.dyn        0x000050a8        0x0 load address 0x9050000c
 .rel.iplt      0x000050a8        0x0 c:/program files (x86)/cypress/psoc creator/4.3/psoc creator/import/gnu/arm/5.4.1/bin/../lib/gcc/arm-none-eabi/5.4.1/armv7-m/crtbegin.o

.stab
 *(.stab)

.stabstr
 *(.stabstr)

.debug
 *(.debug)

.line
 *(.line)

.debug_srcinfo
 *(.debug_srcinfo)

.debug_sfnames
 *(.debug_sfnames)

.debug_aranges  0x00000000     0x1b30
 *(.debug_aranges)
 .debug_aranges
                0x00000000       0x38 .\CortexM3\ARM_GCC_541\Debug\main.o
 .debug_aranges
                0x00000038       0x78 .\CortexM3\ARM_GCC_541\Debug\ControllerTest.o
 .debug_aranges
                0x000000b0       0x60 .\CortexM3\ARM_GCC_541\Debug\UART_230400_Functions.o
 .debug_aranges
                0x00000110       0x78 .\CortexM3\ARM_GCC_541\Debug\SirenTest.o
 .debug_aranges
                0x00000188       0xd0 .\CortexM3\ARM_GCC_541\Debug\RelayTest.o
 .debug_aranges
                0x00000258       0x48 .\CortexM3\ARM_GCC_541\Debug\UART_460800_Functions.o
 .debug_aranges
                0x000002a0       0x38 .\CortexM3\ARM_GCC_541\Debug\UART_115200_Functions.o
 .debug_aranges
                0x000002d8       0x30 .\CortexM3\ARM_GCC_541\Debug\CD4051BPW_Driver.o
 .debug_aranges
                0x00000308       0x60 .\CortexM3\ARM_GCC_541\Debug\cyfitter_cfg.o
 .debug_aranges
                0x00000368       0x18 .\CortexM3\ARM_GCC_541\Debug\cymetadata.o
 .debug_aranges
                0x00000380       0x48 .\CortexM3\ARM_GCC_541\Debug\Cm3Start.o
 .debug_aranges
                0x000003c8       0xd8 .\CortexM3\ARM_GCC_541\Debug\F1-TestFixture.a(CyDmac.o)
 .debug_aranges
                0x000004a0      0x2a0 .\CortexM3\ARM_GCC_541\Debug\F1-TestFixture.a(CyLib.o)
 .debug_aranges
                0x00000740       0x98 .\CortexM3\ARM_GCC_541\Debug\F1-TestFixture.a(cyPm.o)
 .debug_aranges
                0x000007d8       0x38 .\CortexM3\ARM_GCC_541\Debug\F1-TestFixture.a(CTest_CONT_VBATT_EN.o)
 .debug_aranges
                0x00000810       0x38 .\CortexM3\ARM_GCC_541\Debug\F1-TestFixture.a(CTest_USB_5V_EN.o)
 .debug_aranges
                0x00000848       0x38 .\CortexM3\ARM_GCC_541\Debug\F1-TestFixture.a(RTest_SIREN_EN.o)
 .debug_aranges
                0x00000880       0x38 .\CortexM3\ARM_GCC_541\Debug\F1-TestFixture.a(RTest_HSide1.o)
 .debug_aranges
                0x000008b8       0x38 .\CortexM3\ARM_GCC_541\Debug\F1-TestFixture.a(RTest_HSide3.o)
 .debug_aranges
                0x000008f0       0x38 .\CortexM3\ARM_GCC_541\Debug\F1-TestFixture.a(RTest_HSide2.o)
 .debug_aranges
                0x00000928       0x38 .\CortexM3\ARM_GCC_541\Debug\F1-TestFixture.a(RTest_HSide4.o)
 .debug_aranges
                0x00000960       0x38 .\CortexM3\ARM_GCC_541\Debug\F1-TestFixture.a(RTest_HSide5.o)
 .debug_aranges
                0x00000998       0x38 .\CortexM3\ARM_GCC_541\Debug\F1-TestFixture.a(RTest_HSide6.o)
 .debug_aranges
                0x000009d0       0x38 .\CortexM3\ARM_GCC_541\Debug\F1-TestFixture.a(RTest_HSide7.o)
 .debug_aranges
                0x00000a08       0x38 .\CortexM3\ARM_GCC_541\Debug\F1-TestFixture.a(RTest_HSide8.o)
 .debug_aranges
                0x00000a40       0x80 .\CortexM3\ARM_GCC_541\Debug\F1-TestFixture.a(isr_UART_230400.o)
 .debug_aranges
                0x00000ac0       0xf0 .\CortexM3\ARM_GCC_541\Debug\F1-TestFixture.a(UART_230400.o)
 .debug_aranges
                0x00000bb0       0x20 .\CortexM3\ARM_GCC_541\Debug\F1-TestFixture.a(UART_230400_INT.o)
 .debug_aranges
                0x00000bd0       0x70 .\CortexM3\ARM_GCC_541\Debug\F1-TestFixture.a(UART_230400_IntClock.o)
 .debug_aranges
                0x00000c40       0x28 .\CortexM3\ARM_GCC_541\Debug\F1-TestFixture.a(MUX_CTRL_230400.o)
 .debug_aranges
                0x00000c68       0x88 .\CortexM3\ARM_GCC_541\Debug\F1-TestFixture.a(Timer_20ms.o)
 .debug_aranges
                0x00000cf0       0x38 .\CortexM3\ARM_GCC_541\Debug\F1-TestFixture.a(LED_EN.o)
 .debug_aranges
                0x00000d28       0x80 .\CortexM3\ARM_GCC_541\Debug\F1-TestFixture.a(isr_Timer_20ms.o)
 .debug_aranges
                0x00000da8       0xf0 .\CortexM3\ARM_GCC_541\Debug\F1-TestFixture.a(UART_115200.o)
 .debug_aranges
                0x00000e98       0x20 .\CortexM3\ARM_GCC_541\Debug\F1-TestFixture.a(UART_115200_INT.o)
 .debug_aranges
                0x00000eb8       0x80 .\CortexM3\ARM_GCC_541\Debug\F1-TestFixture.a(isr_UART_115200.o)
 .debug_aranges
                0x00000f38       0x70 .\CortexM3\ARM_GCC_541\Debug\F1-TestFixture.a(UART_115200_IntClock.o)
 .debug_aranges
                0x00000fa8       0x28 .\CortexM3\ARM_GCC_541\Debug\F1-TestFixture.a(DEMUX_CTRL_230400.o)
 .debug_aranges
                0x00000fd0       0x80 .\CortexM3\ARM_GCC_541\Debug\F1-TestFixture.a(isr_UART_460800.o)
 .debug_aranges
                0x00001050       0xf0 .\CortexM3\ARM_GCC_541\Debug\F1-TestFixture.a(UART_460800.o)
 .debug_aranges
                0x00001140       0x20 .\CortexM3\ARM_GCC_541\Debug\F1-TestFixture.a(UART_460800_INT.o)
 .debug_aranges
                0x00001160       0x28 .\CortexM3\ARM_GCC_541\Debug\F1-TestFixture.a(MUX_CTRL_460800.o)
 .debug_aranges
                0x00001188       0x28 .\CortexM3\ARM_GCC_541\Debug\F1-TestFixture.a(DEMUX_CTRL_460800.o)
 .debug_aranges
                0x000011b0       0x70 .\CortexM3\ARM_GCC_541\Debug\F1-TestFixture.a(UART_460800_IntClock.o)
 .debug_aranges
                0x00001220       0x88 .\CortexM3\ARM_GCC_541\Debug\F1-TestFixture.a(Timer_10ms.o)
 .debug_aranges
                0x000012a8       0x80 .\CortexM3\ARM_GCC_541\Debug\F1-TestFixture.a(isr_Timer_10ms.o)
 .debug_aranges
                0x00001328       0x88 .\CortexM3\ARM_GCC_541\Debug\F1-TestFixture.a(Timer_50ms.o)
 .debug_aranges
                0x000013b0       0x80 .\CortexM3\ARM_GCC_541\Debug\F1-TestFixture.a(isr_Timer_50ms.o)
 .debug_aranges
                0x00001430       0x38 .\CortexM3\ARM_GCC_541\Debug\F1-TestFixture.a(PB_NextAction.o)
 .debug_aranges
                0x00001468       0x50 .\CortexM3\ARM_GCC_541\Debug\F1-TestFixture.a(WaveDAC.o)
 .debug_aranges
                0x000014b8       0x28 .\CortexM3\ARM_GCC_541\Debug\F1-TestFixture.a(WaveDAC_Wave1_DMA_dma.o)
 .debug_aranges
                0x000014e0       0x28 .\CortexM3\ARM_GCC_541\Debug\F1-TestFixture.a(WaveDAC_Wave2_DMA_dma.o)
 .debug_aranges
                0x00001508       0x58 .\CortexM3\ARM_GCC_541\Debug\F1-TestFixture.a(WaveDAC_VDAC8.o)
 .debug_aranges
                0x00001560       0x88 .\CortexM3\ARM_GCC_541\Debug\F1-TestFixture.a(Timer_DAC.o)
 .debug_aranges
                0x000015e8       0x80 .\CortexM3\ARM_GCC_541\Debug\F1-TestFixture.a(isr_ADC_AudioStream.o)
 .debug_aranges
                0x00001668       0xa8 .\CortexM3\ARM_GCC_541\Debug\F1-TestFixture.a(ADC_AudioStream.o)
 .debug_aranges
                0x00001710       0x20 .\CortexM3\ARM_GCC_541\Debug\F1-TestFixture.a(ADC_AudioStream_INT.o)
 .debug_aranges
                0x00001730       0x80 .\CortexM3\ARM_GCC_541\Debug\F1-TestFixture.a(ADC_AudioStream_theACLK.o)
 .debug_aranges
                0x000017b0       0x38 .\CortexM3\ARM_GCC_541\Debug\F1-TestFixture.a(RTest_BLOCK_4_EN.o)
 .debug_aranges
                0x000017e8       0x38 .\CortexM3\ARM_GCC_541\Debug\F1-TestFixture.a(RTest_BLOCK_3_EN.o)
 .debug_aranges
                0x00001820       0x38 .\CortexM3\ARM_GCC_541\Debug\F1-TestFixture.a(RTest_BLOCK_2_EN.o)
 .debug_aranges
                0x00001858       0x38 .\CortexM3\ARM_GCC_541\Debug\F1-TestFixture.a(RTest_BLOCK_1_EN.o)
 .debug_aranges
                0x00001890       0x38 .\CortexM3\ARM_GCC_541\Debug\F1-TestFixture.a(RTest_DEMUX_C.o)
 .debug_aranges
                0x000018c8       0x38 .\CortexM3\ARM_GCC_541\Debug\F1-TestFixture.a(RTest_DEMUX_B.o)
 .debug_aranges
                0x00001900       0x38 .\CortexM3\ARM_GCC_541\Debug\F1-TestFixture.a(RTest_DEMUX_A.o)
 .debug_aranges
                0x00001938       0x38 .\CortexM3\ARM_GCC_541\Debug\F1-TestFixture.a(RTest_DEMUX_COM.o)
 .debug_aranges
                0x00001970       0x28 .\CortexM3\ARM_GCC_541\Debug\F1-TestFixture.a(MUX_CTRL_115200.o)
 .debug_aranges
                0x00001998       0x20 .\CortexM3\ARM_GCC_541\Debug\F1-TestFixture.a(CyBootAsmGnu.o)
 .debug_aranges
                0x000019b8       0x88 .\CortexM3\ARM_GCC_541\Debug\F1-TestFixture.a(CyFlash.o)
 .debug_aranges
                0x00001a40       0x80 .\CortexM3\ARM_GCC_541\Debug\F1-TestFixture.a(CySpc.o)
 .debug_aranges
                0x00001ac0       0x38 .\CortexM3\ARM_GCC_541\Debug\F1-TestFixture.a(LED1.o)
 .debug_aranges
                0x00001af8       0x38 .\CortexM3\ARM_GCC_541\Debug\F1-TestFixture.a(LED2.o)

.debug_pubnames
 *(.debug_pubnames)

.debug_info     0x00000000     0xd8c1
 *(.debug_info .gnu.linkonce.wi.*)
 .debug_info    0x00000000      0x185 .\CortexM3\ARM_GCC_541\Debug\main.o
 .debug_info    0x00000185      0xdca .\CortexM3\ARM_GCC_541\Debug\ControllerTest.o
 .debug_info    0x00000f4f      0xfa8 .\CortexM3\ARM_GCC_541\Debug\UART_230400_Functions.o
 .debug_info    0x00001ef7      0x952 .\CortexM3\ARM_GCC_541\Debug\SirenTest.o
 .debug_info    0x00002849     0x1289 .\CortexM3\ARM_GCC_541\Debug\RelayTest.o
 .debug_info    0x00003ad2      0x9f2 .\CortexM3\ARM_GCC_541\Debug\UART_460800_Functions.o
 .debug_info    0x000044c4      0x329 .\CortexM3\ARM_GCC_541\Debug\UART_115200_Functions.o
 .debug_info    0x000047ed      0x14e .\CortexM3\ARM_GCC_541\Debug\CD4051BPW_Driver.o
 .debug_info    0x0000493b      0x471 .\CortexM3\ARM_GCC_541\Debug\cyfitter_cfg.o
 .debug_info    0x00004dac      0x139 .\CortexM3\ARM_GCC_541\Debug\cymetadata.o
 .debug_info    0x00004ee5      0x32b .\CortexM3\ARM_GCC_541\Debug\Cm3Start.o
 .debug_info    0x00005210      0x8c0 .\CortexM3\ARM_GCC_541\Debug\F1-TestFixture.a(CyDmac.o)
 .debug_info    0x00005ad0      0xe51 .\CortexM3\ARM_GCC_541\Debug\F1-TestFixture.a(CyLib.o)
 .debug_info    0x00006921      0x57a .\CortexM3\ARM_GCC_541\Debug\F1-TestFixture.a(cyPm.o)
 .debug_info    0x00006e9b      0x11e .\CortexM3\ARM_GCC_541\Debug\F1-TestFixture.a(CTest_CONT_VBATT_EN.o)
 .debug_info    0x00006fb9      0x11e .\CortexM3\ARM_GCC_541\Debug\F1-TestFixture.a(CTest_USB_5V_EN.o)
 .debug_info    0x000070d7      0x11e .\CortexM3\ARM_GCC_541\Debug\F1-TestFixture.a(RTest_SIREN_EN.o)
 .debug_info    0x000071f5      0x11e .\CortexM3\ARM_GCC_541\Debug\F1-TestFixture.a(RTest_HSide1.o)
 .debug_info    0x00007313      0x11e .\CortexM3\ARM_GCC_541\Debug\F1-TestFixture.a(RTest_HSide3.o)
 .debug_info    0x00007431      0x11e .\CortexM3\ARM_GCC_541\Debug\F1-TestFixture.a(RTest_HSide2.o)
 .debug_info    0x0000754f      0x11e .\CortexM3\ARM_GCC_541\Debug\F1-TestFixture.a(RTest_HSide4.o)
 .debug_info    0x0000766d      0x11e .\CortexM3\ARM_GCC_541\Debug\F1-TestFixture.a(RTest_HSide5.o)
 .debug_info    0x0000778b      0x11e .\CortexM3\ARM_GCC_541\Debug\F1-TestFixture.a(RTest_HSide6.o)
 .debug_info    0x000078a9      0x11e .\CortexM3\ARM_GCC_541\Debug\F1-TestFixture.a(RTest_HSide7.o)
 .debug_info    0x000079c7      0x11e .\CortexM3\ARM_GCC_541\Debug\F1-TestFixture.a(RTest_HSide8.o)
 .debug_info    0x00007ae5      0x268 .\CortexM3\ARM_GCC_541\Debug\F1-TestFixture.a(isr_UART_230400.o)
 .debug_info    0x00007d4d      0x593 .\CortexM3\ARM_GCC_541\Debug\F1-TestFixture.a(UART_230400.o)
 .debug_info    0x000082e0      0x108 .\CortexM3\ARM_GCC_541\Debug\F1-TestFixture.a(UART_230400_INT.o)
 .debug_info    0x000083e8      0x25d .\CortexM3\ARM_GCC_541\Debug\F1-TestFixture.a(UART_230400_IntClock.o)
 .debug_info    0x00008645       0xd7 .\CortexM3\ARM_GCC_541\Debug\F1-TestFixture.a(MUX_CTRL_230400.o)
 .debug_info    0x0000871c      0x245 .\CortexM3\ARM_GCC_541\Debug\F1-TestFixture.a(Timer_20ms.o)
 .debug_info    0x00008961      0x11e .\CortexM3\ARM_GCC_541\Debug\F1-TestFixture.a(LED_EN.o)
 .debug_info    0x00008a7f      0x27a .\CortexM3\ARM_GCC_541\Debug\F1-TestFixture.a(isr_Timer_20ms.o)
 .debug_info    0x00008cf9      0x593 .\CortexM3\ARM_GCC_541\Debug\F1-TestFixture.a(UART_115200.o)
 .debug_info    0x0000928c      0x108 .\CortexM3\ARM_GCC_541\Debug\F1-TestFixture.a(UART_115200_INT.o)
 .debug_info    0x00009394      0x268 .\CortexM3\ARM_GCC_541\Debug\F1-TestFixture.a(isr_UART_115200.o)
 .debug_info    0x000095fc      0x25d .\CortexM3\ARM_GCC_541\Debug\F1-TestFixture.a(UART_115200_IntClock.o)
 .debug_info    0x00009859       0xd7 .\CortexM3\ARM_GCC_541\Debug\F1-TestFixture.a(DEMUX_CTRL_230400.o)
 .debug_info    0x00009930      0x268 .\CortexM3\ARM_GCC_541\Debug\F1-TestFixture.a(isr_UART_460800.o)
 .debug_info    0x00009b98      0x593 .\CortexM3\ARM_GCC_541\Debug\F1-TestFixture.a(UART_460800.o)
 .debug_info    0x0000a12b      0x108 .\CortexM3\ARM_GCC_541\Debug\F1-TestFixture.a(UART_460800_INT.o)
 .debug_info    0x0000a233       0xd7 .\CortexM3\ARM_GCC_541\Debug\F1-TestFixture.a(MUX_CTRL_460800.o)
 .debug_info    0x0000a30a       0xd7 .\CortexM3\ARM_GCC_541\Debug\F1-TestFixture.a(DEMUX_CTRL_460800.o)
 .debug_info    0x0000a3e1      0x25d .\CortexM3\ARM_GCC_541\Debug\F1-TestFixture.a(UART_460800_IntClock.o)
 .debug_info    0x0000a63e      0x245 .\CortexM3\ARM_GCC_541\Debug\F1-TestFixture.a(Timer_10ms.o)
 .debug_info    0x0000a883      0x26a .\CortexM3\ARM_GCC_541\Debug\F1-TestFixture.a(isr_Timer_10ms.o)
 .debug_info    0x0000aaed      0x245 .\CortexM3\ARM_GCC_541\Debug\F1-TestFixture.a(Timer_50ms.o)
 .debug_info    0x0000ad32      0x2cb .\CortexM3\ARM_GCC_541\Debug\F1-TestFixture.a(isr_Timer_50ms.o)
 .debug_info    0x0000affd      0x11e .\CortexM3\ARM_GCC_541\Debug\F1-TestFixture.a(PB_NextAction.o)
 .debug_info    0x0000b11b      0x248 .\CortexM3\ARM_GCC_541\Debug\F1-TestFixture.a(WaveDAC.o)
 .debug_info    0x0000b363      0x11b .\CortexM3\ARM_GCC_541\Debug\F1-TestFixture.a(WaveDAC_Wave1_DMA_dma.o)
 .debug_info    0x0000b47e      0x11b .\CortexM3\ARM_GCC_541\Debug\F1-TestFixture.a(WaveDAC_Wave2_DMA_dma.o)
 .debug_info    0x0000b599      0x185 .\CortexM3\ARM_GCC_541\Debug\F1-TestFixture.a(WaveDAC_VDAC8.o)
 .debug_info    0x0000b71e      0x245 .\CortexM3\ARM_GCC_541\Debug\F1-TestFixture.a(Timer_DAC.o)
 .debug_info    0x0000b963      0x2a6 .\CortexM3\ARM_GCC_541\Debug\F1-TestFixture.a(isr_ADC_AudioStream.o)
 .debug_info    0x0000bc09      0x47f .\CortexM3\ARM_GCC_541\Debug\F1-TestFixture.a(ADC_AudioStream.o)
 .debug_info    0x0000c088       0x92 .\CortexM3\ARM_GCC_541\Debug\F1-TestFixture.a(ADC_AudioStream_INT.o)
 .debug_info    0x0000c11a      0x299 .\CortexM3\ARM_GCC_541\Debug\F1-TestFixture.a(ADC_AudioStream_theACLK.o)
 .debug_info    0x0000c3b3      0x11e .\CortexM3\ARM_GCC_541\Debug\F1-TestFixture.a(RTest_BLOCK_4_EN.o)
 .debug_info    0x0000c4d1      0x11e .\CortexM3\ARM_GCC_541\Debug\F1-TestFixture.a(RTest_BLOCK_3_EN.o)
 .debug_info    0x0000c5ef      0x11e .\CortexM3\ARM_GCC_541\Debug\F1-TestFixture.a(RTest_BLOCK_2_EN.o)
 .debug_info    0x0000c70d      0x11e .\CortexM3\ARM_GCC_541\Debug\F1-TestFixture.a(RTest_BLOCK_1_EN.o)
 .debug_info    0x0000c82b      0x11e .\CortexM3\ARM_GCC_541\Debug\F1-TestFixture.a(RTest_DEMUX_C.o)
 .debug_info    0x0000c949      0x11e .\CortexM3\ARM_GCC_541\Debug\F1-TestFixture.a(RTest_DEMUX_B.o)
 .debug_info    0x0000ca67      0x11e .\CortexM3\ARM_GCC_541\Debug\F1-TestFixture.a(RTest_DEMUX_A.o)
 .debug_info    0x0000cb85      0x11e .\CortexM3\ARM_GCC_541\Debug\F1-TestFixture.a(RTest_DEMUX_COM.o)
 .debug_info    0x0000cca3       0xd7 .\CortexM3\ARM_GCC_541\Debug\F1-TestFixture.a(MUX_CTRL_115200.o)
 .debug_info    0x0000cd7a       0x92 .\CortexM3\ARM_GCC_541\Debug\F1-TestFixture.a(CyBootAsmGnu.o)
 .debug_info    0x0000ce0c      0x3b9 .\CortexM3\ARM_GCC_541\Debug\F1-TestFixture.a(CyFlash.o)
 .debug_info    0x0000d1c5      0x4c0 .\CortexM3\ARM_GCC_541\Debug\F1-TestFixture.a(CySpc.o)
 .debug_info    0x0000d685      0x11e .\CortexM3\ARM_GCC_541\Debug\F1-TestFixture.a(LED1.o)
 .debug_info    0x0000d7a3      0x11e .\CortexM3\ARM_GCC_541\Debug\F1-TestFixture.a(LED2.o)

.debug_abbrev   0x00000000     0x457b
 *(.debug_abbrev)
 .debug_abbrev  0x00000000       0xfc .\CortexM3\ARM_GCC_541\Debug\main.o
 .debug_abbrev  0x000000fc      0x224 .\CortexM3\ARM_GCC_541\Debug\ControllerTest.o
 .debug_abbrev  0x00000320      0x216 .\CortexM3\ARM_GCC_541\Debug\UART_230400_Functions.o
 .debug_abbrev  0x00000536      0x204 .\CortexM3\ARM_GCC_541\Debug\SirenTest.o
 .debug_abbrev  0x0000073a      0x270 .\CortexM3\ARM_GCC_541\Debug\RelayTest.o
 .debug_abbrev  0x000009aa      0x1cf .\CortexM3\ARM_GCC_541\Debug\UART_460800_Functions.o
 .debug_abbrev  0x00000b79      0x169 .\CortexM3\ARM_GCC_541\Debug\UART_115200_Functions.o
 .debug_abbrev  0x00000ce2       0xd8 .\CortexM3\ARM_GCC_541\Debug\CD4051BPW_Driver.o
 .debug_abbrev  0x00000dba      0x1b7 .\CortexM3\ARM_GCC_541\Debug\cyfitter_cfg.o
 .debug_abbrev  0x00000f71       0x77 .\CortexM3\ARM_GCC_541\Debug\cymetadata.o
 .debug_abbrev  0x00000fe8      0x1d6 .\CortexM3\ARM_GCC_541\Debug\Cm3Start.o
 .debug_abbrev  0x000011be      0x194 .\CortexM3\ARM_GCC_541\Debug\F1-TestFixture.a(CyDmac.o)
 .debug_abbrev  0x00001352      0x217 .\CortexM3\ARM_GCC_541\Debug\F1-TestFixture.a(CyLib.o)
 .debug_abbrev  0x00001569      0x161 .\CortexM3\ARM_GCC_541\Debug\F1-TestFixture.a(cyPm.o)
 .debug_abbrev  0x000016ca       0x90 .\CortexM3\ARM_GCC_541\Debug\F1-TestFixture.a(CTest_CONT_VBATT_EN.o)
 .debug_abbrev  0x0000175a       0x90 .\CortexM3\ARM_GCC_541\Debug\F1-TestFixture.a(CTest_USB_5V_EN.o)
 .debug_abbrev  0x000017ea       0x90 .\CortexM3\ARM_GCC_541\Debug\F1-TestFixture.a(RTest_SIREN_EN.o)
 .debug_abbrev  0x0000187a       0x90 .\CortexM3\ARM_GCC_541\Debug\F1-TestFixture.a(RTest_HSide1.o)
 .debug_abbrev  0x0000190a       0x90 .\CortexM3\ARM_GCC_541\Debug\F1-TestFixture.a(RTest_HSide3.o)
 .debug_abbrev  0x0000199a       0x90 .\CortexM3\ARM_GCC_541\Debug\F1-TestFixture.a(RTest_HSide2.o)
 .debug_abbrev  0x00001a2a       0x90 .\CortexM3\ARM_GCC_541\Debug\F1-TestFixture.a(RTest_HSide4.o)
 .debug_abbrev  0x00001aba       0x90 .\CortexM3\ARM_GCC_541\Debug\F1-TestFixture.a(RTest_HSide5.o)
 .debug_abbrev  0x00001b4a       0x90 .\CortexM3\ARM_GCC_541\Debug\F1-TestFixture.a(RTest_HSide6.o)
 .debug_abbrev  0x00001bda       0x90 .\CortexM3\ARM_GCC_541\Debug\F1-TestFixture.a(RTest_HSide7.o)
 .debug_abbrev  0x00001c6a       0x90 .\CortexM3\ARM_GCC_541\Debug\F1-TestFixture.a(RTest_HSide8.o)
 .debug_abbrev  0x00001cfa      0x178 .\CortexM3\ARM_GCC_541\Debug\F1-TestFixture.a(isr_UART_230400.o)
 .debug_abbrev  0x00001e72      0x15d .\CortexM3\ARM_GCC_541\Debug\F1-TestFixture.a(UART_230400.o)
 .debug_abbrev  0x00001fcf       0x79 .\CortexM3\ARM_GCC_541\Debug\F1-TestFixture.a(UART_230400_INT.o)
 .debug_abbrev  0x00002048      0x11d .\CortexM3\ARM_GCC_541\Debug\F1-TestFixture.a(UART_230400_IntClock.o)
 .debug_abbrev  0x00002165       0x81 .\CortexM3\ARM_GCC_541\Debug\F1-TestFixture.a(MUX_CTRL_230400.o)
 .debug_abbrev  0x000021e6       0xe9 .\CortexM3\ARM_GCC_541\Debug\F1-TestFixture.a(Timer_20ms.o)
 .debug_abbrev  0x000022cf       0x90 .\CortexM3\ARM_GCC_541\Debug\F1-TestFixture.a(LED_EN.o)
 .debug_abbrev  0x0000235f      0x18e .\CortexM3\ARM_GCC_541\Debug\F1-TestFixture.a(isr_Timer_20ms.o)
 .debug_abbrev  0x000024ed      0x15d .\CortexM3\ARM_GCC_541\Debug\F1-TestFixture.a(UART_115200.o)
 .debug_abbrev  0x0000264a       0x79 .\CortexM3\ARM_GCC_541\Debug\F1-TestFixture.a(UART_115200_INT.o)
 .debug_abbrev  0x000026c3      0x178 .\CortexM3\ARM_GCC_541\Debug\F1-TestFixture.a(isr_UART_115200.o)
 .debug_abbrev  0x0000283b      0x11d .\CortexM3\ARM_GCC_541\Debug\F1-TestFixture.a(UART_115200_IntClock.o)
 .debug_abbrev  0x00002958       0x81 .\CortexM3\ARM_GCC_541\Debug\F1-TestFixture.a(DEMUX_CTRL_230400.o)
 .debug_abbrev  0x000029d9      0x178 .\CortexM3\ARM_GCC_541\Debug\F1-TestFixture.a(isr_UART_460800.o)
 .debug_abbrev  0x00002b51      0x15d .\CortexM3\ARM_GCC_541\Debug\F1-TestFixture.a(UART_460800.o)
 .debug_abbrev  0x00002cae       0x79 .\CortexM3\ARM_GCC_541\Debug\F1-TestFixture.a(UART_460800_INT.o)
 .debug_abbrev  0x00002d27       0x81 .\CortexM3\ARM_GCC_541\Debug\F1-TestFixture.a(MUX_CTRL_460800.o)
 .debug_abbrev  0x00002da8       0x81 .\CortexM3\ARM_GCC_541\Debug\F1-TestFixture.a(DEMUX_CTRL_460800.o)
 .debug_abbrev  0x00002e29      0x11d .\CortexM3\ARM_GCC_541\Debug\F1-TestFixture.a(UART_460800_IntClock.o)
 .debug_abbrev  0x00002f46       0xe9 .\CortexM3\ARM_GCC_541\Debug\F1-TestFixture.a(Timer_10ms.o)
 .debug_abbrev  0x0000302f      0x15c .\CortexM3\ARM_GCC_541\Debug\F1-TestFixture.a(isr_Timer_10ms.o)
 .debug_abbrev  0x0000318b       0xe9 .\CortexM3\ARM_GCC_541\Debug\F1-TestFixture.a(Timer_50ms.o)
 .debug_abbrev  0x00003274      0x162 .\CortexM3\ARM_GCC_541\Debug\F1-TestFixture.a(isr_Timer_50ms.o)
 .debug_abbrev  0x000033d6       0x90 .\CortexM3\ARM_GCC_541\Debug\F1-TestFixture.a(PB_NextAction.o)
 .debug_abbrev  0x00003466       0xe3 .\CortexM3\ARM_GCC_541\Debug\F1-TestFixture.a(WaveDAC.o)
 .debug_abbrev  0x00003549       0x8b .\CortexM3\ARM_GCC_541\Debug\F1-TestFixture.a(WaveDAC_Wave1_DMA_dma.o)
 .debug_abbrev  0x000035d4       0x8b .\CortexM3\ARM_GCC_541\Debug\F1-TestFixture.a(WaveDAC_Wave2_DMA_dma.o)
 .debug_abbrev  0x0000365f       0xeb .\CortexM3\ARM_GCC_541\Debug\F1-TestFixture.a(WaveDAC_VDAC8.o)
 .debug_abbrev  0x0000374a       0xe9 .\CortexM3\ARM_GCC_541\Debug\F1-TestFixture.a(Timer_DAC.o)
 .debug_abbrev  0x00003833      0x18a .\CortexM3\ARM_GCC_541\Debug\F1-TestFixture.a(isr_ADC_AudioStream.o)
 .debug_abbrev  0x000039bd      0x173 .\CortexM3\ARM_GCC_541\Debug\F1-TestFixture.a(ADC_AudioStream.o)
 .debug_abbrev  0x00003b30       0x42 .\CortexM3\ARM_GCC_541\Debug\F1-TestFixture.a(ADC_AudioStream_INT.o)
 .debug_abbrev  0x00003b72      0x11d .\CortexM3\ARM_GCC_541\Debug\F1-TestFixture.a(ADC_AudioStream_theACLK.o)
 .debug_abbrev  0x00003c8f       0x90 .\CortexM3\ARM_GCC_541\Debug\F1-TestFixture.a(RTest_BLOCK_4_EN.o)
 .debug_abbrev  0x00003d1f       0x90 .\CortexM3\ARM_GCC_541\Debug\F1-TestFixture.a(RTest_BLOCK_3_EN.o)
 .debug_abbrev  0x00003daf       0x90 .\CortexM3\ARM_GCC_541\Debug\F1-TestFixture.a(RTest_BLOCK_2_EN.o)
 .debug_abbrev  0x00003e3f       0x90 .\CortexM3\ARM_GCC_541\Debug\F1-TestFixture.a(RTest_BLOCK_1_EN.o)
 .debug_abbrev  0x00003ecf       0x90 .\CortexM3\ARM_GCC_541\Debug\F1-TestFixture.a(RTest_DEMUX_C.o)
 .debug_abbrev  0x00003f5f       0x90 .\CortexM3\ARM_GCC_541\Debug\F1-TestFixture.a(RTest_DEMUX_B.o)
 .debug_abbrev  0x00003fef       0x90 .\CortexM3\ARM_GCC_541\Debug\F1-TestFixture.a(RTest_DEMUX_A.o)
 .debug_abbrev  0x0000407f       0x90 .\CortexM3\ARM_GCC_541\Debug\F1-TestFixture.a(RTest_DEMUX_COM.o)
 .debug_abbrev  0x0000410f       0x81 .\CortexM3\ARM_GCC_541\Debug\F1-TestFixture.a(MUX_CTRL_115200.o)
 .debug_abbrev  0x00004190       0x14 .\CortexM3\ARM_GCC_541\Debug\F1-TestFixture.a(CyBootAsmGnu.o)
 .debug_abbrev  0x000041a4      0x14b .\CortexM3\ARM_GCC_541\Debug\F1-TestFixture.a(CyFlash.o)
 .debug_abbrev  0x000042ef      0x16c .\CortexM3\ARM_GCC_541\Debug\F1-TestFixture.a(CySpc.o)
 .debug_abbrev  0x0000445b       0x90 .\CortexM3\ARM_GCC_541\Debug\F1-TestFixture.a(LED1.o)
 .debug_abbrev  0x000044eb       0x90 .\CortexM3\ARM_GCC_541\Debug\F1-TestFixture.a(LED2.o)

.debug_line     0x00000000     0x6f75
 *(.debug_line)
 .debug_line    0x00000000      0x1e9 .\CortexM3\ARM_GCC_541\Debug\main.o
 .debug_line    0x000001e9      0x38b .\CortexM3\ARM_GCC_541\Debug\ControllerTest.o
 .debug_line    0x00000574      0x324 .\CortexM3\ARM_GCC_541\Debug\UART_230400_Functions.o
 .debug_line    0x00000898      0x37c .\CortexM3\ARM_GCC_541\Debug\SirenTest.o
 .debug_line    0x00000c14      0x566 .\CortexM3\ARM_GCC_541\Debug\RelayTest.o
 .debug_line    0x0000117a      0x2a0 .\CortexM3\ARM_GCC_541\Debug\UART_460800_Functions.o
 .debug_line    0x0000141a      0x22d .\CortexM3\ARM_GCC_541\Debug\UART_115200_Functions.o
 .debug_line    0x00001647      0x1d3 .\CortexM3\ARM_GCC_541\Debug\CD4051BPW_Driver.o
 .debug_line    0x0000181a      0x23f .\CortexM3\ARM_GCC_541\Debug\cyfitter_cfg.o
 .debug_line    0x00001a59      0x141 .\CortexM3\ARM_GCC_541\Debug\cymetadata.o
 .debug_line    0x00001b9a      0x1db .\CortexM3\ARM_GCC_541\Debug\Cm3Start.o
 .debug_line    0x00001d75      0x2b6 .\CortexM3\ARM_GCC_541\Debug\F1-TestFixture.a(CyDmac.o)
 .debug_line    0x0000202b      0x883 .\CortexM3\ARM_GCC_541\Debug\F1-TestFixture.a(CyLib.o)
 .debug_line    0x000028ae      0x38e .\CortexM3\ARM_GCC_541\Debug\F1-TestFixture.a(cyPm.o)
 .debug_line    0x00002c3c       0xa3 .\CortexM3\ARM_GCC_541\Debug\F1-TestFixture.a(CTest_CONT_VBATT_EN.o)
 .debug_line    0x00002cdf       0x9f .\CortexM3\ARM_GCC_541\Debug\F1-TestFixture.a(CTest_USB_5V_EN.o)
 .debug_line    0x00002d7e       0x9e .\CortexM3\ARM_GCC_541\Debug\F1-TestFixture.a(RTest_SIREN_EN.o)
 .debug_line    0x00002e1c       0x9c .\CortexM3\ARM_GCC_541\Debug\F1-TestFixture.a(RTest_HSide1.o)
 .debug_line    0x00002eb8       0x9c .\CortexM3\ARM_GCC_541\Debug\F1-TestFixture.a(RTest_HSide3.o)
 .debug_line    0x00002f54       0x9c .\CortexM3\ARM_GCC_541\Debug\F1-TestFixture.a(RTest_HSide2.o)
 .debug_line    0x00002ff0       0x9c .\CortexM3\ARM_GCC_541\Debug\F1-TestFixture.a(RTest_HSide4.o)
 .debug_line    0x0000308c       0x9c .\CortexM3\ARM_GCC_541\Debug\F1-TestFixture.a(RTest_HSide5.o)
 .debug_line    0x00003128       0x9c .\CortexM3\ARM_GCC_541\Debug\F1-TestFixture.a(RTest_HSide6.o)
 .debug_line    0x000031c4       0x9c .\CortexM3\ARM_GCC_541\Debug\F1-TestFixture.a(RTest_HSide7.o)
 .debug_line    0x00003260       0x9c .\CortexM3\ARM_GCC_541\Debug\F1-TestFixture.a(RTest_HSide8.o)
 .debug_line    0x000032fc      0x264 .\CortexM3\ARM_GCC_541\Debug\F1-TestFixture.a(isr_UART_230400.o)
 .debug_line    0x00003560      0x324 .\CortexM3\ARM_GCC_541\Debug\F1-TestFixture.a(UART_230400.o)
 .debug_line    0x00003884       0x8e .\CortexM3\ARM_GCC_541\Debug\F1-TestFixture.a(UART_230400_INT.o)
 .debug_line    0x00003912      0x1b3 .\CortexM3\ARM_GCC_541\Debug\F1-TestFixture.a(UART_230400_IntClock.o)
 .debug_line    0x00003ac5       0x78 .\CortexM3\ARM_GCC_541\Debug\F1-TestFixture.a(MUX_CTRL_230400.o)
 .debug_line    0x00003b3d      0x162 .\CortexM3\ARM_GCC_541\Debug\F1-TestFixture.a(Timer_20ms.o)
 .debug_line    0x00003c9f       0x96 .\CortexM3\ARM_GCC_541\Debug\F1-TestFixture.a(LED_EN.o)
 .debug_line    0x00003d35      0x26a .\CortexM3\ARM_GCC_541\Debug\F1-TestFixture.a(isr_Timer_20ms.o)
 .debug_line    0x00003f9f      0x324 .\CortexM3\ARM_GCC_541\Debug\F1-TestFixture.a(UART_115200.o)
 .debug_line    0x000042c3       0x8e .\CortexM3\ARM_GCC_541\Debug\F1-TestFixture.a(UART_115200_INT.o)
 .debug_line    0x00004351      0x264 .\CortexM3\ARM_GCC_541\Debug\F1-TestFixture.a(isr_UART_115200.o)
 .debug_line    0x000045b5      0x1b3 .\CortexM3\ARM_GCC_541\Debug\F1-TestFixture.a(UART_115200_IntClock.o)
 .debug_line    0x00004768       0x7a .\CortexM3\ARM_GCC_541\Debug\F1-TestFixture.a(DEMUX_CTRL_230400.o)
 .debug_line    0x000047e2      0x264 .\CortexM3\ARM_GCC_541\Debug\F1-TestFixture.a(isr_UART_460800.o)
 .debug_line    0x00004a46      0x324 .\CortexM3\ARM_GCC_541\Debug\F1-TestFixture.a(UART_460800.o)
 .debug_line    0x00004d6a       0x8e .\CortexM3\ARM_GCC_541\Debug\F1-TestFixture.a(UART_460800_INT.o)
 .debug_line    0x00004df8       0x78 .\CortexM3\ARM_GCC_541\Debug\F1-TestFixture.a(MUX_CTRL_460800.o)
 .debug_line    0x00004e70       0x7a .\CortexM3\ARM_GCC_541\Debug\F1-TestFixture.a(DEMUX_CTRL_460800.o)
 .debug_line    0x00004eea      0x1b3 .\CortexM3\ARM_GCC_541\Debug\F1-TestFixture.a(UART_460800_IntClock.o)
 .debug_line    0x0000509d      0x162 .\CortexM3\ARM_GCC_541\Debug\F1-TestFixture.a(Timer_10ms.o)
 .debug_line    0x000051ff      0x269 .\CortexM3\ARM_GCC_541\Debug\F1-TestFixture.a(isr_Timer_10ms.o)
 .debug_line    0x00005468      0x162 .\CortexM3\ARM_GCC_541\Debug\F1-TestFixture.a(Timer_50ms.o)
 .debug_line    0x000055ca      0x2ab .\CortexM3\ARM_GCC_541\Debug\F1-TestFixture.a(isr_Timer_50ms.o)
 .debug_line    0x00005875       0x9d .\CortexM3\ARM_GCC_541\Debug\F1-TestFixture.a(PB_NextAction.o)
 .debug_line    0x00005912       0xef .\CortexM3\ARM_GCC_541\Debug\F1-TestFixture.a(WaveDAC.o)
 .debug_line    0x00005a01       0x84 .\CortexM3\ARM_GCC_541\Debug\F1-TestFixture.a(WaveDAC_Wave1_DMA_dma.o)
 .debug_line    0x00005a85       0x84 .\CortexM3\ARM_GCC_541\Debug\F1-TestFixture.a(WaveDAC_Wave2_DMA_dma.o)
 .debug_line    0x00005b09       0xf5 .\CortexM3\ARM_GCC_541\Debug\F1-TestFixture.a(WaveDAC_VDAC8.o)
 .debug_line    0x00005bfe      0x161 .\CortexM3\ARM_GCC_541\Debug\F1-TestFixture.a(Timer_DAC.o)
 .debug_line    0x00005d5f      0x26e .\CortexM3\ARM_GCC_541\Debug\F1-TestFixture.a(isr_ADC_AudioStream.o)
 .debug_line    0x00005fcd      0x213 .\CortexM3\ARM_GCC_541\Debug\F1-TestFixture.a(ADC_AudioStream.o)
 .debug_line    0x000061e0       0x5f .\CortexM3\ARM_GCC_541\Debug\F1-TestFixture.a(ADC_AudioStream_INT.o)
 .debug_line    0x0000623f      0x1da .\CortexM3\ARM_GCC_541\Debug\F1-TestFixture.a(ADC_AudioStream_theACLK.o)
 .debug_line    0x00006419       0xa0 .\CortexM3\ARM_GCC_541\Debug\F1-TestFixture.a(RTest_BLOCK_4_EN.o)
 .debug_line    0x000064b9       0xa0 .\CortexM3\ARM_GCC_541\Debug\F1-TestFixture.a(RTest_BLOCK_3_EN.o)
 .debug_line    0x00006559       0xa0 .\CortexM3\ARM_GCC_541\Debug\F1-TestFixture.a(RTest_BLOCK_2_EN.o)
 .debug_line    0x000065f9       0xa0 .\CortexM3\ARM_GCC_541\Debug\F1-TestFixture.a(RTest_BLOCK_1_EN.o)
 .debug_line    0x00006699       0x9d .\CortexM3\ARM_GCC_541\Debug\F1-TestFixture.a(RTest_DEMUX_C.o)
 .debug_line    0x00006736       0x9d .\CortexM3\ARM_GCC_541\Debug\F1-TestFixture.a(RTest_DEMUX_B.o)
 .debug_line    0x000067d3       0x9d .\CortexM3\ARM_GCC_541\Debug\F1-TestFixture.a(RTest_DEMUX_A.o)
 .debug_line    0x00006870       0x9f .\CortexM3\ARM_GCC_541\Debug\F1-TestFixture.a(RTest_DEMUX_COM.o)
 .debug_line    0x0000690f       0x78 .\CortexM3\ARM_GCC_541\Debug\F1-TestFixture.a(MUX_CTRL_115200.o)
 .debug_line    0x00006987       0x66 .\CortexM3\ARM_GCC_541\Debug\F1-TestFixture.a(CyBootAsmGnu.o)
 .debug_line    0x000069ed      0x22f .\CortexM3\ARM_GCC_541\Debug\F1-TestFixture.a(CyFlash.o)
 .debug_line    0x00006c1c      0x231 .\CortexM3\ARM_GCC_541\Debug\F1-TestFixture.a(CySpc.o)
 .debug_line    0x00006e4d       0x94 .\CortexM3\ARM_GCC_541\Debug\F1-TestFixture.a(LED1.o)
 .debug_line    0x00006ee1       0x94 .\CortexM3\ARM_GCC_541\Debug\F1-TestFixture.a(LED2.o)

.debug_frame    0x00000000     0x6494
 *(.debug_frame)