Archive member included to satisfy reference by file (symbol)

.\CortexM3\ARM_GCC_541\Debug\F1-TestFixture.a(CyDmac.o)
                              .\CortexM3\ARM_GCC_541\Debug\Cm3Start.o (CyDmacConfigure)
.\CortexM3\ARM_GCC_541\Debug\F1-TestFixture.a(CyLib.o)
                              .\CortexM3\ARM_GCC_541\Debug\Cm3Start.o (CyResetStatus)
.\CortexM3\ARM_GCC_541\Debug\F1-TestFixture.a(cyPm.o)
                              .\CortexM3\ARM_GCC_541\Debug\F1-TestFixture.a(CyLib.o) (CyPmReadStatus)
.\CortexM3\ARM_GCC_541\Debug\F1-TestFixture.a(STest_SIREN_EN.o)
                              .\CortexM3\ARM_GCC_541\Debug\SirenTest.o (STest_SIREN_EN_Write)
.\CortexM3\ARM_GCC_541\Debug\F1-TestFixture.a(CTest_CONT_VBATT_EN.o)
                              .\CortexM3\ARM_GCC_541\Debug\ControllerTest.o (CTest_CONT_VBATT_EN_Write)
.\CortexM3\ARM_GCC_541\Debug\F1-TestFixture.a(CTest_USB_5V_EN.o)
                              .\CortexM3\ARM_GCC_541\Debug\ControllerTest.o (CTest_USB_5V_EN_Write)
.\CortexM3\ARM_GCC_541\Debug\F1-TestFixture.a(RTest_SIREN_EN.o)
                              .\CortexM3\ARM_GCC_541\Debug\RelayTest.o (RTest_SIREN_EN_Read)
.\CortexM3\ARM_GCC_541\Debug\F1-TestFixture.a(RS1.o)
                              .\CortexM3\ARM_GCC_541\Debug\main.o (RS1_Read)
.\CortexM3\ARM_GCC_541\Debug\F1-TestFixture.a(RS2.o)
                              .\CortexM3\ARM_GCC_541\Debug\main.o (RS2_Read)
.\CortexM3\ARM_GCC_541\Debug\F1-TestFixture.a(RTest_HSide1.o)
                              .\CortexM3\ARM_GCC_541\Debug\RelayTest.o (RTest_HSide1_Write)
.\CortexM3\ARM_GCC_541\Debug\F1-TestFixture.a(RTest_HSide3.o)
                              .\CortexM3\ARM_GCC_541\Debug\RelayTest.o (RTest_HSide3_Write)
.\CortexM3\ARM_GCC_541\Debug\F1-TestFixture.a(RTest_HSide2.o)
                              .\CortexM3\ARM_GCC_541\Debug\RelayTest.o (RTest_HSide2_Write)
.\CortexM3\ARM_GCC_541\Debug\F1-TestFixture.a(RTest_HSide4.o)
                              .\CortexM3\ARM_GCC_541\Debug\RelayTest.o (RTest_HSide4_Write)
.\CortexM3\ARM_GCC_541\Debug\F1-TestFixture.a(RTest_HSide5.o)
                              .\CortexM3\ARM_GCC_541\Debug\RelayTest.o (RTest_HSide5_Write)
.\CortexM3\ARM_GCC_541\Debug\F1-TestFixture.a(RTest_HSide6.o)
                              .\CortexM3\ARM_GCC_541\Debug\RelayTest.o (RTest_HSide6_Write)
.\CortexM3\ARM_GCC_541\Debug\F1-TestFixture.a(RTest_HSide7.o)
                              .\CortexM3\ARM_GCC_541\Debug\RelayTest.o (RTest_HSide7_Write)
.\CortexM3\ARM_GCC_541\Debug\F1-TestFixture.a(RTest_HSide8.o)
                              .\CortexM3\ARM_GCC_541\Debug\RelayTest.o (RTest_HSide8_Write)
.\CortexM3\ARM_GCC_541\Debug\F1-TestFixture.a(isr_UART_230400.o)
                              .\CortexM3\ARM_GCC_541\Debug\main.o (isr_UART_230400_Start)
.\CortexM3\ARM_GCC_541\Debug\F1-TestFixture.a(UART_230400.o)
                              .\CortexM3\ARM_GCC_541\Debug\main.o (UART_230400_Start)
.\CortexM3\ARM_GCC_541\Debug\F1-TestFixture.a(UART_230400_INT.o)
                              .\CortexM3\ARM_GCC_541\Debug\F1-TestFixture.a(UART_230400.o) (UART_230400_TXISR)
.\CortexM3\ARM_GCC_541\Debug\F1-TestFixture.a(UART_230400_IntClock.o)
                              .\CortexM3\ARM_GCC_541\Debug\F1-TestFixture.a(UART_230400.o) (UART_230400_IntClock_Start)
.\CortexM3\ARM_GCC_541\Debug\F1-TestFixture.a(MUX_CTRL_230400.o)
                              .\CortexM3\ARM_GCC_541\Debug\ControllerTest.o (MUX_CTRL_230400_Write)
.\CortexM3\ARM_GCC_541\Debug\F1-TestFixture.a(Timer_20ms.o)
                              .\CortexM3\ARM_GCC_541\Debug\main.o (Timer_20ms_Start)
.\CortexM3\ARM_GCC_541\Debug\F1-TestFixture.a(LED_EN.o)
                              .\CortexM3\ARM_GCC_541\Debug\ControllerTest.o (LED_EN_Write)
.\CortexM3\ARM_GCC_541\Debug\F1-TestFixture.a(isr_Timer_20ms.o)
                              .\CortexM3\ARM_GCC_541\Debug\main.o (isr_Timer_20ms_Start)
.\CortexM3\ARM_GCC_541\Debug\F1-TestFixture.a(UART_115200.o)
                              .\CortexM3\ARM_GCC_541\Debug\main.o (UART_115200_Start)
.\CortexM3\ARM_GCC_541\Debug\F1-TestFixture.a(UART_115200_INT.o)
                              .\CortexM3\ARM_GCC_541\Debug\F1-TestFixture.a(UART_115200.o) (UART_115200_TXISR)
.\CortexM3\ARM_GCC_541\Debug\F1-TestFixture.a(isr_UART_115200.o)
                              .\CortexM3\ARM_GCC_541\Debug\main.o (isr_UART_115200_Start)
.\CortexM3\ARM_GCC_541\Debug\F1-TestFixture.a(UART_115200_IntClock.o)
                              .\CortexM3\ARM_GCC_541\Debug\F1-TestFixture.a(UART_115200.o) (UART_115200_IntClock_Start)
.\CortexM3\ARM_GCC_541\Debug\F1-TestFixture.a(DEMUX_CTRL_230400.o)
                              .\CortexM3\ARM_GCC_541\Debug\UART_230400_Functions.o (DEMUX_CTRL_230400_Write)
.\CortexM3\ARM_GCC_541\Debug\F1-TestFixture.a(isr_UART_460800.o)
                              .\CortexM3\ARM_GCC_541\Debug\main.o (isr_UART_460800_Start)
.\CortexM3\ARM_GCC_541\Debug\F1-TestFixture.a(UART_460800.o)
[...]
Memory Configuration

Name             Origin             Length             Attributes
rom              0x00000000         0x00020000         xr
ram              0x1fffc000         0x00008000         xrw
*default*        0x00000000         0xffffffff

Linker script and memory map

LOAD c:/program files (x86)/cypress/psoc creator/4.3/psoc creator/import/gnu/arm/5.4.1/bin/../lib/gcc/arm-none-eabi/5.4.1/armv7-m/crti.o
LOAD c:/program files (x86)/cypress/psoc creator/4.3/psoc creator/import/gnu/arm/5.4.1/bin/../lib/gcc/arm-none-eabi/5.4.1/armv7-m/crtbegin.o
LOAD c:/program files (x86)/cypress/psoc creator/4.3/psoc creator/import/gnu/arm/5.4.1/bin/../lib/gcc/arm-none-eabi/5.4.1/../../../../arm-none-eabi/lib/armv7-m/crt0.o
START GROUP
LOAD .\CortexM3\ARM_GCC_541\Debug\main.o
LOAD .\CortexM3\ARM_GCC_541\Debug\ControllerTest.o
LOAD .\CortexM3\ARM_GCC_541\Debug\UART_230400_Functions.o
LOAD .\CortexM3\ARM_GCC_541\Debug\SirenTest.o
LOAD .\CortexM3\ARM_GCC_541\Debug\RelayTest.o
LOAD .\CortexM3\ARM_GCC_541\Debug\UART_460800_Functions.o
LOAD .\CortexM3\ARM_GCC_541\Debug\UART_115200_Functions.o
LOAD .\CortexM3\ARM_GCC_541\Debug\CD4051BPW_Driver.o
LOAD .\CortexM3\ARM_GCC_541\Debug\ControllerTest_Complete.o
LOAD .\CortexM3\ARM_GCC_541\Debug\RelayTest_Complete.o
LOAD .\CortexM3\ARM_GCC_541\Debug\ControllerCableTest_Complete.o
LOAD .\CortexM3\ARM_GCC_541\Debug\cyfitter_cfg.o
LOAD .\CortexM3\ARM_GCC_541\Debug\cymetadata.o
LOAD .\CortexM3\ARM_GCC_541\Debug\Cm3Start.o
LOAD .\CortexM3\ARM_GCC_541\Debug\F1-TestFixture.a
LOAD C:\Program Files (x86)\Cypress\PSoC Creator\4.3\PSoC Creator\psoc\content\cycomponentlibrary\CyComponentLibrary.cylib\CortexM3\ARM_GCC_541\Debug\CyComponentLibrary.a
END GROUP
START GROUP
LOAD c:/program files (x86)/cypress/psoc creator/4.3/psoc creator/import/gnu/arm/5.4.1/bin/../lib/gcc/arm-none-eabi/5.4.1/armv7-m\libgcc.a
LOAD c:/program files (x86)/cypress/psoc creator/4.3/psoc creator/import/gnu/arm/5.4.1/bin/../lib/gcc/arm-none-eabi/5.4.1/../../../../arm-none-eabi/lib/armv7-m\libg_nano.a
LOAD c:/program files (x86)/cypress/psoc creator/4.3/psoc creator/import/gnu/arm/5.4.1/bin/../lib/gcc/arm-none-eabi/5.4.1/../../../../arm-none-eabi/lib/armv7-m\libc_nano.a
END GROUP
START GROUP
LOAD c:/program files (x86)/cypress/psoc creator/4.3/psoc creator/import/gnu/arm/5.4.1/bin/../lib/gcc/arm-none-eabi/5.4.1/armv7-m\libgcc.a
LOAD c:/program files (x86)/cypress/psoc creator/4.3/psoc creator/import/gnu/arm/5.4.1/bin/../lib/gcc/arm-none-eabi/5.4.1/../../../../arm-none-eabi/lib/armv7-m\libc_nano.a
END GROUP
LOAD c:/program files (x86)/cypress/psoc creator/4.3/psoc creator/import/gnu/arm/5.4.1/bin/../lib/gcc/arm-none-eabi/5.4.1/armv7-m/crtend.o
LOAD c:/program files (x86)/cypress/psoc creator/4.3/psoc creator/import/gnu/arm/5.4.1/bin/../lib/gcc/arm-none-eabi/5.4.1/armv7-m/crtn.o
START GROUP
LOAD c:/program files (x86)/cypress/psoc creator/4.3/psoc creator/import/gnu/arm/5.4.1/bin/../lib/gcc/arm-none-eabi/5.4.1/armv7-m\libgcc.a
LOAD c:/program files (x86)/cypress/psoc creator/4.3/psoc creator/import/gnu/arm/5.4.1/bin/../lib/gcc/arm-none-eabi/5.4.1/../../../../arm-none-eabi/lib/armv7-m\libc.a
LOAD c:/program files (x86)/cypress/psoc creator/4.3/psoc creator/import/gnu/arm/5.4.1/bin/../lib/gcc/arm-none-eabi/5.4.1/../../../../arm-none-eabi/lib/armv7-m\libnosys.a
END GROUP
                0x00000000                CY_APPL_ORIGIN = 0x0
                0x00000100                CY_FLASH_ROW_SIZE = 0x100
                0x00000020                CY_ECC_ROW_SIZE = 0x20
                0x00000000                CY_EE_IN_BTLDR = 0x0
                0x00000000                CY_APPL_LOADABLE = 0x0
                0x00000800                CY_EE_SIZE = 0x800
                0x00000001                CY_APPL_NUM = 0x1
                0x00000001                CY_APPL_MAX = 0x1
                0x00000040                CY_METADATA_SIZE = 0x40
                0x00000000                CY_APPL_LOADABLE = 0x0
                0x00000000                CY_CHECKSUM_EXCLUDE_SIZE = ALIGN (0x0, CY_FLASH_ROW_SIZE)
                [!provide]                PROVIDE (__cy_heap_start, _end)
                0x00000001                PROVIDE (__cy_region_num, ((__cy_regions_end - __cy_regions) / 0x10))
                0x20004000                PROVIDE (__cy_stack, (ORIGIN (ram) + LENGTH (ram)))
                [!provide]                PROVIDE (__cy_heap_end, (__cy_stack - 0x800))

.cybootloader   0x00000000        0x0
 *(.cybootloader)
                0x00000000                appl1_start = CY_APPL_ORIGIN?CY_APPL_ORIGIN:ALIGN (CY_FLASH_ROW_SIZE)
                0x0000ff00                appl2_start = (appl1_start + ALIGN ((((LENGTH (rom) - appl1_start) - (0x2 * CY_FLASH_ROW_SIZE)) / 0x2), CY_FLASH_ROW_SIZE))
                0x00000000                appl_start = (CY_APPL_NUM == 0x1)?appl1_start:appl2_start
                0x00000000                ecc_offset = ((appl_start / CY_FLASH_ROW_SIZE) * CY_ECC_ROW_SIZE)
                0x00000000                ee_offset = (CY_APPL_LOADABLE && ! (CY_EE_IN_BTLDR))?((CY_EE_SIZE / CY_APPL_MAX) * (CY_APPL_NUM - 0x1)):0x0
                0x00000800                ee_size = (CY_APPL_LOADABLE && ! (CY_EE_IN_BTLDR))?(CY_EE_SIZE / CY_APPL_MAX):CY_EE_SIZE
                [!provide]                PROVIDE (CY_ECC_OFFSET, ecc_offset)

.text           0x00000000     0x7182
 CREATE_OBJECT_SYMBOLS
                0x00000000                PROVIDE (__cy_interrupt_vector, RomVectors)
 *(.romvectors)
 .romvectors    0x00000000       0x10 .\CortexM3\ARM_GCC_541\Debug\Cm3Start.o
                0x00000000                RomVectors
                0x00000001                ASSERT ((. != __cy_interrupt_vector), No interrupt vector)
                0x00000001                ASSERT (CY_APPL_ORIGIN?(SIZEOF (.cybootloader) <= CY_APPL_ORIGIN):0x1, Wrong image location)
                0x00000010                PROVIDE (__cy_reset, Reset)
 *(.text.Reset)
 .text.Reset    0x00000010       0x18 .\CortexM3\ARM_GCC_541\Debug\Cm3Start.o
                0x00000010                Reset
                0x00000001                ASSERT ((. != __cy_reset), No reset code)
 *(.dma_init)
                0x00000001                ASSERT ((((appl_start + .) <= 0x10000) || 0x1), DMA Init must be within the first 64k of flash)
 *(.text .text.* .gnu.linkonce.t.*)
 .text          0x00000028       0x5c c:/program files (x86)/cypress/psoc creator/4.3/psoc creator/import/gnu/arm/5.4.1/bin/../lib/gcc/arm-none-eabi/5.4.1/armv7-m/crtbegin.o
 .text.main     0x00000084      0x190 .\CortexM3\ARM_GCC_541\Debug\main.o
                0x00000084                main
 .text.initializePeripherals
                0x00000214       0x3c .\CortexM3\ARM_GCC_541\Debug\main.o
 .text.ControllerTest
                0x00000250      0x488 .\CortexM3\ARM_GCC_541\Debug\ControllerTest.o
                0x00000250                ControllerTest
 .text.CTest_ReadPushbuttons
                0x000006d8       0x3c .\CortexM3\ARM_GCC_541\Debug\ControllerTest.o
                0x000006d8                CTest_ReadPushbuttons
 .text.getTxPacket_Relay
                0x00000714       0x20 .\CortexM3\ARM_GCC_541\Debug\ControllerTest.o
                0x00000714                getTxPacket_Relay
 .text.getRxPacket_Controller
                0x00000734       0x20 .\CortexM3\ARM_GCC_541\Debug\ControllerTest.o
                0x00000734                getRxPacket_Controller
 .text.getTxPacket_Controller
                0x00000754       0x20 .\CortexM3\ARM_GCC_541\Debug\ControllerTest.o
                0x00000754                getTxPacket_Controller
 .text.CTest_sendDiagPacket
                0x00000774       0x58 .\CortexM3\ARM_GCC_541\Debug\ControllerTest.o
                0x00000774                CTest_sendDiagPacket
 .text.CTest_isr_PB
                0x000007cc       0xe8 .\CortexM3\ARM_GCC_541\Debug\ControllerTest.o
                0x000007cc                CTest_isr_PB
 .text.CTest_20ms_isr
                0x000008b4       0x7c .\CortexM3\ARM_GCC_541\Debug\ControllerTest.o
                0x000008b4                CTest_20ms_isr
 .text.CTest_50ms_isr
                0x00000930       0x50 .\CortexM3\ARM_GCC_541\Debug\ControllerTest.o
                0x00000930                CTest_50ms_isr
 .text.CTest_StartAutomatedStep
                0x00000980       0x3c .\CortexM3\ARM_GCC_541\Debug\ControllerTest.o
                0x00000980                CTest_StartAutomatedStep
 .text.CTest_StopAutomatedStep
                0x000009bc       0x40 .\CortexM3\ARM_GCC_541\Debug\ControllerTest.o
                0x000009bc                CTest_StopAutomatedStep
 .text.CTest_PB_WaitForAction
                0x000009fc       0x6c .\CortexM3\ARM_GCC_541\Debug\ControllerTest.o
                0x000009fc                CTest_PB_WaitForAction
 .text.getTxPacket_Intermotive
                0x00000a68       0x20 .\CortexM3\ARM_GCC_541\Debug\ControllerTest.o
                0x00000a68                getTxPacket_Intermotive
 .text.setLEDs  0x00000a88      0x6dc .\CortexM3\ARM_GCC_541\Debug\ControllerTest.o
                0x00000a88                setLEDs
 .text.processByteReceivedHandler
                0x00001164       0x68 .\CortexM3\ARM_GCC_541\Debug\UART_230400_Functions.o
                0x00001164                processByteReceivedHandler
 .text.detectPacket
                0x000011cc      0x324 .\CortexM3\ARM_GCC_541\Debug\UART_230400_Functions.o
 .text.VerifyPacket_230400
                0x000014f0       0x34 .\CortexM3\ARM_GCC_541\Debug\UART_230400_Functions.o
                0x000014f0                VerifyPacket_230400
 .text.findpacket
                0x00001524       0xd0 .\CortexM3\ARM_GCC_541\Debug\UART_230400_Functions.o
                0x00001524                findpacket
 .text.sendPacket_RelayToController
                0x000015f4       0x5c .\CortexM3\ARM_GCC_541\Debug\UART_230400_Functions.o
                0x000015f4                sendPacket_RelayToController
 .text.sendPacket_RelayToController_Test
                0x00001650       0xa0 .\CortexM3\ARM_GCC_541\Debug\UART_230400_Functions.o
                0x00001650                sendPacket_RelayToController_Test
 .text.sendPacketToRelaySiren
                0x000016f0       0xc8 .\CortexM3\ARM_GCC_541\Debug\UART_230400_Functions.o
                0x000016f0                sendPacketToRelaySiren
 .text.sendPacket_SirenToRelay
                0x000017b8       0x64 .\CortexM3\ARM_GCC_541\Debug\UART_230400_Functions.o
                0x000017b8                sendPacket_SirenToRelay
 .text.VerifyPacket_GPS
                0x0000181c       0x24 .\CortexM3\ARM_GCC_541\Debug\UART_230400_Functions.o
                0x0000181c                VerifyPacket_GPS
 .text.SirenTest
                0x00001840      0x480 .\CortexM3\ARM_GCC_541\Debug\SirenTest.o
                0x00001840                SirenTest
 .text.STest_isr_PB
                0x00001cc0       0xe8 .\CortexM3\ARM_GCC_541\Debug\SirenTest.o
                0x00001cc0                STest_isr_PB
 .text.STest_10ms_isr
                0x00001da8       0x1c .\CortexM3\ARM_GCC_541\Debug\SirenTest.o
                0x00001da8                STest_10ms_isr
 .text.STest_20ms_isr
                0x00001dc4       0x7c .\CortexM3\ARM_GCC_541\Debug\SirenTest.o
                0x00001dc4                STest_20ms_isr
 .text.STest_50ms_isr
                0x00001e40       0x58 .\CortexM3\ARM_GCC_541\Debug\SirenTest.o
                0x00001e40                STest_50ms_isr
 .text.STest_sendDiagPacket
                0x00001e98       0x58 .\CortexM3\ARM_GCC_541\Debug\SirenTest.o
                0x00001e98                STest_sendDiagPacket
 .text.PB_WaitForAction
                0x00001ef0       0x6c .\CortexM3\ARM_GCC_541\Debug\SirenTest.o
                0x00001ef0                PB_WaitForAction
 .text.StartAutomatedStep
                0x00001f5c       0x3c .\CortexM3\ARM_GCC_541\Debug\SirenTest.o
                0x00001f5c                StartAutomatedStep
 .text.StopAutomatedStep
                0x00001f98       0x40 .\CortexM3\ARM_GCC_541\Debug\SirenTest.o
                0x00001f98                StopAutomatedStep
 .text.RelayTest
                0x00001fd8      0x434 .\CortexM3\ARM_GCC_541\Debug\RelayTest.o
                0x00001fd8                RelayTest
 .text.RTest_Test_Outputs
                0x0000240c       0x68 .\CortexM3\ARM_GCC_541\Debug\RelayTest.o
                0x0000240c                RTest_Test_Outputs
 .text.RTest_Test_DataLink
                0x00002474       0x68 .\CortexM3\ARM_GCC_541\Debug\RelayTest.o
                0x00002474                RTest_Test_DataLink
 .text.RTest_Test_QuadPorts
                0x000024dc       0x54 .\CortexM3\ARM_GCC_541\Debug\RelayTest.o
                0x000024dc                RTest_Test_QuadPorts
 .text.RTest_Test_UART_Siren
                0x00002530       0x90 .\CortexM3\ARM_GCC_541\Debug\RelayTest.o
                0x00002530                RTest_Test_UART_Siren
 .text.RTest_Test_Inputs
                0x000025c0       0x54 .\CortexM3\ARM_GCC_541\Debug\RelayTest.o
                0x000025c0                RTest_Test_Inputs
 .text.RTest_Test_Vbatt
                0x00002614       0x40 .\CortexM3\ARM_GCC_541\Debug\RelayTest.o
                0x00002614                RTest_Test_Vbatt
 .text.RTest_Test_BlockCurrents
                0x00002654       0x7c .\CortexM3\ARM_GCC_541\Debug\RelayTest.o
                0x00002654                RTest_Test_BlockCurrents
 .text.getRxPacket_Relay
                0x000026d0       0x20 .\CortexM3\ARM_GCC_541\Debug\RelayTest.o
                0x000026d0                getRxPacket_Relay
 .text.getTxPacket_RelaySiren
                0x000026f0       0x20 .\CortexM3\ARM_GCC_541\Debug\RelayTest.o
                0x000026f0                getTxPacket_RelaySiren
 .text.getRxPacket_RelaySiren
                0x00002710       0x20 .\CortexM3\ARM_GCC_541\Debug\RelayTest.o
                0x00002710                getRxPacket_RelaySiren
 .text.getTxPacket_H
                0x00002730       0x20 .\CortexM3\ARM_GCC_541\Debug\RelayTest.o
                0x00002730                getTxPacket_H
 .text.getRxPacket_H
                0x00002750       0x20 .\CortexM3\ARM_GCC_541\Debug\RelayTest.o
                0x00002750                getRxPacket_H
 .text.RTest_sendDiagPacket
                0x00002770       0x58 .\CortexM3\ARM_GCC_541\Debug\RelayTest.o
                0x00002770                RTest_sendDiagPacket
 .text.RTest_BlockCurrent
                0x000027c8       0x7c .\CortexM3\ARM_GCC_541\Debug\RelayTest.o
                0x000027c8                RTest_BlockCurrent
 .text.RTest_10ms_isr
                0x00002844       0x1c .\CortexM3\ARM_GCC_541\Debug\RelayTest.o
                0x00002844                RTest_10ms_isr
 .text.RTest_20ms_isr
                0x00002860       0x84 .\CortexM3\ARM_GCC_541\Debug\RelayTest.o
                0x00002860                RTest_20ms_isr
 .text.RTest_50ms_isr
                0x000028e4       0x58 .\CortexM3\ARM_GCC_541\Debug\RelayTest.o
                0x000028e4                RTest_50ms_isr
 .text.SetRelayOutputs
                0x0000293c       0x80 .\CortexM3\ARM_GCC_541\Debug\RelayTest.o
                0x0000293c                SetRelayOutputs
 .text.RTest_StartAutomatedStep
                0x000029bc       0x3c .\CortexM3\ARM_GCC_541\Debug\RelayTest.o
                0x000029bc                RTest_StartAutomatedStep
 .text.RTest_StopAutomatedStep
                0x000029f8       0x40 .\CortexM3\ARM_GCC_541\Debug\RelayTest.o
                0x000029f8                RTest_StopAutomatedStep
 .text.SetRelayInputs
                0x00002a38       0x7c .\CortexM3\ARM_GCC_541\Debug\RelayTest.o
                0x00002a38                SetRelayInputs
 .text.processByteReceivedHandler_460800
                0x00002ab4       0x60 .\CortexM3\ARM_GCC_541\Debug\UART_460800_Functions.o
                0x00002ab4                processByteReceivedHandler_460800
 .text.detectPacket
                0x00002b14      0x21c .\CortexM3\ARM_GCC_541\Debug\UART_460800_Functions.o
 .text.VerifyPacket_460800
                0x00002d30       0x34 .\CortexM3\ARM_GCC_541\Debug\UART_460800_Functions.o
                0x00002d30                VerifyPacket_460800
 .text.sendPacketToRelay_Quad
                0x00002d64       0x40 .\CortexM3\ARM_GCC_541\Debug\UART_460800_Functions.o
                0x00002d64                sendPacketToRelay_Quad
 .text.sendPacketToSiren_Audio
                0x00002da4       0x2c .\CortexM3\ARM_GCC_541\Debug\UART_460800_Functions.o
                0x00002da4                sendPacketToSiren_Audio
 .text.sendPacketToController_OBDII
                0x00002dd0       0x50 .\CortexM3\ARM_GCC_541\Debug\UART_460800_Functions.o
                0x00002dd0                sendPacketToController_OBDII
 .text.sendPacket_OBDII
                0x00002e20       0x88 .\CortexM3\ARM_GCC_541\Debug\UART_460800_Functions.o
                0x00002e20                sendPacket_OBDII
 .text.processByteReceivedHandler_115200
                0x00002ea8       0x60 .\CortexM3\ARM_GCC_541\Debug\UART_115200_Functions.o
                0x00002ea8                processByteReceivedHandler_115200
 .text.detectPacket
                0x00002f08      0x1d8 .\CortexM3\ARM_GCC_541\Debug\UART_115200_Functions.o
 .text.VerifyPacket_115200
                0x000030e0       0x4c .\CortexM3\ARM_GCC_541\Debug\UART_115200_Functions.o
                0x000030e0                VerifyPacket_115200
 .text.getMuxValue
                0x0000312c       0x20 .\CortexM3\ARM_GCC_541\Debug\CD4051BPW_Driver.o
 .text.selectADCChannelMux
                0x0000314c      0x17c .\CortexM3\ARM_GCC_541\Debug\CD4051BPW_Driver.o
                0x0000314c                selectADCChannelMux
 .text.ControllerTest_Complete
                0x000032c8      0x468 .\CortexM3\ARM_GCC_541\Debug\ControllerTest_Complete.o
                0x000032c8                ControllerTest_Complete
 .text.CTest_Complete_sendDiagPacket
                0x00003730       0x58 .\CortexM3\ARM_GCC_541\Debug\ControllerTest_Complete.o
                0x00003730                CTest_Complete_sendDiagPacket
 .text.CTest_Complete_20ms_isr
                0x00003788       0x7c .\CortexM3\ARM_GCC_541\Debug\ControllerTest_Complete.o
                0x00003788                CTest_Complete_20ms_isr
 .text.CTest_Complete_50ms_isr
                0x00003804       0x50 .\CortexM3\ARM_GCC_541\Debug\ControllerTest_Complete.o
                0x00003804                CTest_Complete_50ms_isr
 .text.CTest_Complete_StartAutomatedStep
                0x00003854       0x3c .\CortexM3\ARM_GCC_541\Debug\ControllerTest_Complete.o
                0x00003854                CTest_Complete_StartAutomatedStep
 .text.CTest_Complete_StopAutomatedStep
                0x00003890       0x40 .\CortexM3\ARM_GCC_541\Debug\ControllerTest_Complete.o
                0x00003890                CTest_Complete_StopAutomatedStep
 .text.RelayTest_Complete
                0x000038d0      0x7e4 .\CortexM3\ARM_GCC_541\Debug\RelayTest_Complete.o
                0x000038d0                RelayTest_Complete
 .text.RTest_Complete_Test_DataLink
                0x000040b4       0x68 .\CortexM3\ARM_GCC_541\Debug\RelayTest_Complete.o
                0x000040b4                RTest_Complete_Test_DataLink
 .text.RTest_Complete_sendDiagPacket
                0x0000411c       0x58 .\CortexM3\ARM_GCC_541\Debug\RelayTest_Complete.o
                0x0000411c                RTest_Complete_sendDiagPacket
 .text.RTest_Complete_isr_PB
                0x00004174       0xe8 .\CortexM3\ARM_GCC_541\Debug\RelayTest_Complete.o
                0x00004174                RTest_Complete_isr_PB
 .text.RTest_Complete_20ms_isr
                0x0000425c       0x84 .\CortexM3\ARM_GCC_541\Debug\RelayTest_Complete.o
                0x0000425c                RTest_Complete_20ms_isr
 .text.RTest_Complete_50ms_isr
                0x000042e0       0x6c .\CortexM3\ARM_GCC_541\Debug\RelayTest_Complete.o
                0x000042e0                RTest_Complete_50ms_isr
 .text.RTest_Complete_StartAutomatedStep
                0x0000434c       0x3c .\CortexM3\ARM_GCC_541\Debug\RelayTest_Complete.o
                0x0000434c                RTest_Complete_StartAutomatedStep
 .text.RTest_Complete_StopAutomatedStep
                0x00004388       0x40 .\CortexM3\ARM_GCC_541\Debug\RelayTest_Complete.o
                0x00004388                RTest_Complete_StopAutomatedStep
 .text.RTest_Complete_PB_WaitForAction
                0x000043c8       0x6c .\CortexM3\ARM_GCC_541\Debug\RelayTest_Complete.o
                0x000043c8                RTest_Complete_PB_WaitForAction
 .text.ControllerCableTest_Complete
                0x00004434      0x22c .\CortexM3\ARM_GCC_541\Debug\ControllerCableTest_Complete.o
                0x00004434                ControllerCableTest_Complete
 .text.CableTest_Complete_sendDiagPacket
                0x00004660       0x58 .\CortexM3\ARM_GCC_541\Debug\ControllerCableTest_Complete.o
                0x00004660                CableTest_Complete_sendDiagPacket
 .text.CableTest_Complete_20ms_isr
                0x000046b8       0x7c .\CortexM3\ARM_GCC_541\Debug\ControllerCableTest_Complete.o
                0x000046b8                CableTest_Complete_20ms_isr
 .text.CableTest_Complete_50ms_isr
                0x00004734       0x2c .\CortexM3\ARM_GCC_541\Debug\ControllerCableTest_Complete.o
                0x00004734                CableTest_Complete_50ms_isr
 .text.CableTest_Complete_StartAutomatedStep
                0x00004760       0x3c .\CortexM3\ARM_GCC_541\Debug\ControllerCableTest_Complete.o
                0x00004760                CableTest_Complete_StartAutomatedStep
 .text.CableTest_Complete_StopAutomatedStep
                0x0000479c       0x40 .\CortexM3\ARM_GCC_541\Debug\ControllerCableTest_Complete.o
                0x0000479c                CableTest_Complete_StopAutomatedStep
 .text.CYMEMZERO
                0x000047dc       0x1c .\CortexM3\ARM_GCC_541\Debug\cyfitter_cfg.o
 .text.CYCONFIGCPY
                0x000047f8       0x20 .\CortexM3\ARM_GCC_541\Debug\cyfitter_cfg.o
 .text.CyClockStartupError
                0x00004818        0xc .\CortexM3\ARM_GCC_541\Debug\cyfitter_cfg.o
 .text.cfg_write_bytes32
                0x00004824       0x74 .\CortexM3\ARM_GCC_541\Debug\cyfitter_cfg.o
 .text.ClockSetup
                0x00004898      0x170 .\CortexM3\ARM_GCC_541\Debug\cyfitter_cfg.o
 .text.AnalogSetDefault
                0x00004a08       0x6c .\CortexM3\ARM_GCC_541\Debug\cyfitter_cfg.o
 .text.cyfitter_cfg
                0x00004a74      0x1f8 .\CortexM3\ARM_GCC_541\Debug\cyfitter_cfg.o
                0x00004a74                cyfitter_cfg
 .text.IntDefaultHandler
                0x00004c6c       0x14 .\CortexM3\ARM_GCC_541\Debug\Cm3Start.o
                0x00004c6c                IntDefaultHandler
 .text.Start_c  0x00004c80       0x98 .\CortexM3\ARM_GCC_541\Debug\Cm3Start.o
                0x00004c80                Start_c
 .text.initialize_psoc
                0x00004d18       0x94 .\CortexM3\ARM_GCC_541\Debug\Cm3Start.o
                0x00004d18                initialize_psoc
 .text.CyDmacConfigure
                0x00004dac       0x5c .\CortexM3\ARM_GCC_541\Debug\F1-TestFixture.a(CyDmac.o)
                0x00004dac                CyDmacConfigure
 .text.CyDmaChEnable
                0x00004e08       0x8c .\CortexM3\ARM_GCC_541\Debug\F1-TestFixture.a(CyDmac.o)
                0x00004e08                CyDmaChEnable
 .text.CyDmaChDisable
                0x00004e94       0x60 .\CortexM3\ARM_GCC_541\Debug\F1-TestFixture.a(CyDmac.o)
                0x00004e94                CyDmaChDisable
 .text.CyDmaChPriority
                0x00004ef4       0x64 .\CortexM3\ARM_GCC_541\Debug\F1-TestFixture.a(CyDmac.o)
                0x00004ef4                CyDmaChPriority
 .text.CyDmaChSetExtendedAddress
                0x00004f58       0x78 .\CortexM3\ARM_GCC_541\Debug\F1-TestFixture.a(CyDmac.o)
                0x00004f58                CyDmaChSetExtendedAddress
 .text.CyDmaChSetInitialTd
                0x00004fd0       0x3c .\CortexM3\ARM_GCC_541\Debug\F1-TestFixture.a(CyDmac.o)
                0x00004fd0                CyDmaChSetInitialTd
 .text.CyDmaChSetConfiguration
                0x0000500c       0xa0 .\CortexM3\ARM_GCC_541\Debug\F1-TestFixture.a(CyDmac.o)
                0x0000500c                CyDmaChSetConfiguration
 .text.CyDmaTdAllocate
                0x000050ac       0x5c .\CortexM3\ARM_GCC_541\Debug\F1-TestFixture.a(CyDmac.o)
                0x000050ac                CyDmaTdAllocate
 .text.CyDmaTdSetConfiguration
                0x00005108       0x80 .\CortexM3\ARM_GCC_541\Debug\F1-TestFixture.a(CyDmac.o)
                0x00005108                CyDmaTdSetConfiguration
 .text.CyDmaTdSetAddress
                0x00005188       0x5c .\CortexM3\ARM_GCC_541\Debug\F1-TestFixture.a(CyDmac.o)
                0x00005188                CyDmaTdSetAddress
 .text.CyHalt   0x000051e4       0x18 .\CortexM3\ARM_GCC_541\Debug\F1-TestFixture.a(CyLib.o)
                0x000051e4                CyHalt
 .text.CyDelay  0x000051fc       0x44 .\CortexM3\ARM_GCC_541\Debug\F1-TestFixture.a(CyLib.o)
                0x000051fc                CyDelay
 .text.CyIntSetVector
                0x00005240       0x50 .\CortexM3\ARM_GCC_541\Debug\F1-TestFixture.a(CyLib.o)
                0x00005240                CyIntSetVector
 .text.CyIntSetPriority
                0x00005290       0x48 .\CortexM3\ARM_GCC_541\Debug\F1-TestFixture.a(CyLib.o)
                0x00005290                CyIntSetPriority
 .text.STest_SIREN_EN_Write
                0x000052d8       0x3c .\CortexM3\ARM_GCC_541\Debug\F1-TestFixture.a(STest_SIREN_EN.o)
                0x000052d8                STest_SIREN_EN_Write
 .text.CTest_CONT_VBATT_EN_Write
                0x00005314       0x3c .\CortexM3\ARM_GCC_541\Debug\F1-TestFixture.a(CTest_CONT_VBATT_EN.o)
                0x00005314                CTest_CONT_VBATT_EN_Write
 .text.CTest_USB_5V_EN_Write
                0x00005350       0x3c .\CortexM3\ARM_GCC_541\Debug\F1-TestFixture.a(CTest_USB_5V_EN.o)
                0x00005350                CTest_USB_5V_EN_Write
 .text.RTest_SIREN_EN_Read
                0x0000538c       0x1c .\CortexM3\ARM_GCC_541\Debug\F1-TestFixture.a(RTest_SIREN_EN.o)
                0x0000538c                RTest_SIREN_EN_Read
 .text.RS1_Read
                0x000053a8       0x20 .\CortexM3\ARM_GCC_541\Debug\F1-TestFixture.a(RS1.o)
                0x000053a8                RS1_Read
 .text.RS2_Read
                0x000053c8       0x20 .\CortexM3\ARM_GCC_541\Debug\F1-TestFixture.a(RS2.o)
                0x000053c8                RS2_Read
 .text.RTest_HSide1_Write
                0x000053e8       0x3c .\CortexM3\ARM_GCC_541\Debug\F1-TestFixture.a(RTest_HSide1.o)
                0x000053e8                RTest_HSide1_Write
 .text.RTest_HSide3_Write
                0x00005424       0x34 .\CortexM3\ARM_GCC_541\Debug\F1-TestFixture.a(RTest_HSide3.o)
                0x00005424                RTest_HSide3_Write
 .text.RTest_HSide2_Write
                0x00005458       0x3c .\CortexM3\ARM_GCC_541\Debug\F1-TestFixture.a(RTest_HSide2.o)
                0x00005458                RTest_HSide2_Write
 .text.RTest_HSide4_Write
                0x00005494       0x3c .\CortexM3\ARM_GCC_541\Debug\F1-TestFixture.a(RTest_HSide4.o)
                0x00005494                RTest_HSide4_Write
 .text.RTest_HSide5_Write
                0x000054d0       0x3c .\CortexM3\ARM_GCC_541\Debug\F1-TestFixture.a(RTest_HSide5.o)
                0x000054d0                RTest_HSide5_Write
 .text.RTest_HSide6_Write
                0x0000550c       0x3c .\CortexM3\ARM_GCC_541\Debug\F1-TestFixture.a(RTest_HSide6.o)
                0x0000550c                RTest_HSide6_Write
 .text.RTest_HSide7_Write
                0x00005548       0x3c .\CortexM3\ARM_GCC_541\Debug\F1-TestFixture.a(RTest_HSide7.o)
                0x00005548                RTest_HSide7_Write
 .text.RTest_HSide8_Write
                0x00005584       0x38 .\CortexM3\ARM_GCC_541\Debug\F1-TestFixture.a(RTest_HSide8.o)
                0x00005584                RTest_HSide8_Write
 .text.isr_UART_230400_Start
                0x000055bc       0x20 .\CortexM3\ARM_GCC_541\Debug\F1-TestFixture.a(isr_UART_230400.o)
                0x000055bc                isr_UART_230400_Start
 .text.isr_UART_230400_Interrupt
                0x000055dc        0xc .\CortexM3\ARM_GCC_541\Debug\F1-TestFixture.a(isr_UART_230400.o)
                0x000055dc                isr_UART_230400_Interrupt
 .text.isr_UART_230400_SetVector
                0x000055e8       0x24 .\CortexM3\ARM_GCC_541\Debug\F1-TestFixture.a(isr_UART_230400.o)
                0x000055e8                isr_UART_230400_SetVector
 .text.isr_UART_230400_SetPriority
                0x0000560c       0x24 .\CortexM3\ARM_GCC_541\Debug\F1-TestFixture.a(isr_UART_230400.o)
                0x0000560c                isr_UART_230400_SetPriority
 .text.isr_UART_230400_Enable
                0x00005630       0x18 .\CortexM3\ARM_GCC_541\Debug\F1-TestFixture.a(isr_UART_230400.o)
                0x00005630                isr_UART_230400_Enable
 .text.isr_UART_230400_Disable
                0x00005648       0x18 .\CortexM3\ARM_GCC_541\Debug\F1-TestFixture.a(isr_UART_230400.o)
                0x00005648                isr_UART_230400_Disable
 .text.UART_230400_Start
                0x00005660       0x24 .\CortexM3\ARM_GCC_541\Debug\F1-TestFixture.a(UART_230400.o)
                0x00005660                UART_230400_Start
 .text.UART_230400_Init
                0x00005684       0x50 .\CortexM3\ARM_GCC_541\Debug\F1-TestFixture.a(UART_230400.o)
                0x00005684                UART_230400_Init
 .text.UART_230400_Enable
                0x000056d4       0x74 .\CortexM3\ARM_GCC_541\Debug\F1-TestFixture.a(UART_230400.o)
                0x000056d4                UART_230400_Enable
 .text.UART_230400_ReadRxStatus
                0x00005748       0x24 .\CortexM3\ARM_GCC_541\Debug\F1-TestFixture.a(UART_230400.o)
                0x00005748                UART_230400_ReadRxStatus
 .text.UART_230400_GetChar
                0x0000576c       0x44 .\CortexM3\ARM_GCC_541\Debug\F1-TestFixture.a(UART_230400.o)
                0x0000576c                UART_230400_GetChar
 .text.UART_230400_WriteTxData
                0x000057b0       0x94 .\CortexM3\ARM_GCC_541\Debug\F1-TestFixture.a(UART_230400.o)
                0x000057b0                UART_230400_WriteTxData
 .text.UART_230400_TXISR
                0x00005844       0x70 .\CortexM3\ARM_GCC_541\Debug\F1-TestFixture.a(UART_230400_INT.o)
                0x00005844                UART_230400_TXISR
 .text.UART_230400_IntClock_Start
                0x000058b4       0x34 .\CortexM3\ARM_GCC_541\Debug\F1-TestFixture.a(UART_230400_IntClock.o)
                0x000058b4                UART_230400_IntClock_Start
 .text.MUX_CTRL_230400_Write
                0x000058e8       0x20 .\CortexM3\ARM_GCC_541\Debug\F1-TestFixture.a(MUX_CTRL_230400.o)
                0x000058e8                MUX_CTRL_230400_Write
 .text.Timer_20ms_Init
                0x00005908       0xa0 .\CortexM3\ARM_GCC_541\Debug\F1-TestFixture.a(Timer_20ms.o)
                0x00005908                Timer_20ms_Init
 .text.Timer_20ms_Enable
                0x000059a8       0x48 .\CortexM3\ARM_GCC_541\Debug\F1-TestFixture.a(Timer_20ms.o)
                0x000059a8                Timer_20ms_Enable
 .text.Timer_20ms_Start
                0x000059f0       0x24 .\CortexM3\ARM_GCC_541\Debug\F1-TestFixture.a(Timer_20ms.o)
                0x000059f0                Timer_20ms_Start
 .text.Timer_20ms_SetInterruptMode
                0x00005a14       0x20 .\CortexM3\ARM_GCC_541\Debug\F1-TestFixture.a(Timer_20ms.o)
                0x00005a14                Timer_20ms_SetInterruptMode
 .text.Timer_20ms_WritePeriod
                0x00005a34       0x24 .\CortexM3\ARM_GCC_541\Debug\F1-TestFixture.a(Timer_20ms.o)
                0x00005a34                Timer_20ms_WritePeriod
 .text.Timer_20ms_WriteCounter
                0x00005a58       0x20 .\CortexM3\ARM_GCC_541\Debug\F1-TestFixture.a(Timer_20ms.o)
                0x00005a58                Timer_20ms_WriteCounter
 .text.LED_EN_Write
                0x00005a78       0x3c .\CortexM3\ARM_GCC_541\Debug\F1-TestFixture.a(LED_EN.o)
                0x00005a78                LED_EN_Write
 .text.isr_Timer_20ms_Start
                0x00005ab4       0x20 .\CortexM3\ARM_GCC_541\Debug\F1-TestFixture.a(isr_Timer_20ms.o)
                0x00005ab4                isr_Timer_20ms_Start
 .text.isr_Timer_20ms_Interrupt
                0x00005ad4       0x2c .\CortexM3\ARM_GCC_541\Debug\F1-TestFixture.a(isr_Timer_20ms.o)
                0x00005ad4                isr_Timer_20ms_Interrupt
 .text.isr_Timer_20ms_SetVector
                0x00005b00       0x24 .\CortexM3\ARM_GCC_541\Debug\F1-TestFixture.a(isr_Timer_20ms.o)
                0x00005b00                isr_Timer_20ms_SetVector
 .text.isr_Timer_20ms_SetPriority
                0x00005b24       0x24 .\CortexM3\ARM_GCC_541\Debug\F1-TestFixture.a(isr_Timer_20ms.o)
                0x00005b24                isr_Timer_20ms_SetPriority
 .text.isr_Timer_20ms_Enable
                0x00005b48       0x18 .\CortexM3\ARM_GCC_541\Debug\F1-TestFixture.a(isr_Timer_20ms.o)
                0x00005b48                isr_Timer_20ms_Enable
 .text.isr_Timer_20ms_Disable
                0x00005b60       0x18 .\CortexM3\ARM_GCC_541\Debug\F1-TestFixture.a(isr_Timer_20ms.o)
                0x00005b60                isr_Timer_20ms_Disable
 .text.UART_115200_Start
                0x00005b78       0x24 .\CortexM3\ARM_GCC_541\Debug\F1-TestFixture.a(UART_115200.o)
                0x00005b78                UART_115200_Start
 .text.UART_115200_Init
                0x00005b9c       0x50 .\CortexM3\ARM_GCC_541\Debug\F1-TestFixture.a(UART_115200.o)
                0x00005b9c                UART_115200_Init
 .text.UART_115200_Enable
                0x00005bec       0x74 .\CortexM3\ARM_GCC_541\Debug\F1-TestFixture.a(UART_115200.o)
                0x00005bec                UART_115200_Enable
 .text.UART_115200_ReadRxStatus
                0x00005c60       0x24 .\CortexM3\ARM_GCC_541\Debug\F1-TestFixture.a(UART_115200.o)
                0x00005c60                UART_115200_ReadRxStatus
 .text.UART_115200_GetChar
                0x00005c84       0x44 .\CortexM3\ARM_GCC_541\Debug\F1-TestFixture.a(UART_115200.o)
                0x00005c84                UART_115200_GetChar
 .text.UART_115200_PutChar
                0x00005cc8       0xbc .\CortexM3\ARM_GCC_541\Debug\F1-TestFixture.a(UART_115200.o)
                0x00005cc8                UART_115200_PutChar
 .text.UART_115200_PutArray
                0x00005d84       0x44 .\CortexM3\ARM_GCC_541\Debug\F1-TestFixture.a(UART_115200.o)
                0x00005d84                UART_115200_PutArray
 .text.UART_115200_TXISR
                0x00005dc8       0x70 .\CortexM3\ARM_GCC_541\Debug\F1-TestFixture.a(UART_115200_INT.o)
                0x00005dc8                UART_115200_TXISR
 .text.isr_UART_115200_Start
                0x00005e38       0x20 .\CortexM3\ARM_GCC_541\Debug\F1-TestFixture.a(isr_UART_115200.o)
                0x00005e38                isr_UART_115200_Start
 .text.isr_UART_115200_Interrupt
                0x00005e58        0xc .\CortexM3\ARM_GCC_541\Debug\F1-TestFixture.a(isr_UART_115200.o)
                0x00005e58                isr_UART_115200_Interrupt
 .text.isr_UART_115200_SetVector
                0x00005e64       0x24 .\CortexM3\ARM_GCC_541\Debug\F1-TestFixture.a(isr_UART_115200.o)
                0x00005e64                isr_UART_115200_SetVector
 .text.isr_UART_115200_SetPriority
                0x00005e88       0x24 .\CortexM3\ARM_GCC_541\Debug\F1-TestFixture.a(isr_UART_115200.o)
                0x00005e88                isr_UART_115200_SetPriority
 .text.isr_UART_115200_Enable
                0x00005eac       0x18 .\CortexM3\ARM_GCC_541\Debug\F1-TestFixture.a(isr_UART_115200.o)
                0x00005eac                isr_UART_115200_Enable
 .text.isr_UART_115200_Disable
                0x00005ec4       0x18 .\CortexM3\ARM_GCC_541\Debug\F1-TestFixture.a(isr_UART_115200.o)
                0x00005ec4                isr_UART_115200_Disable
 .text.UART_115200_IntClock_Start
                0x00005edc       0x34 .\CortexM3\ARM_GCC_541\Debug\F1-TestFixture.a(UART_115200_IntClock.o)
                0x00005edc                UART_115200_IntClock_Start
 .text.DEMUX_CTRL_230400_Write
                0x00005f10       0x20 .\CortexM3\ARM_GCC_541\Debug\F1-TestFixture.a(DEMUX_CTRL_230400.o)
                0x00005f10                DEMUX_CTRL_230400_Write
 .text.isr_UART_460800_Start
                0x00005f30       0x20 .\CortexM3\ARM_GCC_541\Debug\F1-TestFixture.a(isr_UART_460800.o)
                0x00005f30                isr_UART_460800_Start
 .text.isr_UART_460800_Interrupt
                0x00005f50        0xc .\CortexM3\ARM_GCC_541\Debug\F1-TestFixture.a(isr_UART_460800.o)
                0x00005f50                isr_UART_460800_Interrupt
 .text.isr_UART_460800_SetVector
                0x00005f5c       0x24 .\CortexM3\ARM_GCC_541\Debug\F1-TestFixture.a(isr_UART_460800.o)
                0x00005f5c                isr_UART_460800_SetVector
 .text.isr_UART_460800_SetPriority
                0x00005f80       0x24 .\CortexM3\ARM_GCC_541\Debug\F1-TestFixture.a(isr_UART_460800.o)
                0x00005f80                isr_UART_460800_SetPriority
 .text.isr_UART_460800_Enable
                0x00005fa4       0x18 .\CortexM3\ARM_GCC_541\Debug\F1-TestFixture.a(isr_UART_460800.o)
                0x00005fa4                isr_UART_460800_Enable
 .text.isr_UART_460800_Disable
                0x00005fbc       0x18 .\CortexM3\ARM_GCC_541\Debug\F1-TestFixture.a(isr_UART_460800.o)
                0x00005fbc                isr_UART_460800_Disable
 .text.UART_460800_Start
                0x00005fd4       0x24 .\CortexM3\ARM_GCC_541\Debug\F1-TestFixture.a(UART_460800.o)
                0x00005fd4                UART_460800_Start
 .text.UART_460800_Init
                0x00005ff8       0x50 .\CortexM3\ARM_GCC_541\Debug\F1-TestFixture.a(UART_460800.o)
                0x00005ff8                UART_460800_Init
 .text.UART_460800_Enable
                0x00006048       0x74 .\CortexM3\ARM_GCC_541\Debug\F1-TestFixture.a(UART_460800.o)
                0x00006048                UART_460800_Enable
 .text.UART_460800_ReadRxStatus
                0x000060bc       0x24 .\CortexM3\ARM_GCC_541\Debug\F1-TestFixture.a(UART_460800.o)
                0x000060bc                UART_460800_ReadRxStatus
 .text.UART_460800_GetChar
                0x000060e0       0x44 .\CortexM3\ARM_GCC_541\Debug\F1-TestFixture.a(UART_460800.o)
                0x000060e0                UART_460800_GetChar
 .text.UART_460800_WriteTxData
                0x00006124       0x94 .\CortexM3\ARM_GCC_541\Debug\F1-TestFixture.a(UART_460800.o)
                0x00006124                UART_460800_WriteTxData
 .text.UART_460800_TXISR
                0x000061b8       0x70 .\CortexM3\ARM_GCC_541\Debug\F1-TestFixture.a(UART_460800_INT.o)
                0x000061b8                UART_460800_TXISR
 .text.MUX_CTRL_460800_Write
                0x00006228       0x20 .\CortexM3\ARM_GCC_541\Debug\F1-TestFixture.a(MUX_CTRL_460800.o)
                0x00006228                MUX_CTRL_460800_Write
 .text.DEMUX_CTRL_460800_Write
                0x00006248       0x20 .\CortexM3\ARM_GCC_541\Debug\F1-TestFixture.a(DEMUX_CTRL_460800.o)
                0x00006248                DEMUX_CTRL_460800_Write
 .text.UART_460800_IntClock_Start
                0x00006268       0x34 .\CortexM3\ARM_GCC_541\Debug\F1-TestFixture.a(UART_460800_IntClock.o)
                0x00006268                UART_460800_IntClock_Start
 .text.Timer_10ms_Init
                0x0000629c       0x9c .\CortexM3\ARM_GCC_541\Debug\F1-TestFixture.a(Timer_10ms.o)
                0x0000629c                Timer_10ms_Init
 .text.Timer_10ms_Enable
                0x00006338       0x48 .\CortexM3\ARM_GCC_541\Debug\F1-TestFixture.a(Timer_10ms.o)
                0x00006338                Timer_10ms_Enable
 .text.Timer_10ms_Start
                0x00006380       0x24 .\CortexM3\ARM_GCC_541\Debug\F1-TestFixture.a(Timer_10ms.o)
                0x00006380                Timer_10ms_Start
 .text.Timer_10ms_SetInterruptMode
                0x000063a4       0x20 .\CortexM3\ARM_GCC_541\Debug\F1-TestFixture.a(Timer_10ms.o)
                0x000063a4                Timer_10ms_SetInterruptMode
 .text.Timer_10ms_WritePeriod
                0x000063c4       0x24 .\CortexM3\ARM_GCC_541\Debug\F1-TestFixture.a(Timer_10ms.o)
                0x000063c4                Timer_10ms_WritePeriod
 .text.Timer_10ms_WriteCounter
                0x000063e8       0x20 .\CortexM3\ARM_GCC_541\Debug\F1-TestFixture.a(Timer_10ms.o)
                0x000063e8                Timer_10ms_WriteCounter
 .text.isr_Timer_10ms_Start
                0x00006408       0x20 .\CortexM3\ARM_GCC_541\Debug\F1-TestFixture.a(isr_Timer_10ms.o)
                0x00006408                isr_Timer_10ms_Start
 .text.isr_Timer_10ms_Interrupt
                0x00006428       0x10 .\CortexM3\ARM_GCC_541\Debug\F1-TestFixture.a(isr_Timer_10ms.o)
                0x00006428                isr_Timer_10ms_Interrupt
 .text.isr_Timer_10ms_SetVector
                0x00006438       0x24 .\CortexM3\ARM_GCC_541\Debug\F1-TestFixture.a(isr_Timer_10ms.o)
                0x00006438                isr_Timer_10ms_SetVector
 .text.isr_Timer_10ms_SetPriority
                0x0000645c       0x24 .\CortexM3\ARM_GCC_541\Debug\F1-TestFixture.a(isr_Timer_10ms.o)
                0x0000645c                isr_Timer_10ms_SetPriority
 .text.isr_Timer_10ms_Enable
                0x00006480       0x18 .\CortexM3\ARM_GCC_541\Debug\F1-TestFixture.a(isr_Timer_10ms.o)
                0x00006480                isr_Timer_10ms_Enable
 .text.isr_Timer_10ms_Disable
                0x00006498       0x18 .\CortexM3\ARM_GCC_541\Debug\F1-TestFixture.a(isr_Timer_10ms.o)
                0x00006498                isr_Timer_10ms_Disable
 .text.Timer_50ms_Init
                0x000064b0       0xa0 .\CortexM3\ARM_GCC_541\Debug\F1-TestFixture.a(Timer_50ms.o)
                0x000064b0                Timer_50ms_Init
 .text.Timer_50ms_Enable
                0x00006550       0x48 .\CortexM3\ARM_GCC_541\Debug\F1-TestFixture.a(Timer_50ms.o)
                0x00006550                Timer_50ms_Enable
 .text.Timer_50ms_Start
                0x00006598       0x24 .\CortexM3\ARM_GCC_541\Debug\F1-TestFixture.a(Timer_50ms.o)
                0x00006598                Timer_50ms_Start
 .text.Timer_50ms_SetInterruptMode
                0x000065bc       0x20 .\CortexM3\ARM_GCC_541\Debug\F1-TestFixture.a(Timer_50ms.o)
                0x000065bc                Timer_50ms_SetInterruptMode
 .text.Timer_50ms_WritePeriod
                0x000065dc       0x24 .\CortexM3\ARM_GCC_541\Debug\F1-TestFixture.a(Timer_50ms.o)
                0x000065dc                Timer_50ms_WritePeriod
 .text.Timer_50ms_WriteCounter
                0x00006600       0x20 .\CortexM3\ARM_GCC_541\Debug\F1-TestFixture.a(Timer_50ms.o)
                0x00006600                Timer_50ms_WriteCounter
 .text.isr_Timer_50ms_Start
                0x00006620       0x20 .\CortexM3\ARM_GCC_541\Debug\F1-TestFixture.a(isr_Timer_50ms.o)
                0x00006620                isr_Timer_50ms_Start
 .text.isr_Timer_50ms_Interrupt
                0x00006640      0x2bc .\CortexM3\ARM_GCC_541\Debug\F1-TestFixture.a(isr_Timer_50ms.o)
                0x00006640                isr_Timer_50ms_Interrupt
 .text.isr_Timer_50ms_SetVector
                0x000068fc       0x24 .\CortexM3\ARM_GCC_541\Debug\F1-TestFixture.a(isr_Timer_50ms.o)
                0x000068fc                isr_Timer_50ms_SetVector
 .text.isr_Timer_50ms_SetPriority
                0x00006920       0x24 .\CortexM3\ARM_GCC_541\Debug\F1-TestFixture.a(isr_Timer_50ms.o)
                0x00006920                isr_Timer_50ms_SetPriority
 .text.isr_Timer_50ms_Enable
                0x00006944       0x18 .\CortexM3\ARM_GCC_541\Debug\F1-TestFixture.a(isr_Timer_50ms.o)
                0x00006944                isr_Timer_50ms_Enable
 .text.isr_Timer_50ms_Disable
                0x0000695c       0x18 .\CortexM3\ARM_GCC_541\Debug\F1-TestFixture.a(isr_Timer_50ms.o)
                0x0000695c                isr_Timer_50ms_Disable
 .text.PB_NextAction_Read
                0x00006974       0x20 .\CortexM3\ARM_GCC_541\Debug\F1-TestFixture.a(PB_NextAction.o)
                0x00006974                PB_NextAction_Read
 .text.WaveDAC_Init
                0x00006994       0x50 .\CortexM3\ARM_GCC_541\Debug\F1-TestFixture.a(WaveDAC.o)
                0x00006994                WaveDAC_Init
 .text.WaveDAC_Enable
                0x000069e4       0x38 .\CortexM3\ARM_GCC_541\Debug\F1-TestFixture.a(WaveDAC.o)
                0x000069e4                WaveDAC_Enable
 .text.WaveDAC_Start
                0x00006a1c       0x24 .\CortexM3\ARM_GCC_541\Debug\F1-TestFixture.a(WaveDAC.o)
                0x00006a1c                WaveDAC_Start
 .text.WaveDAC_Stop
                0x00006a40       0x2c .\CortexM3\ARM_GCC_541\Debug\F1-TestFixture.a(WaveDAC.o)
                0x00006a40                WaveDAC_Stop
 .text.WaveDAC_Wave1Setup
                0x00006a6c       0x68 .\CortexM3\ARM_GCC_541\Debug\F1-TestFixture.a(WaveDAC.o)
                0x00006a6c                WaveDAC_Wave1Setup
 .text.WaveDAC_Wave2Setup
                0x00006ad4       0x68 .\CortexM3\ARM_GCC_541\Debug\F1-TestFixture.a(WaveDAC.o)
                0x00006ad4                WaveDAC_Wave2Setup
 .text.WaveDAC_DacClk_Start
                0x00006b3c       0x34 .\CortexM3\ARM_GCC_541\Debug\F1-TestFixture.a(WaveDAC_DacClk.o)
                0x00006b3c                WaveDAC_DacClk_Start
 .text.WaveDAC_DacClk_Stop
                0x00006b70       0x34 .\CortexM3\ARM_GCC_541\Debug\F1-TestFixture.a(WaveDAC_DacClk.o)
                0x00006b70                WaveDAC_DacClk_Stop
 .text.WaveDAC_Wave1_DMA_DmaInitialize
                0x00006ba4       0x64 .\CortexM3\ARM_GCC_541\Debug\F1-TestFixture.a(WaveDAC_Wave1_DMA_dma.o)
                0x00006ba4                WaveDAC_Wave1_DMA_DmaInitialize
 .text.WaveDAC_Wave2_DMA_DmaInitialize
                0x00006c08       0x64 .\CortexM3\ARM_GCC_541\Debug\F1-TestFixture.a(WaveDAC_Wave2_DMA_dma.o)
                0x00006c08                WaveDAC_Wave2_DMA_DmaInitialize
 .text.WaveDAC_VDAC8_Init
                0x00006c6c       0x3c .\CortexM3\ARM_GCC_541\Debug\F1-TestFixture.a(WaveDAC_VDAC8.o)
                0x00006c6c                WaveDAC_VDAC8_Init
 .text.WaveDAC_VDAC8_Enable
                0x00006ca8       0x34 .\CortexM3\ARM_GCC_541\Debug\F1-TestFixture.a(WaveDAC_VDAC8.o)
                0x00006ca8                WaveDAC_VDAC8_Enable
 .text.WaveDAC_VDAC8_Stop
                0x00006cdc       0x34 .\CortexM3\ARM_GCC_541\Debug\F1-TestFixture.a(WaveDAC_VDAC8.o)
                0x00006cdc                WaveDAC_VDAC8_Stop
 .text.WaveDAC_VDAC8_SetSpeed
                0x00006d10       0x40 .\CortexM3\ARM_GCC_541\Debug\F1-TestFixture.a(WaveDAC_VDAC8.o)
                0x00006d10                WaveDAC_VDAC8_SetSpeed
 .text.WaveDAC_VDAC8_SetRange
                0x00006d50       0x40 .\CortexM3\ARM_GCC_541\Debug\F1-TestFixture.a(WaveDAC_VDAC8.o)
                0x00006d50                WaveDAC_VDAC8_SetRange
 .text.WaveDAC_VDAC8_SetValue
                0x00006d90       0x20 .\CortexM3\ARM_GCC_541\Debug\F1-TestFixture.a(WaveDAC_VDAC8.o)
                0x00006d90                WaveDAC_VDAC8_SetValue
 .text.WaveDAC_VDAC8_DacTrim
                0x00006db0       0x3c .\CortexM3\ARM_GCC_541\Debug\F1-TestFixture.a(WaveDAC_VDAC8.o)
                0x00006db0                WaveDAC_VDAC8_DacTrim
 .text.RTest_BLOCK_4_EN_Write
                0x00006dec       0x34 .\CortexM3\ARM_GCC_541\Debug\F1-TestFixture.a(RTest_BLOCK_4_EN.o)
                0x00006dec                RTest_BLOCK_4_EN_Write
 .text.RTest_BLOCK_3_EN_Write
                0x00006e20       0x38 .\CortexM3\ARM_GCC_541\Debug\F1-TestFixture.a(RTest_BLOCK_3_EN.o)
                0x00006e20                RTest_BLOCK_3_EN_Write
 .text.RTest_BLOCK_2_EN_Write
                0x00006e58       0x3c .\CortexM3\ARM_GCC_541\Debug\F1-TestFixture.a(RTest_BLOCK_2_EN.o)
                0x00006e58                RTest_BLOCK_2_EN_Write
 .text.RTest_BLOCK_1_EN_Write
                0x00006e94       0x38 .\CortexM3\ARM_GCC_541\Debug\F1-TestFixture.a(RTest_BLOCK_1_EN.o)
                0x00006e94                RTest_BLOCK_1_EN_Write
 .text.RTest_DEMUX_C_Write
                0x00006ecc       0x3c .\CortexM3\ARM_GCC_541\Debug\F1-TestFixture.a(RTest_DEMUX_C.o)
                0x00006ecc                RTest_DEMUX_C_Write
 .text.RTest_DEMUX_B_Write
                0x00006f08       0x3c .\CortexM3\ARM_GCC_541\Debug\F1-TestFixture.a(RTest_DEMUX_B.o)
                0x00006f08                RTest_DEMUX_B_Write
 .text.RTest_DEMUX_A_Write
                0x00006f44       0x3c .\CortexM3\ARM_GCC_541\Debug\F1-TestFixture.a(RTest_DEMUX_A.o)
                0x00006f44                RTest_DEMUX_A_Write
 .text.RTest_DEMUX_COM_Read
                0x00006f80       0x20 .\CortexM3\ARM_GCC_541\Debug\F1-TestFixture.a(RTest_DEMUX_COM.o)
                0x00006f80                RTest_DEMUX_COM_Read
 .text.MUX_CTRL_115200_Write
                0x00006fa0       0x20 .\CortexM3\ARM_GCC_541\Debug\F1-TestFixture.a(MUX_CTRL_115200.o)
                0x00006fa0                MUX_CTRL_115200_Write
 .text.Overload1_Write
                0x00006fc0       0x3c .\CortexM3\ARM_GCC_541\Debug\F1-TestFixture.a(Overload1.o)
                0x00006fc0                Overload1_Write
 .text.Overload2_Write
                0x00006ffc       0x3c .\CortexM3\ARM_GCC_541\Debug\F1-TestFixture.a(Overload2.o)
                0x00006ffc                Overload2_Write
 .text          0x00007038       0x20 .\CortexM3\ARM_GCC_541\Debug\F1-TestFixture.a(CyBootAsmGnu.o)
                0x00007038                CyDelayCycles
                0x00007048                CyEnterCriticalSection
                0x00007050                CyExitCriticalSection
 .text.LED1_Write
                0x00007058       0x3c .\CortexM3\ARM_GCC_541\Debug\F1-TestFixture.a(LED1.o)
                0x00007058                LED1_Write
 .text.LED2_Write
                0x00007094       0x34 .\CortexM3\ARM_GCC_541\Debug\F1-TestFixture.a(LED2.o)
                0x00007094                LED2_Write
 .text.LED3_Write
                0x000070c8       0x3c .\CortexM3\ARM_GCC_541\Debug\F1-TestFixture.a(LED3.o)
                0x000070c8                LED3_Write
 .text.__errno  0x00007104        0xc c:/program files (x86)/cypress/psoc creator/4.3/psoc creator/import/gnu/arm/5.4.1/bin/../lib/gcc/arm-none-eabi/5.4.1/../../../../arm-none-eabi/lib/armv7-m\libg_nano.a(lib_a-errno.o)
                0x00007104                __errno
 .text.__libc_init_array
                0x00007110       0x4c c:/program files (x86)/cypress/psoc creator/4.3/psoc creator/import/gnu/arm/5.4.1/bin/../lib/gcc/arm-none-eabi/5.4.1/../../../../arm-none-eabi/lib/armv7-m\libg_nano.a(lib_a-init.o)
                0x00007110                __libc_init_array
 .text.memcpy   0x0000715c       0x16 c:/program files (x86)/cypress/psoc creator/4.3/psoc creator/import/gnu/arm/5.4.1/bin/../lib/gcc/arm-none-eabi/5.4.1/../../../../arm-none-eabi/lib/armv7-m\libg_nano.a(lib_a-memcpy-stub.o)
                0x0000715c                memcpy
 .text.memset   0x00007172       0x10 c:/program files (x86)/cypress/psoc creator/4.3/psoc creator/import/gnu/arm/5.4.1/bin/../lib/gcc/arm-none-eabi/5.4.1/../../../../arm-none-eabi/lib/armv7-m\libg_nano.a(lib_a-memset.o)
                0x00007172                memset
 *(.plt)
 *(.gnu.warning)
 *(.glue_7t)
 .glue_7t       0x00007182        0x0 linker stubs
 *(.glue_7)
 .glue_7        0x00007182        0x0 linker stubs
 *(.vfp11_veneer)
 .vfp11_veneer  0x00007182        0x0 linker stubs
 *(.bootloader)
 *(.ARM.extab* .gnu.linkonce.armextab.*)
 *(.gcc_except_table)

.v4_bx          0x00007184        0x0
 .v4_bx         0x00007184        0x0 linker stubs

.iplt           0x00007184        0x0
 .iplt          0x00007184        0x0 c:/program files (x86)/cypress/psoc creator/4.3/psoc creator/import/gnu/arm/5.4.1/bin/../lib/gcc/arm-none-eabi/5.4.1/armv7-m/crtbegin.o

.eh_frame_hdr
 *(.eh_frame_hdr)

.eh_frame       0x00007184        0x4
 *(.eh_frame)
 .eh_frame      0x00007184        0x0 c:/program files (x86)/cypress/psoc creator/4.3/psoc creator/import/gnu/arm/5.4.1/bin/../lib/gcc/arm-none-eabi/5.4.1/armv7-m/crtbegin.o
 .eh_frame      0x00007184        0x4 c:/program files (x86)/cypress/psoc creator/4.3/psoc creator/import/gnu/arm/5.4.1/bin/../lib/gcc/arm-none-eabi/5.4.1/armv7-m/crtend.o
                [!provide]                PROVIDE (__exidx_start, .)

.ARM.exidx
 *(.ARM.exidx* .gnu.linkonce.armexidx.*)
                0x00007188                __exidx_end = .

.rodata         0x00007188      0x148
 *(.rodata .rodata.* .gnu.linkonce.r.*)
 .rodata        0x00007188       0x44 .\CortexM3\ARM_GCC_541\Debug\cyfitter_cfg.o
 .rodata        0x000071cc       0xc8 .\CortexM3\ARM_GCC_541\Debug\F1-TestFixture.a(WaveDAC.o)
                0x000071cc                WaveDAC_wave1
                0x00007230                WaveDAC_wave2
 .rodata.str1.1
                0x00007294        0x2 c:/program files (x86)/cypress/psoc creator/4.3/psoc creator/import/gnu/arm/5.4.1/bin/../lib/gcc/arm-none-eabi/5.4.1/../../../../arm-none-eabi/lib/armv7-m\libg_nano.a(lib_a-impure.o)
                0x00007298                . = ALIGN (0x4)
 *fill*         0x00007296        0x2 
 *(.init)
 .init          0x00007298        0x4 c:/program files (x86)/cypress/psoc creator/4.3/psoc creator/import/gnu/arm/5.4.1/bin/../lib/gcc/arm-none-eabi/5.4.1/armv7-m/crti.o
                0x00007298                _init
 .init          0x0000729c        0x8 c:/program files (x86)/cypress/psoc creator/4.3/psoc creator/import/gnu/arm/5.4.1/bin/../lib/gcc/arm-none-eabi/5.4.1/armv7-m/crtn.o
                0x000072a4                . = ALIGN (0x4)
                0x000072a4                __preinit_array_start = .
 *(.preinit_array)
                0x000072a4                __preinit_array_end = .
                0x000072a4                . = ALIGN (0x4)
                0x000072a4                __init_array_start = .
 *(SORT(.init_array.*))
 *(.init_array)
 .init_array    0x000072a4        0x4 c:/program files (x86)/cypress/psoc creator/4.3/psoc creator/import/gnu/arm/5.4.1/bin/../lib/gcc/arm-none-eabi/5.4.1/armv7-m/crtbegin.o
 .init_array    0x000072a8        0x4 .\CortexM3\ARM_GCC_541\Debug\Cm3Start.o
                0x000072ac                __init_array_end = .
                0x000072ac                . = ALIGN (0x4)
 *(.fini)
 .fini          0x000072ac        0x4 c:/program files (x86)/cypress/psoc creator/4.3/psoc creator/import/gnu/arm/5.4.1/bin/../lib/gcc/arm-none-eabi/5.4.1/armv7-m/crti.o
                0x000072ac                _fini
 .fini          0x000072b0        0x8 c:/program files (x86)/cypress/psoc creator/4.3/psoc creator/import/gnu/arm/5.4.1/bin/../lib/gcc/arm-none-eabi/5.4.1/armv7-m/crtn.o
                0x000072b8                . = ALIGN (0x4)
                0x000072b8                __fini_array_start = .
 *(.fini_array)
 .fini_array    0x000072b8        0x4 c:/program files (x86)/cypress/psoc creator/4.3/psoc creator/import/gnu/arm/5.4.1/bin/../lib/gcc/arm-none-eabi/5.4.1/armv7-m/crtbegin.o
 *(SORT(.fini_array.*))
                0x000072bc                __fini_array_end = .
                0x000072bc                . = ALIGN (0x4)
 *crtbegin.o(.ctors)
 *(EXCLUDE_FILE(*crtend.o) .ctors)
 *(SORT(.ctors.*))
 *crtend.o(.ctors)
                0x000072bc                . = ALIGN (0x4)
 *crtbegin.o(.dtors)
 *(EXCLUDE_FILE(*crtend.o) .dtors)
 *(SORT(.dtors.*))
 *crtend.o(.dtors)
                0x000072bc                . = ALIGN (0x4)
                0x000072bc                __cy_regions = .
                0x000072bc        0x4 LONG 0x72d0 __cy_region_init_ram
                0x000072c0        0x4 LONG 0x1fffc0c8 __cy_region_start_data
                0x000072c4        0x4 LONG 0x160 __cy_region_init_size_ram
                0x000072c8        0x4 LONG 0x1b38 __cy_region_zero_size_ram
                0x000072cc                __cy_regions_end = .
                0x000072d0                . = ALIGN (0x8)
 *fill*         0x000072cc        0x4 
                0x000072d0                _etext = .

.cy_checksum_exclude
                0x000072d0        0x0
 *(.cy_checksum_exclude)

.ramvectors     0x1fffc000       0xc0
                0x1fffc000                __cy_region_start_ram = .
 *(.ramvectors)
 .ramvectors    0x1fffc000       0xc0 .\CortexM3\ARM_GCC_541\Debug\Cm3Start.o
                0x1fffc000                CyRamVectors

.noinit         0x1fffc0c0        0x5
 *(.noinit)
 .noinit        0x1fffc0c0        0x4 .\CortexM3\ARM_GCC_541\Debug\Cm3Start.o
 .noinit        0x1fffc0c4        0x1 .\CortexM3\ARM_GCC_541\Debug\F1-TestFixture.a(CyLib.o)
                0x1fffc0c4                CyResetStatus

.data           0x1fffc0c8      0x160 load address 0x000072d0
                0x1fffc0c8                __cy_region_start_data = .
 *(.jcr)
 .jcr           0x1fffc0c8        0x0 c:/program files (x86)/cypress/psoc creator/4.3/psoc creator/import/gnu/arm/5.4.1/bin/../lib/gcc/arm-none-eabi/5.4.1/armv7-m/crtbegin.o
 .jcr           0x1fffc0c8        0x4 c:/program files (x86)/cypress/psoc creator/4.3/psoc creator/import/gnu/arm/5.4.1/bin/../lib/gcc/arm-none-eabi/5.4.1/armv7-m/crtend.o
 *(.got.plt)
 *(.got)
 *(.shdata)
 *(.data .data.* .gnu.linkonce.d.*)
 .data          0x1fffc0cc       0x16 .\CortexM3\ARM_GCC_541\Debug\ControllerTest.o
 *fill*         0x1fffc0e2        0x2 
 .data          0x1fffc0e4       0x1b .\CortexM3\ARM_GCC_541\Debug\UART_230400_Functions.o
 *fill*         0x1fffc0ff        0x1 
 .data          0x1fffc100       0x16 .\CortexM3\ARM_GCC_541\Debug\SirenTest.o
 *fill*         0x1fffc116        0x2 
 .data          0x1fffc118       0x16 .\CortexM3\ARM_GCC_541\Debug\RelayTest.o
 *fill*         0x1fffc12e        0x2 
 .data          0x1fffc130        0xa .\CortexM3\ARM_GCC_541\Debug\UART_460800_Functions.o
 *fill*         0x1fffc13a        0x2 
 .data          0x1fffc13c        0x5 .\CortexM3\ARM_GCC_541\Debug\UART_115200_Functions.o
 *fill*         0x1fffc141        0x3 
 .data          0x1fffc144       0x20 .\CortexM3\ARM_GCC_541\Debug\CD4051BPW_Driver.o
 .data          0x1fffc164       0x16 .\CortexM3\ARM_GCC_541\Debug\ControllerTest_Complete.o
 *fill*         0x1fffc17a        0x2 
 .data          0x1fffc17c       0x20 .\CortexM3\ARM_GCC_541\Debug\RelayTest_Complete.o
 .data          0x1fffc19c        0xa .\CortexM3\ARM_GCC_541\Debug\ControllerCableTest_Complete.o
 *fill*         0x1fffc1a6        0x2 
 .data          0x1fffc1a8        0x8 .\CortexM3\ARM_GCC_541\Debug\F1-TestFixture.a(CyDmac.o)
 .data          0x1fffc1b0       0x10 .\CortexM3\ARM_GCC_541\Debug\F1-TestFixture.a(CyLib.o)
                0x1fffc1b0                cydelay_freq_hz
                0x1fffc1b4                cydelay_freq_khz
                0x1fffc1b8                cydelay_freq_mhz
                0x1fffc1bc                cydelay_32k_ms
 .data          0x1fffc1c0        0x1 .\CortexM3\ARM_GCC_541\Debug\F1-TestFixture.a(WaveDAC_Wave1_DMA_dma.o)
                0x1fffc1c0                WaveDAC_Wave1_DMA_DmaHandle
 .data          0x1fffc1c1        0x1 .\CortexM3\ARM_GCC_541\Debug\F1-TestFixture.a(WaveDAC_Wave2_DMA_dma.o)
                0x1fffc1c1                WaveDAC_Wave2_DMA_DmaHandle
 *fill*         0x1fffc1c2        0x2 
 .data.impure_data
                0x1fffc1c4       0x60 c:/program files (x86)/cypress/psoc creator/4.3/psoc creator/import/gnu/arm/5.4.1/bin/../lib/gcc/arm-none-eabi/5.4.1/../../../../arm-none-eabi/lib/armv7-m\libg_nano.a(lib_a-impure.o)
 .data._impure_ptr
                0x1fffc224        0x4 c:/program files (x86)/cypress/psoc creator/4.3/psoc creator/import/gnu/arm/5.4.1/bin/../lib/gcc/arm-none-eabi/5.4.1/../../../../arm-none-eabi/lib/armv7-m\libg_nano.a(lib_a-impure.o)
                0x1fffc224                _impure_ptr
                0x1fffc228                . = ALIGN (0x8)
 *(.ram)
                0x1fffc228                _edata = .

.igot.plt       0x1fffc228        0x0 load address 0x00007430
 .igot.plt      0x1fffc228        0x0 c:/program files (x86)/cypress/psoc creator/4.3/psoc creator/import/gnu/arm/5.4.1/bin/../lib/gcc/arm-none-eabi/5.4.1/armv7-m/crtbegin.o

.bss            0x1fffc228     0x1b38 load address 0x00007430
                0x1fffc228                PROVIDE (__bss_start__, .)
 *(.shbss)
 *(.bss .bss.* .gnu.linkonce.b.*)
 .bss           0x1fffc228       0x1c c:/program files (x86)/cypress/psoc creator/4.3/psoc creator/import/gnu/arm/5.4.1/bin/../lib/gcc/arm-none-eabi/5.4.1/armv7-m/crtbegin.o
 .bss           0x1fffc244        0x3 .\CortexM3\ARM_GCC_541\Debug\main.o
                0x1fffc244                TESTFIXTURE_TYPE
 *fill*         0x1fffc247        0x1 
 .bss           0x1fffc248       0xfc .\CortexM3\ARM_GCC_541\Debug\ControllerTest.o
 .bss           0x1fffc344      0x232 .\CortexM3\ARM_GCC_541\Debug\UART_230400_Functions.o
 *fill*         0x1fffc576        0x2 
 .bss           0x1fffc578       0xa6 .\CortexM3\ARM_GCC_541\Debug\SirenTest.o
 *fill*         0x1fffc61e        0x2 
 .bss           0x1fffc620      0x12e .\CortexM3\ARM_GCC_541\Debug\RelayTest.o
 *fill*         0x1fffc74e        0x2 
 .bss           0x1fffc750      0x245 .\CortexM3\ARM_GCC_541\Debug\UART_460800_Functions.o
 *fill*         0x1fffc995        0x3 
 .bss           0x1fffc998       0x78 .\CortexM3\ARM_GCC_541\Debug\UART_115200_Functions.o
 .bss           0x1fffca10       0xf6 .\CortexM3\ARM_GCC_541\Debug\ControllerTest_Complete.o
 *fill*         0x1fffcb06        0x2 
 .bss           0x1fffcb08      0x146 .\CortexM3\ARM_GCC_541\Debug\RelayTest_Complete.o
 *fill*         0x1fffcc4e        0x2 
 .bss           0x1fffcc50       0xe6 .\CortexM3\ARM_GCC_541\Debug\ControllerCableTest_Complete.o
 .bss           0x1fffcd36        0x7 .\CortexM3\ARM_GCC_541\Debug\F1-TestFixture.a(UART_230400.o)
                0x1fffcd36                UART_230400_initVar
                0x1fffcd38                UART_230400_txBufferRead
                0x1fffcd3a                UART_230400_txBufferWrite
 .bss           0x1fffcd3d        0x1 .\CortexM3\ARM_GCC_541\Debug\F1-TestFixture.a(Timer_20ms.o)
                0x1fffcd3d                Timer_20ms_initVar
 .bss           0x1fffcd3e        0x7 .\CortexM3\ARM_GCC_541\Debug\F1-TestFixture.a(UART_115200.o)
                0x1fffcd3e                UART_115200_initVar
                0x1fffcd40                UART_115200_txBufferRead
                0x1fffcd42                UART_115200_txBufferWrite
 *fill*         0x1fffcd45        0x1 
 .bss           0x1fffcd46        0x7 .\CortexM3\ARM_GCC_541\Debug\F1-TestFixture.a(UART_460800.o)
                0x1fffcd46                UART_460800_initVar
                0x1fffcd48                UART_460800_txBufferRead
                0x1fffcd4a                UART_460800_txBufferWrite
 .bss           0x1fffcd4d        0x1 .\CortexM3\ARM_GCC_541\Debug\F1-TestFixture.a(Timer_10ms.o)
                0x1fffcd4d                Timer_10ms_initVar
 .bss           0x1fffcd4e        0x1 .\CortexM3\ARM_GCC_541\Debug\F1-TestFixture.a(Timer_50ms.o)
                0x1fffcd4e                Timer_50ms_initVar
 .bss           0x1fffcd4f        0x1 .\CortexM3\ARM_GCC_541\Debug\F1-TestFixture.a(isr_Timer_50ms.o)
 .bss           0x1fffcd50        0x5 .\CortexM3\ARM_GCC_541\Debug\F1-TestFixture.a(WaveDAC.o)
                0x1fffcd50                WaveDAC_initVar
 *(COMMON)
 *fill*         0x1fffcd55        0x3 
 COMMON         0x1fffcd58      0x400 .\CortexM3\ARM_GCC_541\Debug\F1-TestFixture.a(UART_230400.o)
                0x1fffcd58                UART_230400_txBuffer
 COMMON         0x1fffd158      0x400 .\CortexM3\ARM_GCC_541\Debug\F1-TestFixture.a(UART_115200.o)
                0x1fffd158                UART_115200_txBuffer
 COMMON         0x1fffd558      0x800 .\CortexM3\ARM_GCC_541\Debug\F1-TestFixture.a(UART_460800.o)
                0x1fffd558                UART_460800_txBuffer
 COMMON         0x1fffdd58        0x3 .\CortexM3\ARM_GCC_541\Debug\F1-TestFixture.a(isr_Timer_50ms.o)
                0x1fffdd58                CurrentTest
                0x1fffdd60                . = ALIGN (0x8)
 *fill*         0x1fffdd5b        0x5 
 *(.ram.b)
                0x1fffdd60                _end = .
                0x1fffdd60                __end = .
                0x1fffdd60                PROVIDE (end, .)
                0x1fffdd60                PROVIDE (__bss_end__, .)
                0x000072d0                __cy_region_init_ram = LOADADDR (.data)
                0x00000160                __cy_region_init_size_ram = (_edata - ADDR (.data))
                0x00001b38                __cy_region_zero_size_ram = (_end - _edata)

.heap           0x1fffdd60       0x80 load address 0x00007430
                0x1fffdd60                . = _end
                0x1fffdde0                . = (. + 0x80)
 *fill*         0x1fffdd60       0x80 
                0x1fffdde0                __cy_heap_limit = .

.stack          0x20003800      0x800
                0x20003800                __cy_stack_limit = .
                0x20004000                . = (. + 0x800)
 *fill*         0x20003800      0x800 
                0x00000001                ASSERT ((__cy_stack_limit >= __cy_heap_limit), region RAM overflowed with stack)
                0x00000000                cy_checksum_exclude_size = (CY_APPL_LOADABLE == 0x1)?SIZEOF (.cy_checksum_exclude):0x0
                0x00000001                ASSERT ((cy_checksum_exclude_size <= CY_CHECKSUM_EXCLUDE_SIZE), CY_BOOT: Section .cy_checksum_exclude size exceedes specified limit.)

.cyloadermeta
 *(.cyloadermeta)

.cyloadablemeta
 *(.cyloadablemeta)

.cyconfigecc    0x80000000      0xc2c
 *(.cyconfigecc)
 .cyconfigecc   0x80000000      0xc2c .\CortexM3\ARM_GCC_541\Debug\cymetadata.o
                0x80000000                cy_meta_configecc

.cycustnvl      0x90000000        0x4
 *(.cycustnvl)
 .cycustnvl     0x90000000        0x4 .\CortexM3\ARM_GCC_541\Debug\cymetadata.o
                0x90000000                cy_meta_custnvl

.cywolatch      0x90100000        0x4
 *(.cywolatch)
 .cywolatch     0x90100000        0x4 .\CortexM3\ARM_GCC_541\Debug\cymetadata.o
                0x90100000                cy_meta_wonvl

.cyeeprom       0x90200000        0x0
 *(.cyeeprom)
                0x00000001                ASSERT ((. <= ((0x90200000 + ee_offset) + ee_size)), .cyeeprom data will not fit in EEPROM)

.cyflashprotect
                0x90400000       0x80
 *(.cyflashprotect)
 .cyflashprotect
                0x90400000       0x80 .\CortexM3\ARM_GCC_541\Debug\cymetadata.o
                0x90400000                cy_meta_flashprotect

.cymeta         0x90500000        0xc
 *(.cymeta)
 .cymeta        0x90500000        0xc .\CortexM3\ARM_GCC_541\Debug\cymetadata.o
                0x90500000                cy_metadata

.rel.dyn        0x00007430        0x0 load address 0x9050000c
 .rel.iplt      0x00007430        0x0 c:/program files (x86)/cypress/psoc creator/4.3/psoc creator/import/gnu/arm/5.4.1/bin/../lib/gcc/arm-none-eabi/5.4.1/armv7-m/crtbegin.o

.stab
 *(.stab)

.stabstr
 *(.stabstr)

.debug
 *(.debug)

.line
 *(.line)

.debug_srcinfo
 *(.debug_srcinfo)

.debug_sfnames
 *(.debug_sfnames)

.debug_aranges  0x00000000     0x1bb8
 *(.debug_aranges)
 .debug_aranges
                0x00000000       0x38 .\CortexM3\ARM_GCC_541\Debug\main.o
 .debug_aranges
                0x00000038       0x88 .\CortexM3\ARM_GCC_541\Debug\ControllerTest.o
 .debug_aranges
                0x000000c0       0x70 .\CortexM3\ARM_GCC_541\Debug\UART_230400_Functions.o
 .debug_aranges
                0x00000130       0x78 .\CortexM3\ARM_GCC_541\Debug\SirenTest.o
 .debug_aranges
                0x000001a8       0xc8 .\CortexM3\ARM_GCC_541\Debug\RelayTest.o
 .debug_aranges
                0x00000270       0x58 .\CortexM3\ARM_GCC_541\Debug\UART_460800_Functions.o
 .debug_aranges
                0x000002c8       0x38 .\CortexM3\ARM_GCC_541\Debug\UART_115200_Functions.o
 .debug_aranges
                0x00000300       0x30 .\CortexM3\ARM_GCC_541\Debug\CD4051BPW_Driver.o
 .debug_aranges
                0x00000330       0x48 .\CortexM3\ARM_GCC_541\Debug\ControllerTest_Complete.o
 .debug_aranges
                0x00000378       0x60 .\CortexM3\ARM_GCC_541\Debug\RelayTest_Complete.o
 .debug_aranges
                0x000003d8       0x48 .\CortexM3\ARM_GCC_541\Debug\ControllerCableTest_Complete.o
 .debug_aranges
                0x00000420       0x60 .\CortexM3\ARM_GCC_541\Debug\cyfitter_cfg.o
 .debug_aranges
                0x00000480       0x18 .\CortexM3\ARM_GCC_541\Debug\cymetadata.o
 .debug_aranges
                0x00000498       0x48 .\CortexM3\ARM_GCC_541\Debug\Cm3Start.o
 .debug_aranges
                0x000004e0       0xd8 .\CortexM3\ARM_GCC_541\Debug\F1-TestFixture.a(CyDmac.o)
 .debug_aranges
                0x000005b8      0x2a0 .\CortexM3\ARM_GCC_541\Debug\F1-TestFixture.a(CyLib.o)
 .debug_aranges
                0x00000858       0x98 .\CortexM3\ARM_GCC_541\Debug\F1-TestFixture.a(cyPm.o)
 .debug_aranges
                0x000008f0       0x38 .\CortexM3\ARM_GCC_541\Debug\F1-TestFixture.a(STest_SIREN_EN.o)
 .debug_aranges
                0x00000928       0x38 .\CortexM3\ARM_GCC_541\Debug\F1-TestFixture.a(CTest_CONT_VBATT_EN.o)
 .debug_aranges
                0x00000960       0x38 .\CortexM3\ARM_GCC_541\Debug\F1-TestFixture.a(CTest_USB_5V_EN.o)
 .debug_aranges
                0x00000998       0x38 .\CortexM3\ARM_GCC_541\Debug\F1-TestFixture.a(RTest_SIREN_EN.o)
 .debug_aranges
                0x000009d0       0x38 .\CortexM3\ARM_GCC_541\Debug\F1-TestFixture.a(RS1.o)
 .debug_aranges
                0x00000a08       0x38 .\CortexM3\ARM_GCC_541\Debug\F1-TestFixture.a(RS2.o)
 .debug_aranges
                0x00000a40       0x38 .\CortexM3\ARM_GCC_541\Debug\F1-TestFixture.a(RTest_HSide1.o)
 .debug_aranges
                0x00000a78       0x38 .\CortexM3\ARM_GCC_541\Debug\F1-TestFixture.a(RTest_HSide3.o)
 .debug_aranges
                0x00000ab0       0x38 .\CortexM3\ARM_GCC_541\Debug\F1-TestFixture.a(RTest_HSide2.o)
 .debug_aranges
                0x00000ae8       0x38 .\CortexM3\ARM_GCC_541\Debug\F1-TestFixture.a(RTest_HSide4.o)
 .debug_aranges
                0x00000b20       0x38 .\CortexM3\ARM_GCC_541\Debug\F1-TestFixture.a(RTest_HSide5.o)
 .debug_aranges
                0x00000b58       0x38 .\CortexM3\ARM_GCC_541\Debug\F1-TestFixture.a(RTest_HSide6.o)
 .debug_aranges
                0x00000b90       0x38 .\CortexM3\ARM_GCC_541\Debug\F1-TestFixture.a(RTest_HSide7.o)
 .debug_aranges
                0x00000bc8       0x38 .\CortexM3\ARM_GCC_541\Debug\F1-TestFixture.a(RTest_HSide8.o)
 .debug_aranges
                0x00000c00       0x80 .\CortexM3\ARM_GCC_541\Debug\F1-TestFixture.a(isr_UART_230400.o)
 .debug_aranges
                0x00000c80       0xf0 .\CortexM3\ARM_GCC_541\Debug\F1-TestFixture.a(UART_230400.o)
 .debug_aranges
                0x00000d70       0x20 .\CortexM3\ARM_GCC_541\Debug\F1-TestFixture.a(UART_230400_INT.o)
 .debug_aranges
                0x00000d90       0x70 .\CortexM3\ARM_GCC_541\Debug\F1-TestFixture.a(UART_230400_IntClock.o)
 .debug_aranges
                0x00000e00       0x28 .\CortexM3\ARM_GCC_541\Debug\F1-TestFixture.a(MUX_CTRL_230400.o)
 .debug_aranges
                0x00000e28       0x88 .\CortexM3\ARM_GCC_541\Debug\F1-TestFixture.a(Timer_20ms.o)
 .debug_aranges
                0x00000eb0       0x38 .\CortexM3\ARM_GCC_541\Debug\F1-TestFixture.a(LED_EN.o)
 .debug_aranges
                0x00000ee8       0x80 .\CortexM3\ARM_GCC_541\Debug\F1-TestFixture.a(isr_Timer_20ms.o)
 .debug_aranges
                0x00000f68       0xf0 .\CortexM3\ARM_GCC_541\Debug\F1-TestFixture.a(UART_115200.o)
 .debug_aranges
                0x00001058       0x20 .\CortexM3\ARM_GCC_541\Debug\F1-TestFixture.a(UART_115200_INT.o)
 .debug_aranges
                0x00001078       0x80 .\CortexM3\ARM_GCC_541\Debug\F1-TestFixture.a(isr_UART_115200.o)
 .debug_aranges
                0x000010f8       0x70 .\CortexM3\ARM_GCC_541\Debug\F1-TestFixture.a(UART_115200_IntClock.o)
 .debug_aranges
                0x00001168       0x28 .\CortexM3\ARM_GCC_541\Debug\F1-TestFixture.a(DEMUX_CTRL_230400.o)
 .debug_aranges
                0x00001190       0x80 .\CortexM3\ARM_GCC_541\Debug\F1-TestFixture.a(isr_UART_460800.o)
 .debug_aranges
                0x00001210       0xf0 .\CortexM3\ARM_GCC_541\Debug\F1-TestFixture.a(UART_460800.o)
 .debug_aranges
                0x00001300       0x20 .\CortexM3\ARM_GCC_541\Debug\F1-TestFixture.a(UART_460800_INT.o)
 .debug_aranges
                0x00001320       0x28 .\CortexM3\ARM_GCC_541\Debug\F1-TestFixture.a(MUX_CTRL_460800.o)
 .debug_aranges
                0x00001348       0x28 .\CortexM3\ARM_GCC_541\Debug\F1-TestFixture.a(DEMUX_CTRL_460800.o)
 .debug_aranges
                0x00001370       0x70 .\CortexM3\ARM_GCC_541\Debug\F1-TestFixture.a(UART_460800_IntClock.o)
 .debug_aranges
                0x000013e0       0x88 .\CortexM3\ARM_GCC_541\Debug\F1-TestFixture.a(Timer_10ms.o)
 .debug_aranges
                0x00001468       0x80 .\CortexM3\ARM_GCC_541\Debug\F1-TestFixture.a(isr_Timer_10ms.o)
 .debug_aranges
                0x000014e8       0x88 .\CortexM3\ARM_GCC_541\Debug\F1-TestFixture.a(Timer_50ms.o)
 .debug_aranges
                0x00001570       0x80 .\CortexM3\ARM_GCC_541\Debug\F1-TestFixture.a(isr_Timer_50ms.o)
 .debug_aranges
                0x000015f0       0x38 .\CortexM3\ARM_GCC_541\Debug\F1-TestFixture.a(PB_NextAction.o)
 .debug_aranges
                0x00001628       0x50 .\CortexM3\ARM_GCC_541\Debug\F1-TestFixture.a(WaveDAC.o)
 .debug_aranges
                0x00001678       0x70 .\CortexM3\ARM_GCC_541\Debug\F1-TestFixture.a(WaveDAC_DacClk.o)
 .debug_aranges
                0x000016e8       0x28 .\CortexM3\ARM_GCC_541\Debug\F1-TestFixture.a(WaveDAC_Wave1_DMA_dma.o)
 .debug_aranges
                0x00001710       0x28 .\CortexM3\ARM_GCC_541\Debug\F1-TestFixture.a(WaveDAC_Wave2_DMA_dma.o)
 .debug_aranges
                0x00001738       0x58 .\CortexM3\ARM_GCC_541\Debug\F1-TestFixture.a(WaveDAC_VDAC8.o)
 .debug_aranges
                0x00001790       0x38 .\CortexM3\ARM_GCC_541\Debug\F1-TestFixture.a(RTest_BLOCK_4_EN.o)
 .debug_aranges
                0x000017c8       0x38 .\CortexM3\ARM_GCC_541\Debug\F1-TestFixture.a(RTest_BLOCK_3_EN.o)
 .debug_aranges
                0x00001800       0x38 .\CortexM3\ARM_GCC_541\Debug\F1-TestFixture.a(RTest_BLOCK_2_EN.o)
 .debug_aranges
                0x00001838       0x38 .\CortexM3\ARM_GCC_541\Debug\F1-TestFixture.a(RTest_BLOCK_1_EN.o)
 .debug_aranges
                0x00001870       0x38 .\CortexM3\ARM_GCC_541\Debug\F1-TestFixture.a(RTest_DEMUX_C.o)
 .debug_aranges
                0x000018a8       0x38 .\CortexM3\ARM_GCC_541\Debug\F1-TestFixture.a(RTest_DEMUX_B.o)
 .debug_aranges
                0x000018e0       0x38 .\CortexM3\ARM_GCC_541\Debug\F1-TestFixture.a(RTest_DEMUX_A.o)
 .debug_aranges
                0x00001918       0x38 .\CortexM3\ARM_GCC_541\Debug\F1-TestFixture.a(RTest_DEMUX_COM.o)
 .debug_aranges
                0x00001950       0x28 .\CortexM3\ARM_GCC_541\Debug\F1-TestFixture.a(MUX_CTRL_115200.o)
 .debug_aranges
                0x00001978       0x38 .\CortexM3\ARM_GCC_541\Debug\F1-TestFixture.a(Overload1.o)
 .debug_aranges
                0x000019b0       0x38 .\CortexM3\ARM_GCC_541\Debug\F1-TestFixture.a(Overload2.o)
 .debug_aranges
                0x000019e8       0x20 .\CortexM3\ARM_GCC_541\Debug\F1-TestFixture.a(CyBootAsmGnu.o)
 .debug_aranges
                0x00001a08       0x88 .\CortexM3\ARM_GCC_541\Debug\F1-TestFixture.a(CyFlash.o)
 .debug_aranges
                0x00001a90       0x80 .\CortexM3\ARM_GCC_541\Debug\F1-TestFixture.a(CySpc.o)
 .debug_aranges
                0x00001b10       0x38 .\CortexM3\ARM_GCC_541\Debug\F1-TestFixture.a(LED1.o)
 .debug_aranges
                0x00001b48       0x38 .\CortexM3\ARM_GCC_541\Debug\F1-TestFixture.a(LED2.o)
 .debug_aranges
                0x00001b80       0x38 .\CortexM3\ARM_GCC_541\Debug\F1-TestFixture.a(LED3.o)

.debug_pubnames
 *(.debug_pubnames)

.debug_info     0x00000000    0x107be
 *(.debug_info .gnu.linkonce.wi.*)
 .debug_info    0x00000000      0x1ca .\CortexM3\ARM_GCC_541\Debug\main.o
 .debug_info    0x000001ca      0xf4c .\CortexM3\ARM_GCC_541\Debug\ControllerTest.o
 .debug_info    0x00001116     0x10dc .\CortexM3\ARM_GCC_541\Debug\UART_230400_Functions.o
 .debug_info    0x000021f2      0xa81 .\CortexM3\ARM_GCC_541\Debug\SirenTest.o
 .debug_info    0x00002c73     0x1274 .\CortexM3\ARM_GCC_541\Debug\RelayTest.o
 .debug_info    0x00003ee7      0xb70 .\CortexM3\ARM_GCC_541\Debug\UART_460800_Functions.o
 .debug_info    0x00004a57      0x329 .\CortexM3\ARM_GCC_541\Debug\UART_115200_Functions.o
 .debug_info    0x00004d80      0x14e .\CortexM3\ARM_GCC_541\Debug\CD4051BPW_Driver.o
 .debug_info    0x00004ece      0xe23 .\CortexM3\ARM_GCC_541\Debug\ControllerTest_Complete.o
 .debug_info    0x00005cf1     0x10a4 .\CortexM3\ARM_GCC_541\Debug\RelayTest_Complete.o
 .debug_info    0x00006d95      0xdd6 .\CortexM3\ARM_GCC_541\Debug\ControllerCableTest_Complete.o
 .debug_info    0x00007b6b      0x452 .\CortexM3\ARM_GCC_541\Debug\cyfitter_cfg.o
 .debug_info    0x00007fbd      0x139 .\CortexM3\ARM_GCC_541\Debug\cymetadata.o
 .debug_info    0x000080f6      0x32b .\CortexM3\ARM_GCC_541\Debug\Cm3Start.o
 .debug_info    0x00008421      0x8c0 .\CortexM3\ARM_GCC_541\Debug\F1-TestFixture.a(CyDmac.o)
 .debug_info    0x00008ce1      0xe51 .\CortexM3\ARM_GCC_541\Debug\F1-TestFixture.a(CyLib.o)
 .debug_info    0x00009b32      0x57a .\CortexM3\ARM_GCC_541\Debug\F1-TestFixture.a(cyPm.o)
 .debug_info    0x0000a0ac      0x11e .\CortexM3\ARM_GCC_541\Debug\F1-TestFixture.a(STest_SIREN_EN.o)
 .debug_info    0x0000a1ca      0x11e .\CortexM3\ARM_GCC_541\Debug\F1-TestFixture.a(CTest_CONT_VBATT_EN.o)
 .debug_info    0x0000a2e8      0x11e .\CortexM3\ARM_GCC_541\Debug\F1-TestFixture.a(CTest_USB_5V_EN.o)
 .debug_info    0x0000a406      0x11e .\CortexM3\ARM_GCC_541\Debug\F1-TestFixture.a(RTest_SIREN_EN.o)
 .debug_info    0x0000a524      0x11e .\CortexM3\ARM_GCC_541\Debug\F1-TestFixture.a(RS1.o)
 .debug_info    0x0000a642      0x11e .\CortexM3\ARM_GCC_541\Debug\F1-TestFixture.a(RS2.o)
 .debug_info    0x0000a760      0x11e .\CortexM3\ARM_GCC_541\Debug\F1-TestFixture.a(RTest_HSide1.o)
 .debug_info    0x0000a87e      0x11e .\CortexM3\ARM_GCC_541\Debug\F1-TestFixture.a(RTest_HSide3.o)
 .debug_info    0x0000a99c      0x11e .\CortexM3\ARM_GCC_541\Debug\F1-TestFixture.a(RTest_HSide2.o)
 .debug_info    0x0000aaba      0x11e .\CortexM3\ARM_GCC_541\Debug\F1-TestFixture.a(RTest_HSide4.o)
 .debug_info    0x0000abd8      0x11e .\CortexM3\ARM_GCC_541\Debug\F1-TestFixture.a(RTest_HSide5.o)
 .debug_info    0x0000acf6      0x11e .\CortexM3\ARM_GCC_541\Debug\F1-TestFixture.a(RTest_HSide6.o)
 .debug_info    0x0000ae14      0x11e .\CortexM3\ARM_GCC_541\Debug\F1-TestFixture.a(RTest_HSide7.o)
 .debug_info    0x0000af32      0x11e .\CortexM3\ARM_GCC_541\Debug\F1-TestFixture.a(RTest_HSide8.o)
 .debug_info    0x0000b050      0x268 .\CortexM3\ARM_GCC_541\Debug\F1-TestFixture.a(isr_UART_230400.o)
 .debug_info    0x0000b2b8      0x593 .\CortexM3\ARM_GCC_541\Debug\F1-TestFixture.a(UART_230400.o)
 .debug_info    0x0000b84b      0x108 .\CortexM3\ARM_GCC_541\Debug\F1-TestFixture.a(UART_230400_INT.o)
 .debug_info    0x0000b953      0x25d .\CortexM3\ARM_GCC_541\Debug\F1-TestFixture.a(UART_230400_IntClock.o)
 .debug_info    0x0000bbb0       0xd7 .\CortexM3\ARM_GCC_541\Debug\F1-TestFixture.a(MUX_CTRL_230400.o)
 .debug_info    0x0000bc87      0x245 .\CortexM3\ARM_GCC_541\Debug\F1-TestFixture.a(Timer_20ms.o)
 .debug_info    0x0000becc      0x11e .\CortexM3\ARM_GCC_541\Debug\F1-TestFixture.a(LED_EN.o)
 .debug_info    0x0000bfea      0x2aa .\CortexM3\ARM_GCC_541\Debug\F1-TestFixture.a(isr_Timer_20ms.o)
 .debug_info    0x0000c294      0x593 .\CortexM3\ARM_GCC_541\Debug\F1-TestFixture.a(UART_115200.o)
 .debug_info    0x0000c827      0x108 .\CortexM3\ARM_GCC_541\Debug\F1-TestFixture.a(UART_115200_INT.o)
 .debug_info    0x0000c92f      0x268 .\CortexM3\ARM_GCC_541\Debug\F1-TestFixture.a(isr_UART_115200.o)
 .debug_info    0x0000cb97      0x25d .\CortexM3\ARM_GCC_541\Debug\F1-TestFixture.a(UART_115200_IntClock.o)
 .debug_info    0x0000cdf4       0xd7 .\CortexM3\ARM_GCC_541\Debug\F1-TestFixture.a(DEMUX_CTRL_230400.o)
 .debug_info    0x0000cecb      0x268 .\CortexM3\ARM_GCC_541\Debug\F1-TestFixture.a(isr_UART_460800.o)
 .debug_info    0x0000d133      0x593 .\CortexM3\ARM_GCC_541\Debug\F1-TestFixture.a(UART_460800.o)
 .debug_info    0x0000d6c6      0x108 .\CortexM3\ARM_GCC_541\Debug\F1-TestFixture.a(UART_460800_INT.o)
 .debug_info    0x0000d7ce       0xd7 .\CortexM3\ARM_GCC_541\Debug\F1-TestFixture.a(MUX_CTRL_460800.o)
 .debug_info    0x0000d8a5       0xd7 .\CortexM3\ARM_GCC_541\Debug\F1-TestFixture.a(DEMUX_CTRL_460800.o)
 .debug_info    0x0000d97c      0x25d .\CortexM3\ARM_GCC_541\Debug\F1-TestFixture.a(UART_460800_IntClock.o)
 .debug_info    0x0000dbd9      0x245 .\CortexM3\ARM_GCC_541\Debug\F1-TestFixture.a(Timer_10ms.o)
 .debug_info    0x0000de1e      0x26a .\CortexM3\ARM_GCC_541\Debug\F1-TestFixture.a(isr_Timer_10ms.o)
 .debug_info    0x0000e088      0x245 .\CortexM3\ARM_GCC_541\Debug\F1-TestFixture.a(Timer_50ms.o)
 .debug_info    0x0000e2cd      0x30b .\CortexM3\ARM_GCC_541\Debug\F1-TestFixture.a(isr_Timer_50ms.o)
 .debug_info    0x0000e5d8      0x11e .\CortexM3\ARM_GCC_541\Debug\F1-TestFixture.a(PB_NextAction.o)
 .debug_info    0x0000e6f6      0x248 .\CortexM3\ARM_GCC_541\Debug\F1-TestFixture.a(WaveDAC.o)
 .debug_info    0x0000e93e      0x25d .\CortexM3\ARM_GCC_541\Debug\F1-TestFixture.a(WaveDAC_DacClk.o)
 .debug_info    0x0000eb9b      0x11b .\CortexM3\ARM_GCC_541\Debug\F1-TestFixture.a(WaveDAC_Wave1_DMA_dma.o)
 .debug_info    0x0000ecb6      0x11b .\CortexM3\ARM_GCC_541\Debug\F1-TestFixture.a(WaveDAC_Wave2_DMA_dma.o)
 .debug_info    0x0000edd1      0x185 .\CortexM3\ARM_GCC_541\Debug\F1-TestFixture.a(WaveDAC_VDAC8.o)
 .debug_info    0x0000ef56      0x11e .\CortexM3\ARM_GCC_541\Debug\F1-TestFixture.a(RTest_BLOCK_4_EN.o)
 .debug_info    0x0000f074      0x11e .\CortexM3\ARM_GCC_541\Debug\F1-TestFixture.a(RTest_BLOCK_3_EN.o)
 .debug_info    0x0000f192      0x11e .\CortexM3\ARM_GCC_541\Debug\F1-TestFixture.a(RTest_BLOCK_2_EN.o)
 .debug_info    0x0000f2b0      0x11e .\CortexM3\ARM_GCC_541\Debug\F1-TestFixture.a(RTest_BLOCK_1_EN.o)
 .debug_info    0x0000f3ce      0x11e .\CortexM3\ARM_GCC_541\Debug\F1-TestFixture.a(RTest_DEMUX_C.o)
 .debug_info    0x0000f4ec      0x11e .\CortexM3\ARM_GCC_541\Debug\F1-TestFixture.a(RTest_DEMUX_B.o)
 .debug_info    0x0000f60a      0x11e .\CortexM3\ARM_GCC_541\Debug\F1-TestFixture.a(RTest_DEMUX_A.o)
 .debug_info    0x0000f728      0x11e .\CortexM3\ARM_GCC_541\Debug\F1-TestFixture.a(RTest_DEMUX_COM.o)
 .debug_info    0x0000f846       0xd7 .\CortexM3\ARM_GCC_541\Debug\F1-TestFixture.a(MUX_CTRL_115200.o)
 .debug_info    0x0000f91d      0x11e .\CortexM3\ARM_GCC_541\Debug\F1-TestFixture.a(Overload1.o)
 .debug_info    0x0000fa3b      0x11e .\CortexM3\ARM_GCC_541\Debug\F1-TestFixture.a(Overload2.o)
 .debug_info    0x0000fb59       0x92 .\CortexM3\ARM_GCC_541\Debug\F1-TestFixture.a(CyBootAsmGnu.o)
 .debug_info    0x0000fbeb      0x3b9 .\CortexM3\ARM_GCC_541\Debug\F1-TestFixture.a(CyFlash.o)
 .debug_info    0x0000ffa4      0x4c0 .\CortexM3\ARM_GCC_541\Debug\F1-TestFixture.a(CySpc.o)
 .debug_info    0x00010464      0x11e .\CortexM3\ARM_GCC_541\Debug\F1-TestFixture.a(LED1.o)
 .debug_info    0x00010582      0x11e .\CortexM3\ARM_GCC_541\Debug\F1-TestFixture.a(LED2.o)
 .debug_info    0x000106a0      0x11e .\CortexM3\ARM_GCC_541\Debug\F1-TestFixture.a(LED3.o)

.debug_abbrev   0x00000000     0x4b79
 *(.debug_abbrev)
 .debug_abbrev  0x00000000      0x10b .\CortexM3\ARM_GCC_541\Debug\main.o
 .debug_abbrev  0x0000010b      0x247 .\CortexM3\ARM_GCC_541\Debug\ControllerTest.o
 .debug_abbrev  0x00000352      0x23b .\CortexM3\ARM_GCC_541\Debug\UART_230400_Functions.o
 .debug_abbrev  0x0000058d      0x225 .\CortexM3\ARM_GCC_541\Debug\SirenTest.o
 .debug_abbrev  0x000007b2      0x254 .\CortexM3\ARM_GCC_541\Debug\RelayTest.o
 .debug_abbrev  0x00000a06      0x1e9 .\CortexM3\ARM_GCC_541\Debug\UART_460800_Functions.o
 .debug_abbrev  0x00000bef      0x169 .\CortexM3\ARM_GCC_541\Debug\UART_115200_Functions.o
 .debug_abbrev  0x00000d58       0xd8 .\CortexM3\ARM_GCC_541\Debug\CD4051BPW_Driver.o
 .debug_abbrev  0x00000e30      0x204 .\CortexM3\ARM_GCC_541\Debug\ControllerTest_Complete.o
 .debug_abbrev  0x00001034      0x20f .\CortexM3\ARM_GCC_541\Debug\RelayTest_Complete.o
 .debug_abbrev  0x00001243      0x1fb .\CortexM3\ARM_GCC_541\Debug\ControllerCableTest_Complete.o
 .debug_abbrev  0x0000143e      0x1b7 .\CortexM3\ARM_GCC_541\Debug\cyfitter_cfg.o
 .debug_abbrev  0x000015f5       0x77 .\CortexM3\ARM_GCC_541\Debug\cymetadata.o
 .debug_abbrev  0x0000166c      0x1d6 .\CortexM3\ARM_GCC_541\Debug\Cm3Start.o
 .debug_abbrev  0x00001842      0x194 .\CortexM3\ARM_GCC_541\Debug\F1-TestFixture.a(CyDmac.o)
 .debug_abbrev  0x000019d6      0x217 .\CortexM3\ARM_GCC_541\Debug\F1-TestFixture.a(CyLib.o)
 .debug_abbrev  0x00001bed      0x161 .\CortexM3\ARM_GCC_541\Debug\F1-TestFixture.a(cyPm.o)
 .debug_abbrev  0x00001d4e       0x90 .\CortexM3\ARM_GCC_541\Debug\F1-TestFixture.a(STest_SIREN_EN.o)
 .debug_abbrev  0x00001dde       0x90 .\CortexM3\ARM_GCC_541\Debug\F1-TestFixture.a(CTest_CONT_VBATT_EN.o)
 .debug_abbrev  0x00001e6e       0x90 .\CortexM3\ARM_GCC_541\Debug\F1-TestFixture.a(CTest_USB_5V_EN.o)
 .debug_abbrev  0x00001efe       0x90 .\CortexM3\ARM_GCC_541\Debug\F1-TestFixture.a(RTest_SIREN_EN.o)
 .debug_abbrev  0x00001f8e       0x90 .\CortexM3\ARM_GCC_541\Debug\F1-TestFixture.a(RS1.o)
 .debug_abbrev  0x0000201e       0x90 .\CortexM3\ARM_GCC_541\Debug\F1-TestFixture.a(RS2.o)
 .debug_abbrev  0x000020ae       0x90 .\CortexM3\ARM_GCC_541\Debug\F1-TestFixture.a(RTest_HSide1.o)
 .debug_abbrev  0x0000213e       0x90 .\CortexM3\ARM_GCC_541\Debug\F1-TestFixture.a(RTest_HSide3.o)
 .debug_abbrev  0x000021ce       0x90 .\CortexM3\ARM_GCC_541\Debug\F1-TestFixture.a(RTest_HSide2.o)
 .debug_abbrev  0x0000225e       0x90 .\CortexM3\ARM_GCC_541\Debug\F1-TestFixture.a(RTest_HSide4.o)
 .debug_abbrev  0x000022ee       0x90 .\CortexM3\ARM_GCC_541\Debug\F1-TestFixture.a(RTest_HSide5.o)
 .debug_abbrev  0x0000237e       0x90 .\CortexM3\ARM_GCC_541\Debug\F1-TestFixture.a(RTest_HSide6.o)
 .debug_abbrev  0x0000240e       0x90 .\CortexM3\ARM_GCC_541\Debug\F1-TestFixture.a(RTest_HSide7.o)
 .debug_abbrev  0x0000249e       0x90 .\CortexM3\ARM_GCC_541\Debug\F1-TestFixture.a(RTest_HSide8.o)
 .debug_abbrev  0x0000252e      0x178 .\CortexM3\ARM_GCC_541\Debug\F1-TestFixture.a(isr_UART_230400.o)
 .debug_abbrev  0x000026a6      0x15d .\CortexM3\ARM_GCC_541\Debug\F1-TestFixture.a(UART_230400.o)
 .debug_abbrev  0x00002803       0x79 .\CortexM3\ARM_GCC_541\Debug\F1-TestFixture.a(UART_230400_INT.o)
 .debug_abbrev  0x0000287c      0x11d .\CortexM3\ARM_GCC_541\Debug\F1-TestFixture.a(UART_230400_IntClock.o)
 .debug_abbrev  0x00002999       0x81 .\CortexM3\ARM_GCC_541\Debug\F1-TestFixture.a(MUX_CTRL_230400.o)
 .debug_abbrev  0x00002a1a       0xe9 .\CortexM3\ARM_GCC_541\Debug\F1-TestFixture.a(Timer_20ms.o)
 .debug_abbrev  0x00002b03       0x90 .\CortexM3\ARM_GCC_541\Debug\F1-TestFixture.a(LED_EN.o)
 .debug_abbrev  0x00002b93      0x1a7 .\CortexM3\ARM_GCC_541\Debug\F1-TestFixture.a(isr_Timer_20ms.o)
 .debug_abbrev  0x00002d3a      0x15d .\CortexM3\ARM_GCC_541\Debug\F1-TestFixture.a(UART_115200.o)
 .debug_abbrev  0x00002e97       0x79 .\CortexM3\ARM_GCC_541\Debug\F1-TestFixture.a(UART_115200_INT.o)
 .debug_abbrev  0x00002f10      0x178 .\CortexM3\ARM_GCC_541\Debug\F1-TestFixture.a(isr_UART_115200.o)
 .debug_abbrev  0x00003088      0x11d .\CortexM3\ARM_GCC_541\Debug\F1-TestFixture.a(UART_115200_IntClock.o)
 .debug_abbrev  0x000031a5       0x81 .\CortexM3\ARM_GCC_541\Debug\F1-TestFixture.a(DEMUX_CTRL_230400.o)
 .debug_abbrev  0x00003226      0x178 .\CortexM3\ARM_GCC_541\Debug\F1-TestFixture.a(isr_UART_460800.o)
 .debug_abbrev  0x0000339e      0x15d .\CortexM3\ARM_GCC_541\Debug\F1-TestFixture.a(UART_460800.o)
 .debug_abbrev  0x000034fb       0x79 .\CortexM3\ARM_GCC_541\Debug\F1-TestFixture.a(UART_460800_INT.o)
 .debug_abbrev  0x00003574       0x81 .\CortexM3\ARM_GCC_541\Debug\F1-TestFixture.a(MUX_CTRL_460800.o)
 .debug_abbrev  0x000035f5       0x81 .\CortexM3\ARM_GCC_541\Debug\F1-TestFixture.a(DEMUX_CTRL_460800.o)
 .debug_abbrev  0x00003676      0x11d .\CortexM3\ARM_GCC_541\Debug\F1-TestFixture.a(UART_460800_IntClock.o)
 .debug_abbrev  0x00003793       0xe9 .\CortexM3\ARM_GCC_541\Debug\F1-TestFixture.a(Timer_10ms.o)
 .debug_abbrev  0x0000387c      0x15c .\CortexM3\ARM_GCC_541\Debug\F1-TestFixture.a(isr_Timer_10ms.o)
 .debug_abbrev  0x000039d8       0xe9 .\CortexM3\ARM_GCC_541\Debug\F1-TestFixture.a(Timer_50ms.o)
 .debug_abbrev  0x00003ac1      0x18b .\CortexM3\ARM_GCC_541\Debug\F1-TestFixture.a(isr_Timer_50ms.o)
 .debug_abbrev  0x00003c4c       0x90 .\CortexM3\ARM_GCC_541\Debug\F1-TestFixture.a(PB_NextAction.o)
 .debug_abbrev  0x00003cdc       0xe3 .\CortexM3\ARM_GCC_541\Debug\F1-TestFixture.a(WaveDAC.o)
 .debug_abbrev  0x00003dbf      0x11d .\CortexM3\ARM_GCC_541\Debug\F1-TestFixture.a(WaveDAC_DacClk.o)
 .debug_abbrev  0x00003edc       0x8b .\CortexM3\ARM_GCC_541\Debug\F1-TestFixture.a(WaveDAC_Wave1_DMA_dma.o)
 .debug_abbrev  0x00003f67       0x8b .\CortexM3\ARM_GCC_541\Debug\F1-TestFixture.a(WaveDAC_Wave2_DMA_dma.o)
 .debug_abbrev  0x00003ff2       0xeb .\CortexM3\ARM_GCC_541\Debug\F1-TestFixture.a(WaveDAC_VDAC8.o)
 .debug_abbrev  0x000040dd       0x90 .\CortexM3\ARM_GCC_541\Debug\F1-TestFixture.a(RTest_BLOCK_4_EN.o)
 .debug_abbrev  0x0000416d       0x90 .\CortexM3\ARM_GCC_541\Debug\F1-TestFixture.a(RTest_BLOCK_3_EN.o)
 .debug_abbrev  0x000041fd       0x90 .\CortexM3\ARM_GCC_541\Debug\F1-TestFixture.a(RTest_BLOCK_2_EN.o)
 .debug_abbrev  0x0000428d       0x90 .\CortexM3\ARM_GCC_541\Debug\F1-TestFixture.a(RTest_BLOCK_1_EN.o)
 .debug_abbrev  0x0000431d       0x90 .\CortexM3\ARM_GCC_541\Debug\F1-TestFixture.a(RTest_DEMUX_C.o)
 .debug_abbrev  0x000043ad       0x90 .\CortexM3\ARM_GCC_541\Debug\F1-TestFixture.a(RTest_DEMUX_B.o)
 .debug_abbrev  0x0000443d       0x90 .\CortexM3\ARM_GCC_541\Debug\F1-TestFixture.a(RTest_DEMUX_A.o)
 .debug_abbrev  0x000044cd       0x90 .\CortexM3\ARM_GCC_541\Debug\F1-TestFixture.a(RTest_DEMUX_COM.o)
 .debug_abbrev  0x0000455d       0x81 .\CortexM3\ARM_GCC_541\Debug\F1-TestFixture.a(MUX_CTRL_115200.o)
 .debug_abbrev  0x000045de       0x90 .\CortexM3\ARM_GCC_541\Debug\F1-TestFixture.a(Overload1.o)
 .debug_abbrev  0x0000466e       0x90 .\CortexM3\ARM_GCC_541\Debug\F1-TestFixture.a(Overload2.o)
 .debug_abbrev  0x000046fe       0x14 .\CortexM3\ARM_GCC_541\Debug\F1-TestFixture.a(CyBootAsmGnu.o)
 .debug_abbrev  0x00004712      0x14b .\CortexM3\ARM_GCC_541\Debug\F1-TestFixture.a(CyFlash.o)
 .debug_abbrev  0x0000485d      0x16c .\CortexM3\ARM_GCC_541\Debug\F1-TestFixture.a(CySpc.o)
 .debug_abbrev  0x000049c9       0x90 .\CortexM3\ARM_GCC_541\Debug\F1-TestFixture.a(LED1.o)
 .debug_abbrev  0x00004a59       0x90 .\CortexM3\ARM_GCC_541\Debug\F1-TestFixture.a(LED2.o)
 .debug_abbrev  0x00004ae9       0x90 .\CortexM3\ARM_GCC_541\Debug\F1-TestFixture.a(LED3.o)

.debug_line     0x00000000     0x7b9d
 *(.debug_line)
 .debug_line    0x00000000      0x23e .\CortexM3\ARM_GCC_541\Debug\main.o
 .debug_line    0x0000023e      0x51f .\CortexM3\ARM_GCC_541\Debug\ControllerTest.o
 .debug_line    0x0000075d      0x3a8 .\CortexM3\ARM_GCC_541\Debug\UART_230400_Functions.o
 .debug_line    0x00000b05      0x3ea .\CortexM3\ARM_GCC_541\Debug\SirenTest.o
 .debug_line    0x00000eef      0x591 .\CortexM3\ARM_GCC_541\Debug\RelayTest.o
 .debug_line    0x00001480      0x309 .\CortexM3\ARM_GCC_541\Debug\UART_460800_Functions.o
 .debug_line    0x00001789      0x22f .\CortexM3\ARM_GCC_541\Debug\UART_115200_Functions.o
 .debug_line    0x000019b8      0x1d3 .\CortexM3\ARM_GCC_541\Debug\CD4051BPW_Driver.o
 .debug_line    0x00001b8b      0x378 .\CortexM3\ARM_GCC_541\Debug\ControllerTest_Complete.o
 .debug_line    0x00001f03      0x4b0 .\CortexM3\ARM_GCC_541\Debug\RelayTest_Complete.o
 .debug_line    0x000023b3      0x2fb .\CortexM3\ARM_GCC_541\Debug\ControllerCableTest_Complete.o
 .debug_line    0x000026ae      0x230 .\CortexM3\ARM_GCC_541\Debug\cyfitter_cfg.o
 .debug_line    0x000028de      0x141 .\CortexM3\ARM_GCC_541\Debug\cymetadata.o
 .debug_line    0x00002a1f      0x1db .\CortexM3\ARM_GCC_541\Debug\Cm3Start.o
 .debug_line    0x00002bfa      0x2b6 .\CortexM3\ARM_GCC_541\Debug\F1-TestFixture.a(CyDmac.o)
 .debug_line    0x00002eb0      0x883 .\CortexM3\ARM_GCC_541\Debug\F1-TestFixture.a(CyLib.o)
 .debug_line    0x00003733      0x38e .\CortexM3\ARM_GCC_541\Debug\F1-TestFixture.a(cyPm.o)
 .debug_line    0x00003ac1       0x9e .\CortexM3\ARM_GCC_541\Debug\F1-TestFixture.a(STest_SIREN_EN.o)
 .debug_line    0x00003b5f       0xa3 .\CortexM3\ARM_GCC_541\Debug\F1-TestFixture.a(CTest_CONT_VBATT_EN.o)
 .debug_line    0x00003c02       0x9f .\CortexM3\ARM_GCC_541\Debug\F1-TestFixture.a(CTest_USB_5V_EN.o)
 .debug_line    0x00003ca1       0x9e .\CortexM3\ARM_GCC_541\Debug\F1-TestFixture.a(RTest_SIREN_EN.o)
 .debug_line    0x00003d3f       0x93 .\CortexM3\ARM_GCC_541\Debug\F1-TestFixture.a(RS1.o)
 .debug_line    0x00003dd2       0x93 .\CortexM3\ARM_GCC_541\Debug\F1-TestFixture.a(RS2.o)
 .debug_line    0x00003e65       0x9c .\CortexM3\ARM_GCC_541\Debug\F1-TestFixture.a(RTest_HSide1.o)
 .debug_line    0x00003f01       0x9c .\CortexM3\ARM_GCC_541\Debug\F1-TestFixture.a(RTest_HSide3.o)
 .debug_line    0x00003f9d       0x9c .\CortexM3\ARM_GCC_541\Debug\F1-TestFixture.a(RTest_HSide2.o)
 .debug_line    0x00004039       0x9c .\CortexM3\ARM_GCC_541\Debug\F1-TestFixture.a(RTest_HSide4.o)
 .debug_line    0x000040d5       0x9c .\CortexM3\ARM_GCC_541\Debug\F1-TestFixture.a(RTest_HSide5.o)
 .debug_line    0x00004171       0x9c .\CortexM3\ARM_GCC_541\Debug\F1-TestFixture.a(RTest_HSide6.o)
 .debug_line    0x0000420d       0x9c .\CortexM3\ARM_GCC_541\Debug\F1-TestFixture.a(RTest_HSide7.o)
 .debug_line    0x000042a9       0x9c .\CortexM3\ARM_GCC_541\Debug\F1-TestFixture.a(RTest_HSide8.o)
 .debug_line    0x00004345      0x264 .\CortexM3\ARM_GCC_541\Debug\F1-TestFixture.a(isr_UART_230400.o)