ARM GAS  C:\Users\MARTHN~1\AppData\Local\Temp\ccHBdgDZ.s 			page 1


   1              		.syntax unified
   2              		.cpu cortex-m3
   3              		.fpu softvfp
   4              		.eabi_attribute 20, 1
   5              		.eabi_attribute 21, 1
   6              		.eabi_attribute 23, 3
   7              		.eabi_attribute 24, 1
   8              		.eabi_attribute 25, 1
   9              		.eabi_attribute 26, 1
  10              		.eabi_attribute 30, 6
  11              		.eabi_attribute 34, 1
  12              		.eabi_attribute 18, 4
  13              		.thumb
  14              		.syntax unified
  15              		.file	"isr_Timer_50ms.c"
  16              		.text
  17              	.Ltext0:
  18              		.cfi_sections	.debug_frame
  19              		.comm	Test,3,4
  20              		.comm	CurrentTest,3,4
  21              		.section	.text.isr_Timer_50ms_Start,"ax",%progbits
  22              		.align	2
  23              		.global	isr_Timer_50ms_Start
  24              		.thumb
  25              		.thumb_func
  26              		.type	isr_Timer_50ms_Start, %function
  27              	isr_Timer_50ms_Start:
  28              	.LFB63:
  29              		.file 1 "Generated_Source\\PSoC5\\isr_Timer_50ms.c"
   1:Generated_Source\PSoC5/isr_Timer_50ms.c **** /*******************************************************************************
   2:Generated_Source\PSoC5/isr_Timer_50ms.c **** * File Name: isr_Timer_50ms.c  
   3:Generated_Source\PSoC5/isr_Timer_50ms.c **** * Version 1.70
   4:Generated_Source\PSoC5/isr_Timer_50ms.c **** *
   5:Generated_Source\PSoC5/isr_Timer_50ms.c **** *  Description:
   6:Generated_Source\PSoC5/isr_Timer_50ms.c **** *   API for controlling the state of an interrupt.
   7:Generated_Source\PSoC5/isr_Timer_50ms.c **** *
   8:Generated_Source\PSoC5/isr_Timer_50ms.c **** *
   9:Generated_Source\PSoC5/isr_Timer_50ms.c **** *  Note:
  10:Generated_Source\PSoC5/isr_Timer_50ms.c **** *
  11:Generated_Source\PSoC5/isr_Timer_50ms.c **** ********************************************************************************
  12:Generated_Source\PSoC5/isr_Timer_50ms.c **** * Copyright 2008-2015, Cypress Semiconductor Corporation.  All rights reserved.
  13:Generated_Source\PSoC5/isr_Timer_50ms.c **** * You may use this file only in accordance with the license, terms, conditions, 
  14:Generated_Source\PSoC5/isr_Timer_50ms.c **** * disclaimers, and limitations in the end user license agreement accompanying 
  15:Generated_Source\PSoC5/isr_Timer_50ms.c **** * the software package with which this file was provided.
  16:Generated_Source\PSoC5/isr_Timer_50ms.c **** *******************************************************************************/
  17:Generated_Source\PSoC5/isr_Timer_50ms.c **** 
  18:Generated_Source\PSoC5/isr_Timer_50ms.c **** 
  19:Generated_Source\PSoC5/isr_Timer_50ms.c **** #include <cydevice_trm.h>
  20:Generated_Source\PSoC5/isr_Timer_50ms.c **** #include <CyLib.h>
  21:Generated_Source\PSoC5/isr_Timer_50ms.c **** #include <isr_Timer_50ms.h>
  22:Generated_Source\PSoC5/isr_Timer_50ms.c **** #include "cyapicallbacks.h"
  23:Generated_Source\PSoC5/isr_Timer_50ms.c **** 
  24:Generated_Source\PSoC5/isr_Timer_50ms.c **** #if !defined(isr_Timer_50ms__REMOVED) /* Check for removal by optimization */
  25:Generated_Source\PSoC5/isr_Timer_50ms.c **** 
  26:Generated_Source\PSoC5/isr_Timer_50ms.c **** /*******************************************************************************
  27:Generated_Source\PSoC5/isr_Timer_50ms.c **** *  Place your includes, defines and code here 
  28:Generated_Source\PSoC5/isr_Timer_50ms.c **** ********************************************************************************/
ARM GAS  C:\Users\MARTHN~1\AppData\Local\Temp\ccHBdgDZ.s 			page 2


  29:Generated_Source\PSoC5/isr_Timer_50ms.c **** /* `#START isr_Timer_50ms_intc` */
  30:Generated_Source\PSoC5/isr_Timer_50ms.c ****     
  31:Generated_Source\PSoC5/isr_Timer_50ms.c ****     #include "CommonVariables.h"
  32:Generated_Source\PSoC5/isr_Timer_50ms.c ****     //#include "UART_230400_Functions.h"
  33:Generated_Source\PSoC5/isr_Timer_50ms.c ****     #include "ControllerTest.h"
  34:Generated_Source\PSoC5/isr_Timer_50ms.c ****     #include "RelayTest.h"
  35:Generated_Source\PSoC5/isr_Timer_50ms.c ****     #include "SirenTest.h"
  36:Generated_Source\PSoC5/isr_Timer_50ms.c ****      
  37:Generated_Source\PSoC5/isr_Timer_50ms.c ****     //uint8 SelectedTest;
  38:Generated_Source\PSoC5/isr_Timer_50ms.c ****     //struct structTestInfo CurrentTest;
  39:Generated_Source\PSoC5/isr_Timer_50ms.c ****     
  40:Generated_Source\PSoC5/isr_Timer_50ms.c ****     StructTestInfo CurrentTest;
  41:Generated_Source\PSoC5/isr_Timer_50ms.c **** 
  42:Generated_Source\PSoC5/isr_Timer_50ms.c **** /* `#END` */
  43:Generated_Source\PSoC5/isr_Timer_50ms.c **** 
  44:Generated_Source\PSoC5/isr_Timer_50ms.c **** #ifndef CYINT_IRQ_BASE
  45:Generated_Source\PSoC5/isr_Timer_50ms.c **** #define CYINT_IRQ_BASE      16
  46:Generated_Source\PSoC5/isr_Timer_50ms.c **** #endif /* CYINT_IRQ_BASE */
  47:Generated_Source\PSoC5/isr_Timer_50ms.c **** #ifndef CYINT_VECT_TABLE
  48:Generated_Source\PSoC5/isr_Timer_50ms.c **** #define CYINT_VECT_TABLE    ((cyisraddress **) CYREG_NVIC_VECT_OFFSET)
  49:Generated_Source\PSoC5/isr_Timer_50ms.c **** #endif /* CYINT_VECT_TABLE */
  50:Generated_Source\PSoC5/isr_Timer_50ms.c **** 
  51:Generated_Source\PSoC5/isr_Timer_50ms.c **** /* Declared in startup, used to set unused interrupts to. */
  52:Generated_Source\PSoC5/isr_Timer_50ms.c **** CY_ISR_PROTO(IntDefaultHandler);
  53:Generated_Source\PSoC5/isr_Timer_50ms.c **** 
  54:Generated_Source\PSoC5/isr_Timer_50ms.c **** 
  55:Generated_Source\PSoC5/isr_Timer_50ms.c **** /*******************************************************************************
  56:Generated_Source\PSoC5/isr_Timer_50ms.c **** * Function Name: isr_Timer_50ms_Start
  57:Generated_Source\PSoC5/isr_Timer_50ms.c **** ********************************************************************************
  58:Generated_Source\PSoC5/isr_Timer_50ms.c **** *
  59:Generated_Source\PSoC5/isr_Timer_50ms.c **** * Summary:
  60:Generated_Source\PSoC5/isr_Timer_50ms.c **** *  Set up the interrupt and enable it. This function disables the interrupt, 
  61:Generated_Source\PSoC5/isr_Timer_50ms.c **** *  sets the default interrupt vector, sets the priority from the value in the
  62:Generated_Source\PSoC5/isr_Timer_50ms.c **** *  Design Wide Resources Interrupt Editor, then enables the interrupt to the 
  63:Generated_Source\PSoC5/isr_Timer_50ms.c **** *  interrupt controller.
  64:Generated_Source\PSoC5/isr_Timer_50ms.c **** *
  65:Generated_Source\PSoC5/isr_Timer_50ms.c **** * Parameters:  
  66:Generated_Source\PSoC5/isr_Timer_50ms.c **** *   None
  67:Generated_Source\PSoC5/isr_Timer_50ms.c **** *
  68:Generated_Source\PSoC5/isr_Timer_50ms.c **** * Return:
  69:Generated_Source\PSoC5/isr_Timer_50ms.c **** *   None
  70:Generated_Source\PSoC5/isr_Timer_50ms.c **** *
  71:Generated_Source\PSoC5/isr_Timer_50ms.c **** *******************************************************************************/
  72:Generated_Source\PSoC5/isr_Timer_50ms.c **** void isr_Timer_50ms_Start(void)
  73:Generated_Source\PSoC5/isr_Timer_50ms.c **** {
  30              		.loc 1 73 0
  31              		.cfi_startproc
  32              		@ args = 0, pretend = 0, frame = 0
  33              		@ frame_needed = 1, uses_anonymous_args = 0
  34 0000 80B5     		push	{r7, lr}
  35              		.cfi_def_cfa_offset 8
  36              		.cfi_offset 7, -8
  37              		.cfi_offset 14, -4
  38 0002 00AF     		add	r7, sp, #0
  39              		.cfi_def_cfa_register 7
  74:Generated_Source\PSoC5/isr_Timer_50ms.c ****     /* For all we know the interrupt is active. */
  75:Generated_Source\PSoC5/isr_Timer_50ms.c ****     isr_Timer_50ms_Disable();
ARM GAS  C:\Users\MARTHN~1\AppData\Local\Temp\ccHBdgDZ.s 			page 3


  40              		.loc 1 75 0
  41 0004 FFF7FEFF 		bl	isr_Timer_50ms_Disable
  76:Generated_Source\PSoC5/isr_Timer_50ms.c **** 
  77:Generated_Source\PSoC5/isr_Timer_50ms.c ****     /* Set the ISR to point to the isr_Timer_50ms Interrupt. */
  78:Generated_Source\PSoC5/isr_Timer_50ms.c ****     isr_Timer_50ms_SetVector(&isr_Timer_50ms_Interrupt);
  42              		.loc 1 78 0
  43 0008 0448     		ldr	r0, .L2
  44 000a FFF7FEFF 		bl	isr_Timer_50ms_SetVector
  79:Generated_Source\PSoC5/isr_Timer_50ms.c **** 
  80:Generated_Source\PSoC5/isr_Timer_50ms.c ****     /* Set the priority. */
  81:Generated_Source\PSoC5/isr_Timer_50ms.c ****     isr_Timer_50ms_SetPriority((uint8)isr_Timer_50ms_INTC_PRIOR_NUMBER);
  45              		.loc 1 81 0
  46 000e 0720     		movs	r0, #7
  47 0010 FFF7FEFF 		bl	isr_Timer_50ms_SetPriority
  82:Generated_Source\PSoC5/isr_Timer_50ms.c **** 
  83:Generated_Source\PSoC5/isr_Timer_50ms.c ****     /* Enable it. */
  84:Generated_Source\PSoC5/isr_Timer_50ms.c ****     isr_Timer_50ms_Enable();
  48              		.loc 1 84 0
  49 0014 FFF7FEFF 		bl	isr_Timer_50ms_Enable
  85:Generated_Source\PSoC5/isr_Timer_50ms.c **** }
  50              		.loc 1 85 0
  51 0018 00BF     		nop
  52 001a 80BD     		pop	{r7, pc}
  53              	.L3:
  54              		.align	2
  55              	.L2:
  56 001c 00000000 		.word	isr_Timer_50ms_Interrupt
  57              		.cfi_endproc
  58              	.LFE63:
  59              		.size	isr_Timer_50ms_Start, .-isr_Timer_50ms_Start
  60              		.section	.text.isr_Timer_50ms_StartEx,"ax",%progbits
  61              		.align	2
  62              		.global	isr_Timer_50ms_StartEx
  63              		.thumb
  64              		.thumb_func
  65              		.type	isr_Timer_50ms_StartEx, %function
  66              	isr_Timer_50ms_StartEx:
  67              	.LFB64:
  86:Generated_Source\PSoC5/isr_Timer_50ms.c **** 
  87:Generated_Source\PSoC5/isr_Timer_50ms.c **** 
  88:Generated_Source\PSoC5/isr_Timer_50ms.c **** /*******************************************************************************
  89:Generated_Source\PSoC5/isr_Timer_50ms.c **** * Function Name: isr_Timer_50ms_StartEx
  90:Generated_Source\PSoC5/isr_Timer_50ms.c **** ********************************************************************************
  91:Generated_Source\PSoC5/isr_Timer_50ms.c **** *
  92:Generated_Source\PSoC5/isr_Timer_50ms.c **** * Summary:
  93:Generated_Source\PSoC5/isr_Timer_50ms.c **** *  Sets up the interrupt and enables it. This function disables the interrupt,
  94:Generated_Source\PSoC5/isr_Timer_50ms.c **** *  sets the interrupt vector based on the address passed in, sets the priority 
  95:Generated_Source\PSoC5/isr_Timer_50ms.c **** *  from the value in the Design Wide Resources Interrupt Editor, then enables 
  96:Generated_Source\PSoC5/isr_Timer_50ms.c **** *  the interrupt to the interrupt controller.
  97:Generated_Source\PSoC5/isr_Timer_50ms.c **** *  
  98:Generated_Source\PSoC5/isr_Timer_50ms.c **** *  When defining ISR functions, the CY_ISR and CY_ISR_PROTO macros should be 
  99:Generated_Source\PSoC5/isr_Timer_50ms.c **** *  used to provide consistent definition across compilers:
 100:Generated_Source\PSoC5/isr_Timer_50ms.c **** *  
 101:Generated_Source\PSoC5/isr_Timer_50ms.c **** *  Function definition example:
 102:Generated_Source\PSoC5/isr_Timer_50ms.c **** *   CY_ISR(MyISR)
 103:Generated_Source\PSoC5/isr_Timer_50ms.c **** *   {
 104:Generated_Source\PSoC5/isr_Timer_50ms.c **** *   }
ARM GAS  C:\Users\MARTHN~1\AppData\Local\Temp\ccHBdgDZ.s 			page 4


 105:Generated_Source\PSoC5/isr_Timer_50ms.c **** *   Function prototype example:
 106:Generated_Source\PSoC5/isr_Timer_50ms.c **** *   CY_ISR_PROTO(MyISR);
 107:Generated_Source\PSoC5/isr_Timer_50ms.c **** *
 108:Generated_Source\PSoC5/isr_Timer_50ms.c **** * Parameters:  
 109:Generated_Source\PSoC5/isr_Timer_50ms.c **** *   address: Address of the ISR to set in the interrupt vector table.
 110:Generated_Source\PSoC5/isr_Timer_50ms.c **** *
 111:Generated_Source\PSoC5/isr_Timer_50ms.c **** * Return:
 112:Generated_Source\PSoC5/isr_Timer_50ms.c **** *   None
 113:Generated_Source\PSoC5/isr_Timer_50ms.c **** *
 114:Generated_Source\PSoC5/isr_Timer_50ms.c **** *******************************************************************************/
 115:Generated_Source\PSoC5/isr_Timer_50ms.c **** void isr_Timer_50ms_StartEx(cyisraddress address)
 116:Generated_Source\PSoC5/isr_Timer_50ms.c **** {
  68              		.loc 1 116 0
  69              		.cfi_startproc
  70              		@ args = 0, pretend = 0, frame = 8
  71              		@ frame_needed = 1, uses_anonymous_args = 0
  72 0000 80B5     		push	{r7, lr}
  73              		.cfi_def_cfa_offset 8
  74              		.cfi_offset 7, -8
  75              		.cfi_offset 14, -4
  76 0002 82B0     		sub	sp, sp, #8
  77              		.cfi_def_cfa_offset 16
  78 0004 00AF     		add	r7, sp, #0
  79              		.cfi_def_cfa_register 7
  80 0006 7860     		str	r0, [r7, #4]
 117:Generated_Source\PSoC5/isr_Timer_50ms.c ****     /* For all we know the interrupt is active. */
 118:Generated_Source\PSoC5/isr_Timer_50ms.c ****     isr_Timer_50ms_Disable();
  81              		.loc 1 118 0
  82 0008 FFF7FEFF 		bl	isr_Timer_50ms_Disable
 119:Generated_Source\PSoC5/isr_Timer_50ms.c **** 
 120:Generated_Source\PSoC5/isr_Timer_50ms.c ****     /* Set the ISR to point to the isr_Timer_50ms Interrupt. */
 121:Generated_Source\PSoC5/isr_Timer_50ms.c ****     isr_Timer_50ms_SetVector(address);
  83              		.loc 1 121 0
  84 000c 7868     		ldr	r0, [r7, #4]
  85 000e FFF7FEFF 		bl	isr_Timer_50ms_SetVector
 122:Generated_Source\PSoC5/isr_Timer_50ms.c **** 
 123:Generated_Source\PSoC5/isr_Timer_50ms.c ****     /* Set the priority. */
 124:Generated_Source\PSoC5/isr_Timer_50ms.c ****     isr_Timer_50ms_SetPriority((uint8)isr_Timer_50ms_INTC_PRIOR_NUMBER);
  86              		.loc 1 124 0
  87 0012 0720     		movs	r0, #7
  88 0014 FFF7FEFF 		bl	isr_Timer_50ms_SetPriority
 125:Generated_Source\PSoC5/isr_Timer_50ms.c **** 
 126:Generated_Source\PSoC5/isr_Timer_50ms.c ****     /* Enable it. */
 127:Generated_Source\PSoC5/isr_Timer_50ms.c ****     isr_Timer_50ms_Enable();
  89              		.loc 1 127 0
  90 0018 FFF7FEFF 		bl	isr_Timer_50ms_Enable
 128:Generated_Source\PSoC5/isr_Timer_50ms.c **** }
  91              		.loc 1 128 0
  92 001c 00BF     		nop
  93 001e 0837     		adds	r7, r7, #8
  94              		.cfi_def_cfa_offset 8
  95 0020 BD46     		mov	sp, r7
  96              		.cfi_def_cfa_register 13
  97              		@ sp needed
  98 0022 80BD     		pop	{r7, pc}
  99              		.cfi_endproc
 100              	.LFE64:
ARM GAS  C:\Users\MARTHN~1\AppData\Local\Temp\ccHBdgDZ.s 			page 5


 101              		.size	isr_Timer_50ms_StartEx, .-isr_Timer_50ms_StartEx
 102              		.section	.text.isr_Timer_50ms_Stop,"ax",%progbits
 103              		.align	2
 104              		.global	isr_Timer_50ms_Stop
 105              		.thumb
 106              		.thumb_func
 107              		.type	isr_Timer_50ms_Stop, %function
 108              	isr_Timer_50ms_Stop:
 109              	.LFB65:
 129:Generated_Source\PSoC5/isr_Timer_50ms.c **** 
 130:Generated_Source\PSoC5/isr_Timer_50ms.c **** 
 131:Generated_Source\PSoC5/isr_Timer_50ms.c **** /*******************************************************************************
 132:Generated_Source\PSoC5/isr_Timer_50ms.c **** * Function Name: isr_Timer_50ms_Stop
 133:Generated_Source\PSoC5/isr_Timer_50ms.c **** ********************************************************************************
 134:Generated_Source\PSoC5/isr_Timer_50ms.c **** *
 135:Generated_Source\PSoC5/isr_Timer_50ms.c **** * Summary:
 136:Generated_Source\PSoC5/isr_Timer_50ms.c **** *   Disables and removes the interrupt.
 137:Generated_Source\PSoC5/isr_Timer_50ms.c **** *
 138:Generated_Source\PSoC5/isr_Timer_50ms.c **** * Parameters:  
 139:Generated_Source\PSoC5/isr_Timer_50ms.c **** *   None
 140:Generated_Source\PSoC5/isr_Timer_50ms.c **** *
 141:Generated_Source\PSoC5/isr_Timer_50ms.c **** * Return:
 142:Generated_Source\PSoC5/isr_Timer_50ms.c **** *   None
 143:Generated_Source\PSoC5/isr_Timer_50ms.c **** *
 144:Generated_Source\PSoC5/isr_Timer_50ms.c **** *******************************************************************************/
 145:Generated_Source\PSoC5/isr_Timer_50ms.c **** void isr_Timer_50ms_Stop(void)
 146:Generated_Source\PSoC5/isr_Timer_50ms.c **** {
 110              		.loc 1 146 0
 111              		.cfi_startproc
 112              		@ args = 0, pretend = 0, frame = 0
 113              		@ frame_needed = 1, uses_anonymous_args = 0
 114 0000 80B5     		push	{r7, lr}
 115              		.cfi_def_cfa_offset 8
 116              		.cfi_offset 7, -8
 117              		.cfi_offset 14, -4
 118 0002 00AF     		add	r7, sp, #0
 119              		.cfi_def_cfa_register 7
 147:Generated_Source\PSoC5/isr_Timer_50ms.c ****     /* Disable this interrupt. */
 148:Generated_Source\PSoC5/isr_Timer_50ms.c ****     isr_Timer_50ms_Disable();
 120              		.loc 1 148 0
 121 0004 FFF7FEFF 		bl	isr_Timer_50ms_Disable
 149:Generated_Source\PSoC5/isr_Timer_50ms.c **** 
 150:Generated_Source\PSoC5/isr_Timer_50ms.c ****     /* Set the ISR to point to the passive one. */
 151:Generated_Source\PSoC5/isr_Timer_50ms.c ****     isr_Timer_50ms_SetVector(&IntDefaultHandler);
 122              		.loc 1 151 0
 123 0008 0248     		ldr	r0, .L6
 124 000a FFF7FEFF 		bl	isr_Timer_50ms_SetVector
 152:Generated_Source\PSoC5/isr_Timer_50ms.c **** }
 125              		.loc 1 152 0
 126 000e 00BF     		nop
 127 0010 80BD     		pop	{r7, pc}
 128              	.L7:
 129 0012 00BF     		.align	2
 130              	.L6:
 131 0014 00000000 		.word	IntDefaultHandler
 132              		.cfi_endproc
 133              	.LFE65:
ARM GAS  C:\Users\MARTHN~1\AppData\Local\Temp\ccHBdgDZ.s 			page 6


 134              		.size	isr_Timer_50ms_Stop, .-isr_Timer_50ms_Stop
 135              		.section	.text.isr_Timer_50ms_Interrupt,"ax",%progbits
 136              		.align	2
 137              		.global	isr_Timer_50ms_Interrupt
 138              		.thumb
 139              		.thumb_func
 140              		.type	isr_Timer_50ms_Interrupt, %function
 141              	isr_Timer_50ms_Interrupt:
 142              	.LFB66:
 153:Generated_Source\PSoC5/isr_Timer_50ms.c **** 
 154:Generated_Source\PSoC5/isr_Timer_50ms.c **** 
 155:Generated_Source\PSoC5/isr_Timer_50ms.c **** /*******************************************************************************
 156:Generated_Source\PSoC5/isr_Timer_50ms.c **** * Function Name: isr_Timer_50ms_Interrupt
 157:Generated_Source\PSoC5/isr_Timer_50ms.c **** ********************************************************************************
 158:Generated_Source\PSoC5/isr_Timer_50ms.c **** *
 159:Generated_Source\PSoC5/isr_Timer_50ms.c **** * Summary:
 160:Generated_Source\PSoC5/isr_Timer_50ms.c **** *   The default Interrupt Service Routine for isr_Timer_50ms.
 161:Generated_Source\PSoC5/isr_Timer_50ms.c **** *
 162:Generated_Source\PSoC5/isr_Timer_50ms.c **** *   Add custom code between the coments to keep the next version of this file
 163:Generated_Source\PSoC5/isr_Timer_50ms.c **** *   from over writting your code.
 164:Generated_Source\PSoC5/isr_Timer_50ms.c **** *
 165:Generated_Source\PSoC5/isr_Timer_50ms.c **** * Parameters:  
 166:Generated_Source\PSoC5/isr_Timer_50ms.c **** *
 167:Generated_Source\PSoC5/isr_Timer_50ms.c **** * Return:
 168:Generated_Source\PSoC5/isr_Timer_50ms.c **** *   None
 169:Generated_Source\PSoC5/isr_Timer_50ms.c **** *
 170:Generated_Source\PSoC5/isr_Timer_50ms.c **** *******************************************************************************/
 171:Generated_Source\PSoC5/isr_Timer_50ms.c **** CY_ISR(isr_Timer_50ms_Interrupt)
 172:Generated_Source\PSoC5/isr_Timer_50ms.c **** {
 143              		.loc 1 172 0
 144              		.cfi_startproc
 145              		@ args = 0, pretend = 0, frame = 0
 146              		@ frame_needed = 1, uses_anonymous_args = 0
 147 0000 80B5     		push	{r7, lr}
 148              		.cfi_def_cfa_offset 8
 149              		.cfi_offset 7, -8
 150              		.cfi_offset 14, -4
 151 0002 00AF     		add	r7, sp, #0
 152              		.cfi_def_cfa_register 7
 173:Generated_Source\PSoC5/isr_Timer_50ms.c ****     #ifdef isr_Timer_50ms_INTERRUPT_INTERRUPT_CALLBACK
 174:Generated_Source\PSoC5/isr_Timer_50ms.c ****         isr_Timer_50ms_Interrupt_InterruptCallback();
 175:Generated_Source\PSoC5/isr_Timer_50ms.c ****     #endif /* isr_Timer_50ms_INTERRUPT_INTERRUPT_CALLBACK */ 
 176:Generated_Source\PSoC5/isr_Timer_50ms.c **** 
 177:Generated_Source\PSoC5/isr_Timer_50ms.c ****     /*  Place your Interrupt code here. */
 178:Generated_Source\PSoC5/isr_Timer_50ms.c ****     /* `#START isr_Timer_50ms_Interrupt` */
 179:Generated_Source\PSoC5/isr_Timer_50ms.c ****     
 180:Generated_Source\PSoC5/isr_Timer_50ms.c ****     
 181:Generated_Source\PSoC5/isr_Timer_50ms.c ****     
 182:Generated_Source\PSoC5/isr_Timer_50ms.c **** //    if(CurrentTest.SelectedTest == 0)
 183:Generated_Source\PSoC5/isr_Timer_50ms.c **** //        CTest_sendDiagPacket();
 184:Generated_Source\PSoC5/isr_Timer_50ms.c **** //    else if(CurrentTest.SelectedTest == 1)
 185:Generated_Source\PSoC5/isr_Timer_50ms.c **** //        RTest_sendDiagPacket();
 186:Generated_Source\PSoC5/isr_Timer_50ms.c **** //    else if(CurrentTest.SelectedTest == 2)
 187:Generated_Source\PSoC5/isr_Timer_50ms.c **** //        STest_sendDiagPacket();
 188:Generated_Source\PSoC5/isr_Timer_50ms.c ****         
 189:Generated_Source\PSoC5/isr_Timer_50ms.c ****     if(CurrentTest.SelectedTest == 0)
 153              		.loc 1 189 0
ARM GAS  C:\Users\MARTHN~1\AppData\Local\Temp\ccHBdgDZ.s 			page 7


 154 0004 254B     		ldr	r3, .L19
 155 0006 1B78     		ldrb	r3, [r3]	@ zero_extendqisi2
 156 0008 002B     		cmp	r3, #0
 157 000a 02D1     		bne	.L9
 190:Generated_Source\PSoC5/isr_Timer_50ms.c ****         CTest_50ms_isr();
 158              		.loc 1 190 0
 159 000c FFF7FEFF 		bl	CTest_50ms_isr
 160 0010 0CE0     		b	.L10
 161              	.L9:
 191:Generated_Source\PSoC5/isr_Timer_50ms.c ****     else if(CurrentTest.SelectedTest == 1)
 162              		.loc 1 191 0
 163 0012 224B     		ldr	r3, .L19
 164 0014 1B78     		ldrb	r3, [r3]	@ zero_extendqisi2
 165 0016 012B     		cmp	r3, #1
 166 0018 02D1     		bne	.L11
 192:Generated_Source\PSoC5/isr_Timer_50ms.c ****         RTest_50ms_isr();
 167              		.loc 1 192 0
 168 001a FFF7FEFF 		bl	RTest_50ms_isr
 169 001e 05E0     		b	.L10
 170              	.L11:
 193:Generated_Source\PSoC5/isr_Timer_50ms.c ****     else if(CurrentTest.SelectedTest == 2)
 171              		.loc 1 193 0
 172 0020 1E4B     		ldr	r3, .L19
 173 0022 1B78     		ldrb	r3, [r3]	@ zero_extendqisi2
 174 0024 022B     		cmp	r3, #2
 175 0026 01D1     		bne	.L10
 194:Generated_Source\PSoC5/isr_Timer_50ms.c ****         STest_50ms_isr();
 176              		.loc 1 194 0
 177 0028 FFF7FEFF 		bl	STest_50ms_isr
 178              	.L10:
 195:Generated_Source\PSoC5/isr_Timer_50ms.c ****     
 196:Generated_Source\PSoC5/isr_Timer_50ms.c ****     // *** Add LED stuff here
 197:Generated_Source\PSoC5/isr_Timer_50ms.c ****         if( (CurrentTest.Status == 'I') || (CurrentTest.Status == 'B') )
 179              		.loc 1 197 0
 180 002c 1B4B     		ldr	r3, .L19
 181 002e 9B78     		ldrb	r3, [r3, #2]	@ zero_extendqisi2
 182 0030 492B     		cmp	r3, #73
 183 0032 03D0     		beq	.L12
 184              		.loc 1 197 0 is_stmt 0 discriminator 1
 185 0034 194B     		ldr	r3, .L19
 186 0036 9B78     		ldrb	r3, [r3, #2]	@ zero_extendqisi2
 187 0038 422B     		cmp	r3, #66
 188 003a 06D1     		bne	.L13
 189              	.L12:
 198:Generated_Source\PSoC5/isr_Timer_50ms.c ****         {
 199:Generated_Source\PSoC5/isr_Timer_50ms.c ****             LED1_Write(1);
 190              		.loc 1 199 0 is_stmt 1
 191 003c 0120     		movs	r0, #1
 192 003e FFF7FEFF 		bl	LED1_Write
 200:Generated_Source\PSoC5/isr_Timer_50ms.c ****             LED2_Write(1);
 193              		.loc 1 200 0
 194 0042 0120     		movs	r0, #1
 195 0044 FFF7FEFF 		bl	LED2_Write
 201:Generated_Source\PSoC5/isr_Timer_50ms.c ****         }
 202:Generated_Source\PSoC5/isr_Timer_50ms.c ****         else if(CurrentTest.Status == 'W')
 203:Generated_Source\PSoC5/isr_Timer_50ms.c ****         {
 204:Generated_Source\PSoC5/isr_Timer_50ms.c ****             LED1_Write(1);
ARM GAS  C:\Users\MARTHN~1\AppData\Local\Temp\ccHBdgDZ.s 			page 8


 205:Generated_Source\PSoC5/isr_Timer_50ms.c ****             LED2_Write(1); 
 206:Generated_Source\PSoC5/isr_Timer_50ms.c ****         }
 207:Generated_Source\PSoC5/isr_Timer_50ms.c ****         else if(CurrentTest.Status == 'P')
 208:Generated_Source\PSoC5/isr_Timer_50ms.c ****         {
 209:Generated_Source\PSoC5/isr_Timer_50ms.c ****             LED1_Write(1);
 210:Generated_Source\PSoC5/isr_Timer_50ms.c ****             LED2_Write(0); 
 211:Generated_Source\PSoC5/isr_Timer_50ms.c ****         }
 212:Generated_Source\PSoC5/isr_Timer_50ms.c ****         else if(CurrentTest.Status == 'F')
 213:Generated_Source\PSoC5/isr_Timer_50ms.c ****         {
 214:Generated_Source\PSoC5/isr_Timer_50ms.c ****             LED1_Write(0);
 215:Generated_Source\PSoC5/isr_Timer_50ms.c ****             LED2_Write(1); 
 216:Generated_Source\PSoC5/isr_Timer_50ms.c ****         }
 217:Generated_Source\PSoC5/isr_Timer_50ms.c ****         else
 218:Generated_Source\PSoC5/isr_Timer_50ms.c ****         {
 219:Generated_Source\PSoC5/isr_Timer_50ms.c ****             LED1_Write(0);
 220:Generated_Source\PSoC5/isr_Timer_50ms.c ****             LED2_Write(0); 
 221:Generated_Source\PSoC5/isr_Timer_50ms.c ****         }
 222:Generated_Source\PSoC5/isr_Timer_50ms.c ****         
 223:Generated_Source\PSoC5/isr_Timer_50ms.c ****         
 224:Generated_Source\PSoC5/isr_Timer_50ms.c **** 
 225:Generated_Source\PSoC5/isr_Timer_50ms.c ****     /* `#END` */
 226:Generated_Source\PSoC5/isr_Timer_50ms.c **** }
 196              		.loc 1 226 0
 197 0048 26E0     		b	.L18
 198              	.L13:
 202:Generated_Source\PSoC5/isr_Timer_50ms.c ****         {
 199              		.loc 1 202 0
 200 004a 144B     		ldr	r3, .L19
 201 004c 9B78     		ldrb	r3, [r3, #2]	@ zero_extendqisi2
 202 004e 572B     		cmp	r3, #87
 203 0050 06D1     		bne	.L15
 204:Generated_Source\PSoC5/isr_Timer_50ms.c ****             LED2_Write(1); 
 204              		.loc 1 204 0
 205 0052 0120     		movs	r0, #1
 206 0054 FFF7FEFF 		bl	LED1_Write
 205:Generated_Source\PSoC5/isr_Timer_50ms.c ****         }
 207              		.loc 1 205 0
 208 0058 0120     		movs	r0, #1
 209 005a FFF7FEFF 		bl	LED2_Write
 210              		.loc 1 226 0
 211 005e 1BE0     		b	.L18
 212              	.L15:
 207:Generated_Source\PSoC5/isr_Timer_50ms.c ****         {
 213              		.loc 1 207 0
 214 0060 0E4B     		ldr	r3, .L19
 215 0062 9B78     		ldrb	r3, [r3, #2]	@ zero_extendqisi2
 216 0064 502B     		cmp	r3, #80
 217 0066 06D1     		bne	.L16
 209:Generated_Source\PSoC5/isr_Timer_50ms.c ****             LED2_Write(0); 
 218              		.loc 1 209 0
 219 0068 0120     		movs	r0, #1
 220 006a FFF7FEFF 		bl	LED1_Write
 210:Generated_Source\PSoC5/isr_Timer_50ms.c ****         }
 221              		.loc 1 210 0
 222 006e 0020     		movs	r0, #0
 223 0070 FFF7FEFF 		bl	LED2_Write
 224              		.loc 1 226 0
ARM GAS  C:\Users\MARTHN~1\AppData\Local\Temp\ccHBdgDZ.s 			page 9


 225 0074 10E0     		b	.L18
 226              	.L16:
 212:Generated_Source\PSoC5/isr_Timer_50ms.c ****         {
 227              		.loc 1 212 0
 228 0076 094B     		ldr	r3, .L19
 229 0078 9B78     		ldrb	r3, [r3, #2]	@ zero_extendqisi2
 230 007a 462B     		cmp	r3, #70
 231 007c 06D1     		bne	.L17
 214:Generated_Source\PSoC5/isr_Timer_50ms.c ****             LED2_Write(1); 
 232              		.loc 1 214 0
 233 007e 0020     		movs	r0, #0
 234 0080 FFF7FEFF 		bl	LED1_Write
 215:Generated_Source\PSoC5/isr_Timer_50ms.c ****         }
 235              		.loc 1 215 0
 236 0084 0120     		movs	r0, #1
 237 0086 FFF7FEFF 		bl	LED2_Write
 238              		.loc 1 226 0
 239 008a 05E0     		b	.L18
 240              	.L17:
 219:Generated_Source\PSoC5/isr_Timer_50ms.c ****             LED2_Write(0); 
 241              		.loc 1 219 0
 242 008c 0020     		movs	r0, #0
 243 008e FFF7FEFF 		bl	LED1_Write
 220:Generated_Source\PSoC5/isr_Timer_50ms.c ****         }
 244              		.loc 1 220 0
 245 0092 0020     		movs	r0, #0
 246 0094 FFF7FEFF 		bl	LED2_Write
 247              	.L18:
 248              		.loc 1 226 0
 249 0098 00BF     		nop
 250 009a 80BD     		pop	{r7, pc}
 251              	.L20:
 252              		.align	2
 253              	.L19:
 254 009c 00000000 		.word	CurrentTest
 255              		.cfi_endproc
 256              	.LFE66:
 257              		.size	isr_Timer_50ms_Interrupt, .-isr_Timer_50ms_Interrupt
 258              		.section	.text.isr_Timer_50ms_SetVector,"ax",%progbits
 259              		.align	2
 260              		.global	isr_Timer_50ms_SetVector
 261              		.thumb
 262              		.thumb_func
 263              		.type	isr_Timer_50ms_SetVector, %function
 264              	isr_Timer_50ms_SetVector:
 265              	.LFB67:
 227:Generated_Source\PSoC5/isr_Timer_50ms.c **** 
 228:Generated_Source\PSoC5/isr_Timer_50ms.c **** 
 229:Generated_Source\PSoC5/isr_Timer_50ms.c **** /*******************************************************************************
 230:Generated_Source\PSoC5/isr_Timer_50ms.c **** * Function Name: isr_Timer_50ms_SetVector
 231:Generated_Source\PSoC5/isr_Timer_50ms.c **** ********************************************************************************
 232:Generated_Source\PSoC5/isr_Timer_50ms.c **** *
 233:Generated_Source\PSoC5/isr_Timer_50ms.c **** * Summary:
 234:Generated_Source\PSoC5/isr_Timer_50ms.c **** *   Change the ISR vector for the Interrupt. Note calling isr_Timer_50ms_Start
 235:Generated_Source\PSoC5/isr_Timer_50ms.c **** *   will override any effect this method would have had. To set the vector 
 236:Generated_Source\PSoC5/isr_Timer_50ms.c **** *   before the component has been started use isr_Timer_50ms_StartEx instead.
 237:Generated_Source\PSoC5/isr_Timer_50ms.c **** * 
ARM GAS  C:\Users\MARTHN~1\AppData\Local\Temp\ccHBdgDZ.s 			page 10


 238:Generated_Source\PSoC5/isr_Timer_50ms.c **** *   When defining ISR functions, the CY_ISR and CY_ISR_PROTO macros should be 
 239:Generated_Source\PSoC5/isr_Timer_50ms.c **** *   used to provide consistent definition across compilers:
 240:Generated_Source\PSoC5/isr_Timer_50ms.c **** *
 241:Generated_Source\PSoC5/isr_Timer_50ms.c **** *   Function definition example:
 242:Generated_Source\PSoC5/isr_Timer_50ms.c **** *   CY_ISR(MyISR)
 243:Generated_Source\PSoC5/isr_Timer_50ms.c **** *   {
 244:Generated_Source\PSoC5/isr_Timer_50ms.c **** *   }
 245:Generated_Source\PSoC5/isr_Timer_50ms.c **** *
 246:Generated_Source\PSoC5/isr_Timer_50ms.c **** *   Function prototype example:
 247:Generated_Source\PSoC5/isr_Timer_50ms.c **** *     CY_ISR_PROTO(MyISR);
 248:Generated_Source\PSoC5/isr_Timer_50ms.c **** *
 249:Generated_Source\PSoC5/isr_Timer_50ms.c **** * Parameters:
 250:Generated_Source\PSoC5/isr_Timer_50ms.c **** *   address: Address of the ISR to set in the interrupt vector table.
 251:Generated_Source\PSoC5/isr_Timer_50ms.c **** *
 252:Generated_Source\PSoC5/isr_Timer_50ms.c **** * Return:
 253:Generated_Source\PSoC5/isr_Timer_50ms.c **** *   None
 254:Generated_Source\PSoC5/isr_Timer_50ms.c **** *
 255:Generated_Source\PSoC5/isr_Timer_50ms.c **** *******************************************************************************/
 256:Generated_Source\PSoC5/isr_Timer_50ms.c **** void isr_Timer_50ms_SetVector(cyisraddress address)
 257:Generated_Source\PSoC5/isr_Timer_50ms.c **** {
 266              		.loc 1 257 0
 267              		.cfi_startproc
 268              		@ args = 0, pretend = 0, frame = 16
 269              		@ frame_needed = 1, uses_anonymous_args = 0
 270              		@ link register save eliminated.
 271 0000 80B4     		push	{r7}
 272              		.cfi_def_cfa_offset 4
 273              		.cfi_offset 7, -4
 274 0002 85B0     		sub	sp, sp, #20
 275              		.cfi_def_cfa_offset 24
 276 0004 00AF     		add	r7, sp, #0
 277              		.cfi_def_cfa_register 7
 278 0006 7860     		str	r0, [r7, #4]
 258:Generated_Source\PSoC5/isr_Timer_50ms.c ****     cyisraddress * ramVectorTable;
 259:Generated_Source\PSoC5/isr_Timer_50ms.c **** 
 260:Generated_Source\PSoC5/isr_Timer_50ms.c ****     ramVectorTable = (cyisraddress *) *CYINT_VECT_TABLE;
 279              		.loc 1 260 0
 280 0008 054B     		ldr	r3, .L22
 281 000a 1B68     		ldr	r3, [r3]
 282 000c FB60     		str	r3, [r7, #12]
 261:Generated_Source\PSoC5/isr_Timer_50ms.c **** 
 262:Generated_Source\PSoC5/isr_Timer_50ms.c ****     ramVectorTable[CYINT_IRQ_BASE + (uint32)isr_Timer_50ms__INTC_NUMBER] = address;
 283              		.loc 1 262 0
 284 000e FB68     		ldr	r3, [r7, #12]
 285 0010 5C33     		adds	r3, r3, #92
 286 0012 7A68     		ldr	r2, [r7, #4]
 287 0014 1A60     		str	r2, [r3]
 263:Generated_Source\PSoC5/isr_Timer_50ms.c **** }
 288              		.loc 1 263 0
 289 0016 00BF     		nop
 290 0018 1437     		adds	r7, r7, #20
 291              		.cfi_def_cfa_offset 4
 292 001a BD46     		mov	sp, r7
 293              		.cfi_def_cfa_register 13
 294              		@ sp needed
 295 001c 80BC     		pop	{r7}
 296              		.cfi_restore 7
ARM GAS  C:\Users\MARTHN~1\AppData\Local\Temp\ccHBdgDZ.s 			page 11


 297              		.cfi_def_cfa_offset 0
 298 001e 7047     		bx	lr
 299              	.L23:
 300              		.align	2
 301              	.L22:
 302 0020 08ED00E0 		.word	-536810232
 303              		.cfi_endproc
 304              	.LFE67:
 305              		.size	isr_Timer_50ms_SetVector, .-isr_Timer_50ms_SetVector
 306              		.section	.text.isr_Timer_50ms_GetVector,"ax",%progbits
 307              		.align	2
 308              		.global	isr_Timer_50ms_GetVector
 309              		.thumb
 310              		.thumb_func
 311              		.type	isr_Timer_50ms_GetVector, %function
 312              	isr_Timer_50ms_GetVector:
 313              	.LFB68:
 264:Generated_Source\PSoC5/isr_Timer_50ms.c **** 
 265:Generated_Source\PSoC5/isr_Timer_50ms.c **** 
 266:Generated_Source\PSoC5/isr_Timer_50ms.c **** /*******************************************************************************
 267:Generated_Source\PSoC5/isr_Timer_50ms.c **** * Function Name: isr_Timer_50ms_GetVector
 268:Generated_Source\PSoC5/isr_Timer_50ms.c **** ********************************************************************************
 269:Generated_Source\PSoC5/isr_Timer_50ms.c **** *
 270:Generated_Source\PSoC5/isr_Timer_50ms.c **** * Summary:
 271:Generated_Source\PSoC5/isr_Timer_50ms.c **** *   Gets the "address" of the current ISR vector for the Interrupt.
 272:Generated_Source\PSoC5/isr_Timer_50ms.c **** *
 273:Generated_Source\PSoC5/isr_Timer_50ms.c **** * Parameters:
 274:Generated_Source\PSoC5/isr_Timer_50ms.c **** *   None
 275:Generated_Source\PSoC5/isr_Timer_50ms.c **** *
 276:Generated_Source\PSoC5/isr_Timer_50ms.c **** * Return:
 277:Generated_Source\PSoC5/isr_Timer_50ms.c **** *   Address of the ISR in the interrupt vector table.
 278:Generated_Source\PSoC5/isr_Timer_50ms.c **** *
 279:Generated_Source\PSoC5/isr_Timer_50ms.c **** *******************************************************************************/
 280:Generated_Source\PSoC5/isr_Timer_50ms.c **** cyisraddress isr_Timer_50ms_GetVector(void)
 281:Generated_Source\PSoC5/isr_Timer_50ms.c **** {
 314              		.loc 1 281 0
 315              		.cfi_startproc
 316              		@ args = 0, pretend = 0, frame = 8
 317              		@ frame_needed = 1, uses_anonymous_args = 0
 318              		@ link register save eliminated.
 319 0000 80B4     		push	{r7}
 320              		.cfi_def_cfa_offset 4
 321              		.cfi_offset 7, -4
 322 0002 83B0     		sub	sp, sp, #12
 323              		.cfi_def_cfa_offset 16
 324 0004 00AF     		add	r7, sp, #0
 325              		.cfi_def_cfa_register 7
 282:Generated_Source\PSoC5/isr_Timer_50ms.c ****     cyisraddress * ramVectorTable;
 283:Generated_Source\PSoC5/isr_Timer_50ms.c **** 
 284:Generated_Source\PSoC5/isr_Timer_50ms.c ****     ramVectorTable = (cyisraddress *) *CYINT_VECT_TABLE;
 326              		.loc 1 284 0
 327 0006 054B     		ldr	r3, .L26
 328 0008 1B68     		ldr	r3, [r3]
 329 000a 7B60     		str	r3, [r7, #4]
 285:Generated_Source\PSoC5/isr_Timer_50ms.c **** 
 286:Generated_Source\PSoC5/isr_Timer_50ms.c ****     return ramVectorTable[CYINT_IRQ_BASE + (uint32)isr_Timer_50ms__INTC_NUMBER];
 330              		.loc 1 286 0
ARM GAS  C:\Users\MARTHN~1\AppData\Local\Temp\ccHBdgDZ.s 			page 12


 331 000c 7B68     		ldr	r3, [r7, #4]
 332 000e DB6D     		ldr	r3, [r3, #92]
 287:Generated_Source\PSoC5/isr_Timer_50ms.c **** }
 333              		.loc 1 287 0
 334 0010 1846     		mov	r0, r3
 335 0012 0C37     		adds	r7, r7, #12
 336              		.cfi_def_cfa_offset 4
 337 0014 BD46     		mov	sp, r7
 338              		.cfi_def_cfa_register 13
 339              		@ sp needed
 340 0016 80BC     		pop	{r7}
 341              		.cfi_restore 7
 342              		.cfi_def_cfa_offset 0
 343 0018 7047     		bx	lr
 344              	.L27:
 345 001a 00BF     		.align	2
 346              	.L26:
 347 001c 08ED00E0 		.word	-536810232
 348              		.cfi_endproc
 349              	.LFE68:
 350              		.size	isr_Timer_50ms_GetVector, .-isr_Timer_50ms_GetVector
 351              		.section	.text.isr_Timer_50ms_SetPriority,"ax",%progbits
 352              		.align	2
 353              		.global	isr_Timer_50ms_SetPriority
 354              		.thumb
 355              		.thumb_func
 356              		.type	isr_Timer_50ms_SetPriority, %function
 357              	isr_Timer_50ms_SetPriority:
 358              	.LFB69:
 288:Generated_Source\PSoC5/isr_Timer_50ms.c **** 
 289:Generated_Source\PSoC5/isr_Timer_50ms.c **** 
 290:Generated_Source\PSoC5/isr_Timer_50ms.c **** /*******************************************************************************
 291:Generated_Source\PSoC5/isr_Timer_50ms.c **** * Function Name: isr_Timer_50ms_SetPriority
 292:Generated_Source\PSoC5/isr_Timer_50ms.c **** ********************************************************************************
 293:Generated_Source\PSoC5/isr_Timer_50ms.c **** *
 294:Generated_Source\PSoC5/isr_Timer_50ms.c **** * Summary:
 295:Generated_Source\PSoC5/isr_Timer_50ms.c **** *   Sets the Priority of the Interrupt. 
 296:Generated_Source\PSoC5/isr_Timer_50ms.c **** *
 297:Generated_Source\PSoC5/isr_Timer_50ms.c **** *   Note calling isr_Timer_50ms_Start or isr_Timer_50ms_StartEx will 
 298:Generated_Source\PSoC5/isr_Timer_50ms.c **** *   override any effect this API would have had. This API should only be called
 299:Generated_Source\PSoC5/isr_Timer_50ms.c **** *   after isr_Timer_50ms_Start or isr_Timer_50ms_StartEx has been called. 
 300:Generated_Source\PSoC5/isr_Timer_50ms.c **** *   To set the initial priority for the component, use the Design-Wide Resources
 301:Generated_Source\PSoC5/isr_Timer_50ms.c **** *   Interrupt Editor.
 302:Generated_Source\PSoC5/isr_Timer_50ms.c **** *
 303:Generated_Source\PSoC5/isr_Timer_50ms.c **** *   Note This API has no effect on Non-maskable interrupt NMI).
 304:Generated_Source\PSoC5/isr_Timer_50ms.c **** *
 305:Generated_Source\PSoC5/isr_Timer_50ms.c **** * Parameters:
 306:Generated_Source\PSoC5/isr_Timer_50ms.c **** *   priority: Priority of the interrupt, 0 being the highest priority
 307:Generated_Source\PSoC5/isr_Timer_50ms.c **** *             PSoC 3 and PSoC 5LP: Priority is from 0 to 7.
 308:Generated_Source\PSoC5/isr_Timer_50ms.c **** *             PSoC 4: Priority is from 0 to 3.
 309:Generated_Source\PSoC5/isr_Timer_50ms.c **** *
 310:Generated_Source\PSoC5/isr_Timer_50ms.c **** * Return:
 311:Generated_Source\PSoC5/isr_Timer_50ms.c **** *   None
 312:Generated_Source\PSoC5/isr_Timer_50ms.c **** *
 313:Generated_Source\PSoC5/isr_Timer_50ms.c **** *******************************************************************************/
 314:Generated_Source\PSoC5/isr_Timer_50ms.c **** void isr_Timer_50ms_SetPriority(uint8 priority)
 315:Generated_Source\PSoC5/isr_Timer_50ms.c **** {
ARM GAS  C:\Users\MARTHN~1\AppData\Local\Temp\ccHBdgDZ.s 			page 13


 359              		.loc 1 315 0
 360              		.cfi_startproc
 361              		@ args = 0, pretend = 0, frame = 8
 362              		@ frame_needed = 1, uses_anonymous_args = 0
 363              		@ link register save eliminated.
 364 0000 80B4     		push	{r7}
 365              		.cfi_def_cfa_offset 4
 366              		.cfi_offset 7, -4
 367 0002 83B0     		sub	sp, sp, #12
 368              		.cfi_def_cfa_offset 16
 369 0004 00AF     		add	r7, sp, #0
 370              		.cfi_def_cfa_register 7
 371 0006 0346     		mov	r3, r0
 372 0008 FB71     		strb	r3, [r7, #7]
 316:Generated_Source\PSoC5/isr_Timer_50ms.c ****     *isr_Timer_50ms_INTC_PRIOR = priority << 5;
 373              		.loc 1 316 0
 374 000a 054A     		ldr	r2, .L29
 375 000c FB79     		ldrb	r3, [r7, #7]
 376 000e 5B01     		lsls	r3, r3, #5
 377 0010 DBB2     		uxtb	r3, r3
 378 0012 1370     		strb	r3, [r2]
 317:Generated_Source\PSoC5/isr_Timer_50ms.c **** }
 379              		.loc 1 317 0
 380 0014 00BF     		nop
 381 0016 0C37     		adds	r7, r7, #12
 382              		.cfi_def_cfa_offset 4
 383 0018 BD46     		mov	sp, r7
 384              		.cfi_def_cfa_register 13
 385              		@ sp needed
 386 001a 80BC     		pop	{r7}
 387              		.cfi_restore 7
 388              		.cfi_def_cfa_offset 0
 389 001c 7047     		bx	lr
 390              	.L30:
 391 001e 00BF     		.align	2
 392              	.L29:
 393 0020 07E400E0 		.word	-536812537
 394              		.cfi_endproc
 395              	.LFE69:
 396              		.size	isr_Timer_50ms_SetPriority, .-isr_Timer_50ms_SetPriority
 397              		.section	.text.isr_Timer_50ms_GetPriority,"ax",%progbits
 398              		.align	2
 399              		.global	isr_Timer_50ms_GetPriority
 400              		.thumb
 401              		.thumb_func
 402              		.type	isr_Timer_50ms_GetPriority, %function
 403              	isr_Timer_50ms_GetPriority:
 404              	.LFB70:
 318:Generated_Source\PSoC5/isr_Timer_50ms.c **** 
 319:Generated_Source\PSoC5/isr_Timer_50ms.c **** 
 320:Generated_Source\PSoC5/isr_Timer_50ms.c **** /*******************************************************************************
 321:Generated_Source\PSoC5/isr_Timer_50ms.c **** * Function Name: isr_Timer_50ms_GetPriority
 322:Generated_Source\PSoC5/isr_Timer_50ms.c **** ********************************************************************************
 323:Generated_Source\PSoC5/isr_Timer_50ms.c **** *
 324:Generated_Source\PSoC5/isr_Timer_50ms.c **** * Summary:
 325:Generated_Source\PSoC5/isr_Timer_50ms.c **** *   Gets the Priority of the Interrupt.
 326:Generated_Source\PSoC5/isr_Timer_50ms.c **** *
ARM GAS  C:\Users\MARTHN~1\AppData\Local\Temp\ccHBdgDZ.s 			page 14


 327:Generated_Source\PSoC5/isr_Timer_50ms.c **** * Parameters:
 328:Generated_Source\PSoC5/isr_Timer_50ms.c **** *   None
 329:Generated_Source\PSoC5/isr_Timer_50ms.c **** *
 330:Generated_Source\PSoC5/isr_Timer_50ms.c **** * Return:
 331:Generated_Source\PSoC5/isr_Timer_50ms.c **** *   Priority of the interrupt, 0 being the highest priority
 332:Generated_Source\PSoC5/isr_Timer_50ms.c **** *    PSoC 3 and PSoC 5LP: Priority is from 0 to 7.
 333:Generated_Source\PSoC5/isr_Timer_50ms.c **** *    PSoC 4: Priority is from 0 to 3.
 334:Generated_Source\PSoC5/isr_Timer_50ms.c **** *
 335:Generated_Source\PSoC5/isr_Timer_50ms.c **** *******************************************************************************/
 336:Generated_Source\PSoC5/isr_Timer_50ms.c **** uint8 isr_Timer_50ms_GetPriority(void)
 337:Generated_Source\PSoC5/isr_Timer_50ms.c **** {
 405              		.loc 1 337 0
 406              		.cfi_startproc
 407              		@ args = 0, pretend = 0, frame = 8
 408              		@ frame_needed = 1, uses_anonymous_args = 0
 409              		@ link register save eliminated.
 410 0000 80B4     		push	{r7}
 411              		.cfi_def_cfa_offset 4
 412              		.cfi_offset 7, -4
 413 0002 83B0     		sub	sp, sp, #12
 414              		.cfi_def_cfa_offset 16
 415 0004 00AF     		add	r7, sp, #0
 416              		.cfi_def_cfa_register 7
 338:Generated_Source\PSoC5/isr_Timer_50ms.c ****     uint8 priority;
 339:Generated_Source\PSoC5/isr_Timer_50ms.c **** 
 340:Generated_Source\PSoC5/isr_Timer_50ms.c **** 
 341:Generated_Source\PSoC5/isr_Timer_50ms.c ****     priority = *isr_Timer_50ms_INTC_PRIOR >> 5;
 417              		.loc 1 341 0
 418 0006 054B     		ldr	r3, .L33
 419 0008 1B78     		ldrb	r3, [r3]
 420 000a DBB2     		uxtb	r3, r3
 421 000c 5B09     		lsrs	r3, r3, #5
 422 000e FB71     		strb	r3, [r7, #7]
 342:Generated_Source\PSoC5/isr_Timer_50ms.c **** 
 343:Generated_Source\PSoC5/isr_Timer_50ms.c ****     return priority;
 423              		.loc 1 343 0
 424 0010 FB79     		ldrb	r3, [r7, #7]	@ zero_extendqisi2
 344:Generated_Source\PSoC5/isr_Timer_50ms.c **** }
 425              		.loc 1 344 0
 426 0012 1846     		mov	r0, r3
 427 0014 0C37     		adds	r7, r7, #12
 428              		.cfi_def_cfa_offset 4
 429 0016 BD46     		mov	sp, r7
 430              		.cfi_def_cfa_register 13
 431              		@ sp needed
 432 0018 80BC     		pop	{r7}
 433              		.cfi_restore 7
 434              		.cfi_def_cfa_offset 0
 435 001a 7047     		bx	lr
 436              	.L34:
 437              		.align	2
 438              	.L33:
 439 001c 07E400E0 		.word	-536812537
 440              		.cfi_endproc
 441              	.LFE70:
 442              		.size	isr_Timer_50ms_GetPriority, .-isr_Timer_50ms_GetPriority
 443              		.section	.text.isr_Timer_50ms_Enable,"ax",%progbits
ARM GAS  C:\Users\MARTHN~1\AppData\Local\Temp\ccHBdgDZ.s 			page 15


 444              		.align	2
 445              		.global	isr_Timer_50ms_Enable
 446              		.thumb
 447              		.thumb_func
 448              		.type	isr_Timer_50ms_Enable, %function
 449              	isr_Timer_50ms_Enable:
 450              	.LFB71:
 345:Generated_Source\PSoC5/isr_Timer_50ms.c **** 
 346:Generated_Source\PSoC5/isr_Timer_50ms.c **** 
 347:Generated_Source\PSoC5/isr_Timer_50ms.c **** /*******************************************************************************
 348:Generated_Source\PSoC5/isr_Timer_50ms.c **** * Function Name: isr_Timer_50ms_Enable
 349:Generated_Source\PSoC5/isr_Timer_50ms.c **** ********************************************************************************
 350:Generated_Source\PSoC5/isr_Timer_50ms.c **** *
 351:Generated_Source\PSoC5/isr_Timer_50ms.c **** * Summary:
 352:Generated_Source\PSoC5/isr_Timer_50ms.c **** *   Enables the interrupt to the interrupt controller. Do not call this function
 353:Generated_Source\PSoC5/isr_Timer_50ms.c **** *   unless ISR_Start() has been called or the functionality of the ISR_Start() 
 354:Generated_Source\PSoC5/isr_Timer_50ms.c **** *   function, which sets the vector and the priority, has been called.
 355:Generated_Source\PSoC5/isr_Timer_50ms.c **** *
 356:Generated_Source\PSoC5/isr_Timer_50ms.c **** * Parameters:
 357:Generated_Source\PSoC5/isr_Timer_50ms.c **** *   None
 358:Generated_Source\PSoC5/isr_Timer_50ms.c **** *
 359:Generated_Source\PSoC5/isr_Timer_50ms.c **** * Return:
 360:Generated_Source\PSoC5/isr_Timer_50ms.c **** *   None
 361:Generated_Source\PSoC5/isr_Timer_50ms.c **** *
 362:Generated_Source\PSoC5/isr_Timer_50ms.c **** *******************************************************************************/
 363:Generated_Source\PSoC5/isr_Timer_50ms.c **** void isr_Timer_50ms_Enable(void)
 364:Generated_Source\PSoC5/isr_Timer_50ms.c **** {
 451              		.loc 1 364 0
 452              		.cfi_startproc
 453              		@ args = 0, pretend = 0, frame = 0
 454              		@ frame_needed = 1, uses_anonymous_args = 0
 455              		@ link register save eliminated.
 456 0000 80B4     		push	{r7}
 457              		.cfi_def_cfa_offset 4
 458              		.cfi_offset 7, -4
 459 0002 00AF     		add	r7, sp, #0
 460              		.cfi_def_cfa_register 7
 365:Generated_Source\PSoC5/isr_Timer_50ms.c ****     /* Enable the general interrupt. */
 366:Generated_Source\PSoC5/isr_Timer_50ms.c ****     *isr_Timer_50ms_INTC_SET_EN = isr_Timer_50ms__INTC_MASK;
 461              		.loc 1 366 0
 462 0004 034B     		ldr	r3, .L36
 463 0006 8022     		movs	r2, #128
 464 0008 1A60     		str	r2, [r3]
 367:Generated_Source\PSoC5/isr_Timer_50ms.c **** }
 465              		.loc 1 367 0
 466 000a 00BF     		nop
 467 000c BD46     		mov	sp, r7
 468              		.cfi_def_cfa_register 13
 469              		@ sp needed
 470 000e 80BC     		pop	{r7}
 471              		.cfi_restore 7
 472              		.cfi_def_cfa_offset 0
 473 0010 7047     		bx	lr
 474              	.L37:
 475 0012 00BF     		.align	2
 476              	.L36:
 477 0014 00E100E0 		.word	-536813312
ARM GAS  C:\Users\MARTHN~1\AppData\Local\Temp\ccHBdgDZ.s 			page 16


 478              		.cfi_endproc
 479              	.LFE71:
 480              		.size	isr_Timer_50ms_Enable, .-isr_Timer_50ms_Enable
 481              		.section	.text.isr_Timer_50ms_GetState,"ax",%progbits
 482              		.align	2
 483              		.global	isr_Timer_50ms_GetState
 484              		.thumb
 485              		.thumb_func
 486              		.type	isr_Timer_50ms_GetState, %function
 487              	isr_Timer_50ms_GetState:
 488              	.LFB72:
 368:Generated_Source\PSoC5/isr_Timer_50ms.c **** 
 369:Generated_Source\PSoC5/isr_Timer_50ms.c **** 
 370:Generated_Source\PSoC5/isr_Timer_50ms.c **** /*******************************************************************************
 371:Generated_Source\PSoC5/isr_Timer_50ms.c **** * Function Name: isr_Timer_50ms_GetState
 372:Generated_Source\PSoC5/isr_Timer_50ms.c **** ********************************************************************************
 373:Generated_Source\PSoC5/isr_Timer_50ms.c **** *
 374:Generated_Source\PSoC5/isr_Timer_50ms.c **** * Summary:
 375:Generated_Source\PSoC5/isr_Timer_50ms.c **** *   Gets the state (enabled, disabled) of the Interrupt.
 376:Generated_Source\PSoC5/isr_Timer_50ms.c **** *
 377:Generated_Source\PSoC5/isr_Timer_50ms.c **** * Parameters:
 378:Generated_Source\PSoC5/isr_Timer_50ms.c **** *   None
 379:Generated_Source\PSoC5/isr_Timer_50ms.c **** *
 380:Generated_Source\PSoC5/isr_Timer_50ms.c **** * Return:
 381:Generated_Source\PSoC5/isr_Timer_50ms.c **** *   1 if enabled, 0 if disabled.
 382:Generated_Source\PSoC5/isr_Timer_50ms.c **** *
 383:Generated_Source\PSoC5/isr_Timer_50ms.c **** *******************************************************************************/
 384:Generated_Source\PSoC5/isr_Timer_50ms.c **** uint8 isr_Timer_50ms_GetState(void)
 385:Generated_Source\PSoC5/isr_Timer_50ms.c **** {
 489              		.loc 1 385 0
 490              		.cfi_startproc
 491              		@ args = 0, pretend = 0, frame = 0
 492              		@ frame_needed = 1, uses_anonymous_args = 0
 493              		@ link register save eliminated.
 494 0000 80B4     		push	{r7}
 495              		.cfi_def_cfa_offset 4
 496              		.cfi_offset 7, -4
 497 0002 00AF     		add	r7, sp, #0
 498              		.cfi_def_cfa_register 7
 386:Generated_Source\PSoC5/isr_Timer_50ms.c ****     /* Get the state of the general interrupt. */
 387:Generated_Source\PSoC5/isr_Timer_50ms.c ****     return ((*isr_Timer_50ms_INTC_SET_EN & (uint32)isr_Timer_50ms__INTC_MASK) != 0u) ? 1u:0u;
 499              		.loc 1 387 0
 500 0004 064B     		ldr	r3, .L42
 501 0006 1B68     		ldr	r3, [r3]
 502 0008 03F08003 		and	r3, r3, #128
 503 000c 002B     		cmp	r3, #0
 504 000e 01D0     		beq	.L39
 505              		.loc 1 387 0 is_stmt 0 discriminator 1
 506 0010 0123     		movs	r3, #1
 507 0012 00E0     		b	.L40
 508              	.L39:
 509              		.loc 1 387 0 discriminator 2
 510 0014 0023     		movs	r3, #0
 511              	.L40:
 388:Generated_Source\PSoC5/isr_Timer_50ms.c **** }
 512              		.loc 1 388 0 is_stmt 1 discriminator 4
 513 0016 1846     		mov	r0, r3
ARM GAS  C:\Users\MARTHN~1\AppData\Local\Temp\ccHBdgDZ.s 			page 17


 514 0018 BD46     		mov	sp, r7
 515              		.cfi_def_cfa_register 13
 516              		@ sp needed
 517 001a 80BC     		pop	{r7}
 518              		.cfi_restore 7
 519              		.cfi_def_cfa_offset 0
 520 001c 7047     		bx	lr
 521              	.L43:
 522 001e 00BF     		.align	2
 523              	.L42:
 524 0020 00E100E0 		.word	-536813312
 525              		.cfi_endproc
 526              	.LFE72:
 527              		.size	isr_Timer_50ms_GetState, .-isr_Timer_50ms_GetState
 528              		.section	.text.isr_Timer_50ms_Disable,"ax",%progbits
 529              		.align	2
 530              		.global	isr_Timer_50ms_Disable
 531              		.thumb
 532              		.thumb_func
 533              		.type	isr_Timer_50ms_Disable, %function
 534              	isr_Timer_50ms_Disable:
 535              	.LFB73:
 389:Generated_Source\PSoC5/isr_Timer_50ms.c **** 
 390:Generated_Source\PSoC5/isr_Timer_50ms.c **** 
 391:Generated_Source\PSoC5/isr_Timer_50ms.c **** /*******************************************************************************
 392:Generated_Source\PSoC5/isr_Timer_50ms.c **** * Function Name: isr_Timer_50ms_Disable
 393:Generated_Source\PSoC5/isr_Timer_50ms.c **** ********************************************************************************
 394:Generated_Source\PSoC5/isr_Timer_50ms.c **** *
 395:Generated_Source\PSoC5/isr_Timer_50ms.c **** * Summary:
 396:Generated_Source\PSoC5/isr_Timer_50ms.c **** *   Disables the Interrupt in the interrupt controller.
 397:Generated_Source\PSoC5/isr_Timer_50ms.c **** *
 398:Generated_Source\PSoC5/isr_Timer_50ms.c **** * Parameters:
 399:Generated_Source\PSoC5/isr_Timer_50ms.c **** *   None
 400:Generated_Source\PSoC5/isr_Timer_50ms.c **** *
 401:Generated_Source\PSoC5/isr_Timer_50ms.c **** * Return:
 402:Generated_Source\PSoC5/isr_Timer_50ms.c **** *   None
 403:Generated_Source\PSoC5/isr_Timer_50ms.c **** *
 404:Generated_Source\PSoC5/isr_Timer_50ms.c **** *******************************************************************************/
 405:Generated_Source\PSoC5/isr_Timer_50ms.c **** void isr_Timer_50ms_Disable(void)
 406:Generated_Source\PSoC5/isr_Timer_50ms.c **** {
 536              		.loc 1 406 0
 537              		.cfi_startproc
 538              		@ args = 0, pretend = 0, frame = 0
 539              		@ frame_needed = 1, uses_anonymous_args = 0
 540              		@ link register save eliminated.
 541 0000 80B4     		push	{r7}
 542              		.cfi_def_cfa_offset 4
 543              		.cfi_offset 7, -4
 544 0002 00AF     		add	r7, sp, #0
 545              		.cfi_def_cfa_register 7
 407:Generated_Source\PSoC5/isr_Timer_50ms.c ****     /* Disable the general interrupt. */
 408:Generated_Source\PSoC5/isr_Timer_50ms.c ****     *isr_Timer_50ms_INTC_CLR_EN = isr_Timer_50ms__INTC_MASK;
 546              		.loc 1 408 0
 547 0004 034B     		ldr	r3, .L45
 548 0006 8022     		movs	r2, #128
 549 0008 1A60     		str	r2, [r3]
 409:Generated_Source\PSoC5/isr_Timer_50ms.c **** }
ARM GAS  C:\Users\MARTHN~1\AppData\Local\Temp\ccHBdgDZ.s 			page 18


 550              		.loc 1 409 0
 551 000a 00BF     		nop
 552 000c BD46     		mov	sp, r7
 553              		.cfi_def_cfa_register 13
 554              		@ sp needed
 555 000e 80BC     		pop	{r7}
 556              		.cfi_restore 7
 557              		.cfi_def_cfa_offset 0
 558 0010 7047     		bx	lr
 559              	.L46:
 560 0012 00BF     		.align	2
 561              	.L45:
 562 0014 80E100E0 		.word	-536813184
 563              		.cfi_endproc
 564              	.LFE73:
 565              		.size	isr_Timer_50ms_Disable, .-isr_Timer_50ms_Disable
 566              		.section	.text.isr_Timer_50ms_SetPending,"ax",%progbits
 567              		.align	2
 568              		.global	isr_Timer_50ms_SetPending
 569              		.thumb
 570              		.thumb_func
 571              		.type	isr_Timer_50ms_SetPending, %function
 572              	isr_Timer_50ms_SetPending:
 573              	.LFB74:
 410:Generated_Source\PSoC5/isr_Timer_50ms.c **** 
 411:Generated_Source\PSoC5/isr_Timer_50ms.c **** 
 412:Generated_Source\PSoC5/isr_Timer_50ms.c **** /*******************************************************************************
 413:Generated_Source\PSoC5/isr_Timer_50ms.c **** * Function Name: isr_Timer_50ms_SetPending
 414:Generated_Source\PSoC5/isr_Timer_50ms.c **** ********************************************************************************
 415:Generated_Source\PSoC5/isr_Timer_50ms.c **** *
 416:Generated_Source\PSoC5/isr_Timer_50ms.c **** * Summary:
 417:Generated_Source\PSoC5/isr_Timer_50ms.c **** *   Causes the Interrupt to enter the pending state, a software method of
 418:Generated_Source\PSoC5/isr_Timer_50ms.c **** *   generating the interrupt.
 419:Generated_Source\PSoC5/isr_Timer_50ms.c **** *
 420:Generated_Source\PSoC5/isr_Timer_50ms.c **** * Parameters:
 421:Generated_Source\PSoC5/isr_Timer_50ms.c **** *   None
 422:Generated_Source\PSoC5/isr_Timer_50ms.c **** *
 423:Generated_Source\PSoC5/isr_Timer_50ms.c **** * Return:
 424:Generated_Source\PSoC5/isr_Timer_50ms.c **** *   None
 425:Generated_Source\PSoC5/isr_Timer_50ms.c **** *
 426:Generated_Source\PSoC5/isr_Timer_50ms.c **** * Side Effects:
 427:Generated_Source\PSoC5/isr_Timer_50ms.c **** *   If interrupts are enabled and the interrupt is set up properly, the ISR is
 428:Generated_Source\PSoC5/isr_Timer_50ms.c **** *   entered (depending on the priority of this interrupt and other pending 
 429:Generated_Source\PSoC5/isr_Timer_50ms.c **** *   interrupts).
 430:Generated_Source\PSoC5/isr_Timer_50ms.c **** *
 431:Generated_Source\PSoC5/isr_Timer_50ms.c **** *******************************************************************************/
 432:Generated_Source\PSoC5/isr_Timer_50ms.c **** void isr_Timer_50ms_SetPending(void)
 433:Generated_Source\PSoC5/isr_Timer_50ms.c **** {
 574              		.loc 1 433 0
 575              		.cfi_startproc
 576              		@ args = 0, pretend = 0, frame = 0
 577              		@ frame_needed = 1, uses_anonymous_args = 0
 578              		@ link register save eliminated.
 579 0000 80B4     		push	{r7}
 580              		.cfi_def_cfa_offset 4
 581              		.cfi_offset 7, -4
 582 0002 00AF     		add	r7, sp, #0
ARM GAS  C:\Users\MARTHN~1\AppData\Local\Temp\ccHBdgDZ.s 			page 19


 583              		.cfi_def_cfa_register 7
 434:Generated_Source\PSoC5/isr_Timer_50ms.c ****     *isr_Timer_50ms_INTC_SET_PD = isr_Timer_50ms__INTC_MASK;
 584              		.loc 1 434 0
 585 0004 034B     		ldr	r3, .L48
 586 0006 8022     		movs	r2, #128
 587 0008 1A60     		str	r2, [r3]
 435:Generated_Source\PSoC5/isr_Timer_50ms.c **** }
 588              		.loc 1 435 0
 589 000a 00BF     		nop
 590 000c BD46     		mov	sp, r7
 591              		.cfi_def_cfa_register 13
 592              		@ sp needed
 593 000e 80BC     		pop	{r7}
 594              		.cfi_restore 7
 595              		.cfi_def_cfa_offset 0
 596 0010 7047     		bx	lr
 597              	.L49:
 598 0012 00BF     		.align	2
 599              	.L48:
 600 0014 00E200E0 		.word	-536813056
 601              		.cfi_endproc
 602              	.LFE74:
 603              		.size	isr_Timer_50ms_SetPending, .-isr_Timer_50ms_SetPending
 604              		.section	.text.isr_Timer_50ms_ClearPending,"ax",%progbits
 605              		.align	2
 606              		.global	isr_Timer_50ms_ClearPending
 607              		.thumb
 608              		.thumb_func
 609              		.type	isr_Timer_50ms_ClearPending, %function
 610              	isr_Timer_50ms_ClearPending:
 611              	.LFB75:
 436:Generated_Source\PSoC5/isr_Timer_50ms.c **** 
 437:Generated_Source\PSoC5/isr_Timer_50ms.c **** 
 438:Generated_Source\PSoC5/isr_Timer_50ms.c **** /*******************************************************************************
 439:Generated_Source\PSoC5/isr_Timer_50ms.c **** * Function Name: isr_Timer_50ms_ClearPending
 440:Generated_Source\PSoC5/isr_Timer_50ms.c **** ********************************************************************************
 441:Generated_Source\PSoC5/isr_Timer_50ms.c **** *
 442:Generated_Source\PSoC5/isr_Timer_50ms.c **** * Summary:
 443:Generated_Source\PSoC5/isr_Timer_50ms.c **** *   Clears a pending interrupt in the interrupt controller.
 444:Generated_Source\PSoC5/isr_Timer_50ms.c **** *
 445:Generated_Source\PSoC5/isr_Timer_50ms.c **** *   Note Some interrupt sources are clear-on-read and require the block 
 446:Generated_Source\PSoC5/isr_Timer_50ms.c **** *   interrupt/status register to be read/cleared with the appropriate block API 
 447:Generated_Source\PSoC5/isr_Timer_50ms.c **** *   (GPIO, UART, and so on). Otherwise the ISR will continue to remain in 
 448:Generated_Source\PSoC5/isr_Timer_50ms.c **** *   pending state even though the interrupt itself is cleared using this API.
 449:Generated_Source\PSoC5/isr_Timer_50ms.c **** *
 450:Generated_Source\PSoC5/isr_Timer_50ms.c **** * Parameters:
 451:Generated_Source\PSoC5/isr_Timer_50ms.c **** *   None
 452:Generated_Source\PSoC5/isr_Timer_50ms.c **** *
 453:Generated_Source\PSoC5/isr_Timer_50ms.c **** * Return:
 454:Generated_Source\PSoC5/isr_Timer_50ms.c **** *   None
 455:Generated_Source\PSoC5/isr_Timer_50ms.c **** *
 456:Generated_Source\PSoC5/isr_Timer_50ms.c **** *******************************************************************************/
 457:Generated_Source\PSoC5/isr_Timer_50ms.c **** void isr_Timer_50ms_ClearPending(void)
 458:Generated_Source\PSoC5/isr_Timer_50ms.c **** {
 612              		.loc 1 458 0
 613              		.cfi_startproc
 614              		@ args = 0, pretend = 0, frame = 0
ARM GAS  C:\Users\MARTHN~1\AppData\Local\Temp\ccHBdgDZ.s 			page 20


 615              		@ frame_needed = 1, uses_anonymous_args = 0
 616              		@ link register save eliminated.
 617 0000 80B4     		push	{r7}
 618              		.cfi_def_cfa_offset 4
 619              		.cfi_offset 7, -4
 620 0002 00AF     		add	r7, sp, #0
 621              		.cfi_def_cfa_register 7
 459:Generated_Source\PSoC5/isr_Timer_50ms.c ****     *isr_Timer_50ms_INTC_CLR_PD = isr_Timer_50ms__INTC_MASK;
 622              		.loc 1 459 0
 623 0004 034B     		ldr	r3, .L51
 624 0006 8022     		movs	r2, #128
 625 0008 1A60     		str	r2, [r3]
 460:Generated_Source\PSoC5/isr_Timer_50ms.c **** }
 626              		.loc 1 460 0
 627 000a 00BF     		nop
 628 000c BD46     		mov	sp, r7
 629              		.cfi_def_cfa_register 13
 630              		@ sp needed
 631 000e 80BC     		pop	{r7}
 632              		.cfi_restore 7
 633              		.cfi_def_cfa_offset 0
 634 0010 7047     		bx	lr
 635              	.L52:
 636 0012 00BF     		.align	2
 637              	.L51:
 638 0014 80E200E0 		.word	-536812928
 639              		.cfi_endproc
 640              	.LFE75:
 641              		.size	isr_Timer_50ms_ClearPending, .-isr_Timer_50ms_ClearPending
 642              		.text
 643              	.Letext0:
 644              		.file 2 "c:\\program files (x86)\\cypress\\psoc creator\\4.3\\psoc creator\\import\\gnu\\arm\\5.4.
 645              		.file 3 "c:\\program files (x86)\\cypress\\psoc creator\\4.3\\psoc creator\\import\\gnu\\arm\\5.4.
 646              		.file 4 "Generated_Source\\PSoC5/cytypes.h"
 647              		.file 5 "./CommonVariables.h"
 648              		.file 6 "Generated_Source\\PSoC5/core_cm3.h"
 649              		.section	.debug_info,"",%progbits
 650              	.Ldebug_info0:
 651 0000 C7020000 		.4byte	0x2c7
 652 0004 0400     		.2byte	0x4
 653 0006 00000000 		.4byte	.Ldebug_abbrev0
 654 000a 04       		.byte	0x4
 655 000b 01       		.uleb128 0x1
 656 000c 3D000000 		.4byte	.LASF43
 657 0010 0C       		.byte	0xc
 658 0011 AD020000 		.4byte	.LASF44
 659 0015 C8010000 		.4byte	.LASF45
 660 0019 00000000 		.4byte	.Ldebug_ranges0+0
 661 001d 00000000 		.4byte	0
 662 0021 00000000 		.4byte	.Ldebug_line0
 663 0025 02       		.uleb128 0x2
 664 0026 04       		.byte	0x4
 665 0027 05       		.byte	0x5
 666 0028 696E7400 		.ascii	"int\000"
 667 002c 03       		.uleb128 0x3
 668 002d 04       		.byte	0x4
 669 002e 07       		.byte	0x7
ARM GAS  C:\Users\MARTHN~1\AppData\Local\Temp\ccHBdgDZ.s 			page 21


 670 002f 4A020000 		.4byte	.LASF0
 671 0033 03       		.uleb128 0x3
 672 0034 08       		.byte	0x8
 673 0035 05       		.byte	0x5
 674 0036 D5020000 		.4byte	.LASF1
 675 003a 03       		.uleb128 0x3
 676 003b 08       		.byte	0x8
 677 003c 04       		.byte	0x4
 678 003d 62030000 		.4byte	.LASF2
 679 0041 03       		.uleb128 0x3
 680 0042 01       		.byte	0x1
 681 0043 06       		.byte	0x6
 682 0044 6E030000 		.4byte	.LASF3
 683 0048 03       		.uleb128 0x3
 684 0049 01       		.byte	0x1
 685 004a 08       		.byte	0x8
 686 004b 84010000 		.4byte	.LASF4
 687 004f 03       		.uleb128 0x3
 688 0050 02       		.byte	0x2
 689 0051 05       		.byte	0x5
 690 0052 21030000 		.4byte	.LASF5
 691 0056 03       		.uleb128 0x3
 692 0057 02       		.byte	0x2
 693 0058 07       		.byte	0x7
 694 0059 B5010000 		.4byte	.LASF6
 695 005d 04       		.uleb128 0x4
 696 005e FA000000 		.4byte	.LASF12
 697 0062 02       		.byte	0x2
 698 0063 3F       		.byte	0x3f
 699 0064 68000000 		.4byte	0x68
 700 0068 03       		.uleb128 0x3
 701 0069 04       		.byte	0x4
 702 006a 05       		.byte	0x5
 703 006b 45030000 		.4byte	.LASF7
 704 006f 03       		.uleb128 0x3
 705 0070 04       		.byte	0x4
 706 0071 07       		.byte	0x7
 707 0072 97010000 		.4byte	.LASF8
 708 0076 03       		.uleb128 0x3
 709 0077 08       		.byte	0x8
 710 0078 07       		.byte	0x7
 711 0079 5F020000 		.4byte	.LASF9
 712 007d 03       		.uleb128 0x3
 713 007e 04       		.byte	0x4
 714 007f 07       		.byte	0x7
 715 0080 A4020000 		.4byte	.LASF10
 716 0084 03       		.uleb128 0x3
 717 0085 01       		.byte	0x1
 718 0086 08       		.byte	0x8
 719 0087 FE020000 		.4byte	.LASF11
 720 008b 05       		.uleb128 0x5
 721 008c 04       		.byte	0x4
 722 008d 91000000 		.4byte	0x91
 723 0091 06       		.uleb128 0x6
 724 0092 04       		.uleb128 0x4
 725 0093 9C020000 		.4byte	.LASF13
 726 0097 03       		.byte	0x3
ARM GAS  C:\Users\MARTHN~1\AppData\Local\Temp\ccHBdgDZ.s 			page 22


 727 0098 2C       		.byte	0x2c
 728 0099 5D000000 		.4byte	0x5d
 729 009d 07       		.uleb128 0x7
 730 009e 2B030000 		.4byte	.LASF14
 731 00a2 04       		.byte	0x4
 732 00a3 E401     		.2byte	0x1e4
 733 00a5 48000000 		.4byte	0x48
 734 00a9 07       		.uleb128 0x7
 735 00aa 43020000 		.4byte	.LASF15
 736 00ae 04       		.byte	0x4
 737 00af E601     		.2byte	0x1e6
 738 00b1 6F000000 		.4byte	0x6f
 739 00b5 03       		.uleb128 0x3
 740 00b6 04       		.byte	0x4
 741 00b7 04       		.byte	0x4
 742 00b8 65010000 		.4byte	.LASF16
 743 00bc 03       		.uleb128 0x3
 744 00bd 08       		.byte	0x8
 745 00be 04       		.byte	0x4
 746 00bf 19020000 		.4byte	.LASF17
 747 00c3 07       		.uleb128 0x7
 748 00c4 92010000 		.4byte	.LASF18
 749 00c8 04       		.byte	0x4
 750 00c9 8E02     		.2byte	0x28e
 751 00cb CF000000 		.4byte	0xcf
 752 00cf 08       		.uleb128 0x8
 753 00d0 9D000000 		.4byte	0x9d
 754 00d4 07       		.uleb128 0x7
 755 00d5 1B000000 		.4byte	.LASF19
 756 00d9 04       		.byte	0x4
 757 00da 9002     		.2byte	0x290
 758 00dc E0000000 		.4byte	0xe0
 759 00e0 08       		.uleb128 0x8
 760 00e1 A9000000 		.4byte	0xa9
 761 00e5 07       		.uleb128 0x7
 762 00e6 76020000 		.4byte	.LASF20
 763 00ea 04       		.byte	0x4
 764 00eb A002     		.2byte	0x2a0
 765 00ed 8B000000 		.4byte	0x8b
 766 00f1 09       		.uleb128 0x9
 767 00f2 53030000 		.4byte	.LASF46
 768 00f6 03       		.byte	0x3
 769 00f7 05       		.byte	0x5
 770 00f8 10       		.byte	0x10
 771 00f9 22010000 		.4byte	0x122
 772 00fd 0A       		.uleb128 0xa
 773 00fe 58010000 		.4byte	.LASF21
 774 0102 05       		.byte	0x5
 775 0103 12       		.byte	0x12
 776 0104 9D000000 		.4byte	0x9d
 777 0108 00       		.byte	0
 778 0109 0A       		.uleb128 0xa
 779 010a 20010000 		.4byte	.LASF22
 780 010e 05       		.byte	0x5
 781 010f 13       		.byte	0x13
 782 0110 9D000000 		.4byte	0x9d
 783 0114 01       		.byte	0x1
ARM GAS  C:\Users\MARTHN~1\AppData\Local\Temp\ccHBdgDZ.s 			page 23


 784 0115 0A       		.uleb128 0xa
 785 0116 04010000 		.4byte	.LASF23
 786 011a 05       		.byte	0x5
 787 011b 14       		.byte	0x14
 788 011c 9D000000 		.4byte	0x9d
 789 0120 02       		.byte	0x2
 790 0121 00       		.byte	0
 791 0122 04       		.uleb128 0x4
 792 0123 12030000 		.4byte	.LASF24
 793 0127 05       		.byte	0x5
 794 0128 18       		.byte	0x18
 795 0129 F1000000 		.4byte	0xf1
 796 012d 0B       		.uleb128 0xb
 797 012e 0B010000 		.4byte	.LASF25
 798 0132 01       		.byte	0x1
 799 0133 48       		.byte	0x48
 800 0134 00000000 		.4byte	.LFB63
 801 0138 20000000 		.4byte	.LFE63-.LFB63
 802 013c 01       		.uleb128 0x1
 803 013d 9C       		.byte	0x9c
 804 013e 0C       		.uleb128 0xc
 805 013f 7A030000 		.4byte	.LASF28
 806 0143 01       		.byte	0x1
 807 0144 73       		.byte	0x73
 808 0145 00000000 		.4byte	.LFB64
 809 0149 24000000 		.4byte	.LFE64-.LFB64
 810 014d 01       		.uleb128 0x1
 811 014e 9C       		.byte	0x9c
 812 014f 62010000 		.4byte	0x162
 813 0153 0D       		.uleb128 0xd
 814 0154 57020000 		.4byte	.LASF30
 815 0158 01       		.byte	0x1
 816 0159 73       		.byte	0x73
 817 015a E5000000 		.4byte	0xe5
 818 015e 02       		.uleb128 0x2
 819 015f 91       		.byte	0x91
 820 0160 74       		.sleb128 -12
 821 0161 00       		.byte	0
 822 0162 0B       		.uleb128 0xb
 823 0163 31030000 		.4byte	.LASF26
 824 0167 01       		.byte	0x1
 825 0168 91       		.byte	0x91
 826 0169 00000000 		.4byte	.LFB65
 827 016d 18000000 		.4byte	.LFE65-.LFB65
 828 0171 01       		.uleb128 0x1
 829 0172 9C       		.byte	0x9c
 830 0173 0B       		.uleb128 0xb
 831 0174 83020000 		.4byte	.LASF27
 832 0178 01       		.byte	0x1
 833 0179 AB       		.byte	0xab
 834 017a 00000000 		.4byte	.LFB66
 835 017e A0000000 		.4byte	.LFE66-.LFB66
 836 0182 01       		.uleb128 0x1
 837 0183 9C       		.byte	0x9c
 838 0184 0E       		.uleb128 0xe
 839 0185 6B010000 		.4byte	.LASF29
 840 0189 01       		.byte	0x1
ARM GAS  C:\Users\MARTHN~1\AppData\Local\Temp\ccHBdgDZ.s 			page 24


 841 018a 0001     		.2byte	0x100
 842 018c 00000000 		.4byte	.LFB67
 843 0190 24000000 		.4byte	.LFE67-.LFB67
 844 0194 01       		.uleb128 0x1
 845 0195 9C       		.byte	0x9c
 846 0196 B9010000 		.4byte	0x1b9
 847 019a 0F       		.uleb128 0xf
 848 019b 57020000 		.4byte	.LASF30
 849 019f 01       		.byte	0x1
 850 01a0 0001     		.2byte	0x100
 851 01a2 E5000000 		.4byte	0xe5
 852 01a6 02       		.uleb128 0x2
 853 01a7 91       		.byte	0x91
 854 01a8 6C       		.sleb128 -20
 855 01a9 10       		.uleb128 0x10
 856 01aa 03030000 		.4byte	.LASF31
 857 01ae 01       		.byte	0x1
 858 01af 0201     		.2byte	0x102
 859 01b1 B9010000 		.4byte	0x1b9
 860 01b5 02       		.uleb128 0x2
 861 01b6 91       		.byte	0x91
 862 01b7 74       		.sleb128 -12
 863 01b8 00       		.byte	0
 864 01b9 05       		.uleb128 0x5
 865 01ba 04       		.byte	0x4
 866 01bb E5000000 		.4byte	0xe5
 867 01bf 11       		.uleb128 0x11
 868 01c0 3F010000 		.4byte	.LASF34
 869 01c4 01       		.byte	0x1
 870 01c5 1801     		.2byte	0x118
 871 01c7 E5000000 		.4byte	0xe5
 872 01cb 00000000 		.4byte	.LFB68
 873 01cf 20000000 		.4byte	.LFE68-.LFB68
 874 01d3 01       		.uleb128 0x1
 875 01d4 9C       		.byte	0x9c
 876 01d5 E9010000 		.4byte	0x1e9
 877 01d9 10       		.uleb128 0x10
 878 01da 03030000 		.4byte	.LASF31
 879 01de 01       		.byte	0x1
 880 01df 1A01     		.2byte	0x11a
 881 01e1 B9010000 		.4byte	0x1b9
 882 01e5 02       		.uleb128 0x2
 883 01e6 91       		.byte	0x91
 884 01e7 74       		.sleb128 -12
 885 01e8 00       		.byte	0
 886 01e9 0E       		.uleb128 0xe
 887 01ea 00000000 		.4byte	.LASF32
 888 01ee 01       		.byte	0x1
 889 01ef 3A01     		.2byte	0x13a
 890 01f1 00000000 		.4byte	.LFB69
 891 01f5 24000000 		.4byte	.LFE69-.LFB69
 892 01f9 01       		.uleb128 0x1
 893 01fa 9C       		.byte	0x9c
 894 01fb 0F020000 		.4byte	0x20f
 895 01ff 0F       		.uleb128 0xf
 896 0200 20020000 		.4byte	.LASF33
 897 0204 01       		.byte	0x1
ARM GAS  C:\Users\MARTHN~1\AppData\Local\Temp\ccHBdgDZ.s 			page 25


 898 0205 3A01     		.2byte	0x13a
 899 0207 9D000000 		.4byte	0x9d
 900 020b 02       		.uleb128 0x2
 901 020c 91       		.byte	0x91
 902 020d 77       		.sleb128 -9
 903 020e 00       		.byte	0
 904 020f 11       		.uleb128 0x11
 905 0210 E3020000 		.4byte	.LASF35
 906 0214 01       		.byte	0x1
 907 0215 5001     		.2byte	0x150
 908 0217 9D000000 		.4byte	0x9d
 909 021b 00000000 		.4byte	.LFB70
 910 021f 20000000 		.4byte	.LFE70-.LFB70
 911 0223 01       		.uleb128 0x1
 912 0224 9C       		.byte	0x9c
 913 0225 39020000 		.4byte	0x239
 914 0229 10       		.uleb128 0x10
 915 022a 20020000 		.4byte	.LASF33
 916 022e 01       		.byte	0x1
 917 022f 5201     		.2byte	0x152
 918 0231 9D000000 		.4byte	0x9d
 919 0235 02       		.uleb128 0x2
 920 0236 91       		.byte	0x91
 921 0237 77       		.sleb128 -9
 922 0238 00       		.byte	0
 923 0239 12       		.uleb128 0x12
 924 023a 29010000 		.4byte	.LASF36
 925 023e 01       		.byte	0x1
 926 023f 6B01     		.2byte	0x16b
 927 0241 00000000 		.4byte	.LFB71
 928 0245 18000000 		.4byte	.LFE71-.LFB71
 929 0249 01       		.uleb128 0x1
 930 024a 9C       		.byte	0x9c
 931 024b 13       		.uleb128 0x13
 932 024c E2000000 		.4byte	.LASF47
 933 0250 01       		.byte	0x1
 934 0251 8001     		.2byte	0x180
 935 0253 9D000000 		.4byte	0x9d
 936 0257 00000000 		.4byte	.LFB72
 937 025b 24000000 		.4byte	.LFE72-.LFB72
 938 025f 01       		.uleb128 0x1
 939 0260 9C       		.byte	0x9c
 940 0261 12       		.uleb128 0x12
 941 0262 CB000000 		.4byte	.LASF37
 942 0266 01       		.byte	0x1
 943 0267 9501     		.2byte	0x195
 944 0269 00000000 		.4byte	.LFB73
 945 026d 18000000 		.4byte	.LFE73-.LFB73
 946 0271 01       		.uleb128 0x1
 947 0272 9C       		.byte	0x9c
 948 0273 12       		.uleb128 0x12
 949 0274 29020000 		.4byte	.LASF38
 950 0278 01       		.byte	0x1
 951 0279 B001     		.2byte	0x1b0
 952 027b 00000000 		.4byte	.LFB74
 953 027f 18000000 		.4byte	.LFE74-.LFB74
 954 0283 01       		.uleb128 0x1
ARM GAS  C:\Users\MARTHN~1\AppData\Local\Temp\ccHBdgDZ.s 			page 26


 955 0284 9C       		.byte	0x9c
 956 0285 12       		.uleb128 0x12
 957 0286 21000000 		.4byte	.LASF39
 958 028a 01       		.byte	0x1
 959 028b C901     		.2byte	0x1c9
 960 028d 00000000 		.4byte	.LFB75
 961 0291 18000000 		.4byte	.LFE75-.LFB75
 962 0295 01       		.uleb128 0x1
 963 0296 9C       		.byte	0x9c
 964 0297 14       		.uleb128 0x14
 965 0298 0C020000 		.4byte	.LASF40
 966 029c 06       		.byte	0x6
 967 029d 1207     		.2byte	0x712
 968 029f A3020000 		.4byte	0x2a3
 969 02a3 08       		.uleb128 0x8
 970 02a4 92000000 		.4byte	0x92
 971 02a8 15       		.uleb128 0x15
 972 02a9 4E030000 		.4byte	.LASF41
 973 02ad 05       		.byte	0x5
 974 02ae 16       		.byte	0x16
 975 02af F1000000 		.4byte	0xf1
 976 02b3 05       		.uleb128 0x5
 977 02b4 03       		.byte	0x3
 978 02b5 00000000 		.4byte	Test
 979 02b9 15       		.uleb128 0x15
 980 02ba A9010000 		.4byte	.LASF42
 981 02be 01       		.byte	0x1
 982 02bf 28       		.byte	0x28
 983 02c0 22010000 		.4byte	0x122
 984 02c4 05       		.uleb128 0x5
 985 02c5 03       		.byte	0x3
 986 02c6 00000000 		.4byte	CurrentTest
 987 02ca 00       		.byte	0
 988              		.section	.debug_abbrev,"",%progbits
 989              	.Ldebug_abbrev0:
 990 0000 01       		.uleb128 0x1
 991 0001 11       		.uleb128 0x11
 992 0002 01       		.byte	0x1
 993 0003 25       		.uleb128 0x25
 994 0004 0E       		.uleb128 0xe
 995 0005 13       		.uleb128 0x13
 996 0006 0B       		.uleb128 0xb
 997 0007 03       		.uleb128 0x3
 998 0008 0E       		.uleb128 0xe
 999 0009 1B       		.uleb128 0x1b
 1000 000a 0E       		.uleb128 0xe
 1001 000b 55       		.uleb128 0x55
 1002 000c 17       		.uleb128 0x17
 1003 000d 11       		.uleb128 0x11
 1004 000e 01       		.uleb128 0x1
 1005 000f 10       		.uleb128 0x10
 1006 0010 17       		.uleb128 0x17
 1007 0011 00       		.byte	0
 1008 0012 00       		.byte	0
 1009 0013 02       		.uleb128 0x2
 1010 0014 24       		.uleb128 0x24
 1011 0015 00       		.byte	0
ARM GAS  C:\Users\MARTHN~1\AppData\Local\Temp\ccHBdgDZ.s 			page 27


 1012 0016 0B       		.uleb128 0xb
 1013 0017 0B       		.uleb128 0xb
 1014 0018 3E       		.uleb128 0x3e
 1015 0019 0B       		.uleb128 0xb
 1016 001a 03       		.uleb128 0x3
 1017 001b 08       		.uleb128 0x8
 1018 001c 00       		.byte	0
 1019 001d 00       		.byte	0
 1020 001e 03       		.uleb128 0x3
 1021 001f 24       		.uleb128 0x24
 1022 0020 00       		.byte	0
 1023 0021 0B       		.uleb128 0xb
 1024 0022 0B       		.uleb128 0xb
 1025 0023 3E       		.uleb128 0x3e
 1026 0024 0B       		.uleb128 0xb
 1027 0025 03       		.uleb128 0x3
 1028 0026 0E       		.uleb128 0xe
 1029 0027 00       		.byte	0
 1030 0028 00       		.byte	0
 1031 0029 04       		.uleb128 0x4
 1032 002a 16       		.uleb128 0x16
 1033 002b 00       		.byte	0
 1034 002c 03       		.uleb128 0x3
 1035 002d 0E       		.uleb128 0xe
 1036 002e 3A       		.uleb128 0x3a
 1037 002f 0B       		.uleb128 0xb
 1038 0030 3B       		.uleb128 0x3b
 1039 0031 0B       		.uleb128 0xb
 1040 0032 49       		.uleb128 0x49
 1041 0033 13       		.uleb128 0x13
 1042 0034 00       		.byte	0
 1043 0035 00       		.byte	0
 1044 0036 05       		.uleb128 0x5
 1045 0037 0F       		.uleb128 0xf
 1046 0038 00       		.byte	0
 1047 0039 0B       		.uleb128 0xb
 1048 003a 0B       		.uleb128 0xb
 1049 003b 49       		.uleb128 0x49
 1050 003c 13       		.uleb128 0x13
 1051 003d 00       		.byte	0
 1052 003e 00       		.byte	0
 1053 003f 06       		.uleb128 0x6
 1054 0040 15       		.uleb128 0x15
 1055 0041 00       		.byte	0
 1056 0042 27       		.uleb128 0x27
 1057 0043 19       		.uleb128 0x19
 1058 0044 00       		.byte	0
 1059 0045 00       		.byte	0
 1060 0046 07       		.uleb128 0x7
 1061 0047 16       		.uleb128 0x16
 1062 0048 00       		.byte	0
 1063 0049 03       		.uleb128 0x3
 1064 004a 0E       		.uleb128 0xe
 1065 004b 3A       		.uleb128 0x3a
 1066 004c 0B       		.uleb128 0xb
 1067 004d 3B       		.uleb128 0x3b
 1068 004e 05       		.uleb128 0x5
ARM GAS  C:\Users\MARTHN~1\AppData\Local\Temp\ccHBdgDZ.s 			page 28


 1069 004f 49       		.uleb128 0x49
 1070 0050 13       		.uleb128 0x13
 1071 0051 00       		.byte	0
 1072 0052 00       		.byte	0
 1073 0053 08       		.uleb128 0x8
 1074 0054 35       		.uleb128 0x35
 1075 0055 00       		.byte	0
 1076 0056 49       		.uleb128 0x49
 1077 0057 13       		.uleb128 0x13
 1078 0058 00       		.byte	0
 1079 0059 00       		.byte	0
 1080 005a 09       		.uleb128 0x9
 1081 005b 13       		.uleb128 0x13
 1082 005c 01       		.byte	0x1
 1083 005d 03       		.uleb128 0x3
 1084 005e 0E       		.uleb128 0xe
 1085 005f 0B       		.uleb128 0xb
 1086 0060 0B       		.uleb128 0xb
 1087 0061 3A       		.uleb128 0x3a
 1088 0062 0B       		.uleb128 0xb
 1089 0063 3B       		.uleb128 0x3b
 1090 0064 0B       		.uleb128 0xb
 1091 0065 01       		.uleb128 0x1
 1092 0066 13       		.uleb128 0x13
 1093 0067 00       		.byte	0
 1094 0068 00       		.byte	0
 1095 0069 0A       		.uleb128 0xa
 1096 006a 0D       		.uleb128 0xd
 1097 006b 00       		.byte	0
 1098 006c 03       		.uleb128 0x3
 1099 006d 0E       		.uleb128 0xe
 1100 006e 3A       		.uleb128 0x3a
 1101 006f 0B       		.uleb128 0xb
 1102 0070 3B       		.uleb128 0x3b
 1103 0071 0B       		.uleb128 0xb
 1104 0072 49       		.uleb128 0x49
 1105 0073 13       		.uleb128 0x13
 1106 0074 38       		.uleb128 0x38
 1107 0075 0B       		.uleb128 0xb
 1108 0076 00       		.byte	0
 1109 0077 00       		.byte	0
 1110 0078 0B       		.uleb128 0xb
 1111 0079 2E       		.uleb128 0x2e
 1112 007a 00       		.byte	0
 1113 007b 3F       		.uleb128 0x3f
 1114 007c 19       		.uleb128 0x19
 1115 007d 03       		.uleb128 0x3
 1116 007e 0E       		.uleb128 0xe
 1117 007f 3A       		.uleb128 0x3a
 1118 0080 0B       		.uleb128 0xb
 1119 0081 3B       		.uleb128 0x3b
 1120 0082 0B       		.uleb128 0xb
 1121 0083 27       		.uleb128 0x27
 1122 0084 19       		.uleb128 0x19
 1123 0085 11       		.uleb128 0x11
 1124 0086 01       		.uleb128 0x1
 1125 0087 12       		.uleb128 0x12
ARM GAS  C:\Users\MARTHN~1\AppData\Local\Temp\ccHBdgDZ.s 			page 29


 1126 0088 06       		.uleb128 0x6
 1127 0089 40       		.uleb128 0x40
 1128 008a 18       		.uleb128 0x18
 1129 008b 9642     		.uleb128 0x2116
 1130 008d 19       		.uleb128 0x19
 1131 008e 00       		.byte	0
 1132 008f 00       		.byte	0
 1133 0090 0C       		.uleb128 0xc
 1134 0091 2E       		.uleb128 0x2e
 1135 0092 01       		.byte	0x1
 1136 0093 3F       		.uleb128 0x3f
 1137 0094 19       		.uleb128 0x19
 1138 0095 03       		.uleb128 0x3
 1139 0096 0E       		.uleb128 0xe
 1140 0097 3A       		.uleb128 0x3a
 1141 0098 0B       		.uleb128 0xb
 1142 0099 3B       		.uleb128 0x3b
 1143 009a 0B       		.uleb128 0xb
 1144 009b 27       		.uleb128 0x27
 1145 009c 19       		.uleb128 0x19
 1146 009d 11       		.uleb128 0x11
 1147 009e 01       		.uleb128 0x1
 1148 009f 12       		.uleb128 0x12
 1149 00a0 06       		.uleb128 0x6
 1150 00a1 40       		.uleb128 0x40
 1151 00a2 18       		.uleb128 0x18
 1152 00a3 9642     		.uleb128 0x2116
 1153 00a5 19       		.uleb128 0x19
 1154 00a6 01       		.uleb128 0x1
 1155 00a7 13       		.uleb128 0x13
 1156 00a8 00       		.byte	0
 1157 00a9 00       		.byte	0
 1158 00aa 0D       		.uleb128 0xd
 1159 00ab 05       		.uleb128 0x5
 1160 00ac 00       		.byte	0
 1161 00ad 03       		.uleb128 0x3
 1162 00ae 0E       		.uleb128 0xe
 1163 00af 3A       		.uleb128 0x3a
 1164 00b0 0B       		.uleb128 0xb
 1165 00b1 3B       		.uleb128 0x3b
 1166 00b2 0B       		.uleb128 0xb
 1167 00b3 49       		.uleb128 0x49
 1168 00b4 13       		.uleb128 0x13
 1169 00b5 02       		.uleb128 0x2
 1170 00b6 18       		.uleb128 0x18
 1171 00b7 00       		.byte	0
 1172 00b8 00       		.byte	0
 1173 00b9 0E       		.uleb128 0xe
 1174 00ba 2E       		.uleb128 0x2e
 1175 00bb 01       		.byte	0x1
 1176 00bc 3F       		.uleb128 0x3f
 1177 00bd 19       		.uleb128 0x19
 1178 00be 03       		.uleb128 0x3
 1179 00bf 0E       		.uleb128 0xe
 1180 00c0 3A       		.uleb128 0x3a
 1181 00c1 0B       		.uleb128 0xb
 1182 00c2 3B       		.uleb128 0x3b
ARM GAS  C:\Users\MARTHN~1\AppData\Local\Temp\ccHBdgDZ.s 			page 30


 1183 00c3 05       		.uleb128 0x5
 1184 00c4 27       		.uleb128 0x27
 1185 00c5 19       		.uleb128 0x19
 1186 00c6 11       		.uleb128 0x11
 1187 00c7 01       		.uleb128 0x1
 1188 00c8 12       		.uleb128 0x12
 1189 00c9 06       		.uleb128 0x6
 1190 00ca 40       		.uleb128 0x40
 1191 00cb 18       		.uleb128 0x18
 1192 00cc 9742     		.uleb128 0x2117
 1193 00ce 19       		.uleb128 0x19
 1194 00cf 01       		.uleb128 0x1
 1195 00d0 13       		.uleb128 0x13
 1196 00d1 00       		.byte	0
 1197 00d2 00       		.byte	0
 1198 00d3 0F       		.uleb128 0xf
 1199 00d4 05       		.uleb128 0x5
 1200 00d5 00       		.byte	0
 1201 00d6 03       		.uleb128 0x3
 1202 00d7 0E       		.uleb128 0xe
 1203 00d8 3A       		.uleb128 0x3a
 1204 00d9 0B       		.uleb128 0xb
 1205 00da 3B       		.uleb128 0x3b
 1206 00db 05       		.uleb128 0x5
 1207 00dc 49       		.uleb128 0x49
 1208 00dd 13       		.uleb128 0x13
 1209 00de 02       		.uleb128 0x2
 1210 00df 18       		.uleb128 0x18
 1211 00e0 00       		.byte	0
 1212 00e1 00       		.byte	0
 1213 00e2 10       		.uleb128 0x10
 1214 00e3 34       		.uleb128 0x34
 1215 00e4 00       		.byte	0
 1216 00e5 03       		.uleb128 0x3
 1217 00e6 0E       		.uleb128 0xe
 1218 00e7 3A       		.uleb128 0x3a
 1219 00e8 0B       		.uleb128 0xb
 1220 00e9 3B       		.uleb128 0x3b
 1221 00ea 05       		.uleb128 0x5
 1222 00eb 49       		.uleb128 0x49
 1223 00ec 13       		.uleb128 0x13
 1224 00ed 02       		.uleb128 0x2
 1225 00ee 18       		.uleb128 0x18
 1226 00ef 00       		.byte	0
 1227 00f0 00       		.byte	0
 1228 00f1 11       		.uleb128 0x11
 1229 00f2 2E       		.uleb128 0x2e
 1230 00f3 01       		.byte	0x1
 1231 00f4 3F       		.uleb128 0x3f
 1232 00f5 19       		.uleb128 0x19
 1233 00f6 03       		.uleb128 0x3
 1234 00f7 0E       		.uleb128 0xe
 1235 00f8 3A       		.uleb128 0x3a
 1236 00f9 0B       		.uleb128 0xb
 1237 00fa 3B       		.uleb128 0x3b
 1238 00fb 05       		.uleb128 0x5
 1239 00fc 27       		.uleb128 0x27
ARM GAS  C:\Users\MARTHN~1\AppData\Local\Temp\ccHBdgDZ.s 			page 31


 1240 00fd 19       		.uleb128 0x19
 1241 00fe 49       		.uleb128 0x49
 1242 00ff 13       		.uleb128 0x13
 1243 0100 11       		.uleb128 0x11
 1244 0101 01       		.uleb128 0x1
 1245 0102 12       		.uleb128 0x12
 1246 0103 06       		.uleb128 0x6
 1247 0104 40       		.uleb128 0x40
 1248 0105 18       		.uleb128 0x18
 1249 0106 9742     		.uleb128 0x2117
 1250 0108 19       		.uleb128 0x19
 1251 0109 01       		.uleb128 0x1
 1252 010a 13       		.uleb128 0x13
 1253 010b 00       		.byte	0
 1254 010c 00       		.byte	0
 1255 010d 12       		.uleb128 0x12
 1256 010e 2E       		.uleb128 0x2e
 1257 010f 00       		.byte	0
 1258 0110 3F       		.uleb128 0x3f
 1259 0111 19       		.uleb128 0x19
 1260 0112 03       		.uleb128 0x3
 1261 0113 0E       		.uleb128 0xe
 1262 0114 3A       		.uleb128 0x3a
 1263 0115 0B       		.uleb128 0xb
 1264 0116 3B       		.uleb128 0x3b
 1265 0117 05       		.uleb128 0x5
 1266 0118 27       		.uleb128 0x27
 1267 0119 19       		.uleb128 0x19
 1268 011a 11       		.uleb128 0x11
 1269 011b 01       		.uleb128 0x1
 1270 011c 12       		.uleb128 0x12
 1271 011d 06       		.uleb128 0x6
 1272 011e 40       		.uleb128 0x40
 1273 011f 18       		.uleb128 0x18
 1274 0120 9742     		.uleb128 0x2117
 1275 0122 19       		.uleb128 0x19
 1276 0123 00       		.byte	0
 1277 0124 00       		.byte	0
 1278 0125 13       		.uleb128 0x13
 1279 0126 2E       		.uleb128 0x2e
 1280 0127 00       		.byte	0
 1281 0128 3F       		.uleb128 0x3f
 1282 0129 19       		.uleb128 0x19
 1283 012a 03       		.uleb128 0x3
 1284 012b 0E       		.uleb128 0xe
 1285 012c 3A       		.uleb128 0x3a
 1286 012d 0B       		.uleb128 0xb
 1287 012e 3B       		.uleb128 0x3b
 1288 012f 05       		.uleb128 0x5
 1289 0130 27       		.uleb128 0x27
 1290 0131 19       		.uleb128 0x19
 1291 0132 49       		.uleb128 0x49
 1292 0133 13       		.uleb128 0x13
 1293 0134 11       		.uleb128 0x11
 1294 0135 01       		.uleb128 0x1
 1295 0136 12       		.uleb128 0x12
 1296 0137 06       		.uleb128 0x6
ARM GAS  C:\Users\MARTHN~1\AppData\Local\Temp\ccHBdgDZ.s 			page 32


 1297 0138 40       		.uleb128 0x40
 1298 0139 18       		.uleb128 0x18
 1299 013a 9742     		.uleb128 0x2117
 1300 013c 19       		.uleb128 0x19
 1301 013d 00       		.byte	0
 1302 013e 00       		.byte	0
 1303 013f 14       		.uleb128 0x14
 1304 0140 34       		.uleb128 0x34
 1305 0141 00       		.byte	0
 1306 0142 03       		.uleb128 0x3
 1307 0143 0E       		.uleb128 0xe
 1308 0144 3A       		.uleb128 0x3a
 1309 0145 0B       		.uleb128 0xb
 1310 0146 3B       		.uleb128 0x3b
 1311 0147 05       		.uleb128 0x5
 1312 0148 49       		.uleb128 0x49
 1313 0149 13       		.uleb128 0x13
 1314 014a 3F       		.uleb128 0x3f
 1315 014b 19       		.uleb128 0x19
 1316 014c 3C       		.uleb128 0x3c
 1317 014d 19       		.uleb128 0x19
 1318 014e 00       		.byte	0
 1319 014f 00       		.byte	0
 1320 0150 15       		.uleb128 0x15
 1321 0151 34       		.uleb128 0x34
 1322 0152 00       		.byte	0
 1323 0153 03       		.uleb128 0x3
 1324 0154 0E       		.uleb128 0xe
 1325 0155 3A       		.uleb128 0x3a
 1326 0156 0B       		.uleb128 0xb
 1327 0157 3B       		.uleb128 0x3b
 1328 0158 0B       		.uleb128 0xb
 1329 0159 49       		.uleb128 0x49
 1330 015a 13       		.uleb128 0x13
 1331 015b 3F       		.uleb128 0x3f
 1332 015c 19       		.uleb128 0x19
 1333 015d 02       		.uleb128 0x2
 1334 015e 18       		.uleb128 0x18
 1335 015f 00       		.byte	0
 1336 0160 00       		.byte	0
 1337 0161 00       		.byte	0
 1338              		.section	.debug_aranges,"",%progbits
 1339 0000 7C000000 		.4byte	0x7c
 1340 0004 0200     		.2byte	0x2
 1341 0006 00000000 		.4byte	.Ldebug_info0
 1342 000a 04       		.byte	0x4
 1343 000b 00       		.byte	0
 1344 000c 0000     		.2byte	0
 1345 000e 0000     		.2byte	0
 1346 0010 00000000 		.4byte	.LFB63
 1347 0014 20000000 		.4byte	.LFE63-.LFB63
 1348 0018 00000000 		.4byte	.LFB64
 1349 001c 24000000 		.4byte	.LFE64-.LFB64
 1350 0020 00000000 		.4byte	.LFB65
 1351 0024 18000000 		.4byte	.LFE65-.LFB65
 1352 0028 00000000 		.4byte	.LFB66
 1353 002c A0000000 		.4byte	.LFE66-.LFB66
ARM GAS  C:\Users\MARTHN~1\AppData\Local\Temp\ccHBdgDZ.s 			page 33


 1354 0030 00000000 		.4byte	.LFB67
 1355 0034 24000000 		.4byte	.LFE67-.LFB67
 1356 0038 00000000 		.4byte	.LFB68
 1357 003c 20000000 		.4byte	.LFE68-.LFB68
 1358 0040 00000000 		.4byte	.LFB69
 1359 0044 24000000 		.4byte	.LFE69-.LFB69
 1360 0048 00000000 		.4byte	.LFB70
 1361 004c 20000000 		.4byte	.LFE70-.LFB70
 1362 0050 00000000 		.4byte	.LFB71
 1363 0054 18000000 		.4byte	.LFE71-.LFB71
 1364 0058 00000000 		.4byte	.LFB72
 1365 005c 24000000 		.4byte	.LFE72-.LFB72
 1366 0060 00000000 		.4byte	.LFB73
 1367 0064 18000000 		.4byte	.LFE73-.LFB73
 1368 0068 00000000 		.4byte	.LFB74
 1369 006c 18000000 		.4byte	.LFE74-.LFB74
 1370 0070 00000000 		.4byte	.LFB75
 1371 0074 18000000 		.4byte	.LFE75-.LFB75
 1372 0078 00000000 		.4byte	0
 1373 007c 00000000 		.4byte	0
 1374              		.section	.debug_ranges,"",%progbits
 1375              	.Ldebug_ranges0:
 1376 0000 00000000 		.4byte	.LFB63
 1377 0004 20000000 		.4byte	.LFE63
 1378 0008 00000000 		.4byte	.LFB64
 1379 000c 24000000 		.4byte	.LFE64
 1380 0010 00000000 		.4byte	.LFB65
 1381 0014 18000000 		.4byte	.LFE65
 1382 0018 00000000 		.4byte	.LFB66
 1383 001c A0000000 		.4byte	.LFE66
 1384 0020 00000000 		.4byte	.LFB67
 1385 0024 24000000 		.4byte	.LFE67
 1386 0028 00000000 		.4byte	.LFB68
 1387 002c 20000000 		.4byte	.LFE68
 1388 0030 00000000 		.4byte	.LFB69
 1389 0034 24000000 		.4byte	.LFE69
 1390 0038 00000000 		.4byte	.LFB70
 1391 003c 20000000 		.4byte	.LFE70
 1392 0040 00000000 		.4byte	.LFB71
 1393 0044 18000000 		.4byte	.LFE71
 1394 0048 00000000 		.4byte	.LFB72
 1395 004c 24000000 		.4byte	.LFE72
 1396 0050 00000000 		.4byte	.LFB73
 1397 0054 18000000 		.4byte	.LFE73
 1398 0058 00000000 		.4byte	.LFB74
 1399 005c 18000000 		.4byte	.LFE74
 1400 0060 00000000 		.4byte	.LFB75
 1401 0064 18000000 		.4byte	.LFE75
 1402 0068 00000000 		.4byte	0
 1403 006c 00000000 		.4byte	0
 1404              		.section	.debug_line,"",%progbits
 1405              	.Ldebug_line0:
 1406 0000 A7020000 		.section	.debug_str,"MS",%progbits,1
 1406      02006D01 
 1406      00000201 
 1406      FB0E0D00 
 1406      01010101 
ARM GAS  C:\Users\MARTHN~1\AppData\Local\Temp\ccHBdgDZ.s 			page 34


 1407              	.LASF32:
 1408 0000 6973725F 		.ascii	"isr_Timer_50ms_SetPriority\000"
 1408      54696D65 
 1408      725F3530 
 1408      6D735F53 
 1408      65745072 
 1409              	.LASF19:
 1410 001b 72656733 		.ascii	"reg32\000"
 1410      3200
 1411              	.LASF39:
 1412 0021 6973725F 		.ascii	"isr_Timer_50ms_ClearPending\000"
 1412      54696D65 
 1412      725F3530 
 1412      6D735F43 
 1412      6C656172 
 1413              	.LASF43:
 1414 003d 474E5520 		.ascii	"GNU C11 5.4.1 20160609 (release) [ARM/embedded-5-br"
 1414      43313120 
 1414      352E342E 
 1414      31203230 
 1414      31363036 
 1415 0070 616E6368 		.ascii	"anch revision 237715] -mcpu=cortex-m3 -mthumb -g -O"
 1415      20726576 
 1415      6973696F 
 1415      6E203233 
 1415      37373135 
 1416 00a3 30202D66 		.ascii	"0 -ffunction-sections -ffat-lto-objects\000"
 1416      66756E63 
 1416      74696F6E 
 1416      2D736563 
 1416      74696F6E 
 1417              	.LASF37:
 1418 00cb 6973725F 		.ascii	"isr_Timer_50ms_Disable\000"
 1418      54696D65 
 1418      725F3530 
 1418      6D735F44 
 1418      69736162 
 1419              	.LASF47:
 1420 00e2 6973725F 		.ascii	"isr_Timer_50ms_GetState\000"
 1420      54696D65 
 1420      725F3530 
 1420      6D735F47 
 1420      65745374 
 1421              	.LASF12:
 1422 00fa 5F5F696E 		.ascii	"__int32_t\000"
 1422      7433325F 
 1422      7400
 1423              	.LASF23:
 1424 0104 53746174 		.ascii	"Status\000"
 1424      757300
 1425              	.LASF25:
 1426 010b 6973725F 		.ascii	"isr_Timer_50ms_Start\000"
 1426      54696D65 
 1426      725F3530 
 1426      6D735F53 
 1426      74617274 
 1427              	.LASF22:
ARM GAS  C:\Users\MARTHN~1\AppData\Local\Temp\ccHBdgDZ.s 			page 35


 1428 0120 54657374 		.ascii	"TestStep\000"
 1428      53746570 
 1428      00
 1429              	.LASF36:
 1430 0129 6973725F 		.ascii	"isr_Timer_50ms_Enable\000"
 1430      54696D65 
 1430      725F3530 
 1430      6D735F45 
 1430      6E61626C 
 1431              	.LASF34:
 1432 013f 6973725F 		.ascii	"isr_Timer_50ms_GetVector\000"
 1432      54696D65 
 1432      725F3530 
 1432      6D735F47 
 1432      65745665 
 1433              	.LASF21:
 1434 0158 53656C65 		.ascii	"SelectedTest\000"
 1434      63746564 
 1434      54657374 
 1434      00
 1435              	.LASF16:
 1436 0165 666C6F61 		.ascii	"float\000"
 1436      7400
 1437              	.LASF29:
 1438 016b 6973725F 		.ascii	"isr_Timer_50ms_SetVector\000"
 1438      54696D65 
 1438      725F3530 
 1438      6D735F53 
 1438      65745665 
 1439              	.LASF4:
 1440 0184 756E7369 		.ascii	"unsigned char\000"
 1440      676E6564 
 1440      20636861 
 1440      7200
 1441              	.LASF18:
 1442 0192 72656738 		.ascii	"reg8\000"
 1442      00
 1443              	.LASF8:
 1444 0197 6C6F6E67 		.ascii	"long unsigned int\000"
 1444      20756E73 
 1444      69676E65 
 1444      6420696E 
 1444      7400
 1445              	.LASF42:
 1446 01a9 43757272 		.ascii	"CurrentTest\000"
 1446      656E7454 
 1446      65737400 
 1447              	.LASF6:
 1448 01b5 73686F72 		.ascii	"short unsigned int\000"
 1448      7420756E 
 1448      7369676E 
 1448      65642069 
 1448      6E7400
 1449              	.LASF45:
 1450 01c8 433A5C55 		.ascii	"C:\\Users\\marthnick\\Desktop\\firm_F1-TestFixture\\"
 1450      73657273 
 1450      5C6D6172 
ARM GAS  C:\Users\MARTHN~1\AppData\Local\Temp\ccHBdgDZ.s 			page 36


 1450      74686E69 
 1450      636B5C44 
 1451 01f7 46312D54 		.ascii	"F1-TestFixture.cydsn\000"
 1451      65737446 
 1451      69787475 
 1451      72652E63 
 1451      7964736E 
 1452              	.LASF40:
 1453 020c 49544D5F 		.ascii	"ITM_RxBuffer\000"
 1453      52784275 
 1453      66666572 
 1453      00
 1454              	.LASF17:
 1455 0219 646F7562 		.ascii	"double\000"
 1455      6C6500
 1456              	.LASF33:
 1457 0220 7072696F 		.ascii	"priority\000"
 1457      72697479 
 1457      00
 1458              	.LASF38:
 1459 0229 6973725F 		.ascii	"isr_Timer_50ms_SetPending\000"
 1459      54696D65 
 1459      725F3530 
 1459      6D735F53 
 1459      65745065 
 1460              	.LASF15:
 1461 0243 75696E74 		.ascii	"uint32\000"
 1461      333200
 1462              	.LASF0:
 1463 024a 756E7369 		.ascii	"unsigned int\000"
 1463      676E6564 
 1463      20696E74 
 1463      00
 1464              	.LASF30:
 1465 0257 61646472 		.ascii	"address\000"
 1465      65737300 
 1466              	.LASF9:
 1467 025f 6C6F6E67 		.ascii	"long long unsigned int\000"
 1467      206C6F6E 
 1467      6720756E 
 1467      7369676E 
 1467      65642069 
 1468              	.LASF20:
 1469 0276 63796973 		.ascii	"cyisraddress\000"
 1469      72616464 
 1469      72657373 
 1469      00
 1470              	.LASF27:
 1471 0283 6973725F 		.ascii	"isr_Timer_50ms_Interrupt\000"
 1471      54696D65 
 1471      725F3530 
 1471      6D735F49 
 1471      6E746572 
 1472              	.LASF13:
 1473 029c 696E7433 		.ascii	"int32_t\000"
 1473      325F7400 
 1474              	.LASF10:
ARM GAS  C:\Users\MARTHN~1\AppData\Local\Temp\ccHBdgDZ.s 			page 37


 1475 02a4 73697A65 		.ascii	"sizetype\000"
 1475      74797065 
 1475      00
 1476              	.LASF44:
 1477 02ad 47656E65 		.ascii	"Generated_Source\\PSoC5\\isr_Timer_50ms.c\000"
 1477      72617465 
 1477      645F536F 
 1477      75726365 
 1477      5C50536F 
 1478              	.LASF1:
 1479 02d5 6C6F6E67 		.ascii	"long long int\000"
 1479      206C6F6E 
 1479      6720696E 
 1479      7400
 1480              	.LASF35:
 1481 02e3 6973725F 		.ascii	"isr_Timer_50ms_GetPriority\000"
 1481      54696D65 
 1481      725F3530 
 1481      6D735F47 
 1481      65745072 
 1482              	.LASF11:
 1483 02fe 63686172 		.ascii	"char\000"
 1483      00
 1484              	.LASF31:
 1485 0303 72616D56 		.ascii	"ramVectorTable\000"
 1485      6563746F 
 1485      72546162 
 1485      6C6500
 1486              	.LASF24:
 1487 0312 53747275 		.ascii	"StructTestInfo\000"
 1487      63745465 
 1487      7374496E 
 1487      666F00
 1488              	.LASF5:
 1489 0321 73686F72 		.ascii	"short int\000"
 1489      7420696E 
 1489      7400
 1490              	.LASF14:
 1491 032b 75696E74 		.ascii	"uint8\000"
 1491      3800
 1492              	.LASF26:
 1493 0331 6973725F 		.ascii	"isr_Timer_50ms_Stop\000"
 1493      54696D65 
 1493      725F3530 
 1493      6D735F53 
 1493      746F7000 
 1494              	.LASF7:
 1495 0345 6C6F6E67 		.ascii	"long int\000"
 1495      20696E74 
 1495      00
 1496              	.LASF41:
 1497 034e 54657374 		.ascii	"Test\000"
 1497      00
 1498              	.LASF46:
 1499 0353 73747275 		.ascii	"structTestInfo\000"
 1499      63745465 
 1499      7374496E 
ARM GAS  C:\Users\MARTHN~1\AppData\Local\Temp\ccHBdgDZ.s 			page 38


 1499      666F00
 1500              	.LASF2:
 1501 0362 6C6F6E67 		.ascii	"long double\000"
 1501      20646F75 
 1501      626C6500 
 1502              	.LASF3:
 1503 036e 7369676E 		.ascii	"signed char\000"
 1503      65642063 
 1503      68617200 
 1504              	.LASF28:
 1505 037a 6973725F 		.ascii	"isr_Timer_50ms_StartEx\000"
 1505      54696D65 
 1505      725F3530 
 1505      6D735F53 
 1505      74617274 
 1506              		.ident	"GCC: (GNU Tools for ARM Embedded Processors) 5.4.1 20160609 (release) [ARM/embedded-5-bran
