ARM GAS  C:\Users\MARTHN~1\AppData\Local\Temp\ccpdu7yR.s 			page 1


   1              		.syntax unified
   2              		.cpu cortex-m3
   3              		.fpu softvfp
   4              		.eabi_attribute 20, 1
   5              		.eabi_attribute 21, 1
   6              		.eabi_attribute 23, 3
   7              		.eabi_attribute 24, 1
   8              		.eabi_attribute 25, 1
   9              		.eabi_attribute 26, 1
  10              		.eabi_attribute 30, 6
  11              		.eabi_attribute 34, 1
  12              		.eabi_attribute 18, 4
  13              		.thumb
  14              		.syntax unified
  15              		.file	"isr_Timer_20ms.c"
  16              		.text
  17              	.Ltext0:
  18              		.cfi_sections	.debug_frame
  19              		.section	.text.isr_Timer_20ms_Start,"ax",%progbits
  20              		.align	2
  21              		.global	isr_Timer_20ms_Start
  22              		.thumb
  23              		.thumb_func
  24              		.type	isr_Timer_20ms_Start, %function
  25              	isr_Timer_20ms_Start:
  26              	.LFB63:
  27              		.file 1 "Generated_Source\\PSoC5\\isr_Timer_20ms.c"
   1:Generated_Source\PSoC5/isr_Timer_20ms.c **** /*******************************************************************************
   2:Generated_Source\PSoC5/isr_Timer_20ms.c **** * File Name: isr_Timer_20ms.c  
   3:Generated_Source\PSoC5/isr_Timer_20ms.c **** * Version 1.70
   4:Generated_Source\PSoC5/isr_Timer_20ms.c **** *
   5:Generated_Source\PSoC5/isr_Timer_20ms.c **** *  Description:
   6:Generated_Source\PSoC5/isr_Timer_20ms.c **** *   API for controlling the state of an interrupt.
   7:Generated_Source\PSoC5/isr_Timer_20ms.c **** *
   8:Generated_Source\PSoC5/isr_Timer_20ms.c **** *
   9:Generated_Source\PSoC5/isr_Timer_20ms.c **** *  Note:
  10:Generated_Source\PSoC5/isr_Timer_20ms.c **** *
  11:Generated_Source\PSoC5/isr_Timer_20ms.c **** ********************************************************************************
  12:Generated_Source\PSoC5/isr_Timer_20ms.c **** * Copyright 2008-2015, Cypress Semiconductor Corporation.  All rights reserved.
  13:Generated_Source\PSoC5/isr_Timer_20ms.c **** * You may use this file only in accordance with the license, terms, conditions, 
  14:Generated_Source\PSoC5/isr_Timer_20ms.c **** * disclaimers, and limitations in the end user license agreement accompanying 
  15:Generated_Source\PSoC5/isr_Timer_20ms.c **** * the software package with which this file was provided.
  16:Generated_Source\PSoC5/isr_Timer_20ms.c **** *******************************************************************************/
  17:Generated_Source\PSoC5/isr_Timer_20ms.c **** 
  18:Generated_Source\PSoC5/isr_Timer_20ms.c **** 
  19:Generated_Source\PSoC5/isr_Timer_20ms.c **** #include <cydevice_trm.h>
  20:Generated_Source\PSoC5/isr_Timer_20ms.c **** #include <CyLib.h>
  21:Generated_Source\PSoC5/isr_Timer_20ms.c **** #include <isr_Timer_20ms.h>
  22:Generated_Source\PSoC5/isr_Timer_20ms.c **** #include "cyapicallbacks.h"
  23:Generated_Source\PSoC5/isr_Timer_20ms.c **** 
  24:Generated_Source\PSoC5/isr_Timer_20ms.c **** #if !defined(isr_Timer_20ms__REMOVED) /* Check for removal by optimization */
  25:Generated_Source\PSoC5/isr_Timer_20ms.c **** 
  26:Generated_Source\PSoC5/isr_Timer_20ms.c **** /*******************************************************************************
  27:Generated_Source\PSoC5/isr_Timer_20ms.c **** *  Place your includes, defines and code here 
  28:Generated_Source\PSoC5/isr_Timer_20ms.c **** ********************************************************************************/
  29:Generated_Source\PSoC5/isr_Timer_20ms.c **** /* `#START isr_Timer_20ms_intc` */
  30:Generated_Source\PSoC5/isr_Timer_20ms.c ****     
ARM GAS  C:\Users\MARTHN~1\AppData\Local\Temp\ccpdu7yR.s 			page 2


  31:Generated_Source\PSoC5/isr_Timer_20ms.c **** //    //#include "ControllerTest.h"
  32:Generated_Source\PSoC5/isr_Timer_20ms.c ****     #include "UART_230400_Functions.h"
  33:Generated_Source\PSoC5/isr_Timer_20ms.c ****     #include "ControllerTest.h"
  34:Generated_Source\PSoC5/isr_Timer_20ms.c ****     #include "RelayTest.h"
  35:Generated_Source\PSoC5/isr_Timer_20ms.c ****     #include "SirenTest.h"
  36:Generated_Source\PSoC5/isr_Timer_20ms.c ****     
  37:Generated_Source\PSoC5/isr_Timer_20ms.c ****        // extern uint16 _100ms_flag;
  38:Generated_Source\PSoC5/isr_Timer_20ms.c **** 
  39:Generated_Source\PSoC5/isr_Timer_20ms.c **** /* `#END` */
  40:Generated_Source\PSoC5/isr_Timer_20ms.c **** 
  41:Generated_Source\PSoC5/isr_Timer_20ms.c **** #ifndef CYINT_IRQ_BASE
  42:Generated_Source\PSoC5/isr_Timer_20ms.c **** #define CYINT_IRQ_BASE      16
  43:Generated_Source\PSoC5/isr_Timer_20ms.c **** #endif /* CYINT_IRQ_BASE */
  44:Generated_Source\PSoC5/isr_Timer_20ms.c **** #ifndef CYINT_VECT_TABLE
  45:Generated_Source\PSoC5/isr_Timer_20ms.c **** #define CYINT_VECT_TABLE    ((cyisraddress **) CYREG_NVIC_VECT_OFFSET)
  46:Generated_Source\PSoC5/isr_Timer_20ms.c **** #endif /* CYINT_VECT_TABLE */
  47:Generated_Source\PSoC5/isr_Timer_20ms.c **** 
  48:Generated_Source\PSoC5/isr_Timer_20ms.c **** /* Declared in startup, used to set unused interrupts to. */
  49:Generated_Source\PSoC5/isr_Timer_20ms.c **** CY_ISR_PROTO(IntDefaultHandler);
  50:Generated_Source\PSoC5/isr_Timer_20ms.c **** 
  51:Generated_Source\PSoC5/isr_Timer_20ms.c **** 
  52:Generated_Source\PSoC5/isr_Timer_20ms.c **** /*******************************************************************************
  53:Generated_Source\PSoC5/isr_Timer_20ms.c **** * Function Name: isr_Timer_20ms_Start
  54:Generated_Source\PSoC5/isr_Timer_20ms.c **** ********************************************************************************
  55:Generated_Source\PSoC5/isr_Timer_20ms.c **** *
  56:Generated_Source\PSoC5/isr_Timer_20ms.c **** * Summary:
  57:Generated_Source\PSoC5/isr_Timer_20ms.c **** *  Set up the interrupt and enable it. This function disables the interrupt, 
  58:Generated_Source\PSoC5/isr_Timer_20ms.c **** *  sets the default interrupt vector, sets the priority from the value in the
  59:Generated_Source\PSoC5/isr_Timer_20ms.c **** *  Design Wide Resources Interrupt Editor, then enables the interrupt to the 
  60:Generated_Source\PSoC5/isr_Timer_20ms.c **** *  interrupt controller.
  61:Generated_Source\PSoC5/isr_Timer_20ms.c **** *
  62:Generated_Source\PSoC5/isr_Timer_20ms.c **** * Parameters:  
  63:Generated_Source\PSoC5/isr_Timer_20ms.c **** *   None
  64:Generated_Source\PSoC5/isr_Timer_20ms.c **** *
  65:Generated_Source\PSoC5/isr_Timer_20ms.c **** * Return:
  66:Generated_Source\PSoC5/isr_Timer_20ms.c **** *   None
  67:Generated_Source\PSoC5/isr_Timer_20ms.c **** *
  68:Generated_Source\PSoC5/isr_Timer_20ms.c **** *******************************************************************************/
  69:Generated_Source\PSoC5/isr_Timer_20ms.c **** void isr_Timer_20ms_Start(void)
  70:Generated_Source\PSoC5/isr_Timer_20ms.c **** {
  28              		.loc 1 70 0
  29              		.cfi_startproc
  30              		@ args = 0, pretend = 0, frame = 0
  31              		@ frame_needed = 1, uses_anonymous_args = 0
  32 0000 80B5     		push	{r7, lr}
  33              		.cfi_def_cfa_offset 8
  34              		.cfi_offset 7, -8
  35              		.cfi_offset 14, -4
  36 0002 00AF     		add	r7, sp, #0
  37              		.cfi_def_cfa_register 7
  71:Generated_Source\PSoC5/isr_Timer_20ms.c ****     /* For all we know the interrupt is active. */
  72:Generated_Source\PSoC5/isr_Timer_20ms.c ****     isr_Timer_20ms_Disable();
  38              		.loc 1 72 0
  39 0004 FFF7FEFF 		bl	isr_Timer_20ms_Disable
  73:Generated_Source\PSoC5/isr_Timer_20ms.c **** 
  74:Generated_Source\PSoC5/isr_Timer_20ms.c ****     /* Set the ISR to point to the isr_Timer_20ms Interrupt. */
  75:Generated_Source\PSoC5/isr_Timer_20ms.c ****     isr_Timer_20ms_SetVector(&isr_Timer_20ms_Interrupt);
ARM GAS  C:\Users\MARTHN~1\AppData\Local\Temp\ccpdu7yR.s 			page 3


  40              		.loc 1 75 0
  41 0008 0448     		ldr	r0, .L2
  42 000a FFF7FEFF 		bl	isr_Timer_20ms_SetVector
  76:Generated_Source\PSoC5/isr_Timer_20ms.c **** 
  77:Generated_Source\PSoC5/isr_Timer_20ms.c ****     /* Set the priority. */
  78:Generated_Source\PSoC5/isr_Timer_20ms.c ****     isr_Timer_20ms_SetPriority((uint8)isr_Timer_20ms_INTC_PRIOR_NUMBER);
  43              		.loc 1 78 0
  44 000e 0520     		movs	r0, #5
  45 0010 FFF7FEFF 		bl	isr_Timer_20ms_SetPriority
  79:Generated_Source\PSoC5/isr_Timer_20ms.c **** 
  80:Generated_Source\PSoC5/isr_Timer_20ms.c ****     /* Enable it. */
  81:Generated_Source\PSoC5/isr_Timer_20ms.c ****     isr_Timer_20ms_Enable();
  46              		.loc 1 81 0
  47 0014 FFF7FEFF 		bl	isr_Timer_20ms_Enable
  82:Generated_Source\PSoC5/isr_Timer_20ms.c **** }
  48              		.loc 1 82 0
  49 0018 00BF     		nop
  50 001a 80BD     		pop	{r7, pc}
  51              	.L3:
  52              		.align	2
  53              	.L2:
  54 001c 00000000 		.word	isr_Timer_20ms_Interrupt
  55              		.cfi_endproc
  56              	.LFE63:
  57              		.size	isr_Timer_20ms_Start, .-isr_Timer_20ms_Start
  58              		.section	.text.isr_Timer_20ms_StartEx,"ax",%progbits
  59              		.align	2
  60              		.global	isr_Timer_20ms_StartEx
  61              		.thumb
  62              		.thumb_func
  63              		.type	isr_Timer_20ms_StartEx, %function
  64              	isr_Timer_20ms_StartEx:
  65              	.LFB64:
  83:Generated_Source\PSoC5/isr_Timer_20ms.c **** 
  84:Generated_Source\PSoC5/isr_Timer_20ms.c **** 
  85:Generated_Source\PSoC5/isr_Timer_20ms.c **** /*******************************************************************************
  86:Generated_Source\PSoC5/isr_Timer_20ms.c **** * Function Name: isr_Timer_20ms_StartEx
  87:Generated_Source\PSoC5/isr_Timer_20ms.c **** ********************************************************************************
  88:Generated_Source\PSoC5/isr_Timer_20ms.c **** *
  89:Generated_Source\PSoC5/isr_Timer_20ms.c **** * Summary:
  90:Generated_Source\PSoC5/isr_Timer_20ms.c **** *  Sets up the interrupt and enables it. This function disables the interrupt,
  91:Generated_Source\PSoC5/isr_Timer_20ms.c **** *  sets the interrupt vector based on the address passed in, sets the priority 
  92:Generated_Source\PSoC5/isr_Timer_20ms.c **** *  from the value in the Design Wide Resources Interrupt Editor, then enables 
  93:Generated_Source\PSoC5/isr_Timer_20ms.c **** *  the interrupt to the interrupt controller.
  94:Generated_Source\PSoC5/isr_Timer_20ms.c **** *  
  95:Generated_Source\PSoC5/isr_Timer_20ms.c **** *  When defining ISR functions, the CY_ISR and CY_ISR_PROTO macros should be 
  96:Generated_Source\PSoC5/isr_Timer_20ms.c **** *  used to provide consistent definition across compilers:
  97:Generated_Source\PSoC5/isr_Timer_20ms.c **** *  
  98:Generated_Source\PSoC5/isr_Timer_20ms.c **** *  Function definition example:
  99:Generated_Source\PSoC5/isr_Timer_20ms.c **** *   CY_ISR(MyISR)
 100:Generated_Source\PSoC5/isr_Timer_20ms.c **** *   {
 101:Generated_Source\PSoC5/isr_Timer_20ms.c **** *   }
 102:Generated_Source\PSoC5/isr_Timer_20ms.c **** *   Function prototype example:
 103:Generated_Source\PSoC5/isr_Timer_20ms.c **** *   CY_ISR_PROTO(MyISR);
 104:Generated_Source\PSoC5/isr_Timer_20ms.c **** *
 105:Generated_Source\PSoC5/isr_Timer_20ms.c **** * Parameters:  
 106:Generated_Source\PSoC5/isr_Timer_20ms.c **** *   address: Address of the ISR to set in the interrupt vector table.
ARM GAS  C:\Users\MARTHN~1\AppData\Local\Temp\ccpdu7yR.s 			page 4


 107:Generated_Source\PSoC5/isr_Timer_20ms.c **** *
 108:Generated_Source\PSoC5/isr_Timer_20ms.c **** * Return:
 109:Generated_Source\PSoC5/isr_Timer_20ms.c **** *   None
 110:Generated_Source\PSoC5/isr_Timer_20ms.c **** *
 111:Generated_Source\PSoC5/isr_Timer_20ms.c **** *******************************************************************************/
 112:Generated_Source\PSoC5/isr_Timer_20ms.c **** void isr_Timer_20ms_StartEx(cyisraddress address)
 113:Generated_Source\PSoC5/isr_Timer_20ms.c **** {
  66              		.loc 1 113 0
  67              		.cfi_startproc
  68              		@ args = 0, pretend = 0, frame = 8
  69              		@ frame_needed = 1, uses_anonymous_args = 0
  70 0000 80B5     		push	{r7, lr}
  71              		.cfi_def_cfa_offset 8
  72              		.cfi_offset 7, -8
  73              		.cfi_offset 14, -4
  74 0002 82B0     		sub	sp, sp, #8
  75              		.cfi_def_cfa_offset 16
  76 0004 00AF     		add	r7, sp, #0
  77              		.cfi_def_cfa_register 7
  78 0006 7860     		str	r0, [r7, #4]
 114:Generated_Source\PSoC5/isr_Timer_20ms.c ****     /* For all we know the interrupt is active. */
 115:Generated_Source\PSoC5/isr_Timer_20ms.c ****     isr_Timer_20ms_Disable();
  79              		.loc 1 115 0
  80 0008 FFF7FEFF 		bl	isr_Timer_20ms_Disable
 116:Generated_Source\PSoC5/isr_Timer_20ms.c **** 
 117:Generated_Source\PSoC5/isr_Timer_20ms.c ****     /* Set the ISR to point to the isr_Timer_20ms Interrupt. */
 118:Generated_Source\PSoC5/isr_Timer_20ms.c ****     isr_Timer_20ms_SetVector(address);
  81              		.loc 1 118 0
  82 000c 7868     		ldr	r0, [r7, #4]
  83 000e FFF7FEFF 		bl	isr_Timer_20ms_SetVector
 119:Generated_Source\PSoC5/isr_Timer_20ms.c **** 
 120:Generated_Source\PSoC5/isr_Timer_20ms.c ****     /* Set the priority. */
 121:Generated_Source\PSoC5/isr_Timer_20ms.c ****     isr_Timer_20ms_SetPriority((uint8)isr_Timer_20ms_INTC_PRIOR_NUMBER);
  84              		.loc 1 121 0
  85 0012 0520     		movs	r0, #5
  86 0014 FFF7FEFF 		bl	isr_Timer_20ms_SetPriority
 122:Generated_Source\PSoC5/isr_Timer_20ms.c **** 
 123:Generated_Source\PSoC5/isr_Timer_20ms.c ****     /* Enable it. */
 124:Generated_Source\PSoC5/isr_Timer_20ms.c ****     isr_Timer_20ms_Enable();
  87              		.loc 1 124 0
  88 0018 FFF7FEFF 		bl	isr_Timer_20ms_Enable
 125:Generated_Source\PSoC5/isr_Timer_20ms.c **** }
  89              		.loc 1 125 0
  90 001c 00BF     		nop
  91 001e 0837     		adds	r7, r7, #8
  92              		.cfi_def_cfa_offset 8
  93 0020 BD46     		mov	sp, r7
  94              		.cfi_def_cfa_register 13
  95              		@ sp needed
  96 0022 80BD     		pop	{r7, pc}
  97              		.cfi_endproc
  98              	.LFE64:
  99              		.size	isr_Timer_20ms_StartEx, .-isr_Timer_20ms_StartEx
 100              		.section	.text.isr_Timer_20ms_Stop,"ax",%progbits
 101              		.align	2
 102              		.global	isr_Timer_20ms_Stop
 103              		.thumb
ARM GAS  C:\Users\MARTHN~1\AppData\Local\Temp\ccpdu7yR.s 			page 5


 104              		.thumb_func
 105              		.type	isr_Timer_20ms_Stop, %function
 106              	isr_Timer_20ms_Stop:
 107              	.LFB65:
 126:Generated_Source\PSoC5/isr_Timer_20ms.c **** 
 127:Generated_Source\PSoC5/isr_Timer_20ms.c **** 
 128:Generated_Source\PSoC5/isr_Timer_20ms.c **** /*******************************************************************************
 129:Generated_Source\PSoC5/isr_Timer_20ms.c **** * Function Name: isr_Timer_20ms_Stop
 130:Generated_Source\PSoC5/isr_Timer_20ms.c **** ********************************************************************************
 131:Generated_Source\PSoC5/isr_Timer_20ms.c **** *
 132:Generated_Source\PSoC5/isr_Timer_20ms.c **** * Summary:
 133:Generated_Source\PSoC5/isr_Timer_20ms.c **** *   Disables and removes the interrupt.
 134:Generated_Source\PSoC5/isr_Timer_20ms.c **** *
 135:Generated_Source\PSoC5/isr_Timer_20ms.c **** * Parameters:  
 136:Generated_Source\PSoC5/isr_Timer_20ms.c **** *   None
 137:Generated_Source\PSoC5/isr_Timer_20ms.c **** *
 138:Generated_Source\PSoC5/isr_Timer_20ms.c **** * Return:
 139:Generated_Source\PSoC5/isr_Timer_20ms.c **** *   None
 140:Generated_Source\PSoC5/isr_Timer_20ms.c **** *
 141:Generated_Source\PSoC5/isr_Timer_20ms.c **** *******************************************************************************/
 142:Generated_Source\PSoC5/isr_Timer_20ms.c **** void isr_Timer_20ms_Stop(void)
 143:Generated_Source\PSoC5/isr_Timer_20ms.c **** {
 108              		.loc 1 143 0
 109              		.cfi_startproc
 110              		@ args = 0, pretend = 0, frame = 0
 111              		@ frame_needed = 1, uses_anonymous_args = 0
 112 0000 80B5     		push	{r7, lr}
 113              		.cfi_def_cfa_offset 8
 114              		.cfi_offset 7, -8
 115              		.cfi_offset 14, -4
 116 0002 00AF     		add	r7, sp, #0
 117              		.cfi_def_cfa_register 7
 144:Generated_Source\PSoC5/isr_Timer_20ms.c ****     /* Disable this interrupt. */
 145:Generated_Source\PSoC5/isr_Timer_20ms.c ****     isr_Timer_20ms_Disable();
 118              		.loc 1 145 0
 119 0004 FFF7FEFF 		bl	isr_Timer_20ms_Disable
 146:Generated_Source\PSoC5/isr_Timer_20ms.c **** 
 147:Generated_Source\PSoC5/isr_Timer_20ms.c ****     /* Set the ISR to point to the passive one. */
 148:Generated_Source\PSoC5/isr_Timer_20ms.c ****     isr_Timer_20ms_SetVector(&IntDefaultHandler);
 120              		.loc 1 148 0
 121 0008 0248     		ldr	r0, .L6
 122 000a FFF7FEFF 		bl	isr_Timer_20ms_SetVector
 149:Generated_Source\PSoC5/isr_Timer_20ms.c **** }
 123              		.loc 1 149 0
 124 000e 00BF     		nop
 125 0010 80BD     		pop	{r7, pc}
 126              	.L7:
 127 0012 00BF     		.align	2
 128              	.L6:
 129 0014 00000000 		.word	IntDefaultHandler
 130              		.cfi_endproc
 131              	.LFE65:
 132              		.size	isr_Timer_20ms_Stop, .-isr_Timer_20ms_Stop
 133              		.section	.text.isr_Timer_20ms_Interrupt,"ax",%progbits
 134              		.align	2
 135              		.global	isr_Timer_20ms_Interrupt
 136              		.thumb
ARM GAS  C:\Users\MARTHN~1\AppData\Local\Temp\ccpdu7yR.s 			page 6


 137              		.thumb_func
 138              		.type	isr_Timer_20ms_Interrupt, %function
 139              	isr_Timer_20ms_Interrupt:
 140              	.LFB66:
 150:Generated_Source\PSoC5/isr_Timer_20ms.c **** 
 151:Generated_Source\PSoC5/isr_Timer_20ms.c **** 
 152:Generated_Source\PSoC5/isr_Timer_20ms.c **** /*******************************************************************************
 153:Generated_Source\PSoC5/isr_Timer_20ms.c **** * Function Name: isr_Timer_20ms_Interrupt
 154:Generated_Source\PSoC5/isr_Timer_20ms.c **** ********************************************************************************
 155:Generated_Source\PSoC5/isr_Timer_20ms.c **** *
 156:Generated_Source\PSoC5/isr_Timer_20ms.c **** * Summary:
 157:Generated_Source\PSoC5/isr_Timer_20ms.c **** *   The default Interrupt Service Routine for isr_Timer_20ms.
 158:Generated_Source\PSoC5/isr_Timer_20ms.c **** *
 159:Generated_Source\PSoC5/isr_Timer_20ms.c **** *   Add custom code between the coments to keep the next version of this file
 160:Generated_Source\PSoC5/isr_Timer_20ms.c **** *   from over writting your code.
 161:Generated_Source\PSoC5/isr_Timer_20ms.c **** *
 162:Generated_Source\PSoC5/isr_Timer_20ms.c **** * Parameters:  
 163:Generated_Source\PSoC5/isr_Timer_20ms.c **** *
 164:Generated_Source\PSoC5/isr_Timer_20ms.c **** * Return:
 165:Generated_Source\PSoC5/isr_Timer_20ms.c **** *   None
 166:Generated_Source\PSoC5/isr_Timer_20ms.c **** *
 167:Generated_Source\PSoC5/isr_Timer_20ms.c **** *******************************************************************************/
 168:Generated_Source\PSoC5/isr_Timer_20ms.c **** CY_ISR(isr_Timer_20ms_Interrupt)
 169:Generated_Source\PSoC5/isr_Timer_20ms.c **** {
 141              		.loc 1 169 0
 142              		.cfi_startproc
 143              		@ args = 0, pretend = 0, frame = 0
 144              		@ frame_needed = 1, uses_anonymous_args = 0
 145 0000 80B5     		push	{r7, lr}
 146              		.cfi_def_cfa_offset 8
 147              		.cfi_offset 7, -8
 148              		.cfi_offset 14, -4
 149 0002 00AF     		add	r7, sp, #0
 150              		.cfi_def_cfa_register 7
 170:Generated_Source\PSoC5/isr_Timer_20ms.c ****     #ifdef isr_Timer_20ms_INTERRUPT_INTERRUPT_CALLBACK
 171:Generated_Source\PSoC5/isr_Timer_20ms.c ****         isr_Timer_20ms_Interrupt_InterruptCallback();
 172:Generated_Source\PSoC5/isr_Timer_20ms.c ****     #endif /* isr_Timer_20ms_INTERRUPT_INTERRUPT_CALLBACK */ 
 173:Generated_Source\PSoC5/isr_Timer_20ms.c **** 
 174:Generated_Source\PSoC5/isr_Timer_20ms.c ****     /*  Place your Interrupt code here. */
 175:Generated_Source\PSoC5/isr_Timer_20ms.c ****     /* `#START isr_Timer_20ms_Interrupt` */
 176:Generated_Source\PSoC5/isr_Timer_20ms.c ****         
 177:Generated_Source\PSoC5/isr_Timer_20ms.c ****         CTest_20ms_isr();
 151              		.loc 1 177 0
 152 0004 FFF7FEFF 		bl	CTest_20ms_isr
 178:Generated_Source\PSoC5/isr_Timer_20ms.c ****         RTest_20ms_isr();
 153              		.loc 1 178 0
 154 0008 FFF7FEFF 		bl	RTest_20ms_isr
 179:Generated_Source\PSoC5/isr_Timer_20ms.c ****         STest_20ms_isr();
 155              		.loc 1 179 0
 156 000c FFF7FEFF 		bl	STest_20ms_isr
 180:Generated_Source\PSoC5/isr_Timer_20ms.c ****             
 181:Generated_Source\PSoC5/isr_Timer_20ms.c ****         CTest_isr_PB();
 157              		.loc 1 181 0
 158 0010 FFF7FEFF 		bl	CTest_isr_PB
 182:Generated_Source\PSoC5/isr_Timer_20ms.c ****         STest_isr_PB();
 159              		.loc 1 182 0
 160 0014 FFF7FEFF 		bl	STest_isr_PB
ARM GAS  C:\Users\MARTHN~1\AppData\Local\Temp\ccpdu7yR.s 			page 7


 183:Generated_Source\PSoC5/isr_Timer_20ms.c ****         
 184:Generated_Source\PSoC5/isr_Timer_20ms.c **** 
 185:Generated_Source\PSoC5/isr_Timer_20ms.c ****     /* `#END` */
 186:Generated_Source\PSoC5/isr_Timer_20ms.c **** }
 161              		.loc 1 186 0
 162 0018 00BF     		nop
 163 001a 80BD     		pop	{r7, pc}
 164              		.cfi_endproc
 165              	.LFE66:
 166              		.size	isr_Timer_20ms_Interrupt, .-isr_Timer_20ms_Interrupt
 167              		.section	.text.isr_Timer_20ms_SetVector,"ax",%progbits
 168              		.align	2
 169              		.global	isr_Timer_20ms_SetVector
 170              		.thumb
 171              		.thumb_func
 172              		.type	isr_Timer_20ms_SetVector, %function
 173              	isr_Timer_20ms_SetVector:
 174              	.LFB67:
 187:Generated_Source\PSoC5/isr_Timer_20ms.c **** 
 188:Generated_Source\PSoC5/isr_Timer_20ms.c **** 
 189:Generated_Source\PSoC5/isr_Timer_20ms.c **** /*******************************************************************************
 190:Generated_Source\PSoC5/isr_Timer_20ms.c **** * Function Name: isr_Timer_20ms_SetVector
 191:Generated_Source\PSoC5/isr_Timer_20ms.c **** ********************************************************************************
 192:Generated_Source\PSoC5/isr_Timer_20ms.c **** *
 193:Generated_Source\PSoC5/isr_Timer_20ms.c **** * Summary:
 194:Generated_Source\PSoC5/isr_Timer_20ms.c **** *   Change the ISR vector for the Interrupt. Note calling isr_Timer_20ms_Start
 195:Generated_Source\PSoC5/isr_Timer_20ms.c **** *   will override any effect this method would have had. To set the vector 
 196:Generated_Source\PSoC5/isr_Timer_20ms.c **** *   before the component has been started use isr_Timer_20ms_StartEx instead.
 197:Generated_Source\PSoC5/isr_Timer_20ms.c **** * 
 198:Generated_Source\PSoC5/isr_Timer_20ms.c **** *   When defining ISR functions, the CY_ISR and CY_ISR_PROTO macros should be 
 199:Generated_Source\PSoC5/isr_Timer_20ms.c **** *   used to provide consistent definition across compilers:
 200:Generated_Source\PSoC5/isr_Timer_20ms.c **** *
 201:Generated_Source\PSoC5/isr_Timer_20ms.c **** *   Function definition example:
 202:Generated_Source\PSoC5/isr_Timer_20ms.c **** *   CY_ISR(MyISR)
 203:Generated_Source\PSoC5/isr_Timer_20ms.c **** *   {
 204:Generated_Source\PSoC5/isr_Timer_20ms.c **** *   }
 205:Generated_Source\PSoC5/isr_Timer_20ms.c **** *
 206:Generated_Source\PSoC5/isr_Timer_20ms.c **** *   Function prototype example:
 207:Generated_Source\PSoC5/isr_Timer_20ms.c **** *     CY_ISR_PROTO(MyISR);
 208:Generated_Source\PSoC5/isr_Timer_20ms.c **** *
 209:Generated_Source\PSoC5/isr_Timer_20ms.c **** * Parameters:
 210:Generated_Source\PSoC5/isr_Timer_20ms.c **** *   address: Address of the ISR to set in the interrupt vector table.
 211:Generated_Source\PSoC5/isr_Timer_20ms.c **** *
 212:Generated_Source\PSoC5/isr_Timer_20ms.c **** * Return:
 213:Generated_Source\PSoC5/isr_Timer_20ms.c **** *   None
 214:Generated_Source\PSoC5/isr_Timer_20ms.c **** *
 215:Generated_Source\PSoC5/isr_Timer_20ms.c **** *******************************************************************************/
 216:Generated_Source\PSoC5/isr_Timer_20ms.c **** void isr_Timer_20ms_SetVector(cyisraddress address)
 217:Generated_Source\PSoC5/isr_Timer_20ms.c **** {
 175              		.loc 1 217 0
 176              		.cfi_startproc
 177              		@ args = 0, pretend = 0, frame = 16
 178              		@ frame_needed = 1, uses_anonymous_args = 0
 179              		@ link register save eliminated.
 180 0000 80B4     		push	{r7}
 181              		.cfi_def_cfa_offset 4
 182              		.cfi_offset 7, -4
ARM GAS  C:\Users\MARTHN~1\AppData\Local\Temp\ccpdu7yR.s 			page 8


 183 0002 85B0     		sub	sp, sp, #20
 184              		.cfi_def_cfa_offset 24
 185 0004 00AF     		add	r7, sp, #0
 186              		.cfi_def_cfa_register 7
 187 0006 7860     		str	r0, [r7, #4]
 218:Generated_Source\PSoC5/isr_Timer_20ms.c ****     cyisraddress * ramVectorTable;
 219:Generated_Source\PSoC5/isr_Timer_20ms.c **** 
 220:Generated_Source\PSoC5/isr_Timer_20ms.c ****     ramVectorTable = (cyisraddress *) *CYINT_VECT_TABLE;
 188              		.loc 1 220 0
 189 0008 054B     		ldr	r3, .L10
 190 000a 1B68     		ldr	r3, [r3]
 191 000c FB60     		str	r3, [r7, #12]
 221:Generated_Source\PSoC5/isr_Timer_20ms.c **** 
 222:Generated_Source\PSoC5/isr_Timer_20ms.c ****     ramVectorTable[CYINT_IRQ_BASE + (uint32)isr_Timer_20ms__INTC_NUMBER] = address;
 192              		.loc 1 222 0
 193 000e FB68     		ldr	r3, [r7, #12]
 194 0010 5033     		adds	r3, r3, #80
 195 0012 7A68     		ldr	r2, [r7, #4]
 196 0014 1A60     		str	r2, [r3]
 223:Generated_Source\PSoC5/isr_Timer_20ms.c **** }
 197              		.loc 1 223 0
 198 0016 00BF     		nop
 199 0018 1437     		adds	r7, r7, #20
 200              		.cfi_def_cfa_offset 4
 201 001a BD46     		mov	sp, r7
 202              		.cfi_def_cfa_register 13
 203              		@ sp needed
 204 001c 80BC     		pop	{r7}
 205              		.cfi_restore 7
 206              		.cfi_def_cfa_offset 0
 207 001e 7047     		bx	lr
 208              	.L11:
 209              		.align	2
 210              	.L10:
 211 0020 08ED00E0 		.word	-536810232
 212              		.cfi_endproc
 213              	.LFE67:
 214              		.size	isr_Timer_20ms_SetVector, .-isr_Timer_20ms_SetVector
 215              		.section	.text.isr_Timer_20ms_GetVector,"ax",%progbits
 216              		.align	2
 217              		.global	isr_Timer_20ms_GetVector
 218              		.thumb
 219              		.thumb_func
 220              		.type	isr_Timer_20ms_GetVector, %function
 221              	isr_Timer_20ms_GetVector:
 222              	.LFB68:
 224:Generated_Source\PSoC5/isr_Timer_20ms.c **** 
 225:Generated_Source\PSoC5/isr_Timer_20ms.c **** 
 226:Generated_Source\PSoC5/isr_Timer_20ms.c **** /*******************************************************************************
 227:Generated_Source\PSoC5/isr_Timer_20ms.c **** * Function Name: isr_Timer_20ms_GetVector
 228:Generated_Source\PSoC5/isr_Timer_20ms.c **** ********************************************************************************
 229:Generated_Source\PSoC5/isr_Timer_20ms.c **** *
 230:Generated_Source\PSoC5/isr_Timer_20ms.c **** * Summary:
 231:Generated_Source\PSoC5/isr_Timer_20ms.c **** *   Gets the "address" of the current ISR vector for the Interrupt.
 232:Generated_Source\PSoC5/isr_Timer_20ms.c **** *
 233:Generated_Source\PSoC5/isr_Timer_20ms.c **** * Parameters:
 234:Generated_Source\PSoC5/isr_Timer_20ms.c **** *   None
ARM GAS  C:\Users\MARTHN~1\AppData\Local\Temp\ccpdu7yR.s 			page 9


 235:Generated_Source\PSoC5/isr_Timer_20ms.c **** *
 236:Generated_Source\PSoC5/isr_Timer_20ms.c **** * Return:
 237:Generated_Source\PSoC5/isr_Timer_20ms.c **** *   Address of the ISR in the interrupt vector table.
 238:Generated_Source\PSoC5/isr_Timer_20ms.c **** *
 239:Generated_Source\PSoC5/isr_Timer_20ms.c **** *******************************************************************************/
 240:Generated_Source\PSoC5/isr_Timer_20ms.c **** cyisraddress isr_Timer_20ms_GetVector(void)
 241:Generated_Source\PSoC5/isr_Timer_20ms.c **** {
 223              		.loc 1 241 0
 224              		.cfi_startproc
 225              		@ args = 0, pretend = 0, frame = 8
 226              		@ frame_needed = 1, uses_anonymous_args = 0
 227              		@ link register save eliminated.
 228 0000 80B4     		push	{r7}
 229              		.cfi_def_cfa_offset 4
 230              		.cfi_offset 7, -4
 231 0002 83B0     		sub	sp, sp, #12
 232              		.cfi_def_cfa_offset 16
 233 0004 00AF     		add	r7, sp, #0
 234              		.cfi_def_cfa_register 7
 242:Generated_Source\PSoC5/isr_Timer_20ms.c ****     cyisraddress * ramVectorTable;
 243:Generated_Source\PSoC5/isr_Timer_20ms.c **** 
 244:Generated_Source\PSoC5/isr_Timer_20ms.c ****     ramVectorTable = (cyisraddress *) *CYINT_VECT_TABLE;
 235              		.loc 1 244 0
 236 0006 054B     		ldr	r3, .L14
 237 0008 1B68     		ldr	r3, [r3]
 238 000a 7B60     		str	r3, [r7, #4]
 245:Generated_Source\PSoC5/isr_Timer_20ms.c **** 
 246:Generated_Source\PSoC5/isr_Timer_20ms.c ****     return ramVectorTable[CYINT_IRQ_BASE + (uint32)isr_Timer_20ms__INTC_NUMBER];
 239              		.loc 1 246 0
 240 000c 7B68     		ldr	r3, [r7, #4]
 241 000e 1B6D     		ldr	r3, [r3, #80]
 247:Generated_Source\PSoC5/isr_Timer_20ms.c **** }
 242              		.loc 1 247 0
 243 0010 1846     		mov	r0, r3
 244 0012 0C37     		adds	r7, r7, #12
 245              		.cfi_def_cfa_offset 4
 246 0014 BD46     		mov	sp, r7
 247              		.cfi_def_cfa_register 13
 248              		@ sp needed
 249 0016 80BC     		pop	{r7}
 250              		.cfi_restore 7
 251              		.cfi_def_cfa_offset 0
 252 0018 7047     		bx	lr
 253              	.L15:
 254 001a 00BF     		.align	2
 255              	.L14:
 256 001c 08ED00E0 		.word	-536810232
 257              		.cfi_endproc
 258              	.LFE68:
 259              		.size	isr_Timer_20ms_GetVector, .-isr_Timer_20ms_GetVector
 260              		.section	.text.isr_Timer_20ms_SetPriority,"ax",%progbits
 261              		.align	2
 262              		.global	isr_Timer_20ms_SetPriority
 263              		.thumb
 264              		.thumb_func
 265              		.type	isr_Timer_20ms_SetPriority, %function
 266              	isr_Timer_20ms_SetPriority:
ARM GAS  C:\Users\MARTHN~1\AppData\Local\Temp\ccpdu7yR.s 			page 10


 267              	.LFB69:
 248:Generated_Source\PSoC5/isr_Timer_20ms.c **** 
 249:Generated_Source\PSoC5/isr_Timer_20ms.c **** 
 250:Generated_Source\PSoC5/isr_Timer_20ms.c **** /*******************************************************************************
 251:Generated_Source\PSoC5/isr_Timer_20ms.c **** * Function Name: isr_Timer_20ms_SetPriority
 252:Generated_Source\PSoC5/isr_Timer_20ms.c **** ********************************************************************************
 253:Generated_Source\PSoC5/isr_Timer_20ms.c **** *
 254:Generated_Source\PSoC5/isr_Timer_20ms.c **** * Summary:
 255:Generated_Source\PSoC5/isr_Timer_20ms.c **** *   Sets the Priority of the Interrupt. 
 256:Generated_Source\PSoC5/isr_Timer_20ms.c **** *
 257:Generated_Source\PSoC5/isr_Timer_20ms.c **** *   Note calling isr_Timer_20ms_Start or isr_Timer_20ms_StartEx will 
 258:Generated_Source\PSoC5/isr_Timer_20ms.c **** *   override any effect this API would have had. This API should only be called
 259:Generated_Source\PSoC5/isr_Timer_20ms.c **** *   after isr_Timer_20ms_Start or isr_Timer_20ms_StartEx has been called. 
 260:Generated_Source\PSoC5/isr_Timer_20ms.c **** *   To set the initial priority for the component, use the Design-Wide Resources
 261:Generated_Source\PSoC5/isr_Timer_20ms.c **** *   Interrupt Editor.
 262:Generated_Source\PSoC5/isr_Timer_20ms.c **** *
 263:Generated_Source\PSoC5/isr_Timer_20ms.c **** *   Note This API has no effect on Non-maskable interrupt NMI).
 264:Generated_Source\PSoC5/isr_Timer_20ms.c **** *
 265:Generated_Source\PSoC5/isr_Timer_20ms.c **** * Parameters:
 266:Generated_Source\PSoC5/isr_Timer_20ms.c **** *   priority: Priority of the interrupt, 0 being the highest priority
 267:Generated_Source\PSoC5/isr_Timer_20ms.c **** *             PSoC 3 and PSoC 5LP: Priority is from 0 to 7.
 268:Generated_Source\PSoC5/isr_Timer_20ms.c **** *             PSoC 4: Priority is from 0 to 3.
 269:Generated_Source\PSoC5/isr_Timer_20ms.c **** *
 270:Generated_Source\PSoC5/isr_Timer_20ms.c **** * Return:
 271:Generated_Source\PSoC5/isr_Timer_20ms.c **** *   None
 272:Generated_Source\PSoC5/isr_Timer_20ms.c **** *
 273:Generated_Source\PSoC5/isr_Timer_20ms.c **** *******************************************************************************/
 274:Generated_Source\PSoC5/isr_Timer_20ms.c **** void isr_Timer_20ms_SetPriority(uint8 priority)
 275:Generated_Source\PSoC5/isr_Timer_20ms.c **** {
 268              		.loc 1 275 0
 269              		.cfi_startproc
 270              		@ args = 0, pretend = 0, frame = 8
 271              		@ frame_needed = 1, uses_anonymous_args = 0
 272              		@ link register save eliminated.
 273 0000 80B4     		push	{r7}
 274              		.cfi_def_cfa_offset 4
 275              		.cfi_offset 7, -4
 276 0002 83B0     		sub	sp, sp, #12
 277              		.cfi_def_cfa_offset 16
 278 0004 00AF     		add	r7, sp, #0
 279              		.cfi_def_cfa_register 7
 280 0006 0346     		mov	r3, r0
 281 0008 FB71     		strb	r3, [r7, #7]
 276:Generated_Source\PSoC5/isr_Timer_20ms.c ****     *isr_Timer_20ms_INTC_PRIOR = priority << 5;
 282              		.loc 1 276 0
 283 000a 054A     		ldr	r2, .L17
 284 000c FB79     		ldrb	r3, [r7, #7]
 285 000e 5B01     		lsls	r3, r3, #5
 286 0010 DBB2     		uxtb	r3, r3
 287 0012 1370     		strb	r3, [r2]
 277:Generated_Source\PSoC5/isr_Timer_20ms.c **** }
 288              		.loc 1 277 0
 289 0014 00BF     		nop
 290 0016 0C37     		adds	r7, r7, #12
 291              		.cfi_def_cfa_offset 4
 292 0018 BD46     		mov	sp, r7
 293              		.cfi_def_cfa_register 13
ARM GAS  C:\Users\MARTHN~1\AppData\Local\Temp\ccpdu7yR.s 			page 11


 294              		@ sp needed
 295 001a 80BC     		pop	{r7}
 296              		.cfi_restore 7
 297              		.cfi_def_cfa_offset 0
 298 001c 7047     		bx	lr
 299              	.L18:
 300 001e 00BF     		.align	2
 301              	.L17:
 302 0020 04E400E0 		.word	-536812540
 303              		.cfi_endproc
 304              	.LFE69:
 305              		.size	isr_Timer_20ms_SetPriority, .-isr_Timer_20ms_SetPriority
 306              		.section	.text.isr_Timer_20ms_GetPriority,"ax",%progbits
 307              		.align	2
 308              		.global	isr_Timer_20ms_GetPriority
 309              		.thumb
 310              		.thumb_func
 311              		.type	isr_Timer_20ms_GetPriority, %function
 312              	isr_Timer_20ms_GetPriority:
 313              	.LFB70:
 278:Generated_Source\PSoC5/isr_Timer_20ms.c **** 
 279:Generated_Source\PSoC5/isr_Timer_20ms.c **** 
 280:Generated_Source\PSoC5/isr_Timer_20ms.c **** /*******************************************************************************
 281:Generated_Source\PSoC5/isr_Timer_20ms.c **** * Function Name: isr_Timer_20ms_GetPriority
 282:Generated_Source\PSoC5/isr_Timer_20ms.c **** ********************************************************************************
 283:Generated_Source\PSoC5/isr_Timer_20ms.c **** *
 284:Generated_Source\PSoC5/isr_Timer_20ms.c **** * Summary:
 285:Generated_Source\PSoC5/isr_Timer_20ms.c **** *   Gets the Priority of the Interrupt.
 286:Generated_Source\PSoC5/isr_Timer_20ms.c **** *
 287:Generated_Source\PSoC5/isr_Timer_20ms.c **** * Parameters:
 288:Generated_Source\PSoC5/isr_Timer_20ms.c **** *   None
 289:Generated_Source\PSoC5/isr_Timer_20ms.c **** *
 290:Generated_Source\PSoC5/isr_Timer_20ms.c **** * Return:
 291:Generated_Source\PSoC5/isr_Timer_20ms.c **** *   Priority of the interrupt, 0 being the highest priority
 292:Generated_Source\PSoC5/isr_Timer_20ms.c **** *    PSoC 3 and PSoC 5LP: Priority is from 0 to 7.
 293:Generated_Source\PSoC5/isr_Timer_20ms.c **** *    PSoC 4: Priority is from 0 to 3.
 294:Generated_Source\PSoC5/isr_Timer_20ms.c **** *
 295:Generated_Source\PSoC5/isr_Timer_20ms.c **** *******************************************************************************/
 296:Generated_Source\PSoC5/isr_Timer_20ms.c **** uint8 isr_Timer_20ms_GetPriority(void)
 297:Generated_Source\PSoC5/isr_Timer_20ms.c **** {
 314              		.loc 1 297 0
 315              		.cfi_startproc
 316              		@ args = 0, pretend = 0, frame = 8
 317              		@ frame_needed = 1, uses_anonymous_args = 0
 318              		@ link register save eliminated.
 319 0000 80B4     		push	{r7}
 320              		.cfi_def_cfa_offset 4
 321              		.cfi_offset 7, -4
 322 0002 83B0     		sub	sp, sp, #12
 323              		.cfi_def_cfa_offset 16
 324 0004 00AF     		add	r7, sp, #0
 325              		.cfi_def_cfa_register 7
 298:Generated_Source\PSoC5/isr_Timer_20ms.c ****     uint8 priority;
 299:Generated_Source\PSoC5/isr_Timer_20ms.c **** 
 300:Generated_Source\PSoC5/isr_Timer_20ms.c **** 
 301:Generated_Source\PSoC5/isr_Timer_20ms.c ****     priority = *isr_Timer_20ms_INTC_PRIOR >> 5;
 326              		.loc 1 301 0
ARM GAS  C:\Users\MARTHN~1\AppData\Local\Temp\ccpdu7yR.s 			page 12


 327 0006 054B     		ldr	r3, .L21
 328 0008 1B78     		ldrb	r3, [r3]
 329 000a DBB2     		uxtb	r3, r3
 330 000c 5B09     		lsrs	r3, r3, #5
 331 000e FB71     		strb	r3, [r7, #7]
 302:Generated_Source\PSoC5/isr_Timer_20ms.c **** 
 303:Generated_Source\PSoC5/isr_Timer_20ms.c ****     return priority;
 332              		.loc 1 303 0
 333 0010 FB79     		ldrb	r3, [r7, #7]	@ zero_extendqisi2
 304:Generated_Source\PSoC5/isr_Timer_20ms.c **** }
 334              		.loc 1 304 0
 335 0012 1846     		mov	r0, r3
 336 0014 0C37     		adds	r7, r7, #12
 337              		.cfi_def_cfa_offset 4
 338 0016 BD46     		mov	sp, r7
 339              		.cfi_def_cfa_register 13
 340              		@ sp needed
 341 0018 80BC     		pop	{r7}
 342              		.cfi_restore 7
 343              		.cfi_def_cfa_offset 0
 344 001a 7047     		bx	lr
 345              	.L22:
 346              		.align	2
 347              	.L21:
 348 001c 04E400E0 		.word	-536812540
 349              		.cfi_endproc
 350              	.LFE70:
 351              		.size	isr_Timer_20ms_GetPriority, .-isr_Timer_20ms_GetPriority
 352              		.section	.text.isr_Timer_20ms_Enable,"ax",%progbits
 353              		.align	2
 354              		.global	isr_Timer_20ms_Enable
 355              		.thumb
 356              		.thumb_func
 357              		.type	isr_Timer_20ms_Enable, %function
 358              	isr_Timer_20ms_Enable:
 359              	.LFB71:
 305:Generated_Source\PSoC5/isr_Timer_20ms.c **** 
 306:Generated_Source\PSoC5/isr_Timer_20ms.c **** 
 307:Generated_Source\PSoC5/isr_Timer_20ms.c **** /*******************************************************************************
 308:Generated_Source\PSoC5/isr_Timer_20ms.c **** * Function Name: isr_Timer_20ms_Enable
 309:Generated_Source\PSoC5/isr_Timer_20ms.c **** ********************************************************************************
 310:Generated_Source\PSoC5/isr_Timer_20ms.c **** *
 311:Generated_Source\PSoC5/isr_Timer_20ms.c **** * Summary:
 312:Generated_Source\PSoC5/isr_Timer_20ms.c **** *   Enables the interrupt to the interrupt controller. Do not call this function
 313:Generated_Source\PSoC5/isr_Timer_20ms.c **** *   unless ISR_Start() has been called or the functionality of the ISR_Start() 
 314:Generated_Source\PSoC5/isr_Timer_20ms.c **** *   function, which sets the vector and the priority, has been called.
 315:Generated_Source\PSoC5/isr_Timer_20ms.c **** *
 316:Generated_Source\PSoC5/isr_Timer_20ms.c **** * Parameters:
 317:Generated_Source\PSoC5/isr_Timer_20ms.c **** *   None
 318:Generated_Source\PSoC5/isr_Timer_20ms.c **** *
 319:Generated_Source\PSoC5/isr_Timer_20ms.c **** * Return:
 320:Generated_Source\PSoC5/isr_Timer_20ms.c **** *   None
 321:Generated_Source\PSoC5/isr_Timer_20ms.c **** *
 322:Generated_Source\PSoC5/isr_Timer_20ms.c **** *******************************************************************************/
 323:Generated_Source\PSoC5/isr_Timer_20ms.c **** void isr_Timer_20ms_Enable(void)
 324:Generated_Source\PSoC5/isr_Timer_20ms.c **** {
 360              		.loc 1 324 0
ARM GAS  C:\Users\MARTHN~1\AppData\Local\Temp\ccpdu7yR.s 			page 13


 361              		.cfi_startproc
 362              		@ args = 0, pretend = 0, frame = 0
 363              		@ frame_needed = 1, uses_anonymous_args = 0
 364              		@ link register save eliminated.
 365 0000 80B4     		push	{r7}
 366              		.cfi_def_cfa_offset 4
 367              		.cfi_offset 7, -4
 368 0002 00AF     		add	r7, sp, #0
 369              		.cfi_def_cfa_register 7
 325:Generated_Source\PSoC5/isr_Timer_20ms.c ****     /* Enable the general interrupt. */
 326:Generated_Source\PSoC5/isr_Timer_20ms.c ****     *isr_Timer_20ms_INTC_SET_EN = isr_Timer_20ms__INTC_MASK;
 370              		.loc 1 326 0
 371 0004 034B     		ldr	r3, .L24
 372 0006 1022     		movs	r2, #16
 373 0008 1A60     		str	r2, [r3]
 327:Generated_Source\PSoC5/isr_Timer_20ms.c **** }
 374              		.loc 1 327 0
 375 000a 00BF     		nop
 376 000c BD46     		mov	sp, r7
 377              		.cfi_def_cfa_register 13
 378              		@ sp needed
 379 000e 80BC     		pop	{r7}
 380              		.cfi_restore 7
 381              		.cfi_def_cfa_offset 0
 382 0010 7047     		bx	lr
 383              	.L25:
 384 0012 00BF     		.align	2
 385              	.L24:
 386 0014 00E100E0 		.word	-536813312
 387              		.cfi_endproc
 388              	.LFE71:
 389              		.size	isr_Timer_20ms_Enable, .-isr_Timer_20ms_Enable
 390              		.section	.text.isr_Timer_20ms_GetState,"ax",%progbits
 391              		.align	2
 392              		.global	isr_Timer_20ms_GetState
 393              		.thumb
 394              		.thumb_func
 395              		.type	isr_Timer_20ms_GetState, %function
 396              	isr_Timer_20ms_GetState:
 397              	.LFB72:
 328:Generated_Source\PSoC5/isr_Timer_20ms.c **** 
 329:Generated_Source\PSoC5/isr_Timer_20ms.c **** 
 330:Generated_Source\PSoC5/isr_Timer_20ms.c **** /*******************************************************************************
 331:Generated_Source\PSoC5/isr_Timer_20ms.c **** * Function Name: isr_Timer_20ms_GetState
 332:Generated_Source\PSoC5/isr_Timer_20ms.c **** ********************************************************************************
 333:Generated_Source\PSoC5/isr_Timer_20ms.c **** *
 334:Generated_Source\PSoC5/isr_Timer_20ms.c **** * Summary:
 335:Generated_Source\PSoC5/isr_Timer_20ms.c **** *   Gets the state (enabled, disabled) of the Interrupt.
 336:Generated_Source\PSoC5/isr_Timer_20ms.c **** *
 337:Generated_Source\PSoC5/isr_Timer_20ms.c **** * Parameters:
 338:Generated_Source\PSoC5/isr_Timer_20ms.c **** *   None
 339:Generated_Source\PSoC5/isr_Timer_20ms.c **** *
 340:Generated_Source\PSoC5/isr_Timer_20ms.c **** * Return:
 341:Generated_Source\PSoC5/isr_Timer_20ms.c **** *   1 if enabled, 0 if disabled.
 342:Generated_Source\PSoC5/isr_Timer_20ms.c **** *
 343:Generated_Source\PSoC5/isr_Timer_20ms.c **** *******************************************************************************/
 344:Generated_Source\PSoC5/isr_Timer_20ms.c **** uint8 isr_Timer_20ms_GetState(void)
ARM GAS  C:\Users\MARTHN~1\AppData\Local\Temp\ccpdu7yR.s 			page 14


 345:Generated_Source\PSoC5/isr_Timer_20ms.c **** {
 398              		.loc 1 345 0
 399              		.cfi_startproc
 400              		@ args = 0, pretend = 0, frame = 0
 401              		@ frame_needed = 1, uses_anonymous_args = 0
 402              		@ link register save eliminated.
 403 0000 80B4     		push	{r7}
 404              		.cfi_def_cfa_offset 4
 405              		.cfi_offset 7, -4
 406 0002 00AF     		add	r7, sp, #0
 407              		.cfi_def_cfa_register 7
 346:Generated_Source\PSoC5/isr_Timer_20ms.c ****     /* Get the state of the general interrupt. */
 347:Generated_Source\PSoC5/isr_Timer_20ms.c ****     return ((*isr_Timer_20ms_INTC_SET_EN & (uint32)isr_Timer_20ms__INTC_MASK) != 0u) ? 1u:0u;
 408              		.loc 1 347 0
 409 0004 064B     		ldr	r3, .L30
 410 0006 1B68     		ldr	r3, [r3]
 411 0008 03F01003 		and	r3, r3, #16
 412 000c 002B     		cmp	r3, #0
 413 000e 01D0     		beq	.L27
 414              		.loc 1 347 0 is_stmt 0 discriminator 1
 415 0010 0123     		movs	r3, #1
 416 0012 00E0     		b	.L28
 417              	.L27:
 418              		.loc 1 347 0 discriminator 2
 419 0014 0023     		movs	r3, #0
 420              	.L28:
 348:Generated_Source\PSoC5/isr_Timer_20ms.c **** }
 421              		.loc 1 348 0 is_stmt 1 discriminator 4
 422 0016 1846     		mov	r0, r3
 423 0018 BD46     		mov	sp, r7
 424              		.cfi_def_cfa_register 13
 425              		@ sp needed
 426 001a 80BC     		pop	{r7}
 427              		.cfi_restore 7
 428              		.cfi_def_cfa_offset 0
 429 001c 7047     		bx	lr
 430              	.L31:
 431 001e 00BF     		.align	2
 432              	.L30:
 433 0020 00E100E0 		.word	-536813312
 434              		.cfi_endproc
 435              	.LFE72:
 436              		.size	isr_Timer_20ms_GetState, .-isr_Timer_20ms_GetState
 437              		.section	.text.isr_Timer_20ms_Disable,"ax",%progbits
 438              		.align	2
 439              		.global	isr_Timer_20ms_Disable
 440              		.thumb
 441              		.thumb_func
 442              		.type	isr_Timer_20ms_Disable, %function
 443              	isr_Timer_20ms_Disable:
 444              	.LFB73:
 349:Generated_Source\PSoC5/isr_Timer_20ms.c **** 
 350:Generated_Source\PSoC5/isr_Timer_20ms.c **** 
 351:Generated_Source\PSoC5/isr_Timer_20ms.c **** /*******************************************************************************
 352:Generated_Source\PSoC5/isr_Timer_20ms.c **** * Function Name: isr_Timer_20ms_Disable
 353:Generated_Source\PSoC5/isr_Timer_20ms.c **** ********************************************************************************
 354:Generated_Source\PSoC5/isr_Timer_20ms.c **** *
ARM GAS  C:\Users\MARTHN~1\AppData\Local\Temp\ccpdu7yR.s 			page 15


 355:Generated_Source\PSoC5/isr_Timer_20ms.c **** * Summary:
 356:Generated_Source\PSoC5/isr_Timer_20ms.c **** *   Disables the Interrupt in the interrupt controller.
 357:Generated_Source\PSoC5/isr_Timer_20ms.c **** *
 358:Generated_Source\PSoC5/isr_Timer_20ms.c **** * Parameters:
 359:Generated_Source\PSoC5/isr_Timer_20ms.c **** *   None
 360:Generated_Source\PSoC5/isr_Timer_20ms.c **** *
 361:Generated_Source\PSoC5/isr_Timer_20ms.c **** * Return:
 362:Generated_Source\PSoC5/isr_Timer_20ms.c **** *   None
 363:Generated_Source\PSoC5/isr_Timer_20ms.c **** *
 364:Generated_Source\PSoC5/isr_Timer_20ms.c **** *******************************************************************************/
 365:Generated_Source\PSoC5/isr_Timer_20ms.c **** void isr_Timer_20ms_Disable(void)
 366:Generated_Source\PSoC5/isr_Timer_20ms.c **** {
 445              		.loc 1 366 0
 446              		.cfi_startproc
 447              		@ args = 0, pretend = 0, frame = 0
 448              		@ frame_needed = 1, uses_anonymous_args = 0
 449              		@ link register save eliminated.
 450 0000 80B4     		push	{r7}
 451              		.cfi_def_cfa_offset 4
 452              		.cfi_offset 7, -4
 453 0002 00AF     		add	r7, sp, #0
 454              		.cfi_def_cfa_register 7
 367:Generated_Source\PSoC5/isr_Timer_20ms.c ****     /* Disable the general interrupt. */
 368:Generated_Source\PSoC5/isr_Timer_20ms.c ****     *isr_Timer_20ms_INTC_CLR_EN = isr_Timer_20ms__INTC_MASK;
 455              		.loc 1 368 0
 456 0004 034B     		ldr	r3, .L33
 457 0006 1022     		movs	r2, #16
 458 0008 1A60     		str	r2, [r3]
 369:Generated_Source\PSoC5/isr_Timer_20ms.c **** }
 459              		.loc 1 369 0
 460 000a 00BF     		nop
 461 000c BD46     		mov	sp, r7
 462              		.cfi_def_cfa_register 13
 463              		@ sp needed
 464 000e 80BC     		pop	{r7}
 465              		.cfi_restore 7
 466              		.cfi_def_cfa_offset 0
 467 0010 7047     		bx	lr
 468              	.L34:
 469 0012 00BF     		.align	2
 470              	.L33:
 471 0014 80E100E0 		.word	-536813184
 472              		.cfi_endproc
 473              	.LFE73:
 474              		.size	isr_Timer_20ms_Disable, .-isr_Timer_20ms_Disable
 475              		.section	.text.isr_Timer_20ms_SetPending,"ax",%progbits
 476              		.align	2
 477              		.global	isr_Timer_20ms_SetPending
 478              		.thumb
 479              		.thumb_func
 480              		.type	isr_Timer_20ms_SetPending, %function
 481              	isr_Timer_20ms_SetPending:
 482              	.LFB74:
 370:Generated_Source\PSoC5/isr_Timer_20ms.c **** 
 371:Generated_Source\PSoC5/isr_Timer_20ms.c **** 
 372:Generated_Source\PSoC5/isr_Timer_20ms.c **** /*******************************************************************************
 373:Generated_Source\PSoC5/isr_Timer_20ms.c **** * Function Name: isr_Timer_20ms_SetPending
ARM GAS  C:\Users\MARTHN~1\AppData\Local\Temp\ccpdu7yR.s 			page 16


 374:Generated_Source\PSoC5/isr_Timer_20ms.c **** ********************************************************************************
 375:Generated_Source\PSoC5/isr_Timer_20ms.c **** *
 376:Generated_Source\PSoC5/isr_Timer_20ms.c **** * Summary:
 377:Generated_Source\PSoC5/isr_Timer_20ms.c **** *   Causes the Interrupt to enter the pending state, a software method of
 378:Generated_Source\PSoC5/isr_Timer_20ms.c **** *   generating the interrupt.
 379:Generated_Source\PSoC5/isr_Timer_20ms.c **** *
 380:Generated_Source\PSoC5/isr_Timer_20ms.c **** * Parameters:
 381:Generated_Source\PSoC5/isr_Timer_20ms.c **** *   None
 382:Generated_Source\PSoC5/isr_Timer_20ms.c **** *
 383:Generated_Source\PSoC5/isr_Timer_20ms.c **** * Return:
 384:Generated_Source\PSoC5/isr_Timer_20ms.c **** *   None
 385:Generated_Source\PSoC5/isr_Timer_20ms.c **** *
 386:Generated_Source\PSoC5/isr_Timer_20ms.c **** * Side Effects:
 387:Generated_Source\PSoC5/isr_Timer_20ms.c **** *   If interrupts are enabled and the interrupt is set up properly, the ISR is
 388:Generated_Source\PSoC5/isr_Timer_20ms.c **** *   entered (depending on the priority of this interrupt and other pending 
 389:Generated_Source\PSoC5/isr_Timer_20ms.c **** *   interrupts).
 390:Generated_Source\PSoC5/isr_Timer_20ms.c **** *
 391:Generated_Source\PSoC5/isr_Timer_20ms.c **** *******************************************************************************/
 392:Generated_Source\PSoC5/isr_Timer_20ms.c **** void isr_Timer_20ms_SetPending(void)
 393:Generated_Source\PSoC5/isr_Timer_20ms.c **** {
 483              		.loc 1 393 0
 484              		.cfi_startproc
 485              		@ args = 0, pretend = 0, frame = 0
 486              		@ frame_needed = 1, uses_anonymous_args = 0
 487              		@ link register save eliminated.
 488 0000 80B4     		push	{r7}
 489              		.cfi_def_cfa_offset 4
 490              		.cfi_offset 7, -4
 491 0002 00AF     		add	r7, sp, #0
 492              		.cfi_def_cfa_register 7
 394:Generated_Source\PSoC5/isr_Timer_20ms.c ****     *isr_Timer_20ms_INTC_SET_PD = isr_Timer_20ms__INTC_MASK;
 493              		.loc 1 394 0
 494 0004 034B     		ldr	r3, .L36
 495 0006 1022     		movs	r2, #16
 496 0008 1A60     		str	r2, [r3]
 395:Generated_Source\PSoC5/isr_Timer_20ms.c **** }
 497              		.loc 1 395 0
 498 000a 00BF     		nop
 499 000c BD46     		mov	sp, r7
 500              		.cfi_def_cfa_register 13
 501              		@ sp needed
 502 000e 80BC     		pop	{r7}
 503              		.cfi_restore 7
 504              		.cfi_def_cfa_offset 0
 505 0010 7047     		bx	lr
 506              	.L37:
 507 0012 00BF     		.align	2
 508              	.L36:
 509 0014 00E200E0 		.word	-536813056
 510              		.cfi_endproc
 511              	.LFE74:
 512              		.size	isr_Timer_20ms_SetPending, .-isr_Timer_20ms_SetPending
 513              		.section	.text.isr_Timer_20ms_ClearPending,"ax",%progbits
 514              		.align	2
 515              		.global	isr_Timer_20ms_ClearPending
 516              		.thumb
 517              		.thumb_func
ARM GAS  C:\Users\MARTHN~1\AppData\Local\Temp\ccpdu7yR.s 			page 17


 518              		.type	isr_Timer_20ms_ClearPending, %function
 519              	isr_Timer_20ms_ClearPending:
 520              	.LFB75:
 396:Generated_Source\PSoC5/isr_Timer_20ms.c **** 
 397:Generated_Source\PSoC5/isr_Timer_20ms.c **** 
 398:Generated_Source\PSoC5/isr_Timer_20ms.c **** /*******************************************************************************
 399:Generated_Source\PSoC5/isr_Timer_20ms.c **** * Function Name: isr_Timer_20ms_ClearPending
 400:Generated_Source\PSoC5/isr_Timer_20ms.c **** ********************************************************************************
 401:Generated_Source\PSoC5/isr_Timer_20ms.c **** *
 402:Generated_Source\PSoC5/isr_Timer_20ms.c **** * Summary:
 403:Generated_Source\PSoC5/isr_Timer_20ms.c **** *   Clears a pending interrupt in the interrupt controller.
 404:Generated_Source\PSoC5/isr_Timer_20ms.c **** *
 405:Generated_Source\PSoC5/isr_Timer_20ms.c **** *   Note Some interrupt sources are clear-on-read and require the block 
 406:Generated_Source\PSoC5/isr_Timer_20ms.c **** *   interrupt/status register to be read/cleared with the appropriate block API 
 407:Generated_Source\PSoC5/isr_Timer_20ms.c **** *   (GPIO, UART, and so on). Otherwise the ISR will continue to remain in 
 408:Generated_Source\PSoC5/isr_Timer_20ms.c **** *   pending state even though the interrupt itself is cleared using this API.
 409:Generated_Source\PSoC5/isr_Timer_20ms.c **** *
 410:Generated_Source\PSoC5/isr_Timer_20ms.c **** * Parameters:
 411:Generated_Source\PSoC5/isr_Timer_20ms.c **** *   None
 412:Generated_Source\PSoC5/isr_Timer_20ms.c **** *
 413:Generated_Source\PSoC5/isr_Timer_20ms.c **** * Return:
 414:Generated_Source\PSoC5/isr_Timer_20ms.c **** *   None
 415:Generated_Source\PSoC5/isr_Timer_20ms.c **** *
 416:Generated_Source\PSoC5/isr_Timer_20ms.c **** *******************************************************************************/
 417:Generated_Source\PSoC5/isr_Timer_20ms.c **** void isr_Timer_20ms_ClearPending(void)
 418:Generated_Source\PSoC5/isr_Timer_20ms.c **** {
 521              		.loc 1 418 0
 522              		.cfi_startproc
 523              		@ args = 0, pretend = 0, frame = 0
 524              		@ frame_needed = 1, uses_anonymous_args = 0
 525              		@ link register save eliminated.
 526 0000 80B4     		push	{r7}
 527              		.cfi_def_cfa_offset 4
 528              		.cfi_offset 7, -4
 529 0002 00AF     		add	r7, sp, #0
 530              		.cfi_def_cfa_register 7
 419:Generated_Source\PSoC5/isr_Timer_20ms.c ****     *isr_Timer_20ms_INTC_CLR_PD = isr_Timer_20ms__INTC_MASK;
 531              		.loc 1 419 0
 532 0004 034B     		ldr	r3, .L39
 533 0006 1022     		movs	r2, #16
 534 0008 1A60     		str	r2, [r3]
 420:Generated_Source\PSoC5/isr_Timer_20ms.c **** }
 535              		.loc 1 420 0
 536 000a 00BF     		nop
 537 000c BD46     		mov	sp, r7
 538              		.cfi_def_cfa_register 13
 539              		@ sp needed
 540 000e 80BC     		pop	{r7}
 541              		.cfi_restore 7
 542              		.cfi_def_cfa_offset 0
 543 0010 7047     		bx	lr
 544              	.L40:
 545 0012 00BF     		.align	2
 546              	.L39:
 547 0014 80E200E0 		.word	-536812928
 548              		.cfi_endproc
 549              	.LFE75:
ARM GAS  C:\Users\MARTHN~1\AppData\Local\Temp\ccpdu7yR.s 			page 18


 550              		.size	isr_Timer_20ms_ClearPending, .-isr_Timer_20ms_ClearPending
 551              		.text
 552              	.Letext0:
 553              		.file 2 "c:\\program files (x86)\\cypress\\psoc creator\\4.3\\psoc creator\\import\\gnu\\arm\\5.4.
 554              		.file 3 "c:\\program files (x86)\\cypress\\psoc creator\\4.3\\psoc creator\\import\\gnu\\arm\\5.4.
 555              		.file 4 "Generated_Source\\PSoC5/cytypes.h"
 556              		.file 5 "Generated_Source\\PSoC5/core_cm3.h"
 557              		.section	.debug_info,"",%progbits
 558              	.Ldebug_info0:
 559 0000 64020000 		.4byte	0x264
 560 0004 0400     		.2byte	0x4
 561 0006 00000000 		.4byte	.Ldebug_abbrev0
 562 000a 04       		.byte	0x4
 563 000b 01       		.uleb128 0x1
 564 000c 06000000 		.4byte	.LASF36
 565 0010 0C       		.byte	0xc
 566 0011 EC020000 		.4byte	.LASF37
 567 0015 4A010000 		.4byte	.LASF38
 568 0019 00000000 		.4byte	.Ldebug_ranges0+0
 569 001d 00000000 		.4byte	0
 570 0021 00000000 		.4byte	.Ldebug_line0
 571 0025 02       		.uleb128 0x2
 572 0026 04       		.byte	0x4
 573 0027 05       		.byte	0x5
 574 0028 696E7400 		.ascii	"int\000"
 575 002c 03       		.uleb128 0x3
 576 002d 04       		.byte	0x4
 577 002e 07       		.byte	0x7
 578 002f FC010000 		.4byte	.LASF0
 579 0033 03       		.uleb128 0x3
 580 0034 08       		.byte	0x8
 581 0035 05       		.byte	0x5
 582 0036 CA020000 		.4byte	.LASF1
 583 003a 03       		.uleb128 0x3
 584 003b 08       		.byte	0x8
 585 003c 04       		.byte	0x4
 586 003d 2D030000 		.4byte	.LASF2
 587 0041 03       		.uleb128 0x3
 588 0042 01       		.byte	0x1
 589 0043 06       		.byte	0x6
 590 0044 39030000 		.4byte	.LASF3
 591 0048 03       		.uleb128 0x3
 592 0049 01       		.byte	0x1
 593 004a 08       		.byte	0x8
 594 004b EF000000 		.4byte	.LASF4
 595 004f 03       		.uleb128 0x3
 596 0050 02       		.byte	0x2
 597 0051 05       		.byte	0x5
 598 0052 14030000 		.4byte	.LASF5
 599 0056 03       		.uleb128 0x3
 600 0057 02       		.byte	0x2
 601 0058 07       		.byte	0x7
 602 0059 1C010000 		.4byte	.LASF6
 603 005d 04       		.uleb128 0x4
 604 005e C9000000 		.4byte	.LASF12
 605 0062 02       		.byte	0x2
 606 0063 3F       		.byte	0x3f
ARM GAS  C:\Users\MARTHN~1\AppData\Local\Temp\ccpdu7yR.s 			page 19


 607 0064 68000000 		.4byte	0x68
 608 0068 03       		.uleb128 0x3
 609 0069 04       		.byte	0x4
 610 006a 05       		.byte	0x5
 611 006b 24030000 		.4byte	.LASF7
 612 006f 03       		.uleb128 0x3
 613 0070 04       		.byte	0x4
 614 0071 07       		.byte	0x7
 615 0072 0A010000 		.4byte	.LASF8
 616 0076 03       		.uleb128 0x3
 617 0077 08       		.byte	0x8
 618 0078 07       		.byte	0x7
 619 0079 37020000 		.4byte	.LASF9
 620 007d 03       		.uleb128 0x3
 621 007e 04       		.byte	0x4
 622 007f 07       		.byte	0x7
 623 0080 AA020000 		.4byte	.LASF10
 624 0084 03       		.uleb128 0x3
 625 0085 01       		.byte	0x1
 626 0086 08       		.byte	0x8
 627 0087 D8020000 		.4byte	.LASF11
 628 008b 05       		.uleb128 0x5
 629 008c 04       		.byte	0x4
 630 008d 91000000 		.4byte	0x91
 631 0091 06       		.uleb128 0x6
 632 0092 04       		.uleb128 0x4
 633 0093 A2020000 		.4byte	.LASF13
 634 0097 03       		.byte	0x3
 635 0098 2C       		.byte	0x2c
 636 0099 5D000000 		.4byte	0x5d
 637 009d 07       		.uleb128 0x7
 638 009e 1E030000 		.4byte	.LASF14
 639 00a2 04       		.byte	0x4
 640 00a3 E401     		.2byte	0x1e4
 641 00a5 48000000 		.4byte	0x48
 642 00a9 07       		.uleb128 0x7
 643 00aa DE010000 		.4byte	.LASF15
 644 00ae 04       		.byte	0x4
 645 00af E601     		.2byte	0x1e6
 646 00b1 6F000000 		.4byte	0x6f
 647 00b5 03       		.uleb128 0x3
 648 00b6 04       		.byte	0x4
 649 00b7 04       		.byte	0x4
 650 00b8 E9000000 		.4byte	.LASF16
 651 00bc 03       		.uleb128 0x3
 652 00bd 08       		.byte	0x8
 653 00be 04       		.byte	0x4
 654 00bf 9B010000 		.4byte	.LASF17
 655 00c3 07       		.uleb128 0x7
 656 00c4 FD000000 		.4byte	.LASF18
 657 00c8 04       		.byte	0x4
 658 00c9 8E02     		.2byte	0x28e
 659 00cb CF000000 		.4byte	0xcf
 660 00cf 08       		.uleb128 0x8
 661 00d0 9D000000 		.4byte	0x9d
 662 00d4 07       		.uleb128 0x7
 663 00d5 00000000 		.4byte	.LASF19
ARM GAS  C:\Users\MARTHN~1\AppData\Local\Temp\ccpdu7yR.s 			page 20


 664 00d9 04       		.byte	0x4
 665 00da 9002     		.2byte	0x290
 666 00dc E0000000 		.4byte	0xe0
 667 00e0 08       		.uleb128 0x8
 668 00e1 A9000000 		.4byte	0xa9
 669 00e5 07       		.uleb128 0x7
 670 00e6 66020000 		.4byte	.LASF20
 671 00ea 04       		.byte	0x4
 672 00eb A002     		.2byte	0x2a0
 673 00ed 8B000000 		.4byte	0x8b
 674 00f1 09       		.uleb128 0x9
 675 00f2 09020000 		.4byte	.LASF21
 676 00f6 01       		.byte	0x1
 677 00f7 45       		.byte	0x45
 678 00f8 00000000 		.4byte	.LFB63
 679 00fc 20000000 		.4byte	.LFE63-.LFB63
 680 0100 01       		.uleb128 0x1
 681 0101 9C       		.byte	0x9c
 682 0102 0A       		.uleb128 0xa
 683 0103 E5010000 		.4byte	.LASF24
 684 0107 01       		.byte	0x1
 685 0108 70       		.byte	0x70
 686 0109 00000000 		.4byte	.LFB64
 687 010d 24000000 		.4byte	.LFE64-.LFB64
 688 0111 01       		.uleb128 0x1
 689 0112 9C       		.byte	0x9c
 690 0113 26010000 		.4byte	0x126
 691 0117 0B       		.uleb128 0xb
 692 0118 02010000 		.4byte	.LASF26
 693 011c 01       		.byte	0x1
 694 011d 70       		.byte	0x70
 695 011e E5000000 		.4byte	0xe5
 696 0122 02       		.uleb128 0x2
 697 0123 91       		.byte	0x91
 698 0124 74       		.sleb128 -12
 699 0125 00       		.byte	0
 700 0126 09       		.uleb128 0x9
 701 0127 8E020000 		.4byte	.LASF22
 702 012b 01       		.byte	0x1
 703 012c 8E       		.byte	0x8e
 704 012d 00000000 		.4byte	.LFB65
 705 0131 18000000 		.4byte	.LFE65-.LFB65
 706 0135 01       		.uleb128 0x1
 707 0136 9C       		.byte	0x9c
 708 0137 09       		.uleb128 0x9
 709 0138 1E020000 		.4byte	.LASF23
 710 013c 01       		.byte	0x1
 711 013d A8       		.byte	0xa8
 712 013e 00000000 		.4byte	.LFB66
 713 0142 1C000000 		.4byte	.LFE66-.LFB66
 714 0146 01       		.uleb128 0x1
 715 0147 9C       		.byte	0x9c
 716 0148 0C       		.uleb128 0xc
 717 0149 A2010000 		.4byte	.LASF25
 718 014d 01       		.byte	0x1
 719 014e D8       		.byte	0xd8
 720 014f 00000000 		.4byte	.LFB67
ARM GAS  C:\Users\MARTHN~1\AppData\Local\Temp\ccpdu7yR.s 			page 21


 721 0153 24000000 		.4byte	.LFE67-.LFB67
 722 0157 01       		.uleb128 0x1
 723 0158 9C       		.byte	0x9c
 724 0159 7A010000 		.4byte	0x17a
 725 015d 0B       		.uleb128 0xb
 726 015e 02010000 		.4byte	.LASF26
 727 0162 01       		.byte	0x1
 728 0163 D8       		.byte	0xd8
 729 0164 E5000000 		.4byte	0xe5
 730 0168 02       		.uleb128 0x2
 731 0169 91       		.byte	0x91
 732 016a 6C       		.sleb128 -20
 733 016b 0D       		.uleb128 0xd
 734 016c DD020000 		.4byte	.LASF27
 735 0170 01       		.byte	0x1
 736 0171 DA       		.byte	0xda
 737 0172 7A010000 		.4byte	0x17a
 738 0176 02       		.uleb128 0x2
 739 0177 91       		.byte	0x91
 740 0178 74       		.sleb128 -12
 741 0179 00       		.byte	0
 742 017a 05       		.uleb128 0x5
 743 017b 04       		.byte	0x4
 744 017c E5000000 		.4byte	0xe5
 745 0180 0E       		.uleb128 0xe
 746 0181 B0000000 		.4byte	.LASF30
 747 0185 01       		.byte	0x1
 748 0186 F0       		.byte	0xf0
 749 0187 E5000000 		.4byte	0xe5
 750 018b 00000000 		.4byte	.LFB68
 751 018f 20000000 		.4byte	.LFE68-.LFB68
 752 0193 01       		.uleb128 0x1
 753 0194 9C       		.byte	0x9c
 754 0195 A8010000 		.4byte	0x1a8
 755 0199 0D       		.uleb128 0xd
 756 019a DD020000 		.4byte	.LASF27
 757 019e 01       		.byte	0x1
 758 019f F2       		.byte	0xf2
 759 01a0 7A010000 		.4byte	0x17a
 760 01a4 02       		.uleb128 0x2
 761 01a5 91       		.byte	0x91
 762 01a6 74       		.sleb128 -12
 763 01a7 00       		.byte	0
 764 01a8 0F       		.uleb128 0xf
 765 01a9 2F010000 		.4byte	.LASF28
 766 01ad 01       		.byte	0x1
 767 01ae 1201     		.2byte	0x112
 768 01b0 00000000 		.4byte	.LFB69
 769 01b4 24000000 		.4byte	.LFE69-.LFB69
 770 01b8 01       		.uleb128 0x1
 771 01b9 9C       		.byte	0x9c
 772 01ba CE010000 		.4byte	0x1ce
 773 01be 10       		.uleb128 0x10
 774 01bf D5010000 		.4byte	.LASF29
 775 01c3 01       		.byte	0x1
 776 01c4 1201     		.2byte	0x112
 777 01c6 9D000000 		.4byte	0x9d
ARM GAS  C:\Users\MARTHN~1\AppData\Local\Temp\ccpdu7yR.s 			page 22


 778 01ca 02       		.uleb128 0x2
 779 01cb 91       		.byte	0x91
 780 01cc 77       		.sleb128 -9
 781 01cd 00       		.byte	0
 782 01ce 11       		.uleb128 0x11
 783 01cf 73020000 		.4byte	.LASF31
 784 01d3 01       		.byte	0x1
 785 01d4 2801     		.2byte	0x128
 786 01d6 9D000000 		.4byte	0x9d
 787 01da 00000000 		.4byte	.LFB70
 788 01de 20000000 		.4byte	.LFE70-.LFB70
 789 01e2 01       		.uleb128 0x1
 790 01e3 9C       		.byte	0x9c
 791 01e4 F8010000 		.4byte	0x1f8
 792 01e8 12       		.uleb128 0x12
 793 01e9 D5010000 		.4byte	.LASF29
 794 01ed 01       		.byte	0x1
 795 01ee 2A01     		.2byte	0x12a
 796 01f0 9D000000 		.4byte	0x9d
 797 01f4 02       		.uleb128 0x2
 798 01f5 91       		.byte	0x91
 799 01f6 77       		.sleb128 -9
 800 01f7 00       		.byte	0
 801 01f8 13       		.uleb128 0x13
 802 01f9 D3000000 		.4byte	.LASF32
 803 01fd 01       		.byte	0x1
 804 01fe 4301     		.2byte	0x143
 805 0200 00000000 		.4byte	.LFB71
 806 0204 18000000 		.4byte	.LFE71-.LFB71
 807 0208 01       		.uleb128 0x1
 808 0209 9C       		.byte	0x9c
 809 020a 14       		.uleb128 0x14
 810 020b 4E020000 		.4byte	.LASF39
 811 020f 01       		.byte	0x1
 812 0210 5801     		.2byte	0x158
 813 0212 9D000000 		.4byte	0x9d
 814 0216 00000000 		.4byte	.LFB72
 815 021a 24000000 		.4byte	.LFE72-.LFB72
 816 021e 01       		.uleb128 0x1
 817 021f 9C       		.byte	0x9c
 818 0220 13       		.uleb128 0x13
 819 0221 B3020000 		.4byte	.LASF33
 820 0225 01       		.byte	0x1
 821 0226 6D01     		.2byte	0x16d
 822 0228 00000000 		.4byte	.LFB73
 823 022c 18000000 		.4byte	.LFE73-.LFB73
 824 0230 01       		.uleb128 0x1
 825 0231 9C       		.byte	0x9c
 826 0232 13       		.uleb128 0x13
 827 0233 BB010000 		.4byte	.LASF34
 828 0237 01       		.byte	0x1
 829 0238 8801     		.2byte	0x188
 830 023a 00000000 		.4byte	.LFB74
 831 023e 18000000 		.4byte	.LFE74-.LFB74
 832 0242 01       		.uleb128 0x1
 833 0243 9C       		.byte	0x9c
 834 0244 13       		.uleb128 0x13
ARM GAS  C:\Users\MARTHN~1\AppData\Local\Temp\ccpdu7yR.s 			page 23


 835 0245 94000000 		.4byte	.LASF35
 836 0249 01       		.byte	0x1
 837 024a A101     		.2byte	0x1a1
 838 024c 00000000 		.4byte	.LFB75
 839 0250 18000000 		.4byte	.LFE75-.LFB75
 840 0254 01       		.uleb128 0x1
 841 0255 9C       		.byte	0x9c
 842 0256 15       		.uleb128 0x15
 843 0257 8E010000 		.4byte	.LASF40
 844 025b 05       		.byte	0x5
 845 025c 1207     		.2byte	0x712
 846 025e 62020000 		.4byte	0x262
 847 0262 08       		.uleb128 0x8
 848 0263 92000000 		.4byte	0x92
 849 0267 00       		.byte	0
 850              		.section	.debug_abbrev,"",%progbits
 851              	.Ldebug_abbrev0:
 852 0000 01       		.uleb128 0x1
 853 0001 11       		.uleb128 0x11
 854 0002 01       		.byte	0x1
 855 0003 25       		.uleb128 0x25
 856 0004 0E       		.uleb128 0xe
 857 0005 13       		.uleb128 0x13
 858 0006 0B       		.uleb128 0xb
 859 0007 03       		.uleb128 0x3
 860 0008 0E       		.uleb128 0xe
 861 0009 1B       		.uleb128 0x1b
 862 000a 0E       		.uleb128 0xe
 863 000b 55       		.uleb128 0x55
 864 000c 17       		.uleb128 0x17
 865 000d 11       		.uleb128 0x11
 866 000e 01       		.uleb128 0x1
 867 000f 10       		.uleb128 0x10
 868 0010 17       		.uleb128 0x17
 869 0011 00       		.byte	0
 870 0012 00       		.byte	0
 871 0013 02       		.uleb128 0x2
 872 0014 24       		.uleb128 0x24
 873 0015 00       		.byte	0
 874 0016 0B       		.uleb128 0xb
 875 0017 0B       		.uleb128 0xb
 876 0018 3E       		.uleb128 0x3e
 877 0019 0B       		.uleb128 0xb
 878 001a 03       		.uleb128 0x3
 879 001b 08       		.uleb128 0x8
 880 001c 00       		.byte	0
 881 001d 00       		.byte	0
 882 001e 03       		.uleb128 0x3
 883 001f 24       		.uleb128 0x24
 884 0020 00       		.byte	0
 885 0021 0B       		.uleb128 0xb
 886 0022 0B       		.uleb128 0xb
 887 0023 3E       		.uleb128 0x3e
 888 0024 0B       		.uleb128 0xb
 889 0025 03       		.uleb128 0x3
 890 0026 0E       		.uleb128 0xe
 891 0027 00       		.byte	0
ARM GAS  C:\Users\MARTHN~1\AppData\Local\Temp\ccpdu7yR.s 			page 24


 892 0028 00       		.byte	0
 893 0029 04       		.uleb128 0x4
 894 002a 16       		.uleb128 0x16
 895 002b 00       		.byte	0
 896 002c 03       		.uleb128 0x3
 897 002d 0E       		.uleb128 0xe
 898 002e 3A       		.uleb128 0x3a
 899 002f 0B       		.uleb128 0xb
 900 0030 3B       		.uleb128 0x3b
 901 0031 0B       		.uleb128 0xb
 902 0032 49       		.uleb128 0x49
 903 0033 13       		.uleb128 0x13
 904 0034 00       		.byte	0
 905 0035 00       		.byte	0
 906 0036 05       		.uleb128 0x5
 907 0037 0F       		.uleb128 0xf
 908 0038 00       		.byte	0
 909 0039 0B       		.uleb128 0xb
 910 003a 0B       		.uleb128 0xb
 911 003b 49       		.uleb128 0x49
 912 003c 13       		.uleb128 0x13
 913 003d 00       		.byte	0
 914 003e 00       		.byte	0
 915 003f 06       		.uleb128 0x6
 916 0040 15       		.uleb128 0x15
 917 0041 00       		.byte	0
 918 0042 27       		.uleb128 0x27
 919 0043 19       		.uleb128 0x19
 920 0044 00       		.byte	0
 921 0045 00       		.byte	0
 922 0046 07       		.uleb128 0x7
 923 0047 16       		.uleb128 0x16
 924 0048 00       		.byte	0
 925 0049 03       		.uleb128 0x3
 926 004a 0E       		.uleb128 0xe
 927 004b 3A       		.uleb128 0x3a
 928 004c 0B       		.uleb128 0xb
 929 004d 3B       		.uleb128 0x3b
 930 004e 05       		.uleb128 0x5
 931 004f 49       		.uleb128 0x49
 932 0050 13       		.uleb128 0x13
 933 0051 00       		.byte	0
 934 0052 00       		.byte	0
 935 0053 08       		.uleb128 0x8
 936 0054 35       		.uleb128 0x35
 937 0055 00       		.byte	0
 938 0056 49       		.uleb128 0x49
 939 0057 13       		.uleb128 0x13
 940 0058 00       		.byte	0
 941 0059 00       		.byte	0
 942 005a 09       		.uleb128 0x9
 943 005b 2E       		.uleb128 0x2e
 944 005c 00       		.byte	0
 945 005d 3F       		.uleb128 0x3f
 946 005e 19       		.uleb128 0x19
 947 005f 03       		.uleb128 0x3
 948 0060 0E       		.uleb128 0xe
ARM GAS  C:\Users\MARTHN~1\AppData\Local\Temp\ccpdu7yR.s 			page 25


 949 0061 3A       		.uleb128 0x3a
 950 0062 0B       		.uleb128 0xb
 951 0063 3B       		.uleb128 0x3b
 952 0064 0B       		.uleb128 0xb
 953 0065 27       		.uleb128 0x27
 954 0066 19       		.uleb128 0x19
 955 0067 11       		.uleb128 0x11
 956 0068 01       		.uleb128 0x1
 957 0069 12       		.uleb128 0x12
 958 006a 06       		.uleb128 0x6
 959 006b 40       		.uleb128 0x40
 960 006c 18       		.uleb128 0x18
 961 006d 9642     		.uleb128 0x2116
 962 006f 19       		.uleb128 0x19
 963 0070 00       		.byte	0
 964 0071 00       		.byte	0
 965 0072 0A       		.uleb128 0xa
 966 0073 2E       		.uleb128 0x2e
 967 0074 01       		.byte	0x1
 968 0075 3F       		.uleb128 0x3f
 969 0076 19       		.uleb128 0x19
 970 0077 03       		.uleb128 0x3
 971 0078 0E       		.uleb128 0xe
 972 0079 3A       		.uleb128 0x3a
 973 007a 0B       		.uleb128 0xb
 974 007b 3B       		.uleb128 0x3b
 975 007c 0B       		.uleb128 0xb
 976 007d 27       		.uleb128 0x27
 977 007e 19       		.uleb128 0x19
 978 007f 11       		.uleb128 0x11
 979 0080 01       		.uleb128 0x1
 980 0081 12       		.uleb128 0x12
 981 0082 06       		.uleb128 0x6
 982 0083 40       		.uleb128 0x40
 983 0084 18       		.uleb128 0x18
 984 0085 9642     		.uleb128 0x2116
 985 0087 19       		.uleb128 0x19
 986 0088 01       		.uleb128 0x1
 987 0089 13       		.uleb128 0x13
 988 008a 00       		.byte	0
 989 008b 00       		.byte	0
 990 008c 0B       		.uleb128 0xb
 991 008d 05       		.uleb128 0x5
 992 008e 00       		.byte	0
 993 008f 03       		.uleb128 0x3
 994 0090 0E       		.uleb128 0xe
 995 0091 3A       		.uleb128 0x3a
 996 0092 0B       		.uleb128 0xb
 997 0093 3B       		.uleb128 0x3b
 998 0094 0B       		.uleb128 0xb
 999 0095 49       		.uleb128 0x49
 1000 0096 13       		.uleb128 0x13
 1001 0097 02       		.uleb128 0x2
 1002 0098 18       		.uleb128 0x18
 1003 0099 00       		.byte	0
 1004 009a 00       		.byte	0
 1005 009b 0C       		.uleb128 0xc
ARM GAS  C:\Users\MARTHN~1\AppData\Local\Temp\ccpdu7yR.s 			page 26


 1006 009c 2E       		.uleb128 0x2e
 1007 009d 01       		.byte	0x1
 1008 009e 3F       		.uleb128 0x3f
 1009 009f 19       		.uleb128 0x19
 1010 00a0 03       		.uleb128 0x3
 1011 00a1 0E       		.uleb128 0xe
 1012 00a2 3A       		.uleb128 0x3a
 1013 00a3 0B       		.uleb128 0xb
 1014 00a4 3B       		.uleb128 0x3b
 1015 00a5 0B       		.uleb128 0xb
 1016 00a6 27       		.uleb128 0x27
 1017 00a7 19       		.uleb128 0x19
 1018 00a8 11       		.uleb128 0x11
 1019 00a9 01       		.uleb128 0x1
 1020 00aa 12       		.uleb128 0x12
 1021 00ab 06       		.uleb128 0x6
 1022 00ac 40       		.uleb128 0x40
 1023 00ad 18       		.uleb128 0x18
 1024 00ae 9742     		.uleb128 0x2117
 1025 00b0 19       		.uleb128 0x19
 1026 00b1 01       		.uleb128 0x1
 1027 00b2 13       		.uleb128 0x13
 1028 00b3 00       		.byte	0
 1029 00b4 00       		.byte	0
 1030 00b5 0D       		.uleb128 0xd
 1031 00b6 34       		.uleb128 0x34
 1032 00b7 00       		.byte	0
 1033 00b8 03       		.uleb128 0x3
 1034 00b9 0E       		.uleb128 0xe
 1035 00ba 3A       		.uleb128 0x3a
 1036 00bb 0B       		.uleb128 0xb
 1037 00bc 3B       		.uleb128 0x3b
 1038 00bd 0B       		.uleb128 0xb
 1039 00be 49       		.uleb128 0x49
 1040 00bf 13       		.uleb128 0x13
 1041 00c0 02       		.uleb128 0x2
 1042 00c1 18       		.uleb128 0x18
 1043 00c2 00       		.byte	0
 1044 00c3 00       		.byte	0
 1045 00c4 0E       		.uleb128 0xe
 1046 00c5 2E       		.uleb128 0x2e
 1047 00c6 01       		.byte	0x1
 1048 00c7 3F       		.uleb128 0x3f
 1049 00c8 19       		.uleb128 0x19
 1050 00c9 03       		.uleb128 0x3
 1051 00ca 0E       		.uleb128 0xe
 1052 00cb 3A       		.uleb128 0x3a
 1053 00cc 0B       		.uleb128 0xb
 1054 00cd 3B       		.uleb128 0x3b
 1055 00ce 0B       		.uleb128 0xb
 1056 00cf 27       		.uleb128 0x27
 1057 00d0 19       		.uleb128 0x19
 1058 00d1 49       		.uleb128 0x49
 1059 00d2 13       		.uleb128 0x13
 1060 00d3 11       		.uleb128 0x11
 1061 00d4 01       		.uleb128 0x1
 1062 00d5 12       		.uleb128 0x12
ARM GAS  C:\Users\MARTHN~1\AppData\Local\Temp\ccpdu7yR.s 			page 27


 1063 00d6 06       		.uleb128 0x6
 1064 00d7 40       		.uleb128 0x40
 1065 00d8 18       		.uleb128 0x18
 1066 00d9 9742     		.uleb128 0x2117
 1067 00db 19       		.uleb128 0x19
 1068 00dc 01       		.uleb128 0x1
 1069 00dd 13       		.uleb128 0x13
 1070 00de 00       		.byte	0
 1071 00df 00       		.byte	0
 1072 00e0 0F       		.uleb128 0xf
 1073 00e1 2E       		.uleb128 0x2e
 1074 00e2 01       		.byte	0x1
 1075 00e3 3F       		.uleb128 0x3f
 1076 00e4 19       		.uleb128 0x19
 1077 00e5 03       		.uleb128 0x3
 1078 00e6 0E       		.uleb128 0xe
 1079 00e7 3A       		.uleb128 0x3a
 1080 00e8 0B       		.uleb128 0xb
 1081 00e9 3B       		.uleb128 0x3b
 1082 00ea 05       		.uleb128 0x5
 1083 00eb 27       		.uleb128 0x27
 1084 00ec 19       		.uleb128 0x19
 1085 00ed 11       		.uleb128 0x11
 1086 00ee 01       		.uleb128 0x1
 1087 00ef 12       		.uleb128 0x12
 1088 00f0 06       		.uleb128 0x6
 1089 00f1 40       		.uleb128 0x40
 1090 00f2 18       		.uleb128 0x18
 1091 00f3 9742     		.uleb128 0x2117
 1092 00f5 19       		.uleb128 0x19
 1093 00f6 01       		.uleb128 0x1
 1094 00f7 13       		.uleb128 0x13
 1095 00f8 00       		.byte	0
 1096 00f9 00       		.byte	0
 1097 00fa 10       		.uleb128 0x10
 1098 00fb 05       		.uleb128 0x5
 1099 00fc 00       		.byte	0
 1100 00fd 03       		.uleb128 0x3
 1101 00fe 0E       		.uleb128 0xe
 1102 00ff 3A       		.uleb128 0x3a
 1103 0100 0B       		.uleb128 0xb
 1104 0101 3B       		.uleb128 0x3b
 1105 0102 05       		.uleb128 0x5
 1106 0103 49       		.uleb128 0x49
 1107 0104 13       		.uleb128 0x13
 1108 0105 02       		.uleb128 0x2
 1109 0106 18       		.uleb128 0x18
 1110 0107 00       		.byte	0
 1111 0108 00       		.byte	0
 1112 0109 11       		.uleb128 0x11
 1113 010a 2E       		.uleb128 0x2e
 1114 010b 01       		.byte	0x1
 1115 010c 3F       		.uleb128 0x3f
 1116 010d 19       		.uleb128 0x19
 1117 010e 03       		.uleb128 0x3
 1118 010f 0E       		.uleb128 0xe
 1119 0110 3A       		.uleb128 0x3a
ARM GAS  C:\Users\MARTHN~1\AppData\Local\Temp\ccpdu7yR.s 			page 28


 1120 0111 0B       		.uleb128 0xb
 1121 0112 3B       		.uleb128 0x3b
 1122 0113 05       		.uleb128 0x5
 1123 0114 27       		.uleb128 0x27
 1124 0115 19       		.uleb128 0x19
 1125 0116 49       		.uleb128 0x49
 1126 0117 13       		.uleb128 0x13
 1127 0118 11       		.uleb128 0x11
 1128 0119 01       		.uleb128 0x1
 1129 011a 12       		.uleb128 0x12
 1130 011b 06       		.uleb128 0x6
 1131 011c 40       		.uleb128 0x40
 1132 011d 18       		.uleb128 0x18
 1133 011e 9742     		.uleb128 0x2117
 1134 0120 19       		.uleb128 0x19
 1135 0121 01       		.uleb128 0x1
 1136 0122 13       		.uleb128 0x13
 1137 0123 00       		.byte	0
 1138 0124 00       		.byte	0
 1139 0125 12       		.uleb128 0x12
 1140 0126 34       		.uleb128 0x34
 1141 0127 00       		.byte	0
 1142 0128 03       		.uleb128 0x3
 1143 0129 0E       		.uleb128 0xe
 1144 012a 3A       		.uleb128 0x3a
 1145 012b 0B       		.uleb128 0xb
 1146 012c 3B       		.uleb128 0x3b
 1147 012d 05       		.uleb128 0x5
 1148 012e 49       		.uleb128 0x49
 1149 012f 13       		.uleb128 0x13
 1150 0130 02       		.uleb128 0x2
 1151 0131 18       		.uleb128 0x18
 1152 0132 00       		.byte	0
 1153 0133 00       		.byte	0
 1154 0134 13       		.uleb128 0x13
 1155 0135 2E       		.uleb128 0x2e
 1156 0136 00       		.byte	0
 1157 0137 3F       		.uleb128 0x3f
 1158 0138 19       		.uleb128 0x19
 1159 0139 03       		.uleb128 0x3
 1160 013a 0E       		.uleb128 0xe
 1161 013b 3A       		.uleb128 0x3a
 1162 013c 0B       		.uleb128 0xb
 1163 013d 3B       		.uleb128 0x3b
 1164 013e 05       		.uleb128 0x5
 1165 013f 27       		.uleb128 0x27
 1166 0140 19       		.uleb128 0x19
 1167 0141 11       		.uleb128 0x11
 1168 0142 01       		.uleb128 0x1
 1169 0143 12       		.uleb128 0x12
 1170 0144 06       		.uleb128 0x6
 1171 0145 40       		.uleb128 0x40
 1172 0146 18       		.uleb128 0x18
 1173 0147 9742     		.uleb128 0x2117
 1174 0149 19       		.uleb128 0x19
 1175 014a 00       		.byte	0
 1176 014b 00       		.byte	0
ARM GAS  C:\Users\MARTHN~1\AppData\Local\Temp\ccpdu7yR.s 			page 29


 1177 014c 14       		.uleb128 0x14
 1178 014d 2E       		.uleb128 0x2e
 1179 014e 00       		.byte	0
 1180 014f 3F       		.uleb128 0x3f
 1181 0150 19       		.uleb128 0x19
 1182 0151 03       		.uleb128 0x3
 1183 0152 0E       		.uleb128 0xe
 1184 0153 3A       		.uleb128 0x3a
 1185 0154 0B       		.uleb128 0xb
 1186 0155 3B       		.uleb128 0x3b
 1187 0156 05       		.uleb128 0x5
 1188 0157 27       		.uleb128 0x27
 1189 0158 19       		.uleb128 0x19
 1190 0159 49       		.uleb128 0x49
 1191 015a 13       		.uleb128 0x13
 1192 015b 11       		.uleb128 0x11
 1193 015c 01       		.uleb128 0x1
 1194 015d 12       		.uleb128 0x12
 1195 015e 06       		.uleb128 0x6
 1196 015f 40       		.uleb128 0x40
 1197 0160 18       		.uleb128 0x18
 1198 0161 9742     		.uleb128 0x2117
 1199 0163 19       		.uleb128 0x19
 1200 0164 00       		.byte	0
 1201 0165 00       		.byte	0
 1202 0166 15       		.uleb128 0x15
 1203 0167 34       		.uleb128 0x34
 1204 0168 00       		.byte	0
 1205 0169 03       		.uleb128 0x3
 1206 016a 0E       		.uleb128 0xe
 1207 016b 3A       		.uleb128 0x3a
 1208 016c 0B       		.uleb128 0xb
 1209 016d 3B       		.uleb128 0x3b
 1210 016e 05       		.uleb128 0x5
 1211 016f 49       		.uleb128 0x49
 1212 0170 13       		.uleb128 0x13
 1213 0171 3F       		.uleb128 0x3f
 1214 0172 19       		.uleb128 0x19
 1215 0173 3C       		.uleb128 0x3c
 1216 0174 19       		.uleb128 0x19
 1217 0175 00       		.byte	0
 1218 0176 00       		.byte	0
 1219 0177 00       		.byte	0
 1220              		.section	.debug_aranges,"",%progbits
 1221 0000 7C000000 		.4byte	0x7c
 1222 0004 0200     		.2byte	0x2
 1223 0006 00000000 		.4byte	.Ldebug_info0
 1224 000a 04       		.byte	0x4
 1225 000b 00       		.byte	0
 1226 000c 0000     		.2byte	0
 1227 000e 0000     		.2byte	0
 1228 0010 00000000 		.4byte	.LFB63
 1229 0014 20000000 		.4byte	.LFE63-.LFB63
 1230 0018 00000000 		.4byte	.LFB64
 1231 001c 24000000 		.4byte	.LFE64-.LFB64
 1232 0020 00000000 		.4byte	.LFB65
 1233 0024 18000000 		.4byte	.LFE65-.LFB65
ARM GAS  C:\Users\MARTHN~1\AppData\Local\Temp\ccpdu7yR.s 			page 30


 1234 0028 00000000 		.4byte	.LFB66
 1235 002c 1C000000 		.4byte	.LFE66-.LFB66
 1236 0030 00000000 		.4byte	.LFB67
 1237 0034 24000000 		.4byte	.LFE67-.LFB67
 1238 0038 00000000 		.4byte	.LFB68
 1239 003c 20000000 		.4byte	.LFE68-.LFB68
 1240 0040 00000000 		.4byte	.LFB69
 1241 0044 24000000 		.4byte	.LFE69-.LFB69
 1242 0048 00000000 		.4byte	.LFB70
 1243 004c 20000000 		.4byte	.LFE70-.LFB70
 1244 0050 00000000 		.4byte	.LFB71
 1245 0054 18000000 		.4byte	.LFE71-.LFB71
 1246 0058 00000000 		.4byte	.LFB72
 1247 005c 24000000 		.4byte	.LFE72-.LFB72
 1248 0060 00000000 		.4byte	.LFB73
 1249 0064 18000000 		.4byte	.LFE73-.LFB73
 1250 0068 00000000 		.4byte	.LFB74
 1251 006c 18000000 		.4byte	.LFE74-.LFB74
 1252 0070 00000000 		.4byte	.LFB75
 1253 0074 18000000 		.4byte	.LFE75-.LFB75
 1254 0078 00000000 		.4byte	0
 1255 007c 00000000 		.4byte	0
 1256              		.section	.debug_ranges,"",%progbits
 1257              	.Ldebug_ranges0:
 1258 0000 00000000 		.4byte	.LFB63
 1259 0004 20000000 		.4byte	.LFE63
 1260 0008 00000000 		.4byte	.LFB64
 1261 000c 24000000 		.4byte	.LFE64
 1262 0010 00000000 		.4byte	.LFB65
 1263 0014 18000000 		.4byte	.LFE65
 1264 0018 00000000 		.4byte	.LFB66
 1265 001c 1C000000 		.4byte	.LFE66
 1266 0020 00000000 		.4byte	.LFB67
 1267 0024 24000000 		.4byte	.LFE67
 1268 0028 00000000 		.4byte	.LFB68
 1269 002c 20000000 		.4byte	.LFE68
 1270 0030 00000000 		.4byte	.LFB69
 1271 0034 24000000 		.4byte	.LFE69
 1272 0038 00000000 		.4byte	.LFB70
 1273 003c 20000000 		.4byte	.LFE70
 1274 0040 00000000 		.4byte	.LFB71
 1275 0044 18000000 		.4byte	.LFE71
 1276 0048 00000000 		.4byte	.LFB72
 1277 004c 24000000 		.4byte	.LFE72
 1278 0050 00000000 		.4byte	.LFB73
 1279 0054 18000000 		.4byte	.LFE73
 1280 0058 00000000 		.4byte	.LFB74
 1281 005c 18000000 		.4byte	.LFE74
 1282 0060 00000000 		.4byte	.LFB75
 1283 0064 18000000 		.4byte	.LFE75
 1284 0068 00000000 		.4byte	0
 1285 006c 00000000 		.4byte	0
 1286              		.section	.debug_line,"",%progbits
 1287              	.Ldebug_line0:
 1288 0000 64020000 		.section	.debug_str,"MS",%progbits,1
 1288      02005601 
 1288      00000201 
ARM GAS  C:\Users\MARTHN~1\AppData\Local\Temp\ccpdu7yR.s 			page 31


 1288      FB0E0D00 
 1288      01010101 
 1289              	.LASF19:
 1290 0000 72656733 		.ascii	"reg32\000"
 1290      3200
 1291              	.LASF36:
 1292 0006 474E5520 		.ascii	"GNU C11 5.4.1 20160609 (release) [ARM/embedded-5-br"
 1292      43313120 
 1292      352E342E 
 1292      31203230 
 1292      31363036 
 1293 0039 616E6368 		.ascii	"anch revision 237715] -mcpu=cortex-m3 -mthumb -g -O"
 1293      20726576 
 1293      6973696F 
 1293      6E203233 
 1293      37373135 
 1294 006c 30202D66 		.ascii	"0 -ffunction-sections -ffat-lto-objects\000"
 1294      66756E63 
 1294      74696F6E 
 1294      2D736563 
 1294      74696F6E 
 1295              	.LASF35:
 1296 0094 6973725F 		.ascii	"isr_Timer_20ms_ClearPending\000"
 1296      54696D65 
 1296      725F3230 
 1296      6D735F43 
 1296      6C656172 
 1297              	.LASF30:
 1298 00b0 6973725F 		.ascii	"isr_Timer_20ms_GetVector\000"
 1298      54696D65 
 1298      725F3230 
 1298      6D735F47 
 1298      65745665 
 1299              	.LASF12:
 1300 00c9 5F5F696E 		.ascii	"__int32_t\000"
 1300      7433325F 
 1300      7400
 1301              	.LASF32:
 1302 00d3 6973725F 		.ascii	"isr_Timer_20ms_Enable\000"
 1302      54696D65 
 1302      725F3230 
 1302      6D735F45 
 1302      6E61626C 
 1303              	.LASF16:
 1304 00e9 666C6F61 		.ascii	"float\000"
 1304      7400
 1305              	.LASF4:
 1306 00ef 756E7369 		.ascii	"unsigned char\000"
 1306      676E6564 
 1306      20636861 
 1306      7200
 1307              	.LASF18:
 1308 00fd 72656738 		.ascii	"reg8\000"
 1308      00
 1309              	.LASF26:
 1310 0102 61646472 		.ascii	"address\000"
 1310      65737300 
ARM GAS  C:\Users\MARTHN~1\AppData\Local\Temp\ccpdu7yR.s 			page 32


 1311              	.LASF8:
 1312 010a 6C6F6E67 		.ascii	"long unsigned int\000"
 1312      20756E73 
 1312      69676E65 
 1312      6420696E 
 1312      7400
 1313              	.LASF6:
 1314 011c 73686F72 		.ascii	"short unsigned int\000"
 1314      7420756E 
 1314      7369676E 
 1314      65642069 
 1314      6E7400
 1315              	.LASF28:
 1316 012f 6973725F 		.ascii	"isr_Timer_20ms_SetPriority\000"
 1316      54696D65 
 1316      725F3230 
 1316      6D735F53 
 1316      65745072 
 1317              	.LASF38:
 1318 014a 433A5C55 		.ascii	"C:\\Users\\marthnick\\Desktop\\firm_F1-TestFixture\\"
 1318      73657273 
 1318      5C6D6172 
 1318      74686E69 
 1318      636B5C44 
 1319 0179 46312D54 		.ascii	"F1-TestFixture.cydsn\000"
 1319      65737446 
 1319      69787475 
 1319      72652E63 
 1319      7964736E 
 1320              	.LASF40:
 1321 018e 49544D5F 		.ascii	"ITM_RxBuffer\000"
 1321      52784275 
 1321      66666572 
 1321      00
 1322              	.LASF17:
 1323 019b 646F7562 		.ascii	"double\000"
 1323      6C6500
 1324              	.LASF25:
 1325 01a2 6973725F 		.ascii	"isr_Timer_20ms_SetVector\000"
 1325      54696D65 
 1325      725F3230 
 1325      6D735F53 
 1325      65745665 
 1326              	.LASF34:
 1327 01bb 6973725F 		.ascii	"isr_Timer_20ms_SetPending\000"
 1327      54696D65 
 1327      725F3230 
 1327      6D735F53 
 1327      65745065 
 1328              	.LASF29:
 1329 01d5 7072696F 		.ascii	"priority\000"
 1329      72697479 
 1329      00
 1330              	.LASF15:
 1331 01de 75696E74 		.ascii	"uint32\000"
 1331      333200
 1332              	.LASF24:
ARM GAS  C:\Users\MARTHN~1\AppData\Local\Temp\ccpdu7yR.s 			page 33


 1333 01e5 6973725F 		.ascii	"isr_Timer_20ms_StartEx\000"
 1333      54696D65 
 1333      725F3230 
 1333      6D735F53 
 1333      74617274 
 1334              	.LASF0:
 1335 01fc 756E7369 		.ascii	"unsigned int\000"
 1335      676E6564 
 1335      20696E74 
 1335      00
 1336              	.LASF21:
 1337 0209 6973725F 		.ascii	"isr_Timer_20ms_Start\000"
 1337      54696D65 
 1337      725F3230 
 1337      6D735F53 
 1337      74617274 
 1338              	.LASF23:
 1339 021e 6973725F 		.ascii	"isr_Timer_20ms_Interrupt\000"
 1339      54696D65 
 1339      725F3230 
 1339      6D735F49 
 1339      6E746572 
 1340              	.LASF9:
 1341 0237 6C6F6E67 		.ascii	"long long unsigned int\000"
 1341      206C6F6E 
 1341      6720756E 
 1341      7369676E 
 1341      65642069 
 1342              	.LASF39:
 1343 024e 6973725F 		.ascii	"isr_Timer_20ms_GetState\000"
 1343      54696D65 
 1343      725F3230 
 1343      6D735F47 
 1343      65745374 
 1344              	.LASF20:
 1345 0266 63796973 		.ascii	"cyisraddress\000"
 1345      72616464 
 1345      72657373 
 1345      00
 1346              	.LASF31:
 1347 0273 6973725F 		.ascii	"isr_Timer_20ms_GetPriority\000"
 1347      54696D65 
 1347      725F3230 
 1347      6D735F47 
 1347      65745072 
 1348              	.LASF22:
 1349 028e 6973725F 		.ascii	"isr_Timer_20ms_Stop\000"
 1349      54696D65 
 1349      725F3230 
 1349      6D735F53 
 1349      746F7000 
 1350              	.LASF13:
 1351 02a2 696E7433 		.ascii	"int32_t\000"
 1351      325F7400 
 1352              	.LASF10:
 1353 02aa 73697A65 		.ascii	"sizetype\000"
 1353      74797065 
ARM GAS  C:\Users\MARTHN~1\AppData\Local\Temp\ccpdu7yR.s 			page 34


 1353      00
 1354              	.LASF33:
 1355 02b3 6973725F 		.ascii	"isr_Timer_20ms_Disable\000"
 1355      54696D65 
 1355      725F3230 
 1355      6D735F44 
 1355      69736162 
 1356              	.LASF1:
 1357 02ca 6C6F6E67 		.ascii	"long long int\000"
 1357      206C6F6E 
 1357      6720696E 
 1357      7400
 1358              	.LASF11:
 1359 02d8 63686172 		.ascii	"char\000"
 1359      00
 1360              	.LASF27:
 1361 02dd 72616D56 		.ascii	"ramVectorTable\000"
 1361      6563746F 
 1361      72546162 
 1361      6C6500
 1362              	.LASF37:
 1363 02ec 47656E65 		.ascii	"Generated_Source\\PSoC5\\isr_Timer_20ms.c\000"
 1363      72617465 
 1363      645F536F 
 1363      75726365 
 1363      5C50536F 
 1364              	.LASF5:
 1365 0314 73686F72 		.ascii	"short int\000"
 1365      7420696E 
 1365      7400
 1366              	.LASF14:
 1367 031e 75696E74 		.ascii	"uint8\000"
 1367      3800
 1368              	.LASF7:
 1369 0324 6C6F6E67 		.ascii	"long int\000"
 1369      20696E74 
 1369      00
 1370              	.LASF2:
 1371 032d 6C6F6E67 		.ascii	"long double\000"
 1371      20646F75 
 1371      626C6500 
 1372              	.LASF3:
 1373 0339 7369676E 		.ascii	"signed char\000"
 1373      65642063 
 1373      68617200 
 1374              		.ident	"GCC: (GNU Tools for ARM Embedded Processors) 5.4.1 20160609 (release) [ARM/embedded-5-bran
