Archive member included because of file (symbol)

.\CortexM3\ARM_GCC_493\Release\ReleaseVersion.a(cyfitter_cfg.o)
                              .\CortexM3\ARM_GCC_493\Release\Cm3Start.o (cyfitter_cfg)
.\CortexM3\ARM_GCC_493\Release\ReleaseVersion.a(ModeStatus.o)
                              .\CortexM3\ARM_GCC_493\Release\SirenState.o (ModeStatus_Read)
.\CortexM3\ARM_GCC_493\Release\ReleaseVersion.a(ModeStatusISR.o)
                              .\CortexM3\ARM_GCC_493\Release\SirenState.o (ModeStatusISR_Start)
.\CortexM3\ARM_GCC_493\Release\ReleaseVersion.a(HornRingStatus.o)
                              .\CortexM3\ARM_GCC_493\Release\SirenState.o (HornRingStatus_Read)
.\CortexM3\ARM_GCC_493\Release\ReleaseVersion.a(HornRingISR.o)
                              .\CortexM3\ARM_GCC_493\Release\main.o (HornRingISR_Start)
.\CortexM3\ARM_GCC_493\Release\ReleaseVersion.a(ParkKillStatus.o)
                              .\CortexM3\ARM_GCC_493\Release\SirenState.o (ParkKillStatus_Read)
.\CortexM3\ARM_GCC_493\Release\ReleaseVersion.a(ParkKillISR.o)
                              .\CortexM3\ARM_GCC_493\Release\main.o (ParkKillISR_Start)
.\CortexM3\ARM_GCC_493\Release\ReleaseVersion.a(RadioRebroadcastInput.o)
                              .\CortexM3\ARM_GCC_493\Release\SirenState.o (RadioRebroadcastInput_Read)
.\CortexM3\ARM_GCC_493\Release\ReleaseVersion.a(MicKeyInput.o)
                              .\CortexM3\ARM_GCC_493\Release\SirenState.o (MicKeyInput_Read)
.\CortexM3\ARM_GCC_493\Release\ReleaseVersion.a(RadioMicKeyISR.o)
                              .\CortexM3\ARM_GCC_493\Release\main.o (RadioMicKeyISR_Start)
.\CortexM3\ARM_GCC_493\Release\ReleaseVersion.a(TackSwitchStatus.o)
                              .\CortexM3\ARM_GCC_493\Release\SirenState.o (TackSwitchStatus_Read)
.\CortexM3\ARM_GCC_493\Release\ReleaseVersion.a(TackSwitchISR.o)
                              .\CortexM3\ARM_GCC_493\Release\SirenState.o (TackSwitchISR_Start)
.\CortexM3\ARM_GCC_493\Release\ReleaseVersion.a(DualDelayStatus.o)
                              .\CortexM3\ARM_GCC_493\Release\SirenState.o (DualDelayStatus_Read)
.\CortexM3\ARM_GCC_493\Release\ReleaseVersion.a(DualDelayISR.o)
                              .\CortexM3\ARM_GCC_493\Release\SirenState.o (DualDelayISR_Start)
.\CortexM3\ARM_GCC_493\Release\ReleaseVersion.a(OverloadInput1.o)
                              .\CortexM3\ARM_GCC_493\Release\main.o (OverloadInput1_Read)
.\CortexM3\ARM_GCC_493\Release\ReleaseVersion.a(OverloadISR.o)
                              .\CortexM3\ARM_GCC_493\Release\main.o (OverloadISR_Start)
.\CortexM3\ARM_GCC_493\Release\ReleaseVersion.a(OverloadInput2.o)
                              .\CortexM3\ARM_GCC_493\Release\main.o (OverloadInput2_Read)
.\CortexM3\ARM_GCC_493\Release\ReleaseVersion.a(ModeStatus2.o)
                              .\CortexM3\ARM_GCC_493\Release\SirenState.o (ModeStatus2_Read)
.\CortexM3\ARM_GCC_493\Release\ReleaseVersion.a(PWM_1.o)
                              .\CortexM3\ARM_GCC_493\Release\Tones.o (PWM_1_Start)
.\CortexM3\ARM_GCC_493\Release\ReleaseVersion.a(PWM_2.o)
                              .\CortexM3\ARM_GCC_493\Release\Tones.o (PWM_2_Start)
.\CortexM3\ARM_GCC_493\Release\ReleaseVersion.a(PWM1_ISR.o)
                              .\CortexM3\ARM_GCC_493\Release\main.o (PWM1_ISR_Start)
.\CortexM3\ARM_GCC_493\Release\ReleaseVersion.a(PWM2_ISR.o)
                              .\CortexM3\ARM_GCC_493\Release\main.o (PWM2_ISR_Start)
.\CortexM3\ARM_GCC_493\Release\ReleaseVersion.a(VDAC8_2.o)
                              .\CortexM3\ARM_GCC_493\Release\DACaudio.o (VDAC8_2_Start)
.\CortexM3\ARM_GCC_493\Release\ReleaseVersion.a(PGA_1.o)
                              .\CortexM3\ARM_GCC_493\Release\DACaudio.o (PGA_1_Start)
.\CortexM3\ARM_GCC_493\Release\ReleaseVersion.a(PGA_2.o)
                              .\CortexM3\ARM_GCC_493\Release\DACaudio.o (PGA_2_Start)
.\CortexM3\ARM_GCC_493\Release\ReleaseVersion.a(VDAC8_1.o)
                              .\CortexM3\ARM_GCC_493\Release\DACaudio.o (VDAC8_1_Start)
.\CortexM3\ARM_GCC_493\Release\ReleaseVersion.a(LEDoutput.o)
                              .\CortexM3\ARM_GCC_493\Release\Fault.o (LEDoutput_Write)
.\CortexM3\ARM_GCC_493\Release\ReleaseVersion.a(LED_ISR.o)
                              .\CortexM3\ARM_GCC_493\Release\main.o (LED_ISR_Start)
.\CortexM3\ARM_GCC_493\Release\ReleaseVersion.a(AMux1.o)
                              .\CortexM3\ARM_GCC_493\Release\main.o (AMux1_Start)
.\CortexM3\ARM_GCC_493\Release\ReleaseVersion.a(PWMtimer1.o)
                              .\CortexM3\ARM_GCC_493\Release\Tones.o (PWMtimer1_WritePeriod)
.\CortexM3\ARM_GCC_493\Release\ReleaseVersion.a(PWMtimer1_ISR.o)
                              .\CortexM3\ARM_GCC_493\Release\main.o (PWMtimer1_ISR_Start)
.\CortexM3\ARM_GCC_493\Release\ReleaseVersion.a(PowerAmpOutput1.o)
                              .\CortexM3\ARM_GCC_493\Release\main.o (PowerAmpOutput1_Write)
[...]
Memory Configuration

Name             Origin             Length             Attributes
rom              0x00000000         0x00020000         xr
ram              0x1fffc000         0x00008000         xrw
*default*        0x00000000         0xffffffff

Linker script and memory map

LOAD c:/program files (x86)/cypress/psoc creator/3.3/psoc creator/import/gnu/arm/4.9.3/bin/../lib/gcc/arm-none-eabi/4.9.3/armv7-m/crti.o
LOAD c:/program files (x86)/cypress/psoc creator/3.3/psoc creator/import/gnu/arm/4.9.3/bin/../lib/gcc/arm-none-eabi/4.9.3/armv7-m/crtbegin.o
LOAD c:/program files (x86)/cypress/psoc creator/3.3/psoc creator/import/gnu/arm/4.9.3/bin/../lib/gcc/arm-none-eabi/4.9.3/../../../../arm-none-eabi/lib/armv7-m/crt0.o
START GROUP
LOAD .\CortexM3\ARM_GCC_493\Release\main.o
LOAD .\CortexM3\ARM_GCC_493\Release\Fault.o
LOAD .\CortexM3\ARM_GCC_493\Release\Tones.o
LOAD .\CortexM3\ARM_GCC_493\Release\DACaudio.o
LOAD .\CortexM3\ARM_GCC_493\Release\FileDecode.o
LOAD .\CortexM3\ARM_GCC_493\Release\CommManager.o
LOAD .\CortexM3\ARM_GCC_493\Release\SirenState.o
LOAD .\CortexM3\ARM_GCC_493\Release\cymetadata.o
LOAD .\CortexM3\ARM_GCC_493\Release\Cm3Start.o
LOAD .\CortexM3\ARM_GCC_493\Release\ReleaseVersion.a
LOAD C:\Program Files (x86)\Cypress\PSoC Creator\3.3\PSoC Creator\psoc\content\cycomponentlibrary\CyComponentLibrary.cylib\CortexM3\ARM_GCC_493\Release\CyComponentLibrary.a
END GROUP
START GROUP
LOAD c:/program files (x86)/cypress/psoc creator/3.3/psoc creator/import/gnu/arm/4.9.3/bin/../lib/gcc/arm-none-eabi/4.9.3/armv7-m\libgcc.a
LOAD c:/program files (x86)/cypress/psoc creator/3.3/psoc creator/import/gnu/arm/4.9.3/bin/../lib/gcc/arm-none-eabi/4.9.3/../../../../arm-none-eabi/lib/armv7-m\libg_nano.a
LOAD c:/program files (x86)/cypress/psoc creator/3.3/psoc creator/import/gnu/arm/4.9.3/bin/../lib/gcc/arm-none-eabi/4.9.3/../../../../arm-none-eabi/lib/armv7-m\libc_nano.a
END GROUP
START GROUP
LOAD c:/program files (x86)/cypress/psoc creator/3.3/psoc creator/import/gnu/arm/4.9.3/bin/../lib/gcc/arm-none-eabi/4.9.3/armv7-m\libgcc.a
LOAD c:/program files (x86)/cypress/psoc creator/3.3/psoc creator/import/gnu/arm/4.9.3/bin/../lib/gcc/arm-none-eabi/4.9.3/../../../../arm-none-eabi/lib/armv7-m\libc_nano.a
END GROUP
LOAD c:/program files (x86)/cypress/psoc creator/3.3/psoc creator/import/gnu/arm/4.9.3/bin/../lib/gcc/arm-none-eabi/4.9.3/armv7-m/crtend.o
LOAD c:/program files (x86)/cypress/psoc creator/3.3/psoc creator/import/gnu/arm/4.9.3/bin/../lib/gcc/arm-none-eabi/4.9.3/armv7-m/crtn.o
START GROUP
LOAD c:/program files (x86)/cypress/psoc creator/3.3/psoc creator/import/gnu/arm/4.9.3/bin/../lib/gcc/arm-none-eabi/4.9.3/armv7-m\libgcc.a
LOAD c:/program files (x86)/cypress/psoc creator/3.3/psoc creator/import/gnu/arm/4.9.3/bin/../lib/gcc/arm-none-eabi/4.9.3/../../../../arm-none-eabi/lib/armv7-m\libc.a
LOAD c:/program files (x86)/cypress/psoc creator/3.3/psoc creator/import/gnu/arm/4.9.3/bin/../lib/gcc/arm-none-eabi/4.9.3/../../../../arm-none-eabi/lib/armv7-m\libnosys.a
END GROUP
                0x00000000                CY_APPL_ORIGIN = 0x0
                0x00000100                CY_FLASH_ROW_SIZE = 0x100
                0x00000020                CY_ECC_ROW_SIZE = 0x20
                0x00000000                CY_EE_IN_BTLDR = 0x0
                0x00000000                CY_APPL_LOADABLE = 0x0
                0x00000800                CY_EE_SIZE = 0x800
                0x00000001                CY_APPL_NUM = 0x1
                0x00000001                CY_APPL_MAX = 0x1
                0x00000040                CY_METADATA_SIZE = 0x40
                0x00000000                CY_APPL_LOADABLE = 0x0
                0x00000000                CY_CHECKSUM_EXCLUDE_SIZE = ALIGN (0x0, CY_FLASH_ROW_SIZE)
                0x1fffc2c8                PROVIDE (__cy_heap_start, _end)
                0x00000001                PROVIDE (__cy_region_num, ((__cy_regions_end - __cy_regions) / 0x10))
                0x20004000                PROVIDE (__cy_stack, (ORIGIN (ram) + 0x8000))
                0x20003800                PROVIDE (__cy_heap_end, (__cy_stack - 0x800))

.cybootloader   0x00000000        0x0
 *(.cybootloader)
                0x00000000                appl1_start = CY_APPL_ORIGIN?CY_APPL_ORIGIN:ALIGN (CY_FLASH_ROW_SIZE)
                0x0000ff00                appl2_start = (appl1_start + ALIGN ((((0x20000 - appl1_start) - (0x2 * CY_FLASH_ROW_SIZE)) / 0x2), CY_FLASH_ROW_SIZE))
                0x00000000                appl_start = (CY_APPL_NUM == 0x1)?appl1_start:appl2_start
                0x00000000                ecc_offset = ((appl_start / CY_FLASH_ROW_SIZE) * CY_ECC_ROW_SIZE)
                0x00000000                ee_offset = (CY_APPL_LOADABLE && ! (CY_EE_IN_BTLDR))?((CY_EE_SIZE / CY_APPL_MAX) * (CY_APPL_NUM - 0x1)):0x0
                0x00000800                ee_size = (CY_APPL_LOADABLE && ! (CY_EE_IN_BTLDR))?(CY_EE_SIZE / CY_APPL_MAX):CY_EE_SIZE
                0x00000000                PROVIDE (CY_ECC_OFFSET, ecc_offset)

.text           0x00000000     0x5f56
 CREATE_OBJECT_SYMBOLS
                0x00000000                PROVIDE (__cy_interrupt_vector, RomVectors)
 *(.romvectors)
 .romvectors    0x00000000       0x10 .\CortexM3\ARM_GCC_493\Release\Cm3Start.o
                0x00000000                RomVectors
                0x00000001                ASSERT ((. != __cy_interrupt_vector), No interrupt vector)
                0x00000001                ASSERT (CY_APPL_ORIGIN?(SIZEOF (.cybootloader) <= CY_APPL_ORIGIN):0x1, Wrong image location)
                0x00000010                PROVIDE (__cy_reset, Reset)
 *(.text.Reset)
 .text.Reset    0x00000010       0x18 .\CortexM3\ARM_GCC_493\Release\Cm3Start.o
                0x00000010                Reset
                0x00000001                ASSERT ((. != __cy_reset), No reset code)
 *(.dma_init)
                0x00000001                ASSERT ((((appl_start + .) <= 0x10000) || 0x1), DMA Init must be within the first 64k of flash)
 *(.text .text.* .gnu.linkonce.t.*)
 .text          0x00000028       0x5c c:/program files (x86)/cypress/psoc creator/3.3/psoc creator/import/gnu/arm/4.9.3/bin/../lib/gcc/arm-none-eabi/4.9.3/armv7-m/crtbegin.o
 .text.main     0x00000084       0x2c .\CortexM3\ARM_GCC_493\Release\main.o
                0x00000084                main
 .text.initializePeripherals
                0x000000b0       0x98 .\CortexM3\ARM_GCC_493\Release\main.o
 .text.isThereOverload
                0x00000148       0x18 .\CortexM3\ARM_GCC_493\Release\Fault.o
                0x00000148                isThereOverload
 .text.processOverloadRoutine
                0x00000160       0x88 .\CortexM3\ARM_GCC_493\Release\Fault.o
                0x00000160                processOverloadRoutine
 .text.deactivatePoweredFunctions
                0x000001e8       0x38 .\CortexM3\ARM_GCC_493\Release\Fault.o
                0x000001e8                deactivatePoweredFunctions
 .text.playPWMTone
                0x00000220      0x298 .\CortexM3\ARM_GCC_493\Release\Tones.o
                0x00000220                playPWMTone
 .text.stopPWMTone
                0x000004b8       0xa8 .\CortexM3\ARM_GCC_493\Release\Tones.o
                0x000004b8                stopPWMTone
 .text.processPWMtimerRoutine
                0x00000560      0x1d0 .\CortexM3\ARM_GCC_493\Release\Tones.o
                0x00000560                processPWMtimerRoutine
 .text.processPWM1updateRoutine
                0x00000730       0xfc .\CortexM3\ARM_GCC_493\Release\Tones.o
                0x00000730                processPWM1updateRoutine
 .text.processPWM2updateRoutine
                0x0000082c       0xe8 .\CortexM3\ARM_GCC_493\Release\Tones.o
                0x0000082c                processPWM2updateRoutine
 .text.deactivateManualWail
                0x00000914       0x20 .\CortexM3\ARM_GCC_493\Release\Tones.o
                0x00000914                deactivateManualWail
 .text.setToneEffectStatus
                0x00000934       0x98 .\CortexM3\ARM_GCC_493\Release\Tones.o
 .text.playHornTone
                0x000009cc       0x64 .\CortexM3\ARM_GCC_493\Release\Tones.o
 .text.playGradualChangeTone
                0x00000a30      0x128 .\CortexM3\ARM_GCC_493\Release\Tones.o
 .text.playManualWailTone
                0x00000b58       0xf8 .\CortexM3\ARM_GCC_493\Release\Tones.o
 .text.playHighLowTone
                0x00000c50       0xd0 .\CortexM3\ARM_GCC_493\Release\Tones.o
 .text.playMechanicalTone
                0x00000d20      0x164 .\CortexM3\ARM_GCC_493\Release\Tones.o
 .text.playPCallTone
                0x00000e84      0x154 .\CortexM3\ARM_GCC_493\Release\Tones.o
 .text.playComboTone
                0x00000fd8      0x224 .\CortexM3\ARM_GCC_493\Release\Tones.o
 .text.playTestTone
                0x000011fc       0xac .\CortexM3\ARM_GCC_493\Release\Tones.o
 .text.getCaptureValue
                0x000012a8       0x24 .\CortexM3\ARM_GCC_493\Release\Tones.o
 .text.playAudioTone
                0x000012cc      0x120 .\CortexM3\ARM_GCC_493\Release\DACaudio.o
                0x000012cc                playAudioTone
 .text.stopAudioTone
                0x000013ec       0x48 .\CortexM3\ARM_GCC_493\Release\DACaudio.o
                0x000013ec                stopAudioTone
 .text.updateDAC1
                0x00001434      0x15c .\CortexM3\ARM_GCC_493\Release\DACaudio.o
                0x00001434                updateDAC1
 .text.deactivateAudio
                0x00001590       0x18 .\CortexM3\ARM_GCC_493\Release\DACaudio.o
                0x00001590                deactivateAudio
 .text.isMusicReady
                0x000015a8       0x68 .\CortexM3\ARM_GCC_493\Release\DACaudio.o
 .text.getSamplingReloadValue
                0x00001610       0x24 .\CortexM3\ARM_GCC_493\Release\DACaudio.o
 .text.getChannelCount
                0x00001634       0x18 .\CortexM3\ARM_GCC_493\Release\FileDecode.o
                0x00001634                getChannelCount
 .text.getBytesPerSample
                0x0000164c       0x18 .\CortexM3\ARM_GCC_493\Release\FileDecode.o
                0x0000164c                getBytesPerSample
 .text.getSamplingRate
                0x00001664       0x18 .\CortexM3\ARM_GCC_493\Release\FileDecode.o
                0x00001664                getSamplingRate
 .text.getDataSize
                0x0000167c       0x18 .\CortexM3\ARM_GCC_493\Release\FileDecode.o
                0x0000167c                getDataSize
 .text.getNextWaveData
                0x00001694       0xbc .\CortexM3\ARM_GCC_493\Release\FileDecode.o
                0x00001694                getNextWaveData
 .text.processHeaderData
                0x00001750      0x274 .\CortexM3\ARM_GCC_493\Release\FileDecode.o
                0x00001750                processHeaderData
 .text.processBigEndianData
                0x000019c4       0xa8 .\CortexM3\ARM_GCC_493\Release\FileDecode.o
 .text.processLittleEndianData
                0x00001a6c       0x98 .\CortexM3\ARM_GCC_493\Release\FileDecode.o
 .text.convertToBigEndian
                0x00001b04       0x58 .\CortexM3\ARM_GCC_493\Release\FileDecode.o
 .text.processByteReceivedHandler
                0x00001b5c       0x60 .\CortexM3\ARM_GCC_493\Release\CommManager.o
                0x00001b5c                processByteReceivedHandler
 .text.processLED_TimerRoutine
                0x00001bbc       0x2c .\CortexM3\ARM_GCC_493\Release\CommManager.o
                0x00001bbc                processLED_TimerRoutine
 .text.processCommTimeoutRoutine
                0x00001be8       0x3c .\CortexM3\ARM_GCC_493\Release\CommManager.o
                0x00001be8                processCommTimeoutRoutine
 .text.detectPacket
                0x00001c24      0x218 .\CortexM3\ARM_GCC_493\Release\CommManager.o
 .text.startVoiceStreamMode
                0x00001e3c       0x48 .\CortexM3\ARM_GCC_493\Release\CommManager.o
 .text.stopVoiceStreamMode
                0x00001e84       0x34 .\CortexM3\ARM_GCC_493\Release\CommManager.o
 .text.initializeToneConfigurationList
                0x00001eb8      0x144 .\CortexM3\ARM_GCC_493\Release\SirenState.o
                0x00001eb8                initializeToneConfigurationList
 .text.enableToneInputInterrupts
                0x00001ffc       0x1c .\CortexM3\ARM_GCC_493\Release\SirenState.o
                0x00001ffc                enableToneInputInterrupts
 .text.disableToneInputInterrupts
                0x00002018       0x1c .\CortexM3\ARM_GCC_493\Release\SirenState.o
                0x00002018                disableToneInputInterrupts
 .text.initializeInputReadings
                0x00002034       0x80 .\CortexM3\ARM_GCC_493\Release\SirenState.o
                0x00002034                initializeInputReadings
 .text.processTackSwitchRoutine
                0x000020b4      0x128 .\CortexM3\ARM_GCC_493\Release\SirenState.o
                0x000020b4                processTackSwitchRoutine
 .text.processRadioMicKeyRoutine
                0x000021dc       0x88 .\CortexM3\ARM_GCC_493\Release\SirenState.o
                0x000021dc                processRadioMicKeyRoutine
 .text.processParkKillRoutine
                0x00002264       0x20 .\CortexM3\ARM_GCC_493\Release\SirenState.o
                0x00002264                processParkKillRoutine
 .text.processHornRingRoutine
                0x00002284       0x20 .\CortexM3\ARM_GCC_493\Release\SirenState.o
                0x00002284                processHornRingRoutine
 .text.processDualDelayRoutine
                0x000022a4       0x2c .\CortexM3\ARM_GCC_493\Release\SirenState.o
                0x000022a4                processDualDelayRoutine
 .text.processToneChangeRoutine
                0x000022d0      0x15c .\CortexM3\ARM_GCC_493\Release\SirenState.o
                0x000022d0                processToneChangeRoutine
 .text.setTonesWithCommunication
                0x0000242c       0xf4 .\CortexM3\ARM_GCC_493\Release\SirenState.o
                0x0000242c                setTonesWithCommunication
 .text.disableAudioAndPWM
                0x00002520       0x20 .\CortexM3\ARM_GCC_493\Release\SirenState.o
                0x00002520                disableAudioAndPWM
 .text.disableBothSpeakers
                0x00002540       0x48 .\CortexM3\ARM_GCC_493\Release\SirenState.o
                0x00002540                disableBothSpeakers
 .text.decideTonesToPlay
                0x00002588      0x36c .\CortexM3\ARM_GCC_493\Release\SirenState.o
 .text.enableSpeakerForSirenTone
                0x000028f4       0x88 .\CortexM3\ARM_GCC_493\Release\SirenState.o
 .text.enableSpeakersForAudioTone
                0x0000297c       0x7c .\CortexM3\ARM_GCC_493\Release\SirenState.o
 .text.getHighestPriorityChannel
                0x000029f8       0x94 .\CortexM3\ARM_GCC_493\Release\SirenState.o
 .text.getAlternatingTone
                0x00002a8c       0x50 .\CortexM3\ARM_GCC_493\Release\SirenState.o
 .text.isTrailingTone
                0x00002adc       0x34 .\CortexM3\ARM_GCC_493\Release\SirenState.o
 .text.isAudioTone
                0x00002b10       0x3c .\CortexM3\ARM_GCC_493\Release\SirenState.o
 .text.isCommand
                0x00002b4c       0x28 .\CortexM3\ARM_GCC_493\Release\SirenState.o
 .text.isSong   0x00002b74       0x24 .\CortexM3\ARM_GCC_493\Release\SirenState.o
 .text.getBitIndex
                0x00002b98       0xd4 .\CortexM3\ARM_GCC_493\Release\SirenState.o
 .text.IntDefaultHandler
                0x00002c6c        0x8 .\CortexM3\ARM_GCC_493\Release\Cm3Start.o
                0x00002c6c                IntDefaultHandler
 .text.Start_c  0x00002c74       0x98 .\CortexM3\ARM_GCC_493\Release\Cm3Start.o
                0x00002c74                Start_c
 .text.initialize_psoc
                0x00002d0c       0x8c .\CortexM3\ARM_GCC_493\Release\Cm3Start.o
                0x00002d0c                initialize_psoc
 .text.CYMEMZERO
                0x00002d98       0x1c .\CortexM3\ARM_GCC_493\Release\ReleaseVersion.a(cyfitter_cfg.o)
 .text.CYCONFIGCPY
                0x00002db4       0x1c .\CortexM3\ARM_GCC_493\Release\ReleaseVersion.a(cyfitter_cfg.o)
 .text.CyClockStartupError
                0x00002dd0        0xc .\CortexM3\ARM_GCC_493\Release\ReleaseVersion.a(cyfitter_cfg.o)
 .text.cfg_write_bytes32
                0x00002ddc       0x74 .\CortexM3\ARM_GCC_493\Release\ReleaseVersion.a(cyfitter_cfg.o)
 .text.ClockSetup
                0x00002e50      0x18c .\CortexM3\ARM_GCC_493\Release\ReleaseVersion.a(cyfitter_cfg.o)
 .text.AnalogSetDefault
                0x00002fdc       0x80 .\CortexM3\ARM_GCC_493\Release\ReleaseVersion.a(cyfitter_cfg.o)
 .text.AMux1_Set
                0x0000305c       0x40 .\CortexM3\ARM_GCC_493\Release\ReleaseVersion.a(cyfitter_cfg.o)
                0x0000305c                AMux1_Set
 .text.AMux1_Unset
                0x0000309c       0x44 .\CortexM3\ARM_GCC_493\Release\ReleaseVersion.a(cyfitter_cfg.o)
                0x0000309c                AMux1_Unset
 .text.AMux2_Set
                0x000030e0       0x6c .\CortexM3\ARM_GCC_493\Release\ReleaseVersion.a(cyfitter_cfg.o)
                0x000030e0                AMux2_Set
 .text.AMux2_Unset
                0x0000314c       0x74 .\CortexM3\ARM_GCC_493\Release\ReleaseVersion.a(cyfitter_cfg.o)
                0x0000314c                AMux2_Unset
 .text.cyfitter_cfg
                0x000031c0      0x1cc .\CortexM3\ARM_GCC_493\Release\ReleaseVersion.a(cyfitter_cfg.o)
                0x000031c0                cyfitter_cfg
 .text.ModeStatus_Read
                0x0000338c       0x18 .\CortexM3\ARM_GCC_493\Release\ReleaseVersion.a(ModeStatus.o)
                0x0000338c                ModeStatus_Read
 .text.ModeStatusISR_Start
                0x000033a4       0x20 .\CortexM3\ARM_GCC_493\Release\ReleaseVersion.a(ModeStatusISR.o)
                0x000033a4                ModeStatusISR_Start
 .text.ModeStatusISR_Stop
                0x000033c4       0x14 .\CortexM3\ARM_GCC_493\Release\ReleaseVersion.a(ModeStatusISR.o)
                0x000033c4                ModeStatusISR_Stop
 .text.ModeStatusISR_Interrupt
                0x000033d8        0xc .\CortexM3\ARM_GCC_493\Release\ReleaseVersion.a(ModeStatusISR.o)
                0x000033d8                ModeStatusISR_Interrupt
 .text.ModeStatusISR_SetVector
                0x000033e4       0x24 .\CortexM3\ARM_GCC_493\Release\ReleaseVersion.a(ModeStatusISR.o)
                0x000033e4                ModeStatusISR_SetVector
 .text.ModeStatusISR_SetPriority
                0x00003408       0x24 .\CortexM3\ARM_GCC_493\Release\ReleaseVersion.a(ModeStatusISR.o)
                0x00003408                ModeStatusISR_SetPriority
 .text.ModeStatusISR_Enable
                0x0000342c       0x18 .\CortexM3\ARM_GCC_493\Release\ReleaseVersion.a(ModeStatusISR.o)
                0x0000342c                ModeStatusISR_Enable
 .text.ModeStatusISR_Disable
                0x00003444       0x18 .\CortexM3\ARM_GCC_493\Release\ReleaseVersion.a(ModeStatusISR.o)
                0x00003444                ModeStatusISR_Disable
 .text.ModeStatusISR_ClearPending
                0x0000345c       0x18 .\CortexM3\ARM_GCC_493\Release\ReleaseVersion.a(ModeStatusISR.o)
                0x0000345c                ModeStatusISR_ClearPending
 .text.HornRingStatus_Read
                0x00003474       0x18 .\CortexM3\ARM_GCC_493\Release\ReleaseVersion.a(HornRingStatus.o)
                0x00003474                HornRingStatus_Read
 .text.HornRingStatus_InterruptEnable
                0x0000348c       0x30 .\CortexM3\ARM_GCC_493\Release\ReleaseVersion.a(HornRingStatus.o)
                0x0000348c                HornRingStatus_InterruptEnable
 .text.HornRingISR_Start
                0x000034bc       0x20 .\CortexM3\ARM_GCC_493\Release\ReleaseVersion.a(HornRingISR.o)
                0x000034bc                HornRingISR_Start
 .text.HornRingISR_Interrupt
                0x000034dc        0xc .\CortexM3\ARM_GCC_493\Release\ReleaseVersion.a(HornRingISR.o)
                0x000034dc                HornRingISR_Interrupt
 .text.HornRingISR_SetVector
                0x000034e8       0x24 .\CortexM3\ARM_GCC_493\Release\ReleaseVersion.a(HornRingISR.o)
                0x000034e8                HornRingISR_SetVector
 .text.HornRingISR_SetPriority
                0x0000350c       0x24 .\CortexM3\ARM_GCC_493\Release\ReleaseVersion.a(HornRingISR.o)
                0x0000350c                HornRingISR_SetPriority
 .text.HornRingISR_Enable
                0x00003530       0x18 .\CortexM3\ARM_GCC_493\Release\ReleaseVersion.a(HornRingISR.o)
                0x00003530                HornRingISR_Enable
 .text.HornRingISR_Disable
                0x00003548       0x18 .\CortexM3\ARM_GCC_493\Release\ReleaseVersion.a(HornRingISR.o)
                0x00003548                HornRingISR_Disable
 .text.HornRingISR_ClearPending
                0x00003560       0x18 .\CortexM3\ARM_GCC_493\Release\ReleaseVersion.a(HornRingISR.o)
                0x00003560                HornRingISR_ClearPending
 .text.ParkKillStatus_Read
                0x00003578       0x18 .\CortexM3\ARM_GCC_493\Release\ReleaseVersion.a(ParkKillStatus.o)
                0x00003578                ParkKillStatus_Read
 .text.ParkKillStatus_InterruptEnable
                0x00003590       0x30 .\CortexM3\ARM_GCC_493\Release\ReleaseVersion.a(ParkKillStatus.o)
                0x00003590                ParkKillStatus_InterruptEnable
 .text.ParkKillISR_Start
                0x000035c0       0x20 .\CortexM3\ARM_GCC_493\Release\ReleaseVersion.a(ParkKillISR.o)
                0x000035c0                ParkKillISR_Start
 .text.ParkKillISR_Interrupt
                0x000035e0        0xc .\CortexM3\ARM_GCC_493\Release\ReleaseVersion.a(ParkKillISR.o)
                0x000035e0                ParkKillISR_Interrupt
 .text.ParkKillISR_SetVector
                0x000035ec       0x24 .\CortexM3\ARM_GCC_493\Release\ReleaseVersion.a(ParkKillISR.o)
                0x000035ec                ParkKillISR_SetVector
 .text.ParkKillISR_SetPriority
                0x00003610       0x24 .\CortexM3\ARM_GCC_493\Release\ReleaseVersion.a(ParkKillISR.o)
                0x00003610                ParkKillISR_SetPriority
 .text.ParkKillISR_Enable
                0x00003634       0x18 .\CortexM3\ARM_GCC_493\Release\ReleaseVersion.a(ParkKillISR.o)
                0x00003634                ParkKillISR_Enable
 .text.ParkKillISR_Disable
                0x0000364c       0x18 .\CortexM3\ARM_GCC_493\Release\ReleaseVersion.a(ParkKillISR.o)
                0x0000364c                ParkKillISR_Disable
 .text.ParkKillISR_ClearPending
                0x00003664       0x18 .\CortexM3\ARM_GCC_493\Release\ReleaseVersion.a(ParkKillISR.o)
                0x00003664                ParkKillISR_ClearPending
 .text.RadioRebroadcastInput_Read
                0x0000367c       0x20 .\CortexM3\ARM_GCC_493\Release\ReleaseVersion.a(RadioRebroadcastInput.o)
                0x0000367c                RadioRebroadcastInput_Read
 .text.MicKeyInput_Read
                0x0000369c       0x20 .\CortexM3\ARM_GCC_493\Release\ReleaseVersion.a(MicKeyInput.o)
                0x0000369c                MicKeyInput_Read
 .text.RadioMicKeyISR_Start
                0x000036bc       0x20 .\CortexM3\ARM_GCC_493\Release\ReleaseVersion.a(RadioMicKeyISR.o)
                0x000036bc                RadioMicKeyISR_Start
 .text.RadioMicKeyISR_Interrupt
                0x000036dc        0xc .\CortexM3\ARM_GCC_493\Release\ReleaseVersion.a(RadioMicKeyISR.o)
                0x000036dc                RadioMicKeyISR_Interrupt
 .text.RadioMicKeyISR_SetVector
                0x000036e8       0x24 .\CortexM3\ARM_GCC_493\Release\ReleaseVersion.a(RadioMicKeyISR.o)
                0x000036e8                RadioMicKeyISR_SetVector
 .text.RadioMicKeyISR_SetPriority
                0x0000370c       0x24 .\CortexM3\ARM_GCC_493\Release\ReleaseVersion.a(RadioMicKeyISR.o)
                0x0000370c                RadioMicKeyISR_SetPriority
 .text.RadioMicKeyISR_Enable
                0x00003730       0x18 .\CortexM3\ARM_GCC_493\Release\ReleaseVersion.a(RadioMicKeyISR.o)
                0x00003730                RadioMicKeyISR_Enable
 .text.RadioMicKeyISR_Disable
                0x00003748       0x18 .\CortexM3\ARM_GCC_493\Release\ReleaseVersion.a(RadioMicKeyISR.o)
                0x00003748                RadioMicKeyISR_Disable
 .text.RadioMicKeyISR_ClearPending
                0x00003760       0x18 .\CortexM3\ARM_GCC_493\Release\ReleaseVersion.a(RadioMicKeyISR.o)
                0x00003760                RadioMicKeyISR_ClearPending
 .text.TackSwitchStatus_Read
                0x00003778       0x18 .\CortexM3\ARM_GCC_493\Release\ReleaseVersion.a(TackSwitchStatus.o)
                0x00003778                TackSwitchStatus_Read
 .text.TackSwitchStatus_InterruptEnable
                0x00003790       0x30 .\CortexM3\ARM_GCC_493\Release\ReleaseVersion.a(TackSwitchStatus.o)
                0x00003790                TackSwitchStatus_InterruptEnable
 .text.TackSwitchStatus_InterruptDisable
                0x000037c0       0x30 .\CortexM3\ARM_GCC_493\Release\ReleaseVersion.a(TackSwitchStatus.o)
                0x000037c0                TackSwitchStatus_InterruptDisable
 .text.TackSwitchISR_Start
                0x000037f0       0x20 .\CortexM3\ARM_GCC_493\Release\ReleaseVersion.a(TackSwitchISR.o)
                0x000037f0                TackSwitchISR_Start
 .text.TackSwitchISR_Stop
                0x00003810       0x14 .\CortexM3\ARM_GCC_493\Release\ReleaseVersion.a(TackSwitchISR.o)
                0x00003810                TackSwitchISR_Stop
 .text.TackSwitchISR_Interrupt
                0x00003824        0xc .\CortexM3\ARM_GCC_493\Release\ReleaseVersion.a(TackSwitchISR.o)
                0x00003824                TackSwitchISR_Interrupt
 .text.TackSwitchISR_SetVector
                0x00003830       0x24 .\CortexM3\ARM_GCC_493\Release\ReleaseVersion.a(TackSwitchISR.o)
                0x00003830                TackSwitchISR_SetVector
 .text.TackSwitchISR_SetPriority
                0x00003854       0x24 .\CortexM3\ARM_GCC_493\Release\ReleaseVersion.a(TackSwitchISR.o)
                0x00003854                TackSwitchISR_SetPriority
 .text.TackSwitchISR_Enable
                0x00003878       0x18 .\CortexM3\ARM_GCC_493\Release\ReleaseVersion.a(TackSwitchISR.o)
                0x00003878                TackSwitchISR_Enable
 .text.TackSwitchISR_Disable
                0x00003890       0x18 .\CortexM3\ARM_GCC_493\Release\ReleaseVersion.a(TackSwitchISR.o)
                0x00003890                TackSwitchISR_Disable
 .text.TackSwitchISR_ClearPending
                0x000038a8       0x18 .\CortexM3\ARM_GCC_493\Release\ReleaseVersion.a(TackSwitchISR.o)
                0x000038a8                TackSwitchISR_ClearPending
 .text.DualDelayStatus_Read
                0x000038c0       0x18 .\CortexM3\ARM_GCC_493\Release\ReleaseVersion.a(DualDelayStatus.o)
                0x000038c0                DualDelayStatus_Read
 .text.DualDelayStatus_InterruptEnable
                0x000038d8       0x30 .\CortexM3\ARM_GCC_493\Release\ReleaseVersion.a(DualDelayStatus.o)
                0x000038d8                DualDelayStatus_InterruptEnable
 .text.DualDelayStatus_InterruptDisable
                0x00003908       0x30 .\CortexM3\ARM_GCC_493\Release\ReleaseVersion.a(DualDelayStatus.o)
                0x00003908                DualDelayStatus_InterruptDisable
 .text.DualDelayISR_Start
                0x00003938       0x20 .\CortexM3\ARM_GCC_493\Release\ReleaseVersion.a(DualDelayISR.o)
                0x00003938                DualDelayISR_Start
 .text.DualDelayISR_Stop
                0x00003958       0x14 .\CortexM3\ARM_GCC_493\Release\ReleaseVersion.a(DualDelayISR.o)
                0x00003958                DualDelayISR_Stop
 .text.DualDelayISR_Interrupt
                0x0000396c        0xc .\CortexM3\ARM_GCC_493\Release\ReleaseVersion.a(DualDelayISR.o)
                0x0000396c                DualDelayISR_Interrupt
 .text.DualDelayISR_SetVector
                0x00003978       0x24 .\CortexM3\ARM_GCC_493\Release\ReleaseVersion.a(DualDelayISR.o)
                0x00003978                DualDelayISR_SetVector
 .text.DualDelayISR_SetPriority
                0x0000399c       0x24 .\CortexM3\ARM_GCC_493\Release\ReleaseVersion.a(DualDelayISR.o)
                0x0000399c                DualDelayISR_SetPriority
 .text.DualDelayISR_Enable
                0x000039c0       0x18 .\CortexM3\ARM_GCC_493\Release\ReleaseVersion.a(DualDelayISR.o)
                0x000039c0                DualDelayISR_Enable
 .text.DualDelayISR_Disable
                0x000039d8       0x18 .\CortexM3\ARM_GCC_493\Release\ReleaseVersion.a(DualDelayISR.o)
                0x000039d8                DualDelayISR_Disable
 .text.DualDelayISR_ClearPending
                0x000039f0       0x18 .\CortexM3\ARM_GCC_493\Release\ReleaseVersion.a(DualDelayISR.o)
                0x000039f0                DualDelayISR_ClearPending
 .text.OverloadInput1_Read
                0x00003a08       0x20 .\CortexM3\ARM_GCC_493\Release\ReleaseVersion.a(OverloadInput1.o)
                0x00003a08                OverloadInput1_Read
 .text.OverloadISR_Start
                0x00003a28       0x20 .\CortexM3\ARM_GCC_493\Release\ReleaseVersion.a(OverloadISR.o)
                0x00003a28                OverloadISR_Start
 .text.OverloadISR_Interrupt
                0x00003a48        0xc .\CortexM3\ARM_GCC_493\Release\ReleaseVersion.a(OverloadISR.o)
                0x00003a48                OverloadISR_Interrupt
 .text.OverloadISR_SetVector
                0x00003a54       0x24 .\CortexM3\ARM_GCC_493\Release\ReleaseVersion.a(OverloadISR.o)
                0x00003a54                OverloadISR_SetVector
 .text.OverloadISR_SetPriority
                0x00003a78       0x24 .\CortexM3\ARM_GCC_493\Release\ReleaseVersion.a(OverloadISR.o)
                0x00003a78                OverloadISR_SetPriority
 .text.OverloadISR_Enable
                0x00003a9c       0x18 .\CortexM3\ARM_GCC_493\Release\ReleaseVersion.a(OverloadISR.o)
                0x00003a9c                OverloadISR_Enable
 .text.OverloadISR_Disable
                0x00003ab4       0x18 .\CortexM3\ARM_GCC_493\Release\ReleaseVersion.a(OverloadISR.o)
                0x00003ab4                OverloadISR_Disable
 .text.OverloadInput2_Read
                0x00003acc       0x20 .\CortexM3\ARM_GCC_493\Release\ReleaseVersion.a(OverloadInput2.o)
                0x00003acc                OverloadInput2_Read
 .text.ModeStatus2_Read
                0x00003aec       0x18 .\CortexM3\ARM_GCC_493\Release\ReleaseVersion.a(ModeStatus2.o)
                0x00003aec                ModeStatus2_Read
 .text.PWM_1_Start
                0x00003b04       0x20 .\CortexM3\ARM_GCC_493\Release\ReleaseVersion.a(PWM_1.o)
                0x00003b04                PWM_1_Start
 .text.PWM_1_Init
                0x00003b24       0xbc .\CortexM3\ARM_GCC_493\Release\ReleaseVersion.a(PWM_1.o)
                0x00003b24                PWM_1_Init
 .text.PWM_1_Enable
                0x00003be0       0x48 .\CortexM3\ARM_GCC_493\Release\ReleaseVersion.a(PWM_1.o)
                0x00003be0                PWM_1_Enable
 .text.PWM_1_Stop
                0x00003c28       0x48 .\CortexM3\ARM_GCC_493\Release\ReleaseVersion.a(PWM_1.o)
                0x00003c28                PWM_1_Stop
 .text.PWM_1_WritePeriod
                0x00003c70       0x20 .\CortexM3\ARM_GCC_493\Release\ReleaseVersion.a(PWM_1.o)
                0x00003c70                PWM_1_WritePeriod
 .text.PWM_1_WriteCompare
                0x00003c90       0x20 .\CortexM3\ARM_GCC_493\Release\ReleaseVersion.a(PWM_1.o)
                0x00003c90                PWM_1_WriteCompare
 .text.PWM_1_SetInterruptMode
                0x00003cb0       0x20 .\CortexM3\ARM_GCC_493\Release\ReleaseVersion.a(PWM_1.o)
                0x00003cb0                PWM_1_SetInterruptMode
 .text.PWM_1_ReadStatusRegister
                0x00003cd0       0x18 .\CortexM3\ARM_GCC_493\Release\ReleaseVersion.a(PWM_1.o)
                0x00003cd0                PWM_1_ReadStatusRegister
 .text.PWM_2_Start
                0x00003ce8       0x20 .\CortexM3\ARM_GCC_493\Release\ReleaseVersion.a(PWM_2.o)
                0x00003ce8                PWM_2_Start
 .text.PWM_2_Init
                0x00003d08       0xbc .\CortexM3\ARM_GCC_493\Release\ReleaseVersion.a(PWM_2.o)
                0x00003d08                PWM_2_Init
 .text.PWM_2_Enable
                0x00003dc4       0x48 .\CortexM3\ARM_GCC_493\Release\ReleaseVersion.a(PWM_2.o)
                0x00003dc4                PWM_2_Enable
 .text.PWM_2_Stop
                0x00003e0c       0x48 .\CortexM3\ARM_GCC_493\Release\ReleaseVersion.a(PWM_2.o)
                0x00003e0c                PWM_2_Stop
 .text.PWM_2_WritePeriod
                0x00003e54       0x20 .\CortexM3\ARM_GCC_493\Release\ReleaseVersion.a(PWM_2.o)
                0x00003e54                PWM_2_WritePeriod
 .text.PWM_2_WriteCompare
                0x00003e74       0x20 .\CortexM3\ARM_GCC_493\Release\ReleaseVersion.a(PWM_2.o)
                0x00003e74                PWM_2_WriteCompare
 .text.PWM_2_SetInterruptMode
                0x00003e94       0x20 .\CortexM3\ARM_GCC_493\Release\ReleaseVersion.a(PWM_2.o)
                0x00003e94                PWM_2_SetInterruptMode
 .text.PWM_2_ReadStatusRegister
                0x00003eb4       0x18 .\CortexM3\ARM_GCC_493\Release\ReleaseVersion.a(PWM_2.o)
                0x00003eb4                PWM_2_ReadStatusRegister
 .text.PWM1_ISR_Start
                0x00003ecc       0x20 .\CortexM3\ARM_GCC_493\Release\ReleaseVersion.a(PWM1_ISR.o)
                0x00003ecc                PWM1_ISR_Start
 .text.PWM1_ISR_Interrupt
                0x00003eec        0xc .\CortexM3\ARM_GCC_493\Release\ReleaseVersion.a(PWM1_ISR.o)
                0x00003eec                PWM1_ISR_Interrupt
 .text.PWM1_ISR_SetVector
                0x00003ef8       0x24 .\CortexM3\ARM_GCC_493\Release\ReleaseVersion.a(PWM1_ISR.o)
                0x00003ef8                PWM1_ISR_SetVector
 .text.PWM1_ISR_SetPriority
                0x00003f1c       0x24 .\CortexM3\ARM_GCC_493\Release\ReleaseVersion.a(PWM1_ISR.o)
                0x00003f1c                PWM1_ISR_SetPriority
 .text.PWM1_ISR_Enable
                0x00003f40       0x18 .\CortexM3\ARM_GCC_493\Release\ReleaseVersion.a(PWM1_ISR.o)
                0x00003f40                PWM1_ISR_Enable
 .text.PWM1_ISR_Disable
                0x00003f58       0x18 .\CortexM3\ARM_GCC_493\Release\ReleaseVersion.a(PWM1_ISR.o)
                0x00003f58                PWM1_ISR_Disable
 .text.PWM2_ISR_Start
                0x00003f70       0x20 .\CortexM3\ARM_GCC_493\Release\ReleaseVersion.a(PWM2_ISR.o)
                0x00003f70                PWM2_ISR_Start
 .text.PWM2_ISR_Interrupt
                0x00003f90        0xc .\CortexM3\ARM_GCC_493\Release\ReleaseVersion.a(PWM2_ISR.o)
                0x00003f90                PWM2_ISR_Interrupt
 .text.PWM2_ISR_SetVector
                0x00003f9c       0x24 .\CortexM3\ARM_GCC_493\Release\ReleaseVersion.a(PWM2_ISR.o)
                0x00003f9c                PWM2_ISR_SetVector
 .text.PWM2_ISR_SetPriority
                0x00003fc0       0x24 .\CortexM3\ARM_GCC_493\Release\ReleaseVersion.a(PWM2_ISR.o)
                0x00003fc0                PWM2_ISR_SetPriority
 .text.PWM2_ISR_Enable
                0x00003fe4       0x18 .\CortexM3\ARM_GCC_493\Release\ReleaseVersion.a(PWM2_ISR.o)
                0x00003fe4                PWM2_ISR_Enable
 .text.PWM2_ISR_Disable
                0x00003ffc       0x18 .\CortexM3\ARM_GCC_493\Release\ReleaseVersion.a(PWM2_ISR.o)
                0x00003ffc                PWM2_ISR_Disable
 .text.VDAC8_2_Init
                0x00004014       0x28 .\CortexM3\ARM_GCC_493\Release\ReleaseVersion.a(VDAC8_2.o)
                0x00004014                VDAC8_2_Init
 .text.VDAC8_2_Enable
                0x0000403c       0x34 .\CortexM3\ARM_GCC_493\Release\ReleaseVersion.a(VDAC8_2.o)
                0x0000403c                VDAC8_2_Enable
 .text.VDAC8_2_Start
                0x00004070       0x28 .\CortexM3\ARM_GCC_493\Release\ReleaseVersion.a(VDAC8_2.o)
                0x00004070                VDAC8_2_Start
 .text.VDAC8_2_Stop
                0x00004098       0x34 .\CortexM3\ARM_GCC_493\Release\ReleaseVersion.a(VDAC8_2.o)
                0x00004098                VDAC8_2_Stop
 .text.VDAC8_2_SetSpeed
                0x000040cc       0x40 .\CortexM3\ARM_GCC_493\Release\ReleaseVersion.a(VDAC8_2.o)
                0x000040cc                VDAC8_2_SetSpeed
 .text.VDAC8_2_SetRange
                0x0000410c       0x40 .\CortexM3\ARM_GCC_493\Release\ReleaseVersion.a(VDAC8_2.o)
                0x0000410c                VDAC8_2_SetRange
 .text.VDAC8_2_SetValue
                0x0000414c       0x20 .\CortexM3\ARM_GCC_493\Release\ReleaseVersion.a(VDAC8_2.o)
                0x0000414c                VDAC8_2_SetValue
 .text.VDAC8_2_DacTrim
                0x0000416c       0x3c .\CortexM3\ARM_GCC_493\Release\ReleaseVersion.a(VDAC8_2.o)
                0x0000416c                VDAC8_2_DacTrim
 .text.PGA_1_Init
                0x000041a8       0x3c .\CortexM3\ARM_GCC_493\Release\ReleaseVersion.a(PGA_1.o)
                0x000041a8                PGA_1_Init
 .text.PGA_1_Enable
                0x000041e4       0x48 .\CortexM3\ARM_GCC_493\Release\ReleaseVersion.a(PGA_1.o)
                0x000041e4                PGA_1_Enable
 .text.PGA_1_Start
                0x0000422c       0x20 .\CortexM3\ARM_GCC_493\Release\ReleaseVersion.a(PGA_1.o)
                0x0000422c                PGA_1_Start
 .text.PGA_1_Stop
                0x0000424c       0x34 .\CortexM3\ARM_GCC_493\Release\ReleaseVersion.a(PGA_1.o)
                0x0000424c                PGA_1_Stop
 .text.PGA_1_SetPower
                0x00004280       0x38 .\CortexM3\ARM_GCC_493\Release\ReleaseVersion.a(PGA_1.o)
                0x00004280                PGA_1_SetPower
 .text.PGA_1_SetGain
                0x000042b8       0xbc .\CortexM3\ARM_GCC_493\Release\ReleaseVersion.a(PGA_1.o)
                0x000042b8                PGA_1_SetGain
 .text.PGA_2_Init
                0x00004374       0x3c .\CortexM3\ARM_GCC_493\Release\ReleaseVersion.a(PGA_2.o)
                0x00004374                PGA_2_Init
 .text.PGA_2_Enable
                0x000043b0       0x48 .\CortexM3\ARM_GCC_493\Release\ReleaseVersion.a(PGA_2.o)
                0x000043b0                PGA_2_Enable
 .text.PGA_2_Start
                0x000043f8       0x20 .\CortexM3\ARM_GCC_493\Release\ReleaseVersion.a(PGA_2.o)
                0x000043f8                PGA_2_Start
 .text.PGA_2_Stop
                0x00004418       0x34 .\CortexM3\ARM_GCC_493\Release\ReleaseVersion.a(PGA_2.o)
                0x00004418                PGA_2_Stop
 .text.PGA_2_SetPower
                0x0000444c       0x38 .\CortexM3\ARM_GCC_493\Release\ReleaseVersion.a(PGA_2.o)
                0x0000444c                PGA_2_SetPower
 .text.PGA_2_SetGain
                0x00004484       0xbc .\CortexM3\ARM_GCC_493\Release\ReleaseVersion.a(PGA_2.o)
                0x00004484                PGA_2_SetGain
 .text.VDAC8_1_Init
                0x00004540       0x28 .\CortexM3\ARM_GCC_493\Release\ReleaseVersion.a(VDAC8_1.o)
                0x00004540                VDAC8_1_Init
 .text.VDAC8_1_Enable
                0x00004568       0x34 .\CortexM3\ARM_GCC_493\Release\ReleaseVersion.a(VDAC8_1.o)
                0x00004568                VDAC8_1_Enable
 .text.VDAC8_1_Start
                0x0000459c       0x28 .\CortexM3\ARM_GCC_493\Release\ReleaseVersion.a(VDAC8_1.o)
                0x0000459c                VDAC8_1_Start
 .text.VDAC8_1_Stop
                0x000045c4       0x34 .\CortexM3\ARM_GCC_493\Release\ReleaseVersion.a(VDAC8_1.o)
                0x000045c4                VDAC8_1_Stop
 .text.VDAC8_1_SetSpeed
                0x000045f8       0x40 .\CortexM3\ARM_GCC_493\Release\ReleaseVersion.a(VDAC8_1.o)
                0x000045f8                VDAC8_1_SetSpeed
 .text.VDAC8_1_SetRange
                0x00004638       0x40 .\CortexM3\ARM_GCC_493\Release\ReleaseVersion.a(VDAC8_1.o)
                0x00004638                VDAC8_1_SetRange
 .text.VDAC8_1_SetValue
                0x00004678       0x20 .\CortexM3\ARM_GCC_493\Release\ReleaseVersion.a(VDAC8_1.o)
                0x00004678                VDAC8_1_SetValue
 .text.VDAC8_1_DacTrim
                0x00004698       0x3c .\CortexM3\ARM_GCC_493\Release\ReleaseVersion.a(VDAC8_1.o)
                0x00004698                VDAC8_1_DacTrim
 .text.LEDoutput_Write
                0x000046d4       0x3c .\CortexM3\ARM_GCC_493\Release\ReleaseVersion.a(LEDoutput.o)
                0x000046d4                LEDoutput_Write
 .text.LED_ISR_Start
                0x00004710       0x20 .\CortexM3\ARM_GCC_493\Release\ReleaseVersion.a(LED_ISR.o)
                0x00004710                LED_ISR_Start
 .text.LED_ISR_Interrupt
                0x00004730        0xc .\CortexM3\ARM_GCC_493\Release\ReleaseVersion.a(LED_ISR.o)
                0x00004730                LED_ISR_Interrupt
 .text.LED_ISR_SetVector
                0x0000473c       0x24 .\CortexM3\ARM_GCC_493\Release\ReleaseVersion.a(LED_ISR.o)
                0x0000473c                LED_ISR_SetVector
 .text.LED_ISR_SetPriority
                0x00004760       0x24 .\CortexM3\ARM_GCC_493\Release\ReleaseVersion.a(LED_ISR.o)
                0x00004760                LED_ISR_SetPriority
 .text.LED_ISR_Enable
                0x00004784       0x18 .\CortexM3\ARM_GCC_493\Release\ReleaseVersion.a(LED_ISR.o)
                0x00004784                LED_ISR_Enable
 .text.LED_ISR_Disable
                0x0000479c       0x18 .\CortexM3\ARM_GCC_493\Release\ReleaseVersion.a(LED_ISR.o)
                0x0000479c                LED_ISR_Disable
 .text.AMux1_Start
                0x000047b4       0x30 .\CortexM3\ARM_GCC_493\Release\ReleaseVersion.a(AMux1.o)
                0x000047b4                AMux1_Start
 .text.AMux1_FastSelect
                0x000047e4       0x34 .\CortexM3\ARM_GCC_493\Release\ReleaseVersion.a(AMux1.o)
                0x000047e4                AMux1_FastSelect
 .text.PWMtimer1_Init
                0x00004818       0x98 .\CortexM3\ARM_GCC_493\Release\ReleaseVersion.a(PWMtimer1.o)
                0x00004818                PWMtimer1_Init
 .text.PWMtimer1_Enable
                0x000048b0       0x48 .\CortexM3\ARM_GCC_493\Release\ReleaseVersion.a(PWMtimer1.o)
                0x000048b0                PWMtimer1_Enable
 .text.PWMtimer1_Start
                0x000048f8       0x20 .\CortexM3\ARM_GCC_493\Release\ReleaseVersion.a(PWMtimer1.o)
                0x000048f8                PWMtimer1_Start
 .text.PWMtimer1_Stop
                0x00004918       0x48 .\CortexM3\ARM_GCC_493\Release\ReleaseVersion.a(PWMtimer1.o)
                0x00004918                PWMtimer1_Stop
 .text.PWMtimer1_SetInterruptMode
                0x00004960       0x20 .\CortexM3\ARM_GCC_493\Release\ReleaseVersion.a(PWMtimer1.o)
                0x00004960                PWMtimer1_SetInterruptMode
 .text.PWMtimer1_ReadStatusRegister
                0x00004980       0x18 .\CortexM3\ARM_GCC_493\Release\ReleaseVersion.a(PWMtimer1.o)
                0x00004980                PWMtimer1_ReadStatusRegister
 .text.PWMtimer1_WritePeriod
                0x00004998       0x24 .\CortexM3\ARM_GCC_493\Release\ReleaseVersion.a(PWMtimer1.o)
                0x00004998                PWMtimer1_WritePeriod
 .text.PWMtimer1_WriteCounter
                0x000049bc       0x20 .\CortexM3\ARM_GCC_493\Release\ReleaseVersion.a(PWMtimer1.o)
                0x000049bc                PWMtimer1_WriteCounter
 .text.PWMtimer1_ISR_Start
                0x000049dc       0x20 .\CortexM3\ARM_GCC_493\Release\ReleaseVersion.a(PWMtimer1_ISR.o)
                0x000049dc                PWMtimer1_ISR_Start
 .text.PWMtimer1_ISR_Interrupt
                0x000049fc        0xc .\CortexM3\ARM_GCC_493\Release\ReleaseVersion.a(PWMtimer1_ISR.o)
                0x000049fc                PWMtimer1_ISR_Interrupt
 .text.PWMtimer1_ISR_SetVector
                0x00004a08       0x24 .\CortexM3\ARM_GCC_493\Release\ReleaseVersion.a(PWMtimer1_ISR.o)
                0x00004a08                PWMtimer1_ISR_SetVector
 .text.PWMtimer1_ISR_SetPriority
                0x00004a2c       0x24 .\CortexM3\ARM_GCC_493\Release\ReleaseVersion.a(PWMtimer1_ISR.o)
                0x00004a2c                PWMtimer1_ISR_SetPriority
 .text.PWMtimer1_ISR_Enable
                0x00004a50       0x18 .\CortexM3\ARM_GCC_493\Release\ReleaseVersion.a(PWMtimer1_ISR.o)
                0x00004a50                PWMtimer1_ISR_Enable
 .text.PWMtimer1_ISR_Disable
                0x00004a68       0x18 .\CortexM3\ARM_GCC_493\Release\ReleaseVersion.a(PWMtimer1_ISR.o)
                0x00004a68                PWMtimer1_ISR_Disable
 .text.PowerAmpOutput1_Write
                0x00004a80       0x38 .\CortexM3\ARM_GCC_493\Release\ReleaseVersion.a(PowerAmpOutput1.o)
                0x00004a80                PowerAmpOutput1_Write
 .text.PowerAmpOutput2_Write
                0x00004ab8       0x3c .\CortexM3\ARM_GCC_493\Release\ReleaseVersion.a(PowerAmpOutput2.o)
                0x00004ab8                PowerAmpOutput2_Write
 .text.EEPROM_Enable
                0x00004af4       0x10 .\CortexM3\ARM_GCC_493\Release\ReleaseVersion.a(EEPROM.o)
                0x00004af4                EEPROM_Enable
 .text.EEPROM_Start
                0x00004b04        0xc .\CortexM3\ARM_GCC_493\Release\ReleaseVersion.a(EEPROM.o)
                0x00004b04                EEPROM_Start
 .text.EEPROM_WriteByte
                0x00004b10      0x120 .\CortexM3\ARM_GCC_493\Release\ReleaseVersion.a(EEPROM.o)
                0x00004b10                EEPROM_WriteByte
 .text.EEPROM_ReadByte
                0x00004c30       0x3c .\CortexM3\ARM_GCC_493\Release\ReleaseVersion.a(EEPROM.o)
                0x00004c30                EEPROM_ReadByte
 .text.EEPROM_UpdateTemperature
                0x00004c6c       0x10 .\CortexM3\ARM_GCC_493\Release\ReleaseVersion.a(EEPROM.o)
                0x00004c6c                EEPROM_UpdateTemperature
 .text.SPIM_Init
                0x00004c7c       0x30 .\CortexM3\ARM_GCC_493\Release\ReleaseVersion.a(SPIM.o)
                0x00004c7c                SPIM_Init
 .text.SPIM_Enable
                0x00004cac       0x64 .\CortexM3\ARM_GCC_493\Release\ReleaseVersion.a(SPIM.o)
                0x00004cac                SPIM_Enable
 .text.SPIM_Start
                0x00004d10       0x20 .\CortexM3\ARM_GCC_493\Release\ReleaseVersion.a(SPIM.o)
                0x00004d10                SPIM_Start
 .text.SPIM_EnableTxInt
                0x00004d30        0xc .\CortexM3\ARM_GCC_493\Release\ReleaseVersion.a(SPIM.o)
                0x00004d30                SPIM_EnableTxInt
 .text.SPIM_EnableRxInt
                0x00004d3c        0xc .\CortexM3\ARM_GCC_493\Release\ReleaseVersion.a(SPIM.o)
                0x00004d3c                SPIM_EnableRxInt
 .text.SPIM_ReadTxStatus
                0x00004d48       0x20 .\CortexM3\ARM_GCC_493\Release\ReleaseVersion.a(SPIM.o)
                0x00004d48                SPIM_ReadTxStatus
 .text.SPIM_ReadRxStatus
                0x00004d68       0x20 .\CortexM3\ARM_GCC_493\Release\ReleaseVersion.a(SPIM.o)
                0x00004d68                SPIM_ReadRxStatus
 .text.SPIM_WriteTxData
                0x00004d88       0x34 .\CortexM3\ARM_GCC_493\Release\ReleaseVersion.a(SPIM.o)
                0x00004d88                SPIM_WriteTxData
 .text.SPIM_ReadRxData
                0x00004dbc       0x20 .\CortexM3\ARM_GCC_493\Release\ReleaseVersion.a(SPIM.o)
                0x00004dbc                SPIM_ReadRxData
 .text.SPIM_ClearFIFO
                0x00004ddc       0x5c .\CortexM3\ARM_GCC_493\Release\ReleaseVersion.a(SPIM.o)
                0x00004ddc                SPIM_ClearFIFO
 .text.SPIM_IntClock_Start
                0x00004e38       0x34 .\CortexM3\ARM_GCC_493\Release\ReleaseVersion.a(SPIM_IntClock.o)
                0x00004e38                SPIM_IntClock_Start
 *fill*         0x00004e6c        0x4 
 .text          0x00004e70       0x20 .\CortexM3\ARM_GCC_493\Release\ReleaseVersion.a(CyBootAsmGnu.o)
                0x00004e70                CyDelayCycles
                0x00004e80                CyEnterCriticalSection
                0x00004e88                CyExitCriticalSection
 .text.CySetTempInt
                0x00004e90       0x7c .\CortexM3\ARM_GCC_493\Release\ReleaseVersion.a(CyFlash.o)
 .text.CyFlashGetSpcAlgorithm
                0x00004f0c       0x70 .\CortexM3\ARM_GCC_493\Release\ReleaseVersion.a(CyFlash.o)
 .text.CySetTemp
                0x00004f7c       0x24 .\CortexM3\ARM_GCC_493\Release\ReleaseVersion.a(CyFlash.o)
                0x00004f7c                CySetTemp
 .text.CyEEPROM_Start
                0x00004fa0       0x8c .\CortexM3\ARM_GCC_493\Release\ReleaseVersion.a(CyFlash.o)
                0x00004fa0                CyEEPROM_Start
 .text.CyEEPROM_ReadReserve
                0x0000502c       0x30 .\CortexM3\ARM_GCC_493\Release\ReleaseVersion.a(CyFlash.o)
                0x0000502c                CyEEPROM_ReadReserve
 .text.CyEEPROM_ReadRelease
                0x0000505c       0x20 .\CortexM3\ARM_GCC_493\Release\ReleaseVersion.a(CyFlash.o)
                0x0000505c                CyEEPROM_ReadRelease
 .text.CyDelay  0x0000507c       0x44 .\CortexM3\ARM_GCC_493\Release\ReleaseVersion.a(CyLib.o)
                0x0000507c                CyDelay
 .text.CyDelayUs
                0x000050c0       0x24 .\CortexM3\ARM_GCC_493\Release\ReleaseVersion.a(CyLib.o)
                0x000050c0                CyDelayUs
 .text.CyWdtStart
                0x000050e4       0x8c .\CortexM3\ARM_GCC_493\Release\ReleaseVersion.a(CyLib.o)
                0x000050e4                CyWdtStart
 .text.CyWdtClear
                0x00005170       0x18 .\CortexM3\ARM_GCC_493\Release\ReleaseVersion.a(CyLib.o)
                0x00005170                CyWdtClear
 .text.CySpcStart
                0x00005188       0x44 .\CortexM3\ARM_GCC_493\Release\ReleaseVersion.a(CySpc.o)
                0x00005188                CySpcStart
 .text.CySpcReadData
                0x000051cc       0x58 .\CortexM3\ARM_GCC_493\Release\ReleaseVersion.a(CySpc.o)
                0x000051cc                CySpcReadData
 .text.CySpcLoadMultiByte
                0x00005224       0xd4 .\CortexM3\ARM_GCC_493\Release\ReleaseVersion.a(CySpc.o)
                0x00005224                CySpcLoadMultiByte
 .text.CySpcWriteRow
                0x000052f8       0x98 .\CortexM3\ARM_GCC_493\Release\ReleaseVersion.a(CySpc.o)
                0x000052f8                CySpcWriteRow
 .text.CySpcGetTemp
                0x00005390       0x64 .\CortexM3\ARM_GCC_493\Release\ReleaseVersion.a(CySpc.o)
                0x00005390                CySpcGetTemp
 .text.CySpcLock
                0x000053f4       0x68 .\CortexM3\ARM_GCC_493\Release\ReleaseVersion.a(CySpc.o)
                0x000053f4                CySpcLock
 .text.CySpcUnlock
                0x0000545c       0x50 .\CortexM3\ARM_GCC_493\Release\ReleaseVersion.a(CySpc.o)
                0x0000545c                CySpcUnlock
 .text.CySpcGetAlgorithm
                0x000054ac       0x48 .\CortexM3\ARM_GCC_493\Release\ReleaseVersion.a(CySpc.o)
                0x000054ac                CySpcGetAlgorithm
 .text.DACtimer1_Init
                0x000054f4       0x48 .\CortexM3\ARM_GCC_493\Release\ReleaseVersion.a(DACtimer1.o)
                0x000054f4                DACtimer1_Init
 .text.DACtimer1_Enable
                0x0000553c       0x20 .\CortexM3\ARM_GCC_493\Release\ReleaseVersion.a(DACtimer1.o)
                0x0000553c                DACtimer1_Enable
 .text.DACtimer1_Start
                0x0000555c       0x20 .\CortexM3\ARM_GCC_493\Release\ReleaseVersion.a(DACtimer1.o)
                0x0000555c                DACtimer1_Start
 .text.DACtimer1_Stop
                0x0000557c       0x20 .\CortexM3\ARM_GCC_493\Release\ReleaseVersion.a(DACtimer1.o)
                0x0000557c                DACtimer1_Stop
 .text.DACtimer1_SetInterruptMode
                0x0000559c       0x20 .\CortexM3\ARM_GCC_493\Release\ReleaseVersion.a(DACtimer1.o)
                0x0000559c                DACtimer1_SetInterruptMode
 .text.DACtimer1_ReadStatusRegister
                0x000055bc       0x18 .\CortexM3\ARM_GCC_493\Release\ReleaseVersion.a(DACtimer1.o)
                0x000055bc                DACtimer1_ReadStatusRegister
 .text.DACtimer1_WritePeriod
                0x000055d4       0x20 .\CortexM3\ARM_GCC_493\Release\ReleaseVersion.a(DACtimer1.o)
                0x000055d4                DACtimer1_WritePeriod
 .text.DACtimer1_ReadCapture
                0x000055f4       0x18 .\CortexM3\ARM_GCC_493\Release\ReleaseVersion.a(DACtimer1.o)
                0x000055f4                DACtimer1_ReadCapture
 .text.DACtimer1_WriteCounter
                0x0000560c       0x20 .\CortexM3\ARM_GCC_493\Release\ReleaseVersion.a(DACtimer1.o)
                0x0000560c                DACtimer1_WriteCounter
 .text.DACtimer1_ClearFIFO
                0x0000562c       0x1c .\CortexM3\ARM_GCC_493\Release\ReleaseVersion.a(DACtimer1.o)
                0x0000562c                DACtimer1_ClearFIFO
 .text.DAC1_ISR_Start
                0x00005648       0x20 .\CortexM3\ARM_GCC_493\Release\ReleaseVersion.a(DAC1_ISR.o)
                0x00005648                DAC1_ISR_Start
 .text.DAC1_ISR_Interrupt
                0x00005668        0xc .\CortexM3\ARM_GCC_493\Release\ReleaseVersion.a(DAC1_ISR.o)
                0x00005668                DAC1_ISR_Interrupt
 .text.DAC1_ISR_SetVector
                0x00005674       0x24 .\CortexM3\ARM_GCC_493\Release\ReleaseVersion.a(DAC1_ISR.o)
                0x00005674                DAC1_ISR_SetVector
 .text.DAC1_ISR_SetPriority
                0x00005698       0x24 .\CortexM3\ARM_GCC_493\Release\ReleaseVersion.a(DAC1_ISR.o)
                0x00005698                DAC1_ISR_SetPriority
 .text.DAC1_ISR_Enable
                0x000056bc       0x18 .\CortexM3\ARM_GCC_493\Release\ReleaseVersion.a(DAC1_ISR.o)
                0x000056bc                DAC1_ISR_Enable
 .text.DAC1_ISR_Disable
                0x000056d4       0x18 .\CortexM3\ARM_GCC_493\Release\ReleaseVersion.a(DAC1_ISR.o)
                0x000056d4                DAC1_ISR_Disable
 .text.DACtimer2_Stop
                0x000056ec       0x20 .\CortexM3\ARM_GCC_493\Release\ReleaseVersion.a(DACtimer2.o)
                0x000056ec                DACtimer2_Stop
 .text.PWMtimer2_Init
                0x0000570c       0x98 .\CortexM3\ARM_GCC_493\Release\ReleaseVersion.a(PWMtimer2.o)
                0x0000570c                PWMtimer2_Init
 .text.PWMtimer2_Enable
                0x000057a4       0x48 .\CortexM3\ARM_GCC_493\Release\ReleaseVersion.a(PWMtimer2.o)
                0x000057a4                PWMtimer2_Enable
 .text.PWMtimer2_Start
                0x000057ec       0x20 .\CortexM3\ARM_GCC_493\Release\ReleaseVersion.a(PWMtimer2.o)
                0x000057ec                PWMtimer2_Start
 .text.PWMtimer2_Stop
                0x0000580c       0x48 .\CortexM3\ARM_GCC_493\Release\ReleaseVersion.a(PWMtimer2.o)
                0x0000580c                PWMtimer2_Stop
 .text.PWMtimer2_SetInterruptMode
                0x00005854       0x20 .\CortexM3\ARM_GCC_493\Release\ReleaseVersion.a(PWMtimer2.o)
                0x00005854                PWMtimer2_SetInterruptMode
 .text.PWMtimer2_ReadStatusRegister
                0x00005874       0x18 .\CortexM3\ARM_GCC_493\Release\ReleaseVersion.a(PWMtimer2.o)
                0x00005874                PWMtimer2_ReadStatusRegister
 .text.PWMtimer2_WritePeriod
                0x0000588c       0x24 .\CortexM3\ARM_GCC_493\Release\ReleaseVersion.a(PWMtimer2.o)
                0x0000588c                PWMtimer2_WritePeriod
 .text.PWMtimer2_WriteCounter
                0x000058b0       0x20 .\CortexM3\ARM_GCC_493\Release\ReleaseVersion.a(PWMtimer2.o)
                0x000058b0                PWMtimer2_WriteCounter
 .text.PWMtimer2_ISR_Start
                0x000058d0       0x20 .\CortexM3\ARM_GCC_493\Release\ReleaseVersion.a(PWMtimer2_ISR.o)
                0x000058d0                PWMtimer2_ISR_Start
 .text.PWMtimer2_ISR_Interrupt
                0x000058f0        0xc .\CortexM3\ARM_GCC_493\Release\ReleaseVersion.a(PWMtimer2_ISR.o)
                0x000058f0                PWMtimer2_ISR_Interrupt
 .text.PWMtimer2_ISR_SetVector
                0x000058fc       0x24 .\CortexM3\ARM_GCC_493\Release\ReleaseVersion.a(PWMtimer2_ISR.o)
                0x000058fc                PWMtimer2_ISR_SetVector
 .text.PWMtimer2_ISR_SetPriority
                0x00005920       0x24 .\CortexM3\ARM_GCC_493\Release\ReleaseVersion.a(PWMtimer2_ISR.o)
                0x00005920                PWMtimer2_ISR_SetPriority
 .text.PWMtimer2_ISR_Enable
                0x00005944       0x18 .\CortexM3\ARM_GCC_493\Release\ReleaseVersion.a(PWMtimer2_ISR.o)
                0x00005944                PWMtimer2_ISR_Enable
 .text.PWMtimer2_ISR_Disable
                0x0000595c       0x18 .\CortexM3\ARM_GCC_493\Release\ReleaseVersion.a(PWMtimer2_ISR.o)
                0x0000595c                PWMtimer2_ISR_Disable
 .text.AMux2_Start
                0x00005974       0x30 .\CortexM3\ARM_GCC_493\Release\ReleaseVersion.a(AMux2.o)
                0x00005974                AMux2_Start
 .text.AMux2_FastSelect
                0x000059a4       0x34 .\CortexM3\ARM_GCC_493\Release\ReleaseVersion.a(AMux2.o)
                0x000059a4                AMux2_FastSelect
 .text.UART_Start
                0x000059d8       0x20 .\CortexM3\ARM_GCC_493\Release\ReleaseVersion.a(UART.o)
                0x000059d8                UART_Start
 .text.UART_Init
                0x000059f8       0x20 .\CortexM3\ARM_GCC_493\Release\ReleaseVersion.a(UART.o)
                0x000059f8                UART_Init
 .text.UART_Enable
                0x00005a18       0x48 .\CortexM3\ARM_GCC_493\Release\ReleaseVersion.a(UART.o)
                0x00005a18                UART_Enable
 .text.UART_ReadRxStatus
                0x00005a60       0x24 .\CortexM3\ARM_GCC_493\Release\ReleaseVersion.a(UART.o)
                0x00005a60                UART_ReadRxStatus
 .text.UART_GetChar
                0x00005a84       0x44 .\CortexM3\ARM_GCC_493\Release\ReleaseVersion.a(UART.o)
                0x00005a84                UART_GetChar
 .text.UART_ISR_Start
                0x00005ac8       0x20 .\CortexM3\ARM_GCC_493\Release\ReleaseVersion.a(UART_ISR.o)
                0x00005ac8                UART_ISR_Start
 .text.UART_ISR_Interrupt
                0x00005ae8        0xc .\CortexM3\ARM_GCC_493\Release\ReleaseVersion.a(UART_ISR.o)
                0x00005ae8                UART_ISR_Interrupt
 .text.UART_ISR_SetVector
                0x00005af4       0x24 .\CortexM3\ARM_GCC_493\Release\ReleaseVersion.a(UART_ISR.o)
                0x00005af4                UART_ISR_SetVector
 .text.UART_ISR_SetPriority
                0x00005b18       0x24 .\CortexM3\ARM_GCC_493\Release\ReleaseVersion.a(UART_ISR.o)
                0x00005b18                UART_ISR_SetPriority
 .text.UART_ISR_Enable
                0x00005b3c       0x18 .\CortexM3\ARM_GCC_493\Release\ReleaseVersion.a(UART_ISR.o)
                0x00005b3c                UART_ISR_Enable
 .text.UART_ISR_Disable
                0x00005b54       0x18 .\CortexM3\ARM_GCC_493\Release\ReleaseVersion.a(UART_ISR.o)
                0x00005b54                UART_ISR_Disable
 .text.UART_IntClock_Start
                0x00005b6c       0x34 .\CortexM3\ARM_GCC_493\Release\ReleaseVersion.a(UART_IntClock.o)
                0x00005b6c                UART_IntClock_Start
 .text.UART_TimerISR_Start
                0x00005ba0       0x20 .\CortexM3\ARM_GCC_493\Release\ReleaseVersion.a(UART_TimerISR.o)
                0x00005ba0                UART_TimerISR_Start
 .text.UART_TimerISR_Interrupt
                0x00005bc0        0xc .\CortexM3\ARM_GCC_493\Release\ReleaseVersion.a(UART_TimerISR.o)
                0x00005bc0                UART_TimerISR_Interrupt
 .text.UART_TimerISR_SetVector
                0x00005bcc       0x24 .\CortexM3\ARM_GCC_493\Release\ReleaseVersion.a(UART_TimerISR.o)
                0x00005bcc                UART_TimerISR_SetVector
 .text.UART_TimerISR_SetPriority
                0x00005bf0       0x24 .\CortexM3\ARM_GCC_493\Release\ReleaseVersion.a(UART_TimerISR.o)
                0x00005bf0                UART_TimerISR_SetPriority
 .text.UART_TimerISR_Enable
                0x00005c14       0x18 .\CortexM3\ARM_GCC_493\Release\ReleaseVersion.a(UART_TimerISR.o)
                0x00005c14                UART_TimerISR_Enable
 .text.UART_TimerISR_Disable
                0x00005c2c       0x18 .\CortexM3\ARM_GCC_493\Release\ReleaseVersion.a(UART_TimerISR.o)
                0x00005c2c                UART_TimerISR_Disable
 .text.UART_Timer_Init
                0x00005c44       0x48 .\CortexM3\ARM_GCC_493\Release\ReleaseVersion.a(UART_Timer.o)
                0x00005c44                UART_Timer_Init
 .text.UART_Timer_Enable
                0x00005c8c       0x20 .\CortexM3\ARM_GCC_493\Release\ReleaseVersion.a(UART_Timer.o)
                0x00005c8c                UART_Timer_Enable
 .text.UART_Timer_Start
                0x00005cac       0x20 .\CortexM3\ARM_GCC_493\Release\ReleaseVersion.a(UART_Timer.o)
                0x00005cac                UART_Timer_Start
 .text.UART_Timer_Stop
                0x00005ccc       0x20 .\CortexM3\ARM_GCC_493\Release\ReleaseVersion.a(UART_Timer.o)
                0x00005ccc                UART_Timer_Stop
 .text.UART_Timer_SetInterruptMode
                0x00005cec       0x20 .\CortexM3\ARM_GCC_493\Release\ReleaseVersion.a(UART_Timer.o)
                0x00005cec                UART_Timer_SetInterruptMode
 .text.UART_Timer_ReadStatusRegister
                0x00005d0c       0x18 .\CortexM3\ARM_GCC_493\Release\ReleaseVersion.a(UART_Timer.o)
                0x00005d0c                UART_Timer_ReadStatusRegister
 .text.UART_Timer_WritePeriod
                0x00005d24       0x20 .\CortexM3\ARM_GCC_493\Release\ReleaseVersion.a(UART_Timer.o)
                0x00005d24                UART_Timer_WritePeriod
 .text.UART_Timer_ReadCapture
                0x00005d44       0x18 .\CortexM3\ARM_GCC_493\Release\ReleaseVersion.a(UART_Timer.o)
                0x00005d44                UART_Timer_ReadCapture
 .text.UART_Timer_WriteCounter
                0x00005d5c       0x20 .\CortexM3\ARM_GCC_493\Release\ReleaseVersion.a(UART_Timer.o)
                0x00005d5c                UART_Timer_WriteCounter
 .text.UART_Timer_ClearFIFO
                0x00005d7c       0x1c .\CortexM3\ARM_GCC_493\Release\ReleaseVersion.a(UART_Timer.o)
                0x00005d7c                UART_Timer_ClearFIFO
 .text.LED_Timer_Init
                0x00005d98       0x4c .\CortexM3\ARM_GCC_493\Release\ReleaseVersion.a(LED_Timer.o)
                0x00005d98                LED_Timer_Init
 .text.LED_Timer_Enable
                0x00005de4       0x20 .\CortexM3\ARM_GCC_493\Release\ReleaseVersion.a(LED_Timer.o)
                0x00005de4                LED_Timer_Enable
 .text.LED_Timer_Start
                0x00005e04       0x20 .\CortexM3\ARM_GCC_493\Release\ReleaseVersion.a(LED_Timer.o)
                0x00005e04                LED_Timer_Start
 .text.LED_Timer_SetInterruptMode
                0x00005e24       0x20 .\CortexM3\ARM_GCC_493\Release\ReleaseVersion.a(LED_Timer.o)
                0x00005e24                LED_Timer_SetInterruptMode
 .text.LED_Timer_ReadStatusRegister
                0x00005e44       0x18 .\CortexM3\ARM_GCC_493\Release\ReleaseVersion.a(LED_Timer.o)
                0x00005e44                LED_Timer_ReadStatusRegister
 .text.LED_Timer_WritePeriod
                0x00005e5c       0x20 .\CortexM3\ARM_GCC_493\Release\ReleaseVersion.a(LED_Timer.o)
                0x00005e5c                LED_Timer_WritePeriod
 .text.LED_Timer_ReadCapture
                0x00005e7c       0x18 .\CortexM3\ARM_GCC_493\Release\ReleaseVersion.a(LED_Timer.o)
                0x00005e7c                LED_Timer_ReadCapture
 .text.LED_Timer_WriteCounter
                0x00005e94       0x20 .\CortexM3\ARM_GCC_493\Release\ReleaseVersion.a(LED_Timer.o)
                0x00005e94                LED_Timer_WriteCounter
 .text.LED_Timer_ClearFIFO
                0x00005eb4       0x1c .\CortexM3\ARM_GCC_493\Release\ReleaseVersion.a(LED_Timer.o)
                0x00005eb4                LED_Timer_ClearFIFO
 .text.__libc_init_array
                0x00005ed0       0x4c c:/program files (x86)/cypress/psoc creator/3.3/psoc creator/import/gnu/arm/4.9.3/bin/../lib/gcc/arm-none-eabi/4.9.3/../../../../arm-none-eabi/lib/armv7-m\libg_nano.a(lib_a-init.o)
                0x00005ed0                __libc_init_array
 .text.memcpy   0x00005f1c       0x16 c:/program files (x86)/cypress/psoc creator/3.3/psoc creator/import/gnu/arm/4.9.3/bin/../lib/gcc/arm-none-eabi/4.9.3/../../../../arm-none-eabi/lib/armv7-m\libg_nano.a(lib_a-memcpy.o)
                0x00005f1c                memcpy
 .text.memset   0x00005f32       0x10 c:/program files (x86)/cypress/psoc creator/3.3/psoc creator/import/gnu/arm/4.9.3/bin/../lib/gcc/arm-none-eabi/4.9.3/../../../../arm-none-eabi/lib/armv7-m\libg_nano.a(lib_a-memset.o)
                0x00005f32                memset
 .text          0x00005f42       0x14 c:/program files (x86)/cypress/psoc creator/3.3/psoc creator/import/gnu/arm/4.9.3/bin/../lib/gcc/arm-none-eabi/4.9.3/../../../../arm-none-eabi/lib/armv7-m\libg_nano.a(lib_a-strcmp.o)
                0x00005f42                strcmp
 *(.plt)
 *(.gnu.warning)
 *(.glue_7t)
 .glue_7t       0x00000000        0x0 linker stubs
 *(.glue_7)
 .glue_7        0x00000000        0x0 linker stubs
 *(.vfp11_veneer)
 .vfp11_veneer  0x00000000        0x0 linker stubs
 *(.bootloader)
 *(.ARM.extab* .gnu.linkonce.armextab.*)
 *(.gcc_except_table)

.v4_bx          0x00005f58        0x0
 .v4_bx         0x00000000        0x0 linker stubs

.iplt           0x00005f58        0x0
 .iplt          0x00000000        0x0 c:/program files (x86)/cypress/psoc creator/3.3/psoc creator/import/gnu/arm/4.9.3/bin/../lib/gcc/arm-none-eabi/4.9.3/armv7-m/crtbegin.o

.eh_frame_hdr
 *(.eh_frame_hdr)

.eh_frame       0x00005f58       0x2c
 *(.eh_frame)
 .eh_frame      0x00005f58        0x0 c:/program files (x86)/cypress/psoc creator/3.3/psoc creator/import/gnu/arm/4.9.3/bin/../lib/gcc/arm-none-eabi/4.9.3/armv7-m/crtbegin.o
 .eh_frame      0x00005f58       0x28 c:/program files (x86)/cypress/psoc creator/3.3/psoc creator/import/gnu/arm/4.9.3/bin/../lib/gcc/arm-none-eabi/4.9.3/../../../../arm-none-eabi/lib/armv7-m\libg_nano.a(lib_a-strcmp.o)
 .eh_frame      0x00005f80        0x4 c:/program files (x86)/cypress/psoc creator/3.3/psoc creator/import/gnu/arm/4.9.3/bin/../lib/gcc/arm-none-eabi/4.9.3/armv7-m/crtend.o
                0x00005f84                PROVIDE (__exidx_start, .)

.ARM.exidx
 *(.ARM.exidx* .gnu.linkonce.armexidx.*)
                0x00005f84                __exidx_end = .

.rodata         0x00005f84      0x1a4
 *(.rodata .rodata.* .gnu.linkonce.r.*)
 .rodata        0x00005f84       0x50 .\CortexM3\ARM_GCC_493\Release\Tones.o
 .rodata        0x00005fd4       0x54 .\CortexM3\ARM_GCC_493\Release\FileDecode.o
 .rodata        0x00006028       0x10 .\CortexM3\ARM_GCC_493\Release\SirenState.o
 .rodata        0x00006038       0x8c .\CortexM3\ARM_GCC_493\Release\ReleaseVersion.a(cyfitter_cfg.o)
                0x00006038                AMux1__addrTable
                0x00006040                AMux1__maskTable
                0x00006044                AMux2__addrTable
                0x00006054                AMux2__maskTable
 .rodata        0x000060c4       0x18 .\CortexM3\ARM_GCC_493\Release\ReleaseVersion.a(PGA_1.o)
 .rodata        0x000060dc       0x18 .\CortexM3\ARM_GCC_493\Release\ReleaseVersion.a(PGA_2.o)
                0x000060f4                . = ALIGN (0x4)
 *(.init)
 .init          0x000060f4        0x4 c:/program files (x86)/cypress/psoc creator/3.3/psoc creator/import/gnu/arm/4.9.3/bin/../lib/gcc/arm-none-eabi/4.9.3/armv7-m/crti.o
                0x000060f4                _init
 .init          0x000060f8        0x8 c:/program files (x86)/cypress/psoc creator/3.3/psoc creator/import/gnu/arm/4.9.3/bin/../lib/gcc/arm-none-eabi/4.9.3/armv7-m/crtn.o
                0x00006100                . = ALIGN (0x4)
                0x00006100                __preinit_array_start = .
 *(.preinit_array)
                0x00006100                __preinit_array_end = .
                0x00006100                . = ALIGN (0x4)
                0x00006100                __init_array_start = .
 *(SORT(.init_array.*))
 *(.init_array)
 .init_array    0x00006100        0x4 c:/program files (x86)/cypress/psoc creator/3.3/psoc creator/import/gnu/arm/4.9.3/bin/../lib/gcc/arm-none-eabi/4.9.3/armv7-m/crtbegin.o
 .init_array    0x00006104        0x4 .\CortexM3\ARM_GCC_493\Release\Cm3Start.o
                0x00006108                __init_array_end = .
                0x00006108                . = ALIGN (0x4)
 *(.fini)
 .fini          0x00006108        0x4 c:/program files (x86)/cypress/psoc creator/3.3/psoc creator/import/gnu/arm/4.9.3/bin/../lib/gcc/arm-none-eabi/4.9.3/armv7-m/crti.o
                0x00006108                _fini
 .fini          0x0000610c        0x8 c:/program files (x86)/cypress/psoc creator/3.3/psoc creator/import/gnu/arm/4.9.3/bin/../lib/gcc/arm-none-eabi/4.9.3/armv7-m/crtn.o
                0x00006114                . = ALIGN (0x4)
                0x00006114                __fini_array_start = .
 *(.fini_array)
 .fini_array    0x00006114        0x4 c:/program files (x86)/cypress/psoc creator/3.3/psoc creator/import/gnu/arm/4.9.3/bin/../lib/gcc/arm-none-eabi/4.9.3/armv7-m/crtbegin.o
 *(SORT(.fini_array.*))
                0x00006118                __fini_array_end = .
                0x00006118                . = ALIGN (0x4)
 *crtbegin.o(.ctors)
 *(EXCLUDE_FILE(*crtend.o) .ctors)
 *(SORT(.ctors.*))
 *crtend.o(.ctors)
                0x00006118                . = ALIGN (0x4)
 *crtbegin.o(.dtors)
 *(EXCLUDE_FILE(*crtend.o) .dtors)
 *(SORT(.dtors.*))
 *crtend.o(.dtors)
                0x00006118                . = ALIGN (0x4)
                0x00006118                __cy_regions = .
                0x00006118        0x4 LONG 0x6128 __cy_region_init_ram
                0x0000611c        0x4 LONG 0x1fffc108 __cy_region_start_data
                0x00006120        0x4 LONG 0xc0 __cy_region_init_size_ram
                0x00006124        0x4 LONG 0x100 __cy_region_zero_size_ram
                0x00006128                __cy_regions_end = .
                0x00006128                . = ALIGN (0x8)
                0x00006128                _etext = .

.cy_checksum_exclude
                0x00006128        0x0
 *(.cy_checksum_exclude)

.ramvectors     0x1fffc000      0x100
                0x1fffc000                __cy_region_start_ram = .
 *(.ramvectors)
 .ramvectors    0x1fffc000      0x100 .\CortexM3\ARM_GCC_493\Release\Cm3Start.o
                0x1fffc000                CyRamVectors

.noinit         0x1fffc100        0x5
 *(.noinit)
 .noinit        0x1fffc100        0x4 .\CortexM3\ARM_GCC_493\Release\Cm3Start.o
 .noinit        0x1fffc104        0x1 .\CortexM3\ARM_GCC_493\Release\ReleaseVersion.a(CyLib.o)
                0x1fffc104                CyResetStatus

.data           0x1fffc108       0xc0 load address 0x00006128
                0x1fffc108                __cy_region_start_data = .
 *(.jcr)
 .jcr           0x1fffc108        0x0 c:/program files (x86)/cypress/psoc creator/3.3/psoc creator/import/gnu/arm/4.9.3/bin/../lib/gcc/arm-none-eabi/4.9.3/armv7-m/crtbegin.o
 .jcr           0x1fffc108        0x4 c:/program files (x86)/cypress/psoc creator/3.3/psoc creator/import/gnu/arm/4.9.3/bin/../lib/gcc/arm-none-eabi/4.9.3/armv7-m/crtend.o
 *(.got.plt)
 *(.got)
 *(.shdata)
 *(.data .data.* .gnu.linkonce.d.*)
 .data          0x1fffc10c       0x94 .\CortexM3\ARM_GCC_493\Release\Tones.o
 .data          0x1fffc1a0        0x1 .\CortexM3\ARM_GCC_493\Release\FileDecode.o
 *fill*         0x1fffc1a1        0x3 
 .data          0x1fffc1a4        0xc .\CortexM3\ARM_GCC_493\Release\CommManager.o
 .data          0x1fffc1b0        0x1 .\CortexM3\ARM_GCC_493\Release\ReleaseVersion.a(AMux1.o)
 *fill*         0x1fffc1b1        0x3 
 .data          0x1fffc1b4       0x10 .\CortexM3\ARM_GCC_493\Release\ReleaseVersion.a(CyLib.o)
                0x1fffc1b4                cydelay_freq_hz
                0x1fffc1b8                cydelay_freq_khz
                0x1fffc1bc                cydelay_freq_mhz
                0x1fffc1c0                cydelay_32k_ms
 .data          0x1fffc1c4        0x1 .\CortexM3\ARM_GCC_493\Release\ReleaseVersion.a(AMux2.o)
                0x1fffc1c8                . = ALIGN (0x8)
 *fill*         0x1fffc1c5        0x3 
 *(.ram)
                0x1fffc1c8                _edata = .

.igot.plt       0x1fffc1c8        0x0 load address 0x000061e8
 .igot.plt      0x00000000        0x0 c:/program files (x86)/cypress/psoc creator/3.3/psoc creator/import/gnu/arm/4.9.3/bin/../lib/gcc/arm-none-eabi/4.9.3/armv7-m/crtbegin.o

.bss            0x1fffc1c8      0x100 load address 0x000061e8
                0x1fffc1c8                PROVIDE (__bss_start__, .)
 *(.shbss)
 *(.bss .bss.* .gnu.linkonce.b.*)
 .bss           0x1fffc1c8       0x1c c:/program files (x86)/cypress/psoc creator/3.3/psoc creator/import/gnu/arm/4.9.3/bin/../lib/gcc/arm-none-eabi/4.9.3/armv7-m/crtbegin.o
 .bss           0x1fffc1e4        0x1 .\CortexM3\ARM_GCC_493\Release\Fault.o
 .bss           0x1fffc1e5        0x6 .\CortexM3\ARM_GCC_493\Release\Tones.o
 *fill*         0x1fffc1eb        0x1 
 .bss           0x1fffc1ec       0x24 .\CortexM3\ARM_GCC_493\Release\DACaudio.o
 .bss           0x1fffc210       0x64 .\CortexM3\ARM_GCC_493\Release\FileDecode.o
 .bss           0x1fffc274       0x14 .\CortexM3\ARM_GCC_493\Release\CommManager.o
 .bss           0x1fffc288       0x20 .\CortexM3\ARM_GCC_493\Release\SirenState.o
 .bss           0x1fffc2a8        0x1 .\CortexM3\ARM_GCC_493\Release\ReleaseVersion.a(PWM_1.o)
                0x1fffc2a8                PWM_1_initVar
 .bss           0x1fffc2a9        0x1 .\CortexM3\ARM_GCC_493\Release\ReleaseVersion.a(PWM_2.o)
                0x1fffc2a9                PWM_2_initVar
 .bss           0x1fffc2aa        0x1 .\CortexM3\ARM_GCC_493\Release\ReleaseVersion.a(VDAC8_2.o)
                0x1fffc2aa                VDAC8_2_initVar
 .bss           0x1fffc2ab        0x1 .\CortexM3\ARM_GCC_493\Release\ReleaseVersion.a(PGA_1.o)
                0x1fffc2ab                PGA_1_initVar
 .bss           0x1fffc2ac        0x1 .\CortexM3\ARM_GCC_493\Release\ReleaseVersion.a(PGA_2.o)
                0x1fffc2ac                PGA_2_initVar
 .bss           0x1fffc2ad        0x1 .\CortexM3\ARM_GCC_493\Release\ReleaseVersion.a(VDAC8_1.o)
                0x1fffc2ad                VDAC8_1_initVar
 .bss           0x1fffc2ae        0x1 .\CortexM3\ARM_GCC_493\Release\ReleaseVersion.a(PWMtimer1.o)
                0x1fffc2ae                PWMtimer1_initVar
 .bss           0x1fffc2af        0x1 .\CortexM3\ARM_GCC_493\Release\ReleaseVersion.a(SPIM.o)
                0x1fffc2af                SPIM_initVar
 .bss           0x1fffc2b0        0x8 .\CortexM3\ARM_GCC_493\Release\ReleaseVersion.a(CySpc.o)
                0x1fffc2b0                SpcLockState
 .bss           0x1fffc2b8        0x1 .\CortexM3\ARM_GCC_493\Release\ReleaseVersion.a(DACtimer1.o)
                0x1fffc2b8                DACtimer1_initVar
 .bss           0x1fffc2b9        0x1 .\CortexM3\ARM_GCC_493\Release\ReleaseVersion.a(PWMtimer2.o)
                0x1fffc2b9                PWMtimer2_initVar
 .bss           0x1fffc2ba        0x1 .\CortexM3\ARM_GCC_493\Release\ReleaseVersion.a(UART.o)
                0x1fffc2ba                UART_initVar
 .bss           0x1fffc2bb        0x1 .\CortexM3\ARM_GCC_493\Release\ReleaseVersion.a(UART_Timer.o)
                0x1fffc2bb                UART_Timer_initVar
 .bss           0x1fffc2bc        0x1 .\CortexM3\ARM_GCC_493\Release\ReleaseVersion.a(LED_Timer.o)
                0x1fffc2bc                LED_Timer_initVar
 *(COMMON)
 *fill*         0x1fffc2bd        0x3 
 COMMON         0x1fffc2c0        0x2 .\CortexM3\ARM_GCC_493\Release\ReleaseVersion.a(CyFlash.o)
                0x1fffc2c0                dieTemperature
                0x1fffc2c8                . = ALIGN (0x8)
 *fill*         0x1fffc2c2        0x6 
 *(.ram.b)
                0x1fffc2c8                _end = .
                0x1fffc2c8                __end = .
                0x1fffc2c8                PROVIDE (end, .)
                0x1fffc2c8                PROVIDE (__bss_end__, .)
                0x00006128                __cy_region_init_ram = LOADADDR (.data)
                0x000000c0                __cy_region_init_size_ram = (_edata - ADDR (.data))
                0x00000100                __cy_region_zero_size_ram = (_end - _edata)

.heap           0x1fffc2c8       0x80 load address 0x000061e8
                0x1fffc2c8                . = _end
                0x1fffc348                . = (. + 0x80)
 *fill*         0x1fffc2c8       0x80 
                0x1fffc348                __cy_heap_limit = .

.stack          0x20003800      0x800
                0x20003800                __cy_stack_limit = .
                0x20004000                . = (. + 0x800)
 *fill*         0x20003800      0x800 
                0x00000001                ASSERT ((__cy_stack_limit >= __cy_heap_limit), region RAM overflowed with stack)
                0x00000000                cy_checksum_exclude_size = (CY_APPL_LOADABLE == 0x1)?SIZEOF (.cy_checksum_exclude):0x0
                0x00000001                ASSERT ((cy_checksum_exclude_size <= CY_CHECKSUM_EXCLUDE_SIZE), CY_BOOT: Section .cy_checksum_exclude size exceedes specified limit.)

.cyloadermeta
 *(.cyloadermeta)

.cyloadablemeta
 *(.cyloadablemeta)

.cyconfigecc    0x80000000      0xe6c
 *(.cyconfigecc)
 .cyconfigecc   0x80000000      0xe6c .\CortexM3\ARM_GCC_493\Release\cymetadata.o
                0x80000000                cy_meta_configecc

.cycustnvl      0x90000000        0x4
 *(.cycustnvl)
 .cycustnvl     0x90000000        0x4 .\CortexM3\ARM_GCC_493\Release\cymetadata.o
                0x90000000                cy_meta_custnvl

.cywolatch      0x90100000        0x4
 *(.cywolatch)
 .cywolatch     0x90100000        0x4 .\CortexM3\ARM_GCC_493\Release\cymetadata.o
                0x90100000                cy_meta_wonvl

.cyeeprom       0x90200000        0x0
 *(.cyeeprom)
                0x00000001                ASSERT ((. <= ((0x90200000 + ee_offset) + ee_size)), .cyeeprom data will not fit in EEPROM)

.cyflashprotect
                0x90400000       0x80
 *(.cyflashprotect)
 .cyflashprotect
                0x90400000       0x80 .\CortexM3\ARM_GCC_493\Release\cymetadata.o
                0x90400000                cy_meta_flashprotect

.cymeta         0x90500000        0xc
 *(.cymeta)
 .cymeta        0x90500000        0xc .\CortexM3\ARM_GCC_493\Release\cymetadata.o
                0x90500000                cy_metadata

.rel.dyn        0x000061e8        0x0 load address 0x9050000c
 .rel.iplt      0x00000000        0x0 c:/program files (x86)/cypress/psoc creator/3.3/psoc creator/import/gnu/arm/4.9.3/bin/../lib/gcc/arm-none-eabi/4.9.3/armv7-m/crtbegin.o

.stab
 *(.stab)

.stabstr
 *(.stabstr)

.debug
 *(.debug)

.line
 *(.line)

.debug_srcinfo
 *(.debug_srcinfo)

.debug_sfnames
 *(.debug_sfnames)

.debug_aranges  0x00000000     0x1b38
 *(.debug_aranges)
 .debug_aranges
                0x00000000       0x28 .\CortexM3\ARM_GCC_493\Release\main.o
 .debug_aranges
                0x00000028       0x30 .\CortexM3\ARM_GCC_493\Release\Fault.o
 .debug_aranges
                0x00000058       0xa0 .\CortexM3\ARM_GCC_493\Release\Tones.o
 .debug_aranges
                0x000000f8       0x60 .\CortexM3\ARM_GCC_493\Release\DACaudio.o
 .debug_aranges
                0x00000158       0x70 .\CortexM3\ARM_GCC_493\Release\FileDecode.o
 .debug_aranges
                0x000001c8       0x48 .\CortexM3\ARM_GCC_493\Release\CommManager.o
 .debug_aranges
                0x00000210       0xd0 .\CortexM3\ARM_GCC_493\Release\SirenState.o
 .debug_aranges
                0x000002e0       0x18 .\CortexM3\ARM_GCC_493\Release\cymetadata.o
 .debug_aranges
                0x000002f8       0x48 .\CortexM3\ARM_GCC_493\Release\Cm3Start.o
 .debug_aranges
                0x00000340       0x80 .\CortexM3\ARM_GCC_493\Release\ReleaseVersion.a(cyfitter_cfg.o)
 .debug_aranges
                0x000003c0       0x40 .\CortexM3\ARM_GCC_493\Release\ReleaseVersion.a(ModeStatus.o)
 .debug_aranges
                0x00000400       0x80 .\CortexM3\ARM_GCC_493\Release\ReleaseVersion.a(ModeStatusISR.o)
 .debug_aranges
                0x00000480       0x40 .\CortexM3\ARM_GCC_493\Release\ReleaseVersion.a(HornRingStatus.o)
 .debug_aranges
                0x000004c0       0x80 .\CortexM3\ARM_GCC_493\Release\ReleaseVersion.a(HornRingISR.o)
 .debug_aranges
                0x00000540       0x40 .\CortexM3\ARM_GCC_493\Release\ReleaseVersion.a(ParkKillStatus.o)
 .debug_aranges
                0x00000580       0x80 .\CortexM3\ARM_GCC_493\Release\ReleaseVersion.a(ParkKillISR.o)
 .debug_aranges
                0x00000600       0x38 .\CortexM3\ARM_GCC_493\Release\ReleaseVersion.a(RadioRebroadcastInput.o)
 .debug_aranges
                0x00000638       0x38 .\CortexM3\ARM_GCC_493\Release\ReleaseVersion.a(MicKeyInput.o)
 .debug_aranges
                0x00000670       0x80 .\CortexM3\ARM_GCC_493\Release\ReleaseVersion.a(RadioMicKeyISR.o)
 .debug_aranges
                0x000006f0       0x40 .\CortexM3\ARM_GCC_493\Release\ReleaseVersion.a(TackSwitchStatus.o)
 .debug_aranges
                0x00000730       0x80 .\CortexM3\ARM_GCC_493\Release\ReleaseVersion.a(TackSwitchISR.o)
 .debug_aranges
                0x000007b0       0x40 .\CortexM3\ARM_GCC_493\Release\ReleaseVersion.a(DualDelayStatus.o)
 .debug_aranges
                0x000007f0       0x80 .\CortexM3\ARM_GCC_493\Release\ReleaseVersion.a(DualDelayISR.o)
 .debug_aranges
                0x00000870       0x38 .\CortexM3\ARM_GCC_493\Release\ReleaseVersion.a(OverloadInput1.o)
 .debug_aranges
                0x000008a8       0x80 .\CortexM3\ARM_GCC_493\Release\ReleaseVersion.a(OverloadISR.o)
 .debug_aranges
                0x00000928       0x38 .\CortexM3\ARM_GCC_493\Release\ReleaseVersion.a(OverloadInput2.o)
 .debug_aranges
                0x00000960       0x40 .\CortexM3\ARM_GCC_493\Release\ReleaseVersion.a(ModeStatus2.o)
 .debug_aranges
                0x000009a0       0x78 .\CortexM3\ARM_GCC_493\Release\ReleaseVersion.a(PWM_1.o)
 .debug_aranges
                0x00000a18       0x78 .\CortexM3\ARM_GCC_493\Release\ReleaseVersion.a(PWM_2.o)
 .debug_aranges
                0x00000a90       0x80 .\CortexM3\ARM_GCC_493\Release\ReleaseVersion.a(PWM1_ISR.o)
 .debug_aranges
                0x00000b10       0x80 .\CortexM3\ARM_GCC_493\Release\ReleaseVersion.a(PWM2_ISR.o)
 .debug_aranges
                0x00000b90       0x58 .\CortexM3\ARM_GCC_493\Release\ReleaseVersion.a(VDAC8_2.o)
 .debug_aranges
                0x00000be8       0x48 .\CortexM3\ARM_GCC_493\Release\ReleaseVersion.a(PGA_1.o)
 .debug_aranges
                0x00000c30       0x48 .\CortexM3\ARM_GCC_493\Release\ReleaseVersion.a(PGA_2.o)
 .debug_aranges
                0x00000c78       0x58 .\CortexM3\ARM_GCC_493\Release\ReleaseVersion.a(VDAC8_1.o)
 .debug_aranges
                0x00000cd0       0x38 .\CortexM3\ARM_GCC_493\Release\ReleaseVersion.a(LEDoutput.o)
 .debug_aranges
                0x00000d08       0x80 .\CortexM3\ARM_GCC_493\Release\ReleaseVersion.a(LED_ISR.o)
 .debug_aranges
                0x00000d88       0x30 .\CortexM3\ARM_GCC_493\Release\ReleaseVersion.a(AMux1.o)
 .debug_aranges
                0x00000db8       0x88 .\CortexM3\ARM_GCC_493\Release\ReleaseVersion.a(PWMtimer1.o)
 .debug_aranges
                0x00000e40       0x80 .\CortexM3\ARM_GCC_493\Release\ReleaseVersion.a(PWMtimer1_ISR.o)
 .debug_aranges
                0x00000ec0       0x38 .\CortexM3\ARM_GCC_493\Release\ReleaseVersion.a(PowerAmpOutput1.o)
 .debug_aranges
                0x00000ef8       0x38 .\CortexM3\ARM_GCC_493\Release\ReleaseVersion.a(PowerAmpOutput2.o)
 .debug_aranges
                0x00000f30       0x78 .\CortexM3\ARM_GCC_493\Release\ReleaseVersion.a(EEPROM.o)
 .debug_aranges
                0x00000fa8       0xd8 .\CortexM3\ARM_GCC_493\Release\ReleaseVersion.a(SPIM.o)
 .debug_aranges
                0x00001080       0x70 .\CortexM3\ARM_GCC_493\Release\ReleaseVersion.a(SPIM_IntClock.o)
 .debug_aranges
                0x000010f0       0x20 .\CortexM3\ARM_GCC_493\Release\ReleaseVersion.a(CyBootAsmGnu.o)
 .debug_aranges
                0x00001110       0x80 .\CortexM3\ARM_GCC_493\Release\ReleaseVersion.a(CyFlash.o)
 .debug_aranges
                0x00001190      0x298 .\CortexM3\ARM_GCC_493\Release\ReleaseVersion.a(CyLib.o)
 .debug_aranges
                0x00001428       0x98 .\CortexM3\ARM_GCC_493\Release\ReleaseVersion.a(cyPm.o)
 .debug_aranges
                0x000014c0       0x78 .\CortexM3\ARM_GCC_493\Release\ReleaseVersion.a(CySpc.o)
 .debug_aranges
                0x00001538       0x90 .\CortexM3\ARM_GCC_493\Release\ReleaseVersion.a(DACtimer1.o)
 .debug_aranges
                0x000015c8       0x80 .\CortexM3\ARM_GCC_493\Release\ReleaseVersion.a(DAC1_ISR.o)
 .debug_aranges
                0x00001648       0x90 .\CortexM3\ARM_GCC_493\Release\ReleaseVersion.a(DACtimer2.o)
 .debug_aranges
                0x000016d8       0x88 .\CortexM3\ARM_GCC_493\Release\ReleaseVersion.a(PWMtimer2.o)
 .debug_aranges
                0x00001760       0x80 .\CortexM3\ARM_GCC_493\Release\ReleaseVersion.a(PWMtimer2_ISR.o)
 .debug_aranges
                0x000017e0       0x30 .\CortexM3\ARM_GCC_493\Release\ReleaseVersion.a(AMux2.o)
 .debug_aranges
                0x00001810       0x98 .\CortexM3\ARM_GCC_493\Release\ReleaseVersion.a(UART.o)
 .debug_aranges
                0x000018a8       0x80 .\CortexM3\ARM_GCC_493\Release\ReleaseVersion.a(UART_ISR.o)
 .debug_aranges
                0x00001928       0x70 .\CortexM3\ARM_GCC_493\Release\ReleaseVersion.a(UART_IntClock.o)
 .debug_aranges
                0x00001998       0x80 .\CortexM3\ARM_GCC_493\Release\ReleaseVersion.a(UART_TimerISR.o)
 .debug_aranges
                0x00001a18       0x90 .\CortexM3\ARM_GCC_493\Release\ReleaseVersion.a(UART_Timer.o)
 .debug_aranges
                0x00001aa8       0x90 .\CortexM3\ARM_GCC_493\Release\ReleaseVersion.a(LED_Timer.o)

.debug_pubnames
 *(.debug_pubnames)

.debug_info     0x00000000     0xa11d
 *(.debug_info .gnu.linkonce.wi.*)
 .debug_info    0x00000000       0xd5 .\CortexM3\ARM_GCC_493\Release\main.o
 .debug_info    0x000000d5      0x12b .\CortexM3\ARM_GCC_493\Release\Fault.o
 .debug_info    0x00000200      0x85b .\CortexM3\ARM_GCC_493\Release\Tones.o
 .debug_info    0x00000a5b      0x40a .\CortexM3\ARM_GCC_493\Release\DACaudio.o
 .debug_info    0x00000e65      0x6d3 .\CortexM3\ARM_GCC_493\Release\FileDecode.o
 .debug_info    0x00001538      0x2c6 .\CortexM3\ARM_GCC_493\Release\CommManager.o
 .debug_info    0x000017fe      0x770 .\CortexM3\ARM_GCC_493\Release\SirenState.o
 .debug_info    0x00001f6e      0x13e .\CortexM3\ARM_GCC_493\Release\cymetadata.o
 .debug_info    0x000020ac      0x317 .\CortexM3\ARM_GCC_493\Release\Cm3Start.o
 .debug_info    0x000023c3      0x586 .\CortexM3\ARM_GCC_493\Release\ReleaseVersion.a(cyfitter_cfg.o)
 .debug_info    0x00002949      0x13a .\CortexM3\ARM_GCC_493\Release\ReleaseVersion.a(ModeStatus.o)
 .debug_info    0x00002a83      0x25f .\CortexM3\ARM_GCC_493\Release\ReleaseVersion.a(ModeStatusISR.o)
 .debug_info    0x00002ce2      0x13a .\CortexM3\ARM_GCC_493\Release\ReleaseVersion.a(HornRingStatus.o)
 .debug_info    0x00002e1c      0x25f .\CortexM3\ARM_GCC_493\Release\ReleaseVersion.a(HornRingISR.o)
 .debug_info    0x0000307b      0x13a .\CortexM3\ARM_GCC_493\Release\ReleaseVersion.a(ParkKillStatus.o)
 .debug_info    0x000031b5      0x25f .\CortexM3\ARM_GCC_493\Release\ReleaseVersion.a(ParkKillISR.o)
 .debug_info    0x00003414      0x11d .\CortexM3\ARM_GCC_493\Release\ReleaseVersion.a(RadioRebroadcastInput.o)
 .debug_info    0x00003531      0x11d .\CortexM3\ARM_GCC_493\Release\ReleaseVersion.a(MicKeyInput.o)
 .debug_info    0x0000364e      0x25f .\CortexM3\ARM_GCC_493\Release\ReleaseVersion.a(RadioMicKeyISR.o)
 .debug_info    0x000038ad      0x13a .\CortexM3\ARM_GCC_493\Release\ReleaseVersion.a(TackSwitchStatus.o)
 .debug_info    0x000039e7      0x25f .\CortexM3\ARM_GCC_493\Release\ReleaseVersion.a(TackSwitchISR.o)
 .debug_info    0x00003c46      0x13a .\CortexM3\ARM_GCC_493\Release\ReleaseVersion.a(DualDelayStatus.o)
 .debug_info    0x00003d80      0x25f .\CortexM3\ARM_GCC_493\Release\ReleaseVersion.a(DualDelayISR.o)
 .debug_info    0x00003fdf      0x11d .\CortexM3\ARM_GCC_493\Release\ReleaseVersion.a(OverloadInput1.o)
 .debug_info    0x000040fc      0x25f .\CortexM3\ARM_GCC_493\Release\ReleaseVersion.a(OverloadISR.o)
 .debug_info    0x0000435b      0x11d .\CortexM3\ARM_GCC_493\Release\ReleaseVersion.a(OverloadInput2.o)
 .debug_info    0x00004478      0x13a .\CortexM3\ARM_GCC_493\Release\ReleaseVersion.a(ModeStatus2.o)
 .debug_info    0x000045b2      0x22c .\CortexM3\ARM_GCC_493\Release\ReleaseVersion.a(PWM_1.o)
 .debug_info    0x000047de      0x22c .\CortexM3\ARM_GCC_493\Release\ReleaseVersion.a(PWM_2.o)
 .debug_info    0x00004a0a      0x25f .\CortexM3\ARM_GCC_493\Release\ReleaseVersion.a(PWM1_ISR.o)
 .debug_info    0x00004c69      0x25f .\CortexM3\ARM_GCC_493\Release\ReleaseVersion.a(PWM2_ISR.o)
 .debug_info    0x00004ec8      0x184 .\CortexM3\ARM_GCC_493\Release\ReleaseVersion.a(VDAC8_2.o)
 .debug_info    0x0000504c      0x185 .\CortexM3\ARM_GCC_493\Release\ReleaseVersion.a(PGA_1.o)
 .debug_info    0x000051d1      0x185 .\CortexM3\ARM_GCC_493\Release\ReleaseVersion.a(PGA_2.o)
 .debug_info    0x00005356      0x184 .\CortexM3\ARM_GCC_493\Release\ReleaseVersion.a(VDAC8_1.o)
 .debug_info    0x000054da      0x11d .\CortexM3\ARM_GCC_493\Release\ReleaseVersion.a(LEDoutput.o)
 .debug_info    0x000055f7      0x25f .\CortexM3\ARM_GCC_493\Release\ReleaseVersion.a(LED_ISR.o)
 .debug_info    0x00005856       0xf6 .\CortexM3\ARM_GCC_493\Release\ReleaseVersion.a(AMux1.o)
 .debug_info    0x0000594c      0x23c .\CortexM3\ARM_GCC_493\Release\ReleaseVersion.a(PWMtimer1.o)
 .debug_info    0x00005b88      0x25f .\CortexM3\ARM_GCC_493\Release\ReleaseVersion.a(PWMtimer1_ISR.o)
 .debug_info    0x00005de7      0x11d .\CortexM3\ARM_GCC_493\Release\ReleaseVersion.a(PowerAmpOutput1.o)
 .debug_info    0x00005f04      0x11d .\CortexM3\ARM_GCC_493\Release\ReleaseVersion.a(PowerAmpOutput2.o)
 .debug_info    0x00006021      0x350 .\CortexM3\ARM_GCC_493\Release\ReleaseVersion.a(EEPROM.o)
 .debug_info    0x00006371      0x3ec .\CortexM3\ARM_GCC_493\Release\ReleaseVersion.a(SPIM.o)
 .debug_info    0x0000675d      0x25b .\CortexM3\ARM_GCC_493\Release\ReleaseVersion.a(SPIM_IntClock.o)
 .debug_info    0x000069b8       0xd3 .\CortexM3\ARM_GCC_493\Release\ReleaseVersion.a(CyBootAsmGnu.o)
 .debug_info    0x00006a8b      0x36a .\CortexM3\ARM_GCC_493\Release\ReleaseVersion.a(CyFlash.o)
 .debug_info    0x00006df5      0xe31 .\CortexM3\ARM_GCC_493\Release\ReleaseVersion.a(CyLib.o)
 .debug_info    0x00007c26      0x55f .\CortexM3\ARM_GCC_493\Release\ReleaseVersion.a(cyPm.o)
 .debug_info    0x00008185      0x456 .\CortexM3\ARM_GCC_493\Release\ReleaseVersion.a(CySpc.o)
 .debug_info    0x000085db      0x252 .\CortexM3\ARM_GCC_493\Release\ReleaseVersion.a(DACtimer1.o)
 .debug_info    0x0000882d      0x25f .\CortexM3\ARM_GCC_493\Release\ReleaseVersion.a(DAC1_ISR.o)
 .debug_info    0x00008a8c      0x252 .\CortexM3\ARM_GCC_493\Release\ReleaseVersion.a(DACtimer2.o)
 .debug_info    0x00008cde      0x23c .\CortexM3\ARM_GCC_493\Release\ReleaseVersion.a(PWMtimer2.o)
 .debug_info    0x00008f1a      0x25f .\CortexM3\ARM_GCC_493\Release\ReleaseVersion.a(PWMtimer2_ISR.o)
 .debug_info    0x00009179       0xf6 .\CortexM3\ARM_GCC_493\Release\ReleaseVersion.a(AMux2.o)
 .debug_info    0x0000926f      0x2f1 .\CortexM3\ARM_GCC_493\Release\ReleaseVersion.a(UART.o)
 .debug_info    0x00009560      0x25f .\CortexM3\ARM_GCC_493\Release\ReleaseVersion.a(UART_ISR.o)
 .debug_info    0x000097bf      0x25b .\CortexM3\ARM_GCC_493\Release\ReleaseVersion.a(UART_IntClock.o)
 .debug_info    0x00009a1a      0x25f .\CortexM3\ARM_GCC_493\Release\ReleaseVersion.a(UART_TimerISR.o)
 .debug_info    0x00009c79      0x252 .\CortexM3\ARM_GCC_493\Release\ReleaseVersion.a(UART_Timer.o)
 .debug_info    0x00009ecb      0x252 .\CortexM3\ARM_GCC_493\Release\ReleaseVersion.a(LED_Timer.o)

.debug_abbrev   0x00000000     0x4511
 *(.debug_abbrev)
 .debug_abbrev  0x00000000       0x7d .\CortexM3\ARM_GCC_493\Release\main.o
 .debug_abbrev  0x0000007d       0xb1 .\CortexM3\ARM_GCC_493\Release\Fault.o
 .debug_abbrev  0x0000012e      0x19b .\CortexM3\ARM_GCC_493\Release\Tones.o
 .debug_abbrev  0x000002c9      0x196 .\CortexM3\ARM_GCC_493\Release\DACaudio.o
 .debug_abbrev  0x0000045f      0x15a .\CortexM3\ARM_GCC_493\Release\FileDecode.o
 .debug_abbrev  0x000005b9      0x11a .\CortexM3\ARM_GCC_493\Release\CommManager.o
 .debug_abbrev  0x000006d3      0x195 .\CortexM3\ARM_GCC_493\Release\SirenState.o
 .debug_abbrev  0x00000868       0x77 .\CortexM3\ARM_GCC_493\Release\cymetadata.o
 .debug_abbrev  0x000008df      0x1b6 .\CortexM3\ARM_GCC_493\Release\Cm3Start.o
 .debug_abbrev  0x00000a95      0x1ca .\CortexM3\ARM_GCC_493\Release\ReleaseVersion.a(cyfitter_cfg.o)
 .debug_abbrev  0x00000c5f       0xb7 .\CortexM3\ARM_GCC_493\Release\ReleaseVersion.a(ModeStatus.o)
 .debug_abbrev  0x00000d16      0x178 .\CortexM3\ARM_GCC_493\Release\ReleaseVersion.a(ModeStatusISR.o)
 .debug_abbrev  0x00000e8e       0xb7 .\CortexM3\ARM_GCC_493\Release\ReleaseVersion.a(HornRingStatus.o)
 .debug_abbrev  0x00000f45      0x178 .\CortexM3\ARM_GCC_493\Release\ReleaseVersion.a(HornRingISR.o)
 .debug_abbrev  0x000010bd       0xb7 .\CortexM3\ARM_GCC_493\Release\ReleaseVersion.a(ParkKillStatus.o)
 .debug_abbrev  0x00001174      0x178 .\CortexM3\ARM_GCC_493\Release\ReleaseVersion.a(ParkKillISR.o)
 .debug_abbrev  0x000012ec       0x9d .\CortexM3\ARM_GCC_493\Release\ReleaseVersion.a(RadioRebroadcastInput.o)
 .debug_abbrev  0x00001389       0x9d .\CortexM3\ARM_GCC_493\Release\ReleaseVersion.a(MicKeyInput.o)
 .debug_abbrev  0x00001426      0x178 .\CortexM3\ARM_GCC_493\Release\ReleaseVersion.a(RadioMicKeyISR.o)
 .debug_abbrev  0x0000159e       0xb7 .\CortexM3\ARM_GCC_493\Release\ReleaseVersion.a(TackSwitchStatus.o)
 .debug_abbrev  0x00001655      0x178 .\CortexM3\ARM_GCC_493\Release\ReleaseVersion.a(TackSwitchISR.o)
 .debug_abbrev  0x000017cd       0xb7 .\CortexM3\ARM_GCC_493\Release\ReleaseVersion.a(DualDelayStatus.o)