Archive member included because of file (symbol)

.\CortexM3\ARM_GCC_493\Debug\ReleaseVersion.a(cyfitter_cfg.o)
                              .\CortexM3\ARM_GCC_493\Debug\Cm3Start.o (cyfitter_cfg)
.\CortexM3\ARM_GCC_493\Debug\ReleaseVersion.a(ModeStatus.o)
                              .\CortexM3\ARM_GCC_493\Debug\SirenState.o (ModeStatus_Read)
.\CortexM3\ARM_GCC_493\Debug\ReleaseVersion.a(ModeStatusISR.o)
                              .\CortexM3\ARM_GCC_493\Debug\SirenState.o (ModeStatusISR_Start)
.\CortexM3\ARM_GCC_493\Debug\ReleaseVersion.a(HornRingStatus.o)
                              .\CortexM3\ARM_GCC_493\Debug\SirenState.o (HornRingStatus_Read)
.\CortexM3\ARM_GCC_493\Debug\ReleaseVersion.a(HornRingISR.o)
                              .\CortexM3\ARM_GCC_493\Debug\main.o (HornRingISR_Start)
.\CortexM3\ARM_GCC_493\Debug\ReleaseVersion.a(ParkKillStatus.o)
                              .\CortexM3\ARM_GCC_493\Debug\SirenState.o (ParkKillStatus_Read)
.\CortexM3\ARM_GCC_493\Debug\ReleaseVersion.a(ParkKillISR.o)
                              .\CortexM3\ARM_GCC_493\Debug\main.o (ParkKillISR_Start)
.\CortexM3\ARM_GCC_493\Debug\ReleaseVersion.a(RadioRebroadcastInput.o)
                              .\CortexM3\ARM_GCC_493\Debug\SirenState.o (RadioRebroadcastInput_Read)
.\CortexM3\ARM_GCC_493\Debug\ReleaseVersion.a(MicKeyInput.o)
                              .\CortexM3\ARM_GCC_493\Debug\SirenState.o (MicKeyInput_Read)
.\CortexM3\ARM_GCC_493\Debug\ReleaseVersion.a(RadioMicKeyISR.o)
                              .\CortexM3\ARM_GCC_493\Debug\main.o (RadioMicKeyISR_Start)
.\CortexM3\ARM_GCC_493\Debug\ReleaseVersion.a(TackSwitchStatus.o)
                              .\CortexM3\ARM_GCC_493\Debug\SirenState.o (TackSwitchStatus_Read)
.\CortexM3\ARM_GCC_493\Debug\ReleaseVersion.a(TackSwitchISR.o)
                              .\CortexM3\ARM_GCC_493\Debug\SirenState.o (TackSwitchISR_Start)
.\CortexM3\ARM_GCC_493\Debug\ReleaseVersion.a(DualDelayStatus.o)
                              .\CortexM3\ARM_GCC_493\Debug\SirenState.o (DualDelayStatus_Read)
.\CortexM3\ARM_GCC_493\Debug\ReleaseVersion.a(DualDelayISR.o)
                              .\CortexM3\ARM_GCC_493\Debug\SirenState.o (DualDelayISR_Start)
.\CortexM3\ARM_GCC_493\Debug\ReleaseVersion.a(OverloadInput1.o)
                              .\CortexM3\ARM_GCC_493\Debug\main.o (OverloadInput1_Read)
.\CortexM3\ARM_GCC_493\Debug\ReleaseVersion.a(OverloadISR.o)
                              .\CortexM3\ARM_GCC_493\Debug\main.o (OverloadISR_Start)
.\CortexM3\ARM_GCC_493\Debug\ReleaseVersion.a(OverloadInput2.o)
                              .\CortexM3\ARM_GCC_493\Debug\main.o (OverloadInput2_Read)
.\CortexM3\ARM_GCC_493\Debug\ReleaseVersion.a(ModeStatus2.o)
                              .\CortexM3\ARM_GCC_493\Debug\SirenState.o (ModeStatus2_Read)
.\CortexM3\ARM_GCC_493\Debug\ReleaseVersion.a(PWM_1.o)
                              .\CortexM3\ARM_GCC_493\Debug\Tones.o (PWM_1_Stop)
.\CortexM3\ARM_GCC_493\Debug\ReleaseVersion.a(PWM_2.o)
                              .\CortexM3\ARM_GCC_493\Debug\Tones.o (PWM_2_Stop)
.\CortexM3\ARM_GCC_493\Debug\ReleaseVersion.a(PWM1_ISR.o)
                              .\CortexM3\ARM_GCC_493\Debug\main.o (PWM1_ISR_Start)
.\CortexM3\ARM_GCC_493\Debug\ReleaseVersion.a(PWM2_ISR.o)
                              .\CortexM3\ARM_GCC_493\Debug\main.o (PWM2_ISR_Start)
.\CortexM3\ARM_GCC_493\Debug\ReleaseVersion.a(VDAC8_2.o)
                              .\CortexM3\ARM_GCC_493\Debug\DACaudio.o (VDAC8_2_Stop)
.\CortexM3\ARM_GCC_493\Debug\ReleaseVersion.a(PGA_1.o)
                              .\CortexM3\ARM_GCC_493\Debug\DACaudio.o (PGA_1_Stop)
.\CortexM3\ARM_GCC_493\Debug\ReleaseVersion.a(PGA_2.o)
                              .\CortexM3\ARM_GCC_493\Debug\DACaudio.o (PGA_2_Stop)
.\CortexM3\ARM_GCC_493\Debug\ReleaseVersion.a(VDAC8_1.o)
                              .\CortexM3\ARM_GCC_493\Debug\DACaudio.o (VDAC8_1_Stop)
.\CortexM3\ARM_GCC_493\Debug\ReleaseVersion.a(LEDoutput.o)
                              .\CortexM3\ARM_GCC_493\Debug\Fault.o (LEDoutput_Write)
.\CortexM3\ARM_GCC_493\Debug\ReleaseVersion.a(LED_ISR.o)
                              .\CortexM3\ARM_GCC_493\Debug\main.o (LED_ISR_Start)
.\CortexM3\ARM_GCC_493\Debug\ReleaseVersion.a(AMux1.o)
                              .\CortexM3\ARM_GCC_493\Debug\main.o (AMux1_Start)
.\CortexM3\ARM_GCC_493\Debug\ReleaseVersion.a(PWMtimer1.o)
                              .\CortexM3\ARM_GCC_493\Debug\Tones.o (PWMtimer1_Stop)
.\CortexM3\ARM_GCC_493\Debug\ReleaseVersion.a(PWMtimer1_ISR.o)
                              .\CortexM3\ARM_GCC_493\Debug\main.o (PWMtimer1_ISR_Start)
.\CortexM3\ARM_GCC_493\Debug\ReleaseVersion.a(PowerAmpOutput1.o)
                              .\CortexM3\ARM_GCC_493\Debug\main.o (PowerAmpOutput1_Write)
.\CortexM3\ARM_GCC_493\Debug\ReleaseVersion.a(PowerAmpOutput2.o)
                              .\CortexM3\ARM_GCC_493\Debug\main.o (PowerAmpOutput2_Write)
[...]
Memory Configuration

Name             Origin             Length             Attributes
rom              0x00000000         0x00020000         xr
ram              0x1fffc000         0x00008000         xrw
*default*        0x00000000         0xffffffff

Linker script and memory map

LOAD c:/program files (x86)/cypress/psoc creator/3.3/psoc creator/import/gnu/arm/4.9.3/bin/../lib/gcc/arm-none-eabi/4.9.3/armv7-m/crti.o
LOAD c:/program files (x86)/cypress/psoc creator/3.3/psoc creator/import/gnu/arm/4.9.3/bin/../lib/gcc/arm-none-eabi/4.9.3/armv7-m/crtbegin.o
LOAD c:/program files (x86)/cypress/psoc creator/3.3/psoc creator/import/gnu/arm/4.9.3/bin/../lib/gcc/arm-none-eabi/4.9.3/../../../../arm-none-eabi/lib/armv7-m/crt0.o
START GROUP
LOAD .\CortexM3\ARM_GCC_493\Debug\main.o
LOAD .\CortexM3\ARM_GCC_493\Debug\Fault.o
LOAD .\CortexM3\ARM_GCC_493\Debug\Tones.o
LOAD .\CortexM3\ARM_GCC_493\Debug\DACaudio.o
LOAD .\CortexM3\ARM_GCC_493\Debug\FileDecode.o
LOAD .\CortexM3\ARM_GCC_493\Debug\CommManager.o
LOAD .\CortexM3\ARM_GCC_493\Debug\SirenState.o
LOAD .\CortexM3\ARM_GCC_493\Debug\cymetadata.o
LOAD .\CortexM3\ARM_GCC_493\Debug\Cm3Start.o
LOAD .\CortexM3\ARM_GCC_493\Debug\ReleaseVersion.a
LOAD C:\Program Files (x86)\Cypress\PSoC Creator\3.3\PSoC Creator\psoc\content\cycomponentlibrary\CyComponentLibrary.cylib\CortexM3\ARM_GCC_493\Debug\CyComponentLibrary.a
END GROUP
START GROUP
LOAD c:/program files (x86)/cypress/psoc creator/3.3/psoc creator/import/gnu/arm/4.9.3/bin/../lib/gcc/arm-none-eabi/4.9.3/armv7-m\libgcc.a
LOAD c:/program files (x86)/cypress/psoc creator/3.3/psoc creator/import/gnu/arm/4.9.3/bin/../lib/gcc/arm-none-eabi/4.9.3/../../../../arm-none-eabi/lib/armv7-m\libg_nano.a
LOAD c:/program files (x86)/cypress/psoc creator/3.3/psoc creator/import/gnu/arm/4.9.3/bin/../lib/gcc/arm-none-eabi/4.9.3/../../../../arm-none-eabi/lib/armv7-m\libc_nano.a
END GROUP
START GROUP
LOAD c:/program files (x86)/cypress/psoc creator/3.3/psoc creator/import/gnu/arm/4.9.3/bin/../lib/gcc/arm-none-eabi/4.9.3/armv7-m\libgcc.a
LOAD c:/program files (x86)/cypress/psoc creator/3.3/psoc creator/import/gnu/arm/4.9.3/bin/../lib/gcc/arm-none-eabi/4.9.3/../../../../arm-none-eabi/lib/armv7-m\libc_nano.a
END GROUP
LOAD c:/program files (x86)/cypress/psoc creator/3.3/psoc creator/import/gnu/arm/4.9.3/bin/../lib/gcc/arm-none-eabi/4.9.3/armv7-m/crtend.o
LOAD c:/program files (x86)/cypress/psoc creator/3.3/psoc creator/import/gnu/arm/4.9.3/bin/../lib/gcc/arm-none-eabi/4.9.3/armv7-m/crtn.o
START GROUP
LOAD c:/program files (x86)/cypress/psoc creator/3.3/psoc creator/import/gnu/arm/4.9.3/bin/../lib/gcc/arm-none-eabi/4.9.3/armv7-m\libgcc.a
LOAD c:/program files (x86)/cypress/psoc creator/3.3/psoc creator/import/gnu/arm/4.9.3/bin/../lib/gcc/arm-none-eabi/4.9.3/../../../../arm-none-eabi/lib/armv7-m\libc.a
LOAD c:/program files (x86)/cypress/psoc creator/3.3/psoc creator/import/gnu/arm/4.9.3/bin/../lib/gcc/arm-none-eabi/4.9.3/../../../../arm-none-eabi/lib/armv7-m\libnosys.a
END GROUP
                0x00000000                CY_APPL_ORIGIN = 0x0
                0x00000100                CY_FLASH_ROW_SIZE = 0x100
                0x00000020                CY_ECC_ROW_SIZE = 0x20
                0x00000000                CY_EE_IN_BTLDR = 0x0
                0x00000000                CY_APPL_LOADABLE = 0x0
                0x00000800                CY_EE_SIZE = 0x800
                0x00000001                CY_APPL_NUM = 0x1
                0x00000001                CY_APPL_MAX = 0x1
                0x00000040                CY_METADATA_SIZE = 0x40
                0x00000000                CY_APPL_LOADABLE = 0x0
                0x00000000                CY_CHECKSUM_EXCLUDE_SIZE = ALIGN (0x0, CY_FLASH_ROW_SIZE)
                0x1fffc2a8                PROVIDE (__cy_heap_start, _end)
                0x00000001                PROVIDE (__cy_region_num, ((__cy_regions_end - __cy_regions) / 0x10))
                0x20004000                PROVIDE (__cy_stack, (ORIGIN (ram) + 0x8000))
                0x20003800                PROVIDE (__cy_heap_end, (__cy_stack - 0x800))

.cybootloader   0x00000000        0x0
 *(.cybootloader)
                0x00000000                appl1_start = CY_APPL_ORIGIN?CY_APPL_ORIGIN:ALIGN (CY_FLASH_ROW_SIZE)
                0x0000ff00                appl2_start = (appl1_start + ALIGN ((((0x20000 - appl1_start) - (0x2 * CY_FLASH_ROW_SIZE)) / 0x2), CY_FLASH_ROW_SIZE))
                0x00000000                appl_start = (CY_APPL_NUM == 0x1)?appl1_start:appl2_start
                0x00000000                ecc_offset = ((appl_start / CY_FLASH_ROW_SIZE) * CY_ECC_ROW_SIZE)
                0x00000000                ee_offset = (CY_APPL_LOADABLE && ! (CY_EE_IN_BTLDR))?((CY_EE_SIZE / CY_APPL_MAX) * (CY_APPL_NUM - 0x1)):0x0
                0x00000800                ee_size = (CY_APPL_LOADABLE && ! (CY_EE_IN_BTLDR))?(CY_EE_SIZE / CY_APPL_MAX):CY_EE_SIZE
                0x00000000                PROVIDE (CY_ECC_OFFSET, ecc_offset)

.text           0x00000000     0x3a4e
 CREATE_OBJECT_SYMBOLS
                0x00000000                PROVIDE (__cy_interrupt_vector, RomVectors)
 *(.romvectors)
 .romvectors    0x00000000       0x10 .\CortexM3\ARM_GCC_493\Debug\Cm3Start.o
                0x00000000                RomVectors
                0x00000001                ASSERT ((. != __cy_interrupt_vector), No interrupt vector)
                0x00000001                ASSERT (CY_APPL_ORIGIN?(SIZEOF (.cybootloader) <= CY_APPL_ORIGIN):0x1, Wrong image location)
                0x00000010                PROVIDE (__cy_reset, Reset)
 *(.text.Reset)
 .text.Reset    0x00000010       0x18 .\CortexM3\ARM_GCC_493\Debug\Cm3Start.o
                0x00000010                Reset
                0x00000001                ASSERT ((. != __cy_reset), No reset code)
 *(.dma_init)
                0x00000001                ASSERT ((((appl_start + .) <= 0x10000) || 0x1), DMA Init must be within the first 64k of flash)
 *(.text .text.* .gnu.linkonce.t.*)
 .text          0x00000028       0x5c c:/program files (x86)/cypress/psoc creator/3.3/psoc creator/import/gnu/arm/4.9.3/bin/../lib/gcc/arm-none-eabi/4.9.3/armv7-m/crtbegin.o
 .text.initializePeripherals
                0x00000084       0x90 .\CortexM3\ARM_GCC_493\Debug\main.o
 .text.main     0x00000114       0x28 .\CortexM3\ARM_GCC_493\Debug\main.o
                0x00000114                main
 .text.isThereOverload
                0x0000013c        0xc .\CortexM3\ARM_GCC_493\Debug\Fault.o
                0x0000013c                isThereOverload
 .text.processOverloadRoutine
                0x00000148       0x70 .\CortexM3\ARM_GCC_493\Debug\Fault.o
                0x00000148                processOverloadRoutine
 .text.deactivatePoweredFunctions
                0x000001b8       0x34 .\CortexM3\ARM_GCC_493\Debug\Fault.o
                0x000001b8                deactivatePoweredFunctions
 .text.setToneEffectStatus
                0x000001ec       0x5c .\CortexM3\ARM_GCC_493\Debug\Tones.o
 .text.getCaptureValue
                0x00000248       0x10 .\CortexM3\ARM_GCC_493\Debug\Tones.o
 .text.playHornTone
                0x00000258       0x38 .\CortexM3\ARM_GCC_493\Debug\Tones.o
 .text.playTestTone
                0x00000290       0x68 .\CortexM3\ARM_GCC_493\Debug\Tones.o
 .text.playPWMTone
                0x000002f8      0x19c .\CortexM3\ARM_GCC_493\Debug\Tones.o
                0x000002f8                playPWMTone
 .text.playGradualChangeTone
                0x00000494       0xac .\CortexM3\ARM_GCC_493\Debug\Tones.o
 .text.playComboTone
                0x00000540      0x14c .\CortexM3\ARM_GCC_493\Debug\Tones.o
 .text.playMechanicalTone
                0x0000068c       0xbc .\CortexM3\ARM_GCC_493\Debug\Tones.o
 .text.playHighLowTone
                0x00000748       0x80 .\CortexM3\ARM_GCC_493\Debug\Tones.o
 .text.playPCallTone
                0x000007c8       0xbc .\CortexM3\ARM_GCC_493\Debug\Tones.o
 .text.stopPWMTone
                0x00000884       0x5c .\CortexM3\ARM_GCC_493\Debug\Tones.o
                0x00000884                stopPWMTone
 .text.processPWM1updateRoutine
                0x000008e0       0xb0 .\CortexM3\ARM_GCC_493\Debug\Tones.o
                0x000008e0                processPWM1updateRoutine
 .text.processPWM2updateRoutine
                0x00000990       0xa4 .\CortexM3\ARM_GCC_493\Debug\Tones.o
                0x00000990                processPWM2updateRoutine
 .text.deactivateManualWail
                0x00000a34       0x14 .\CortexM3\ARM_GCC_493\Debug\Tones.o
                0x00000a34                deactivateManualWail
 .text.playManualWailTone
                0x00000a48       0x84 .\CortexM3\ARM_GCC_493\Debug\Tones.o
 .text.processPWMtimerRoutine
                0x00000acc      0x124 .\CortexM3\ARM_GCC_493\Debug\Tones.o
                0x00000acc                processPWMtimerRoutine
 .text.getSamplingReloadValue
                0x00000bf0       0x10 .\CortexM3\ARM_GCC_493\Debug\DACaudio.o
 .text.isMusicReady
                0x00000c00       0x40 .\CortexM3\ARM_GCC_493\Debug\DACaudio.o
 .text.playAudioTone
                0x00000c40       0xb0 .\CortexM3\ARM_GCC_493\Debug\DACaudio.o
                0x00000c40                playAudioTone
 .text.stopAudioTone
                0x00000cf0       0x30 .\CortexM3\ARM_GCC_493\Debug\DACaudio.o
                0x00000cf0                stopAudioTone
 .text.updateDAC1
                0x00000d20       0xe0 .\CortexM3\ARM_GCC_493\Debug\DACaudio.o
                0x00000d20                updateDAC1
 .text.deactivateAudio
                0x00000e00        0xc .\CortexM3\ARM_GCC_493\Debug\DACaudio.o
                0x00000e00                deactivateAudio
 .text.convertToBigEndian
                0x00000e0c       0x20 .\CortexM3\ARM_GCC_493\Debug\FileDecode.o
 .text.processLittleEndianData
                0x00000e2c       0x44 .\CortexM3\ARM_GCC_493\Debug\FileDecode.o
 .text.processBigEndianData
                0x00000e70       0x64 .\CortexM3\ARM_GCC_493\Debug\FileDecode.o
 .text.getChannelCount
                0x00000ed4        0xc .\CortexM3\ARM_GCC_493\Debug\FileDecode.o
                0x00000ed4                getChannelCount
 .text.getBytesPerSample
                0x00000ee0        0xc .\CortexM3\ARM_GCC_493\Debug\FileDecode.o
                0x00000ee0                getBytesPerSample
 .text.getSamplingRate
                0x00000eec        0xc .\CortexM3\ARM_GCC_493\Debug\FileDecode.o
                0x00000eec                getSamplingRate
 .text.getDataSize
                0x00000ef8        0xc .\CortexM3\ARM_GCC_493\Debug\FileDecode.o
                0x00000ef8                getDataSize
 .text.getNextWaveData
                0x00000f04       0x70 .\CortexM3\ARM_GCC_493\Debug\FileDecode.o
                0x00000f04                getNextWaveData
 .text.processHeaderData
                0x00000f74      0x1a0 .\CortexM3\ARM_GCC_493\Debug\FileDecode.o
                0x00000f74                processHeaderData
 .text.startVoiceStreamMode
                0x00001114       0x40 .\CortexM3\ARM_GCC_493\Debug\CommManager.o
 .text.stopVoiceStreamMode
                0x00001154       0x2c .\CortexM3\ARM_GCC_493\Debug\CommManager.o
 .text.detectPacket
                0x00001180      0x138 .\CortexM3\ARM_GCC_493\Debug\CommManager.o
 .text.processByteReceivedHandler
                0x000012b8       0x40 .\CortexM3\ARM_GCC_493\Debug\CommManager.o
                0x000012b8                processByteReceivedHandler
 .text.processLED_TimerRoutine
                0x000012f8       0x1c .\CortexM3\ARM_GCC_493\Debug\CommManager.o
                0x000012f8                processLED_TimerRoutine
 .text.processCommTimeoutRoutine
                0x00001314       0x34 .\CortexM3\ARM_GCC_493\Debug\CommManager.o
                0x00001314                processCommTimeoutRoutine
 .text.isCommand
                0x00001348       0x10 .\CortexM3\ARM_GCC_493\Debug\SirenState.o
 .text.isTrailingTone
                0x00001358       0x20 .\CortexM3\ARM_GCC_493\Debug\SirenState.o
 .text.isSong   0x00001378        0xc .\CortexM3\ARM_GCC_493\Debug\SirenState.o
 .text.isAudioTone
                0x00001384       0x28 .\CortexM3\ARM_GCC_493\Debug\SirenState.o
 .text.getAlternatingTone
                0x000013ac       0x38 .\CortexM3\ARM_GCC_493\Debug\SirenState.o
 .text.getBitIndex
                0x000013e4       0x48 .\CortexM3\ARM_GCC_493\Debug\SirenState.o
 .text.getHighestPriorityChannel
                0x0000142c       0x58 .\CortexM3\ARM_GCC_493\Debug\SirenState.o
 .text.enableSpeakersForAudioTone
                0x00001484       0x50 .\CortexM3\ARM_GCC_493\Debug\SirenState.o
 .text.enableSpeakerForSirenTone
                0x000014d4       0x58 .\CortexM3\ARM_GCC_493\Debug\SirenState.o
 .text.initializeToneConfigurationList
                0x0000152c       0xb4 .\CortexM3\ARM_GCC_493\Debug\SirenState.o
                0x0000152c                initializeToneConfigurationList
 .text.enableToneInputInterrupts
                0x000015e0       0x18 .\CortexM3\ARM_GCC_493\Debug\SirenState.o
                0x000015e0                enableToneInputInterrupts
 .text.disableToneInputInterrupts
                0x000015f8       0x18 .\CortexM3\ARM_GCC_493\Debug\SirenState.o
                0x000015f8                disableToneInputInterrupts
 .text.disableAudioAndPWM
                0x00001610       0x1c .\CortexM3\ARM_GCC_493\Debug\SirenState.o
                0x00001610                disableAudioAndPWM
 .text.disableBothSpeakers
                0x0000162c       0x44 .\CortexM3\ARM_GCC_493\Debug\SirenState.o
                0x0000162c                disableBothSpeakers
 .text.decideTonesToPlay
                0x00001670      0x288 .\CortexM3\ARM_GCC_493\Debug\SirenState.o
 .text.initializeInputReadings
                0x000018f8       0x4c .\CortexM3\ARM_GCC_493\Debug\SirenState.o
                0x000018f8                initializeInputReadings
 .text.processTackSwitchRoutine
                0x00001944       0xb8 .\CortexM3\ARM_GCC_493\Debug\SirenState.o
                0x00001944                processTackSwitchRoutine
 .text.processRadioMicKeyRoutine
                0x000019fc       0x60 .\CortexM3\ARM_GCC_493\Debug\SirenState.o
                0x000019fc                processRadioMicKeyRoutine
 .text.processParkKillRoutine
                0x00001a5c       0x18 .\CortexM3\ARM_GCC_493\Debug\SirenState.o
                0x00001a5c                processParkKillRoutine
 .text.processHornRingRoutine
                0x00001a74       0x18 .\CortexM3\ARM_GCC_493\Debug\SirenState.o
                0x00001a74                processHornRingRoutine
 .text.processDualDelayRoutine
                0x00001a8c       0x1c .\CortexM3\ARM_GCC_493\Debug\SirenState.o
                0x00001a8c                processDualDelayRoutine
 .text.processToneChangeRoutine
                0x00001aa8       0xa4 .\CortexM3\ARM_GCC_493\Debug\SirenState.o
                0x00001aa8                processToneChangeRoutine
 .text.setTonesWithCommunication
                0x00001b4c       0x94 .\CortexM3\ARM_GCC_493\Debug\SirenState.o
                0x00001b4c                setTonesWithCommunication
 .text.IntDefaultHandler
                0x00001be0        0x4 .\CortexM3\ARM_GCC_493\Debug\Cm3Start.o
                0x00001be0                IntDefaultHandler
 .text.Start_c  0x00001be4       0x4c .\CortexM3\ARM_GCC_493\Debug\Cm3Start.o
                0x00001be4                Start_c
 .text.initialize_psoc
                0x00001c30       0x74 .\CortexM3\ARM_GCC_493\Debug\Cm3Start.o
                0x00001c30                initialize_psoc
 .text.CyClockStartupError
                0x00001ca4        0x4 .\CortexM3\ARM_GCC_493\Debug\ReleaseVersion.a(cyfitter_cfg.o)
 .text.cfg_write_bytes32
                0x00001ca8       0x34 .\CortexM3\ARM_GCC_493\Debug\ReleaseVersion.a(cyfitter_cfg.o)
 .text.AnalogSetDefault
                0x00001cdc       0x5c .\CortexM3\ARM_GCC_493\Debug\ReleaseVersion.a(cyfitter_cfg.o)
 .text.CYMEMZERO
                0x00001d38        0xc .\CortexM3\ARM_GCC_493\Debug\ReleaseVersion.a(cyfitter_cfg.o)
 .text.ClockSetup
                0x00001d44      0x118 .\CortexM3\ARM_GCC_493\Debug\ReleaseVersion.a(cyfitter_cfg.o)
 .text.CYCONFIGCPY
                0x00001e5c        0x8 .\CortexM3\ARM_GCC_493\Debug\ReleaseVersion.a(cyfitter_cfg.o)
 .text.AMux1_Set
                0x00001e64       0x1c .\CortexM3\ARM_GCC_493\Debug\ReleaseVersion.a(cyfitter_cfg.o)
                0x00001e64                AMux1_Set
 .text.AMux1_Unset
                0x00001e80       0x1c .\CortexM3\ARM_GCC_493\Debug\ReleaseVersion.a(cyfitter_cfg.o)
                0x00001e80                AMux1_Unset
 .text.AMux2_Set
                0x00001e9c       0x3c .\CortexM3\ARM_GCC_493\Debug\ReleaseVersion.a(cyfitter_cfg.o)
                0x00001e9c                AMux2_Set
 .text.AMux2_Unset
                0x00001ed8       0x40 .\CortexM3\ARM_GCC_493\Debug\ReleaseVersion.a(cyfitter_cfg.o)
                0x00001ed8                AMux2_Unset
 .text.cyfitter_cfg
                0x00001f18      0x168 .\CortexM3\ARM_GCC_493\Debug\ReleaseVersion.a(cyfitter_cfg.o)
                0x00001f18                cyfitter_cfg
 .text.ModeStatus_Read
                0x00002080        0xc .\CortexM3\ARM_GCC_493\Debug\ReleaseVersion.a(ModeStatus.o)
                0x00002080                ModeStatus_Read
 .text.ModeStatusISR_Interrupt
                0x0000208c        0x8 .\CortexM3\ARM_GCC_493\Debug\ReleaseVersion.a(ModeStatusISR.o)
                0x0000208c                ModeStatusISR_Interrupt
 .text.ModeStatusISR_SetVector
                0x00002094        0xc .\CortexM3\ARM_GCC_493\Debug\ReleaseVersion.a(ModeStatusISR.o)
                0x00002094                ModeStatusISR_SetVector
 .text.ModeStatusISR_SetPriority
                0x000020a0       0x10 .\CortexM3\ARM_GCC_493\Debug\ReleaseVersion.a(ModeStatusISR.o)
                0x000020a0                ModeStatusISR_SetPriority
 .text.ModeStatusISR_Enable
                0x000020b0        0xc .\CortexM3\ARM_GCC_493\Debug\ReleaseVersion.a(ModeStatusISR.o)
                0x000020b0                ModeStatusISR_Enable
 .text.ModeStatusISR_Disable
                0x000020bc        0xc .\CortexM3\ARM_GCC_493\Debug\ReleaseVersion.a(ModeStatusISR.o)
                0x000020bc                ModeStatusISR_Disable
 .text.ModeStatusISR_Start
                0x000020c8       0x1c .\CortexM3\ARM_GCC_493\Debug\ReleaseVersion.a(ModeStatusISR.o)
                0x000020c8                ModeStatusISR_Start
 .text.ModeStatusISR_Stop
                0x000020e4       0x14 .\CortexM3\ARM_GCC_493\Debug\ReleaseVersion.a(ModeStatusISR.o)
                0x000020e4                ModeStatusISR_Stop
 .text.ModeStatusISR_ClearPending
                0x000020f8        0xc .\CortexM3\ARM_GCC_493\Debug\ReleaseVersion.a(ModeStatusISR.o)
                0x000020f8                ModeStatusISR_ClearPending
 .text.HornRingStatus_Read
                0x00002104        0xc .\CortexM3\ARM_GCC_493\Debug\ReleaseVersion.a(HornRingStatus.o)
                0x00002104                HornRingStatus_Read
 .text.HornRingStatus_InterruptEnable
                0x00002110       0x1c .\CortexM3\ARM_GCC_493\Debug\ReleaseVersion.a(HornRingStatus.o)
                0x00002110                HornRingStatus_InterruptEnable
 .text.HornRingISR_Interrupt
                0x0000212c        0x8 .\CortexM3\ARM_GCC_493\Debug\ReleaseVersion.a(HornRingISR.o)
                0x0000212c                HornRingISR_Interrupt
 .text.HornRingISR_SetVector
                0x00002134        0xc .\CortexM3\ARM_GCC_493\Debug\ReleaseVersion.a(HornRingISR.o)
                0x00002134                HornRingISR_SetVector
 .text.HornRingISR_SetPriority
                0x00002140       0x10 .\CortexM3\ARM_GCC_493\Debug\ReleaseVersion.a(HornRingISR.o)
                0x00002140                HornRingISR_SetPriority
 .text.HornRingISR_Enable
                0x00002150        0xc .\CortexM3\ARM_GCC_493\Debug\ReleaseVersion.a(HornRingISR.o)
                0x00002150                HornRingISR_Enable
 .text.HornRingISR_Disable
                0x0000215c        0xc .\CortexM3\ARM_GCC_493\Debug\ReleaseVersion.a(HornRingISR.o)
                0x0000215c                HornRingISR_Disable
 .text.HornRingISR_Start
                0x00002168       0x1c .\CortexM3\ARM_GCC_493\Debug\ReleaseVersion.a(HornRingISR.o)
                0x00002168                HornRingISR_Start
 .text.HornRingISR_ClearPending
                0x00002184        0xc .\CortexM3\ARM_GCC_493\Debug\ReleaseVersion.a(HornRingISR.o)
                0x00002184                HornRingISR_ClearPending
 .text.ParkKillStatus_Read
                0x00002190        0xc .\CortexM3\ARM_GCC_493\Debug\ReleaseVersion.a(ParkKillStatus.o)
                0x00002190                ParkKillStatus_Read
 .text.ParkKillStatus_InterruptEnable
                0x0000219c       0x1c .\CortexM3\ARM_GCC_493\Debug\ReleaseVersion.a(ParkKillStatus.o)
                0x0000219c                ParkKillStatus_InterruptEnable
 .text.ParkKillISR_Interrupt
                0x000021b8        0x8 .\CortexM3\ARM_GCC_493\Debug\ReleaseVersion.a(ParkKillISR.o)
                0x000021b8                ParkKillISR_Interrupt
 .text.ParkKillISR_SetVector
                0x000021c0        0xc .\CortexM3\ARM_GCC_493\Debug\ReleaseVersion.a(ParkKillISR.o)
                0x000021c0                ParkKillISR_SetVector
 .text.ParkKillISR_SetPriority
                0x000021cc       0x10 .\CortexM3\ARM_GCC_493\Debug\ReleaseVersion.a(ParkKillISR.o)
                0x000021cc                ParkKillISR_SetPriority
 .text.ParkKillISR_Enable
                0x000021dc        0xc .\CortexM3\ARM_GCC_493\Debug\ReleaseVersion.a(ParkKillISR.o)
                0x000021dc                ParkKillISR_Enable
 .text.ParkKillISR_Disable
                0x000021e8        0xc .\CortexM3\ARM_GCC_493\Debug\ReleaseVersion.a(ParkKillISR.o)
                0x000021e8                ParkKillISR_Disable
 .text.ParkKillISR_Start
                0x000021f4       0x1c .\CortexM3\ARM_GCC_493\Debug\ReleaseVersion.a(ParkKillISR.o)
                0x000021f4                ParkKillISR_Start
 .text.ParkKillISR_ClearPending
                0x00002210        0xc .\CortexM3\ARM_GCC_493\Debug\ReleaseVersion.a(ParkKillISR.o)
                0x00002210                ParkKillISR_ClearPending
 .text.RadioRebroadcastInput_Read
                0x0000221c       0x10 .\CortexM3\ARM_GCC_493\Debug\ReleaseVersion.a(RadioRebroadcastInput.o)
                0x0000221c                RadioRebroadcastInput_Read
 .text.MicKeyInput_Read
                0x0000222c       0x10 .\CortexM3\ARM_GCC_493\Debug\ReleaseVersion.a(MicKeyInput.o)
                0x0000222c                MicKeyInput_Read
 .text.RadioMicKeyISR_Interrupt
                0x0000223c        0x8 .\CortexM3\ARM_GCC_493\Debug\ReleaseVersion.a(RadioMicKeyISR.o)
                0x0000223c                RadioMicKeyISR_Interrupt
 .text.RadioMicKeyISR_SetVector
                0x00002244        0xc .\CortexM3\ARM_GCC_493\Debug\ReleaseVersion.a(RadioMicKeyISR.o)
                0x00002244                RadioMicKeyISR_SetVector
 .text.RadioMicKeyISR_SetPriority
                0x00002250       0x10 .\CortexM3\ARM_GCC_493\Debug\ReleaseVersion.a(RadioMicKeyISR.o)
                0x00002250                RadioMicKeyISR_SetPriority
 .text.RadioMicKeyISR_Enable
                0x00002260       0x10 .\CortexM3\ARM_GCC_493\Debug\ReleaseVersion.a(RadioMicKeyISR.o)
                0x00002260                RadioMicKeyISR_Enable
 .text.RadioMicKeyISR_Disable
                0x00002270       0x10 .\CortexM3\ARM_GCC_493\Debug\ReleaseVersion.a(RadioMicKeyISR.o)
                0x00002270                RadioMicKeyISR_Disable
 .text.RadioMicKeyISR_Start
                0x00002280       0x1c .\CortexM3\ARM_GCC_493\Debug\ReleaseVersion.a(RadioMicKeyISR.o)
                0x00002280                RadioMicKeyISR_Start
 .text.RadioMicKeyISR_ClearPending
                0x0000229c       0x10 .\CortexM3\ARM_GCC_493\Debug\ReleaseVersion.a(RadioMicKeyISR.o)
                0x0000229c                RadioMicKeyISR_ClearPending
 .text.TackSwitchStatus_Read
                0x000022ac        0xc .\CortexM3\ARM_GCC_493\Debug\ReleaseVersion.a(TackSwitchStatus.o)
                0x000022ac                TackSwitchStatus_Read
 .text.TackSwitchStatus_InterruptEnable
                0x000022b8       0x1c .\CortexM3\ARM_GCC_493\Debug\ReleaseVersion.a(TackSwitchStatus.o)
                0x000022b8                TackSwitchStatus_InterruptEnable
 .text.TackSwitchStatus_InterruptDisable
                0x000022d4       0x1c .\CortexM3\ARM_GCC_493\Debug\ReleaseVersion.a(TackSwitchStatus.o)
                0x000022d4                TackSwitchStatus_InterruptDisable
 .text.TackSwitchISR_Interrupt
                0x000022f0        0x8 .\CortexM3\ARM_GCC_493\Debug\ReleaseVersion.a(TackSwitchISR.o)
                0x000022f0                TackSwitchISR_Interrupt
 .text.TackSwitchISR_SetVector
                0x000022f8        0xc .\CortexM3\ARM_GCC_493\Debug\ReleaseVersion.a(TackSwitchISR.o)
                0x000022f8                TackSwitchISR_SetVector
 .text.TackSwitchISR_SetPriority
                0x00002304       0x10 .\CortexM3\ARM_GCC_493\Debug\ReleaseVersion.a(TackSwitchISR.o)
                0x00002304                TackSwitchISR_SetPriority
 .text.TackSwitchISR_Enable
                0x00002314       0x10 .\CortexM3\ARM_GCC_493\Debug\ReleaseVersion.a(TackSwitchISR.o)
                0x00002314                TackSwitchISR_Enable
 .text.TackSwitchISR_Disable
                0x00002324       0x10 .\CortexM3\ARM_GCC_493\Debug\ReleaseVersion.a(TackSwitchISR.o)
                0x00002324                TackSwitchISR_Disable
 .text.TackSwitchISR_Start
                0x00002334       0x1c .\CortexM3\ARM_GCC_493\Debug\ReleaseVersion.a(TackSwitchISR.o)
                0x00002334                TackSwitchISR_Start
 .text.TackSwitchISR_Stop
                0x00002350       0x14 .\CortexM3\ARM_GCC_493\Debug\ReleaseVersion.a(TackSwitchISR.o)
                0x00002350                TackSwitchISR_Stop
 .text.TackSwitchISR_ClearPending
                0x00002364       0x10 .\CortexM3\ARM_GCC_493\Debug\ReleaseVersion.a(TackSwitchISR.o)
                0x00002364                TackSwitchISR_ClearPending
 .text.DualDelayStatus_Read
                0x00002374        0xc .\CortexM3\ARM_GCC_493\Debug\ReleaseVersion.a(DualDelayStatus.o)
                0x00002374                DualDelayStatus_Read
 .text.DualDelayStatus_InterruptEnable
                0x00002380       0x1c .\CortexM3\ARM_GCC_493\Debug\ReleaseVersion.a(DualDelayStatus.o)
                0x00002380                DualDelayStatus_InterruptEnable
 .text.DualDelayStatus_InterruptDisable
                0x0000239c       0x1c .\CortexM3\ARM_GCC_493\Debug\ReleaseVersion.a(DualDelayStatus.o)
                0x0000239c                DualDelayStatus_InterruptDisable
 .text.DualDelayISR_Interrupt
                0x000023b8        0x8 .\CortexM3\ARM_GCC_493\Debug\ReleaseVersion.a(DualDelayISR.o)
                0x000023b8                DualDelayISR_Interrupt
 .text.DualDelayISR_SetVector
                0x000023c0        0xc .\CortexM3\ARM_GCC_493\Debug\ReleaseVersion.a(DualDelayISR.o)
                0x000023c0                DualDelayISR_SetVector
 .text.DualDelayISR_SetPriority
                0x000023cc       0x10 .\CortexM3\ARM_GCC_493\Debug\ReleaseVersion.a(DualDelayISR.o)
                0x000023cc                DualDelayISR_SetPriority
 .text.DualDelayISR_Enable
                0x000023dc        0xc .\CortexM3\ARM_GCC_493\Debug\ReleaseVersion.a(DualDelayISR.o)
                0x000023dc                DualDelayISR_Enable
 .text.DualDelayISR_Disable
                0x000023e8        0xc .\CortexM3\ARM_GCC_493\Debug\ReleaseVersion.a(DualDelayISR.o)
                0x000023e8                DualDelayISR_Disable
 .text.DualDelayISR_Start
                0x000023f4       0x1c .\CortexM3\ARM_GCC_493\Debug\ReleaseVersion.a(DualDelayISR.o)
                0x000023f4                DualDelayISR_Start
 .text.DualDelayISR_Stop
                0x00002410       0x14 .\CortexM3\ARM_GCC_493\Debug\ReleaseVersion.a(DualDelayISR.o)
                0x00002410                DualDelayISR_Stop
 .text.DualDelayISR_ClearPending
                0x00002424        0xc .\CortexM3\ARM_GCC_493\Debug\ReleaseVersion.a(DualDelayISR.o)
                0x00002424                DualDelayISR_ClearPending
 .text.OverloadInput1_Read
                0x00002430       0x10 .\CortexM3\ARM_GCC_493\Debug\ReleaseVersion.a(OverloadInput1.o)
                0x00002430                OverloadInput1_Read
 .text.OverloadISR_Interrupt
                0x00002440        0x8 .\CortexM3\ARM_GCC_493\Debug\ReleaseVersion.a(OverloadISR.o)
                0x00002440                OverloadISR_Interrupt
 .text.OverloadISR_SetVector
                0x00002448        0xc .\CortexM3\ARM_GCC_493\Debug\ReleaseVersion.a(OverloadISR.o)
                0x00002448                OverloadISR_SetVector
 .text.OverloadISR_SetPriority
                0x00002454       0x10 .\CortexM3\ARM_GCC_493\Debug\ReleaseVersion.a(OverloadISR.o)
                0x00002454                OverloadISR_SetPriority
 .text.OverloadISR_Enable
                0x00002464        0xc .\CortexM3\ARM_GCC_493\Debug\ReleaseVersion.a(OverloadISR.o)
                0x00002464                OverloadISR_Enable
 .text.OverloadISR_Disable
                0x00002470        0xc .\CortexM3\ARM_GCC_493\Debug\ReleaseVersion.a(OverloadISR.o)
                0x00002470                OverloadISR_Disable
 .text.OverloadISR_Start
                0x0000247c       0x1c .\CortexM3\ARM_GCC_493\Debug\ReleaseVersion.a(OverloadISR.o)
                0x0000247c                OverloadISR_Start
 .text.OverloadInput2_Read
                0x00002498       0x10 .\CortexM3\ARM_GCC_493\Debug\ReleaseVersion.a(OverloadInput2.o)
                0x00002498                OverloadInput2_Read
 .text.ModeStatus2_Read
                0x000024a8        0xc .\CortexM3\ARM_GCC_493\Debug\ReleaseVersion.a(ModeStatus2.o)
                0x000024a8                ModeStatus2_Read
 .text.PWM_1_Enable
                0x000024b4       0x28 .\CortexM3\ARM_GCC_493\Debug\ReleaseVersion.a(PWM_1.o)
                0x000024b4                PWM_1_Enable
 .text.PWM_1_Stop
                0x000024dc       0x28 .\CortexM3\ARM_GCC_493\Debug\ReleaseVersion.a(PWM_1.o)
                0x000024dc                PWM_1_Stop
 .text.PWM_1_WritePeriod
                0x00002504        0xc .\CortexM3\ARM_GCC_493\Debug\ReleaseVersion.a(PWM_1.o)
                0x00002504                PWM_1_WritePeriod
 .text.PWM_1_WriteCompare
                0x00002510        0xc .\CortexM3\ARM_GCC_493\Debug\ReleaseVersion.a(PWM_1.o)
                0x00002510                PWM_1_WriteCompare
 .text.PWM_1_SetInterruptMode
                0x0000251c        0xc .\CortexM3\ARM_GCC_493\Debug\ReleaseVersion.a(PWM_1.o)
                0x0000251c                PWM_1_SetInterruptMode
 .text.PWM_1_Init
                0x00002528       0x74 .\CortexM3\ARM_GCC_493\Debug\ReleaseVersion.a(PWM_1.o)
                0x00002528                PWM_1_Init
 .text.PWM_1_Start
                0x0000259c       0x1c .\CortexM3\ARM_GCC_493\Debug\ReleaseVersion.a(PWM_1.o)
                0x0000259c                PWM_1_Start
 .text.PWM_1_ReadStatusRegister
                0x000025b8        0xc .\CortexM3\ARM_GCC_493\Debug\ReleaseVersion.a(PWM_1.o)
                0x000025b8                PWM_1_ReadStatusRegister
 .text.PWM_2_Enable
                0x000025c4       0x28 .\CortexM3\ARM_GCC_493\Debug\ReleaseVersion.a(PWM_2.o)
                0x000025c4                PWM_2_Enable
 .text.PWM_2_Stop
                0x000025ec       0x28 .\CortexM3\ARM_GCC_493\Debug\ReleaseVersion.a(PWM_2.o)
                0x000025ec                PWM_2_Stop
 .text.PWM_2_WritePeriod
                0x00002614        0xc .\CortexM3\ARM_GCC_493\Debug\ReleaseVersion.a(PWM_2.o)
                0x00002614                PWM_2_WritePeriod
 .text.PWM_2_WriteCompare
                0x00002620        0xc .\CortexM3\ARM_GCC_493\Debug\ReleaseVersion.a(PWM_2.o)
                0x00002620                PWM_2_WriteCompare
 .text.PWM_2_SetInterruptMode
                0x0000262c        0xc .\CortexM3\ARM_GCC_493\Debug\ReleaseVersion.a(PWM_2.o)
                0x0000262c                PWM_2_SetInterruptMode
 .text.PWM_2_Init
                0x00002638       0x74 .\CortexM3\ARM_GCC_493\Debug\ReleaseVersion.a(PWM_2.o)
                0x00002638                PWM_2_Init
 .text.PWM_2_Start
                0x000026ac       0x1c .\CortexM3\ARM_GCC_493\Debug\ReleaseVersion.a(PWM_2.o)
                0x000026ac                PWM_2_Start
 .text.PWM_2_ReadStatusRegister
                0x000026c8        0xc .\CortexM3\ARM_GCC_493\Debug\ReleaseVersion.a(PWM_2.o)
                0x000026c8                PWM_2_ReadStatusRegister
 .text.PWM1_ISR_Interrupt
                0x000026d4        0x8 .\CortexM3\ARM_GCC_493\Debug\ReleaseVersion.a(PWM1_ISR.o)
                0x000026d4                PWM1_ISR_Interrupt
 .text.PWM1_ISR_SetVector
                0x000026dc       0x10 .\CortexM3\ARM_GCC_493\Debug\ReleaseVersion.a(PWM1_ISR.o)
                0x000026dc                PWM1_ISR_SetVector
 .text.PWM1_ISR_SetPriority
                0x000026ec       0x10 .\CortexM3\ARM_GCC_493\Debug\ReleaseVersion.a(PWM1_ISR.o)
                0x000026ec                PWM1_ISR_SetPriority
 .text.PWM1_ISR_Enable
                0x000026fc       0x10 .\CortexM3\ARM_GCC_493\Debug\ReleaseVersion.a(PWM1_ISR.o)
                0x000026fc                PWM1_ISR_Enable
 .text.PWM1_ISR_Disable
                0x0000270c       0x10 .\CortexM3\ARM_GCC_493\Debug\ReleaseVersion.a(PWM1_ISR.o)
                0x0000270c                PWM1_ISR_Disable
 .text.PWM1_ISR_Start
                0x0000271c       0x1c .\CortexM3\ARM_GCC_493\Debug\ReleaseVersion.a(PWM1_ISR.o)
                0x0000271c                PWM1_ISR_Start
 .text.PWM2_ISR_Interrupt
                0x00002738        0x8 .\CortexM3\ARM_GCC_493\Debug\ReleaseVersion.a(PWM2_ISR.o)
                0x00002738                PWM2_ISR_Interrupt
 .text.PWM2_ISR_SetVector
                0x00002740       0x10 .\CortexM3\ARM_GCC_493\Debug\ReleaseVersion.a(PWM2_ISR.o)
                0x00002740                PWM2_ISR_SetVector
 .text.PWM2_ISR_SetPriority
                0x00002750       0x10 .\CortexM3\ARM_GCC_493\Debug\ReleaseVersion.a(PWM2_ISR.o)
                0x00002750                PWM2_ISR_SetPriority
 .text.PWM2_ISR_Enable
                0x00002760       0x10 .\CortexM3\ARM_GCC_493\Debug\ReleaseVersion.a(PWM2_ISR.o)
                0x00002760                PWM2_ISR_Enable
 .text.PWM2_ISR_Disable
                0x00002770       0x10 .\CortexM3\ARM_GCC_493\Debug\ReleaseVersion.a(PWM2_ISR.o)
                0x00002770                PWM2_ISR_Disable
 .text.PWM2_ISR_Start
                0x00002780       0x1c .\CortexM3\ARM_GCC_493\Debug\ReleaseVersion.a(PWM2_ISR.o)
                0x00002780                PWM2_ISR_Start
 .text.VDAC8_2_Enable
                0x0000279c       0x1c .\CortexM3\ARM_GCC_493\Debug\ReleaseVersion.a(VDAC8_2.o)
                0x0000279c                VDAC8_2_Enable
 .text.VDAC8_2_Stop
                0x000027b8       0x1c .\CortexM3\ARM_GCC_493\Debug\ReleaseVersion.a(VDAC8_2.o)
                0x000027b8                VDAC8_2_Stop
 .text.VDAC8_2_SetSpeed
                0x000027d4       0x1c .\CortexM3\ARM_GCC_493\Debug\ReleaseVersion.a(VDAC8_2.o)
                0x000027d4                VDAC8_2_SetSpeed
 .text.VDAC8_2_SetValue
                0x000027f0        0xc .\CortexM3\ARM_GCC_493\Debug\ReleaseVersion.a(VDAC8_2.o)
                0x000027f0                VDAC8_2_SetValue
 .text.VDAC8_2_DacTrim
                0x000027fc       0x24 .\CortexM3\ARM_GCC_493\Debug\ReleaseVersion.a(VDAC8_2.o)
                0x000027fc                VDAC8_2_DacTrim
 .text.VDAC8_2_SetRange
                0x00002820       0x20 .\CortexM3\ARM_GCC_493\Debug\ReleaseVersion.a(VDAC8_2.o)
                0x00002820                VDAC8_2_SetRange
 .text.VDAC8_2_Init
                0x00002840       0x20 .\CortexM3\ARM_GCC_493\Debug\ReleaseVersion.a(VDAC8_2.o)
                0x00002840                VDAC8_2_Init
 .text.VDAC8_2_Start
                0x00002860       0x24 .\CortexM3\ARM_GCC_493\Debug\ReleaseVersion.a(VDAC8_2.o)
                0x00002860                VDAC8_2_Start
 .text.PGA_1_Enable
                0x00002884       0x28 .\CortexM3\ARM_GCC_493\Debug\ReleaseVersion.a(PGA_1.o)
                0x00002884                PGA_1_Enable
 .text.PGA_1_Stop
                0x000028ac       0x1c .\CortexM3\ARM_GCC_493\Debug\ReleaseVersion.a(PGA_1.o)
                0x000028ac                PGA_1_Stop
 .text.PGA_1_SetPower
                0x000028c8       0x18 .\CortexM3\ARM_GCC_493\Debug\ReleaseVersion.a(PGA_1.o)
                0x000028c8                PGA_1_SetPower
 .text.PGA_1_SetGain
                0x000028e0       0x78 .\CortexM3\ARM_GCC_493\Debug\ReleaseVersion.a(PGA_1.o)
                0x000028e0                PGA_1_SetGain
 .text.PGA_1_Init
                0x00002958       0x34 .\CortexM3\ARM_GCC_493\Debug\ReleaseVersion.a(PGA_1.o)
                0x00002958                PGA_1_Init
 .text.PGA_1_Start
                0x0000298c       0x1c .\CortexM3\ARM_GCC_493\Debug\ReleaseVersion.a(PGA_1.o)
                0x0000298c                PGA_1_Start
 .text.PGA_2_Enable
                0x000029a8       0x28 .\CortexM3\ARM_GCC_493\Debug\ReleaseVersion.a(PGA_2.o)
                0x000029a8                PGA_2_Enable
 .text.PGA_2_Stop
                0x000029d0       0x1c .\CortexM3\ARM_GCC_493\Debug\ReleaseVersion.a(PGA_2.o)
                0x000029d0                PGA_2_Stop
 .text.PGA_2_SetPower
                0x000029ec       0x18 .\CortexM3\ARM_GCC_493\Debug\ReleaseVersion.a(PGA_2.o)
                0x000029ec                PGA_2_SetPower
 .text.PGA_2_SetGain
                0x00002a04       0x78 .\CortexM3\ARM_GCC_493\Debug\ReleaseVersion.a(PGA_2.o)
                0x00002a04                PGA_2_SetGain
 .text.PGA_2_Init
                0x00002a7c       0x34 .\CortexM3\ARM_GCC_493\Debug\ReleaseVersion.a(PGA_2.o)
                0x00002a7c                PGA_2_Init
 .text.PGA_2_Start
                0x00002ab0       0x1c .\CortexM3\ARM_GCC_493\Debug\ReleaseVersion.a(PGA_2.o)
                0x00002ab0                PGA_2_Start
 .text.VDAC8_1_Enable
                0x00002acc       0x1c .\CortexM3\ARM_GCC_493\Debug\ReleaseVersion.a(VDAC8_1.o)
                0x00002acc                VDAC8_1_Enable
 .text.VDAC8_1_Stop
                0x00002ae8       0x1c .\CortexM3\ARM_GCC_493\Debug\ReleaseVersion.a(VDAC8_1.o)
                0x00002ae8                VDAC8_1_Stop
 .text.VDAC8_1_SetSpeed
                0x00002b04       0x1c .\CortexM3\ARM_GCC_493\Debug\ReleaseVersion.a(VDAC8_1.o)
                0x00002b04                VDAC8_1_SetSpeed
 .text.VDAC8_1_SetValue
                0x00002b20        0xc .\CortexM3\ARM_GCC_493\Debug\ReleaseVersion.a(VDAC8_1.o)
                0x00002b20                VDAC8_1_SetValue
 .text.VDAC8_1_DacTrim
                0x00002b2c       0x24 .\CortexM3\ARM_GCC_493\Debug\ReleaseVersion.a(VDAC8_1.o)
                0x00002b2c                VDAC8_1_DacTrim
 .text.VDAC8_1_SetRange
                0x00002b50       0x20 .\CortexM3\ARM_GCC_493\Debug\ReleaseVersion.a(VDAC8_1.o)
                0x00002b50                VDAC8_1_SetRange
 .text.VDAC8_1_Init
                0x00002b70       0x20 .\CortexM3\ARM_GCC_493\Debug\ReleaseVersion.a(VDAC8_1.o)
                0x00002b70                VDAC8_1_Init
 .text.VDAC8_1_Start
                0x00002b90       0x24 .\CortexM3\ARM_GCC_493\Debug\ReleaseVersion.a(VDAC8_1.o)
                0x00002b90                VDAC8_1_Start
 .text.LEDoutput_Write
                0x00002bb4       0x18 .\CortexM3\ARM_GCC_493\Debug\ReleaseVersion.a(LEDoutput.o)
                0x00002bb4                LEDoutput_Write
 .text.LED_ISR_Interrupt
                0x00002bcc        0x8 .\CortexM3\ARM_GCC_493\Debug\ReleaseVersion.a(LED_ISR.o)
                0x00002bcc                LED_ISR_Interrupt
 .text.LED_ISR_SetVector
                0x00002bd4        0xc .\CortexM3\ARM_GCC_493\Debug\ReleaseVersion.a(LED_ISR.o)
                0x00002bd4                LED_ISR_SetVector
 .text.LED_ISR_SetPriority
                0x00002be0       0x10 .\CortexM3\ARM_GCC_493\Debug\ReleaseVersion.a(LED_ISR.o)
                0x00002be0                LED_ISR_SetPriority
 .text.LED_ISR_Enable
                0x00002bf0        0xc .\CortexM3\ARM_GCC_493\Debug\ReleaseVersion.a(LED_ISR.o)
                0x00002bf0                LED_ISR_Enable
 .text.LED_ISR_Disable
                0x00002bfc        0xc .\CortexM3\ARM_GCC_493\Debug\ReleaseVersion.a(LED_ISR.o)
                0x00002bfc                LED_ISR_Disable
 .text.LED_ISR_Start
                0x00002c08       0x1c .\CortexM3\ARM_GCC_493\Debug\ReleaseVersion.a(LED_ISR.o)
                0x00002c08                LED_ISR_Start
 .text.AMux1_Start
                0x00002c24       0x20 .\CortexM3\ARM_GCC_493\Debug\ReleaseVersion.a(AMux1.o)
                0x00002c24                AMux1_Start
 .text.AMux1_FastSelect
                0x00002c44       0x20 .\CortexM3\ARM_GCC_493\Debug\ReleaseVersion.a(AMux1.o)
                0x00002c44                AMux1_FastSelect
 .text.PWMtimer1_Enable
                0x00002c64       0x28 .\CortexM3\ARM_GCC_493\Debug\ReleaseVersion.a(PWMtimer1.o)
                0x00002c64                PWMtimer1_Enable
 .text.PWMtimer1_Stop
                0x00002c8c       0x28 .\CortexM3\ARM_GCC_493\Debug\ReleaseVersion.a(PWMtimer1.o)
                0x00002c8c                PWMtimer1_Stop
 .text.PWMtimer1_SetInterruptMode
                0x00002cb4        0xc .\CortexM3\ARM_GCC_493\Debug\ReleaseVersion.a(PWMtimer1.o)
                0x00002cb4                PWMtimer1_SetInterruptMode
 .text.PWMtimer1_ReadStatusRegister
                0x00002cc0        0xc .\CortexM3\ARM_GCC_493\Debug\ReleaseVersion.a(PWMtimer1.o)
                0x00002cc0                PWMtimer1_ReadStatusRegister
 .text.PWMtimer1_WritePeriod
                0x00002ccc        0xc .\CortexM3\ARM_GCC_493\Debug\ReleaseVersion.a(PWMtimer1.o)
                0x00002ccc                PWMtimer1_WritePeriod
 .text.PWMtimer1_WriteCounter
                0x00002cd8        0xc .\CortexM3\ARM_GCC_493\Debug\ReleaseVersion.a(PWMtimer1.o)
                0x00002cd8                PWMtimer1_WriteCounter
 .text.PWMtimer1_Init
                0x00002ce4       0x64 .\CortexM3\ARM_GCC_493\Debug\ReleaseVersion.a(PWMtimer1.o)
                0x00002ce4                PWMtimer1_Init
 .text.PWMtimer1_Start
                0x00002d48       0x1c .\CortexM3\ARM_GCC_493\Debug\ReleaseVersion.a(PWMtimer1.o)
                0x00002d48                PWMtimer1_Start
 .text.PWMtimer1_ISR_Interrupt
                0x00002d64        0xc .\CortexM3\ARM_GCC_493\Debug\ReleaseVersion.a(PWMtimer1_ISR.o)
                0x00002d64                PWMtimer1_ISR_Interrupt
 .text.PWMtimer1_ISR_SetVector
                0x00002d70       0x10 .\CortexM3\ARM_GCC_493\Debug\ReleaseVersion.a(PWMtimer1_ISR.o)
                0x00002d70                PWMtimer1_ISR_SetVector
 .text.PWMtimer1_ISR_SetPriority
                0x00002d80       0x10 .\CortexM3\ARM_GCC_493\Debug\ReleaseVersion.a(PWMtimer1_ISR.o)
                0x00002d80                PWMtimer1_ISR_SetPriority
 .text.PWMtimer1_ISR_Enable
                0x00002d90       0x10 .\CortexM3\ARM_GCC_493\Debug\ReleaseVersion.a(PWMtimer1_ISR.o)
                0x00002d90                PWMtimer1_ISR_Enable
 .text.PWMtimer1_ISR_Disable
                0x00002da0       0x10 .\CortexM3\ARM_GCC_493\Debug\ReleaseVersion.a(PWMtimer1_ISR.o)
                0x00002da0                PWMtimer1_ISR_Disable
 .text.PWMtimer1_ISR_Start
                0x00002db0       0x1c .\CortexM3\ARM_GCC_493\Debug\ReleaseVersion.a(PWMtimer1_ISR.o)
                0x00002db0                PWMtimer1_ISR_Start
 .text.PowerAmpOutput1_Write
                0x00002dcc       0x18 .\CortexM3\ARM_GCC_493\Debug\ReleaseVersion.a(PowerAmpOutput1.o)
                0x00002dcc                PowerAmpOutput1_Write
 .text.PowerAmpOutput2_Write
                0x00002de4       0x18 .\CortexM3\ARM_GCC_493\Debug\ReleaseVersion.a(PowerAmpOutput2.o)
                0x00002de4                PowerAmpOutput2_Write
 .text.EEPROM_Enable
                0x00002dfc        0xc .\CortexM3\ARM_GCC_493\Debug\ReleaseVersion.a(EEPROM.o)
                0x00002dfc                EEPROM_Enable
 .text.EEPROM_Start
                0x00002e08        0x8 .\CortexM3\ARM_GCC_493\Debug\ReleaseVersion.a(EEPROM.o)
                0x00002e08                EEPROM_Start
 .text.EEPROM_WriteByte
                0x00002e10       0xd4 .\CortexM3\ARM_GCC_493\Debug\ReleaseVersion.a(EEPROM.o)
                0x00002e10                EEPROM_WriteByte
 .text.EEPROM_ReadByte
                0x00002ee4       0x28 .\CortexM3\ARM_GCC_493\Debug\ReleaseVersion.a(EEPROM.o)
                0x00002ee4                EEPROM_ReadByte
 .text.EEPROM_UpdateTemperature
                0x00002f0c        0xc .\CortexM3\ARM_GCC_493\Debug\ReleaseVersion.a(EEPROM.o)
                0x00002f0c                EEPROM_UpdateTemperature
 .text.SPIM_Enable
                0x00002f18       0x34 .\CortexM3\ARM_GCC_493\Debug\ReleaseVersion.a(SPIM.o)
                0x00002f18                SPIM_Enable
 .text.SPIM_ReadTxStatus
                0x00002f4c        0xc .\CortexM3\ARM_GCC_493\Debug\ReleaseVersion.a(SPIM.o)
                0x00002f4c                SPIM_ReadTxStatus
 .text.SPIM_ReadRxStatus
                0x00002f58        0xc .\CortexM3\ARM_GCC_493\Debug\ReleaseVersion.a(SPIM.o)
                0x00002f58                SPIM_ReadRxStatus
 .text.SPIM_WriteTxData
                0x00002f64       0x18 .\CortexM3\ARM_GCC_493\Debug\ReleaseVersion.a(SPIM.o)
                0x00002f64                SPIM_WriteTxData
 .text.SPIM_ReadRxData
                0x00002f7c        0xc .\CortexM3\ARM_GCC_493\Debug\ReleaseVersion.a(SPIM.o)
                0x00002f7c                SPIM_ReadRxData
 .text.SPIM_ClearFIFO
                0x00002f88       0x3c .\CortexM3\ARM_GCC_493\Debug\ReleaseVersion.a(SPIM.o)
                0x00002f88                SPIM_ClearFIFO
 .text.SPIM_Init
                0x00002fc4       0x28 .\CortexM3\ARM_GCC_493\Debug\ReleaseVersion.a(SPIM.o)
                0x00002fc4                SPIM_Init
 .text.SPIM_Start
                0x00002fec       0x1c .\CortexM3\ARM_GCC_493\Debug\ReleaseVersion.a(SPIM.o)
                0x00002fec                SPIM_Start
 .text.SPIM_IntClock_Start
                0x00003008       0x1c .\CortexM3\ARM_GCC_493\Debug\ReleaseVersion.a(SPIM_IntClock.o)
                0x00003008                SPIM_IntClock_Start
 *fill*         0x00003024        0x4 
 .text          0x00003028       0x20 .\CortexM3\ARM_GCC_493\Debug\ReleaseVersion.a(CyBootAsmGnu.o)
                0x00003028                CyDelayCycles
                0x00003038                CyEnterCriticalSection
                0x00003040                CyExitCriticalSection
 .text.CyFlashGetSpcAlgorithm
                0x00003048       0x4c .\CortexM3\ARM_GCC_493\Debug\ReleaseVersion.a(CyFlash.o)
 .text.CySetTempInt
                0x00003094       0x60 .\CortexM3\ARM_GCC_493\Debug\ReleaseVersion.a(CyFlash.o)
 .text.CySetTemp
                0x000030f4       0x14 .\CortexM3\ARM_GCC_493\Debug\ReleaseVersion.a(CyFlash.o)
                0x000030f4                CySetTemp
 .text.CyEEPROM_Start
                0x00003108       0x54 .\CortexM3\ARM_GCC_493\Debug\ReleaseVersion.a(CyFlash.o)
                0x00003108                CyEEPROM_Start
 .text.CyEEPROM_ReadReserve
                0x0000315c       0x1c .\CortexM3\ARM_GCC_493\Debug\ReleaseVersion.a(CyFlash.o)
                0x0000315c                CyEEPROM_ReadReserve
 .text.CyEEPROM_ReadRelease
                0x00003178       0x10 .\CortexM3\ARM_GCC_493\Debug\ReleaseVersion.a(CyFlash.o)
                0x00003178                CyEEPROM_ReadRelease
 .text.CyDelay  0x00003188       0x2c .\CortexM3\ARM_GCC_493\Debug\ReleaseVersion.a(CyLib.o)
                0x00003188                CyDelay
 .text.CyDelayUs
                0x000031b4       0x14 .\CortexM3\ARM_GCC_493\Debug\ReleaseVersion.a(CyLib.o)
                0x000031b4                CyDelayUs
 .text.CyWdtStart
                0x000031c8       0x40 .\CortexM3\ARM_GCC_493\Debug\ReleaseVersion.a(CyLib.o)
                0x000031c8                CyWdtStart
 .text.CyWdtClear
                0x00003208        0xc .\CortexM3\ARM_GCC_493\Debug\ReleaseVersion.a(CyLib.o)
                0x00003208                CyWdtClear
 .text.CySpcStart
                0x00003214       0x24 .\CortexM3\ARM_GCC_493\Debug\ReleaseVersion.a(CySpc.o)
                0x00003214                CySpcStart
 .text.CySpcReadData
                0x00003238       0x34 .\CortexM3\ARM_GCC_493\Debug\ReleaseVersion.a(CySpc.o)
                0x00003238                CySpcReadData
 .text.CySpcLoadMultiByte
                0x0000326c       0x78 .\CortexM3\ARM_GCC_493\Debug\ReleaseVersion.a(CySpc.o)
                0x0000326c                CySpcLoadMultiByte
 .text.CySpcWriteRow
                0x000032e4       0x4c .\CortexM3\ARM_GCC_493\Debug\ReleaseVersion.a(CySpc.o)
                0x000032e4                CySpcWriteRow
 .text.CySpcGetTemp
                0x00003330       0x3c .\CortexM3\ARM_GCC_493\Debug\ReleaseVersion.a(CySpc.o)
                0x00003330                CySpcGetTemp
 .text.CySpcLock
                0x0000336c       0x4c .\CortexM3\ARM_GCC_493\Debug\ReleaseVersion.a(CySpc.o)
                0x0000336c                CySpcLock
 .text.CySpcUnlock
                0x000033b8       0x38 .\CortexM3\ARM_GCC_493\Debug\ReleaseVersion.a(CySpc.o)
                0x000033b8                CySpcUnlock
 .text.CySpcGetAlgorithm
                0x000033f0       0x28 .\CortexM3\ARM_GCC_493\Debug\ReleaseVersion.a(CySpc.o)
                0x000033f0                CySpcGetAlgorithm
 .text.DACtimer1_Enable
                0x00003418       0x10 .\CortexM3\ARM_GCC_493\Debug\ReleaseVersion.a(DACtimer1.o)
                0x00003418                DACtimer1_Enable
 .text.DACtimer1_Stop
                0x00003428       0x10 .\CortexM3\ARM_GCC_493\Debug\ReleaseVersion.a(DACtimer1.o)
                0x00003428                DACtimer1_Stop
 .text.DACtimer1_SetInterruptMode
                0x00003438        0xc .\CortexM3\ARM_GCC_493\Debug\ReleaseVersion.a(DACtimer1.o)
                0x00003438                DACtimer1_SetInterruptMode
 .text.DACtimer1_ReadStatusRegister
                0x00003444        0xc .\CortexM3\ARM_GCC_493\Debug\ReleaseVersion.a(DACtimer1.o)
                0x00003444                DACtimer1_ReadStatusRegister
 .text.DACtimer1_WritePeriod
                0x00003450        0xc .\CortexM3\ARM_GCC_493\Debug\ReleaseVersion.a(DACtimer1.o)
                0x00003450                DACtimer1_WritePeriod
 .text.DACtimer1_ReadCapture
                0x0000345c        0xc .\CortexM3\ARM_GCC_493\Debug\ReleaseVersion.a(DACtimer1.o)
                0x0000345c                DACtimer1_ReadCapture
 .text.DACtimer1_WriteCounter
                0x00003468        0xc .\CortexM3\ARM_GCC_493\Debug\ReleaseVersion.a(DACtimer1.o)
                0x00003468                DACtimer1_WriteCounter
 .text.DACtimer1_ClearFIFO
                0x00003474       0x14 .\CortexM3\ARM_GCC_493\Debug\ReleaseVersion.a(DACtimer1.o)
                0x00003474                DACtimer1_ClearFIFO
 .text.DACtimer1_Init
                0x00003488       0x30 .\CortexM3\ARM_GCC_493\Debug\ReleaseVersion.a(DACtimer1.o)
                0x00003488                DACtimer1_Init
 .text.DACtimer1_Start
                0x000034b8       0x1c .\CortexM3\ARM_GCC_493\Debug\ReleaseVersion.a(DACtimer1.o)
                0x000034b8                DACtimer1_Start
 .text.DAC1_ISR_Interrupt
                0x000034d4        0x8 .\CortexM3\ARM_GCC_493\Debug\ReleaseVersion.a(DAC1_ISR.o)
                0x000034d4                DAC1_ISR_Interrupt
 .text.DAC1_ISR_SetVector
                0x000034dc        0xc .\CortexM3\ARM_GCC_493\Debug\ReleaseVersion.a(DAC1_ISR.o)
                0x000034dc                DAC1_ISR_SetVector
 .text.DAC1_ISR_SetPriority
                0x000034e8       0x10 .\CortexM3\ARM_GCC_493\Debug\ReleaseVersion.a(DAC1_ISR.o)
                0x000034e8                DAC1_ISR_SetPriority
 .text.DAC1_ISR_Enable
                0x000034f8        0xc .\CortexM3\ARM_GCC_493\Debug\ReleaseVersion.a(DAC1_ISR.o)
                0x000034f8                DAC1_ISR_Enable
 .text.DAC1_ISR_Disable
                0x00003504        0xc .\CortexM3\ARM_GCC_493\Debug\ReleaseVersion.a(DAC1_ISR.o)
                0x00003504                DAC1_ISR_Disable
 .text.DAC1_ISR_Start
                0x00003510       0x1c .\CortexM3\ARM_GCC_493\Debug\ReleaseVersion.a(DAC1_ISR.o)
                0x00003510                DAC1_ISR_Start
 .text.DACtimer2_Stop
                0x0000352c       0x10 .\CortexM3\ARM_GCC_493\Debug\ReleaseVersion.a(DACtimer2.o)
                0x0000352c                DACtimer2_Stop
 .text.PWMtimer2_Enable
                0x0000353c       0x28 .\CortexM3\ARM_GCC_493\Debug\ReleaseVersion.a(PWMtimer2.o)
                0x0000353c                PWMtimer2_Enable
 .text.PWMtimer2_Stop
                0x00003564       0x28 .\CortexM3\ARM_GCC_493\Debug\ReleaseVersion.a(PWMtimer2.o)
                0x00003564                PWMtimer2_Stop
 .text.PWMtimer2_SetInterruptMode
                0x0000358c        0xc .\CortexM3\ARM_GCC_493\Debug\ReleaseVersion.a(PWMtimer2.o)
                0x0000358c                PWMtimer2_SetInterruptMode
 .text.PWMtimer2_ReadStatusRegister
                0x00003598        0xc .\CortexM3\ARM_GCC_493\Debug\ReleaseVersion.a(PWMtimer2.o)
                0x00003598                PWMtimer2_ReadStatusRegister
 .text.PWMtimer2_WritePeriod
                0x000035a4        0xc .\CortexM3\ARM_GCC_493\Debug\ReleaseVersion.a(PWMtimer2.o)
                0x000035a4                PWMtimer2_WritePeriod
 .text.PWMtimer2_WriteCounter
                0x000035b0        0xc .\CortexM3\ARM_GCC_493\Debug\ReleaseVersion.a(PWMtimer2.o)
                0x000035b0                PWMtimer2_WriteCounter
 .text.PWMtimer2_Init
                0x000035bc       0x64 .\CortexM3\ARM_GCC_493\Debug\ReleaseVersion.a(PWMtimer2.o)
                0x000035bc                PWMtimer2_Init
 .text.PWMtimer2_Start
                0x00003620       0x1c .\CortexM3\ARM_GCC_493\Debug\ReleaseVersion.a(PWMtimer2.o)
                0x00003620                PWMtimer2_Start
 .text.PWMtimer2_ISR_Interrupt
                0x0000363c        0xc .\CortexM3\ARM_GCC_493\Debug\ReleaseVersion.a(PWMtimer2_ISR.o)
                0x0000363c                PWMtimer2_ISR_Interrupt
 .text.PWMtimer2_ISR_SetVector
                0x00003648       0x10 .\CortexM3\ARM_GCC_493\Debug\ReleaseVersion.a(PWMtimer2_ISR.o)
                0x00003648                PWMtimer2_ISR_SetVector
 .text.PWMtimer2_ISR_SetPriority
                0x00003658       0x10 .\CortexM3\ARM_GCC_493\Debug\ReleaseVersion.a(PWMtimer2_ISR.o)
                0x00003658                PWMtimer2_ISR_SetPriority
 .text.PWMtimer2_ISR_Enable
                0x00003668       0x10 .\CortexM3\ARM_GCC_493\Debug\ReleaseVersion.a(PWMtimer2_ISR.o)
                0x00003668                PWMtimer2_ISR_Enable
 .text.PWMtimer2_ISR_Disable
                0x00003678       0x10 .\CortexM3\ARM_GCC_493\Debug\ReleaseVersion.a(PWMtimer2_ISR.o)
                0x00003678                PWMtimer2_ISR_Disable
 .text.PWMtimer2_ISR_Start
                0x00003688       0x1c .\CortexM3\ARM_GCC_493\Debug\ReleaseVersion.a(PWMtimer2_ISR.o)
                0x00003688                PWMtimer2_ISR_Start
 .text.AMux2_Start
                0x000036a4       0x20 .\CortexM3\ARM_GCC_493\Debug\ReleaseVersion.a(AMux2.o)
                0x000036a4                AMux2_Start
 .text.AMux2_FastSelect
                0x000036c4       0x20 .\CortexM3\ARM_GCC_493\Debug\ReleaseVersion.a(AMux2.o)
                0x000036c4                AMux2_FastSelect
 .text.UART_Init
                0x000036e4       0x14 .\CortexM3\ARM_GCC_493\Debug\ReleaseVersion.a(UART.o)
                0x000036e4                UART_Init
 .text.UART_Enable
                0x000036f8       0x30 .\CortexM3\ARM_GCC_493\Debug\ReleaseVersion.a(UART.o)
                0x000036f8                UART_Enable
 .text.UART_Start
                0x00003728       0x1c .\CortexM3\ARM_GCC_493\Debug\ReleaseVersion.a(UART.o)
                0x00003728                UART_Start
 .text.UART_ReadRxStatus
                0x00003744       0x10 .\CortexM3\ARM_GCC_493\Debug\ReleaseVersion.a(UART.o)
                0x00003744                UART_ReadRxStatus
 .text.UART_GetChar
                0x00003754       0x2c .\CortexM3\ARM_GCC_493\Debug\ReleaseVersion.a(UART.o)
                0x00003754                UART_GetChar
 .text.UART_ISR_Interrupt
                0x00003780        0x8 .\CortexM3\ARM_GCC_493\Debug\ReleaseVersion.a(UART_ISR.o)
                0x00003780                UART_ISR_Interrupt
 .text.UART_ISR_SetVector
                0x00003788        0xc .\CortexM3\ARM_GCC_493\Debug\ReleaseVersion.a(UART_ISR.o)
                0x00003788                UART_ISR_SetVector
 .text.UART_ISR_SetPriority
                0x00003794       0x10 .\CortexM3\ARM_GCC_493\Debug\ReleaseVersion.a(UART_ISR.o)
                0x00003794                UART_ISR_SetPriority
 .text.UART_ISR_Enable
                0x000037a4       0x10 .\CortexM3\ARM_GCC_493\Debug\ReleaseVersion.a(UART_ISR.o)
                0x000037a4                UART_ISR_Enable
 .text.UART_ISR_Disable
                0x000037b4       0x10 .\CortexM3\ARM_GCC_493\Debug\ReleaseVersion.a(UART_ISR.o)
                0x000037b4                UART_ISR_Disable
 .text.UART_ISR_Start
                0x000037c4       0x1c .\CortexM3\ARM_GCC_493\Debug\ReleaseVersion.a(UART_ISR.o)
                0x000037c4                UART_ISR_Start
 .text.UART_IntClock_Start
                0x000037e0       0x1c .\CortexM3\ARM_GCC_493\Debug\ReleaseVersion.a(UART_IntClock.o)
                0x000037e0                UART_IntClock_Start
 .text.UART_TimerISR_Interrupt
                0x000037fc        0x8 .\CortexM3\ARM_GCC_493\Debug\ReleaseVersion.a(UART_TimerISR.o)
                0x000037fc                UART_TimerISR_Interrupt
 .text.UART_TimerISR_SetVector
                0x00003804        0xc .\CortexM3\ARM_GCC_493\Debug\ReleaseVersion.a(UART_TimerISR.o)
                0x00003804                UART_TimerISR_SetVector
 .text.UART_TimerISR_SetPriority
                0x00003810       0x10 .\CortexM3\ARM_GCC_493\Debug\ReleaseVersion.a(UART_TimerISR.o)
                0x00003810                UART_TimerISR_SetPriority
 .text.UART_TimerISR_Enable
                0x00003820       0x10 .\CortexM3\ARM_GCC_493\Debug\ReleaseVersion.a(UART_TimerISR.o)
                0x00003820                UART_TimerISR_Enable
 .text.UART_TimerISR_Disable
                0x00003830       0x10 .\CortexM3\ARM_GCC_493\Debug\ReleaseVersion.a(UART_TimerISR.o)
                0x00003830                UART_TimerISR_Disable
 .text.UART_TimerISR_Start
                0x00003840       0x1c .\CortexM3\ARM_GCC_493\Debug\ReleaseVersion.a(UART_TimerISR.o)
                0x00003840                UART_TimerISR_Start
 .text.UART_Timer_Enable
                0x0000385c       0x10 .\CortexM3\ARM_GCC_493\Debug\ReleaseVersion.a(UART_Timer.o)
                0x0000385c                UART_Timer_Enable
 .text.UART_Timer_Stop
                0x0000386c       0x10 .\CortexM3\ARM_GCC_493\Debug\ReleaseVersion.a(UART_Timer.o)
                0x0000386c                UART_Timer_Stop
 .text.UART_Timer_SetInterruptMode
                0x0000387c        0xc .\CortexM3\ARM_GCC_493\Debug\ReleaseVersion.a(UART_Timer.o)
                0x0000387c                UART_Timer_SetInterruptMode
 .text.UART_Timer_ReadStatusRegister
                0x00003888        0xc .\CortexM3\ARM_GCC_493\Debug\ReleaseVersion.a(UART_Timer.o)
                0x00003888                UART_Timer_ReadStatusRegister
 .text.UART_Timer_WritePeriod
                0x00003894        0xc .\CortexM3\ARM_GCC_493\Debug\ReleaseVersion.a(UART_Timer.o)
                0x00003894                UART_Timer_WritePeriod
 .text.UART_Timer_ReadCapture
                0x000038a0        0xc .\CortexM3\ARM_GCC_493\Debug\ReleaseVersion.a(UART_Timer.o)
                0x000038a0                UART_Timer_ReadCapture
 .text.UART_Timer_WriteCounter
                0x000038ac        0xc .\CortexM3\ARM_GCC_493\Debug\ReleaseVersion.a(UART_Timer.o)
                0x000038ac                UART_Timer_WriteCounter
 .text.UART_Timer_ClearFIFO
                0x000038b8       0x14 .\CortexM3\ARM_GCC_493\Debug\ReleaseVersion.a(UART_Timer.o)
                0x000038b8                UART_Timer_ClearFIFO
 .text.UART_Timer_Init
                0x000038cc       0x30 .\CortexM3\ARM_GCC_493\Debug\ReleaseVersion.a(UART_Timer.o)
                0x000038cc                UART_Timer_Init
 .text.UART_Timer_Start
                0x000038fc       0x1c .\CortexM3\ARM_GCC_493\Debug\ReleaseVersion.a(UART_Timer.o)
                0x000038fc                UART_Timer_Start
 .text.LED_Timer_Enable
                0x00003918       0x10 .\CortexM3\ARM_GCC_493\Debug\ReleaseVersion.a(LED_Timer.o)
                0x00003918                LED_Timer_Enable
 .text.LED_Timer_SetInterruptMode
                0x00003928        0xc .\CortexM3\ARM_GCC_493\Debug\ReleaseVersion.a(LED_Timer.o)
                0x00003928                LED_Timer_SetInterruptMode
 .text.LED_Timer_ReadStatusRegister
                0x00003934        0xc .\CortexM3\ARM_GCC_493\Debug\ReleaseVersion.a(LED_Timer.o)
                0x00003934                LED_Timer_ReadStatusRegister
 .text.LED_Timer_WritePeriod
                0x00003940        0xc .\CortexM3\ARM_GCC_493\Debug\ReleaseVersion.a(LED_Timer.o)
                0x00003940                LED_Timer_WritePeriod
 .text.LED_Timer_ReadCapture
                0x0000394c        0xc .\CortexM3\ARM_GCC_493\Debug\ReleaseVersion.a(LED_Timer.o)
                0x0000394c                LED_Timer_ReadCapture
 .text.LED_Timer_WriteCounter
                0x00003958        0xc .\CortexM3\ARM_GCC_493\Debug\ReleaseVersion.a(LED_Timer.o)
                0x00003958                LED_Timer_WriteCounter
 .text.LED_Timer_ClearFIFO
                0x00003964       0x14 .\CortexM3\ARM_GCC_493\Debug\ReleaseVersion.a(LED_Timer.o)
                0x00003964                LED_Timer_ClearFIFO
 .text.LED_Timer_Init
                0x00003978       0x34 .\CortexM3\ARM_GCC_493\Debug\ReleaseVersion.a(LED_Timer.o)
                0x00003978                LED_Timer_Init
 .text.LED_Timer_Start
                0x000039ac       0x1c .\CortexM3\ARM_GCC_493\Debug\ReleaseVersion.a(LED_Timer.o)
                0x000039ac                LED_Timer_Start
 .text.__libc_init_array
                0x000039c8       0x4c c:/program files (x86)/cypress/psoc creator/3.3/psoc creator/import/gnu/arm/4.9.3/bin/../lib/gcc/arm-none-eabi/4.9.3/../../../../arm-none-eabi/lib/armv7-m\libg_nano.a(lib_a-init.o)
                0x000039c8                __libc_init_array
 .text.memcpy   0x00003a14       0x16 c:/program files (x86)/cypress/psoc creator/3.3/psoc creator/import/gnu/arm/4.9.3/bin/../lib/gcc/arm-none-eabi/4.9.3/../../../../arm-none-eabi/lib/armv7-m\libg_nano.a(lib_a-memcpy.o)
                0x00003a14                memcpy
 .text.memset   0x00003a2a       0x10 c:/program files (x86)/cypress/psoc creator/3.3/psoc creator/import/gnu/arm/4.9.3/bin/../lib/gcc/arm-none-eabi/4.9.3/../../../../arm-none-eabi/lib/armv7-m\libg_nano.a(lib_a-memset.o)
                0x00003a2a                memset
 .text          0x00003a3a       0x14 c:/program files (x86)/cypress/psoc creator/3.3/psoc creator/import/gnu/arm/4.9.3/bin/../lib/gcc/arm-none-eabi/4.9.3/../../../../arm-none-eabi/lib/armv7-m\libg_nano.a(lib_a-strcmp.o)
                0x00003a3a                strcmp
 *(.plt)
 *(.gnu.warning)
 *(.glue_7t)
 .glue_7t       0x00000000        0x0 linker stubs
 *(.glue_7)
 .glue_7        0x00000000        0x0 linker stubs
 *(.vfp11_veneer)
 .vfp11_veneer  0x00000000        0x0 linker stubs
 *(.bootloader)
 *(.ARM.extab* .gnu.linkonce.armextab.*)
 *(.gcc_except_table)

.v4_bx          0x00003a50        0x0
 .v4_bx         0x00000000        0x0 linker stubs

.iplt           0x00003a50        0x0
 .iplt          0x00000000        0x0 c:/program files (x86)/cypress/psoc creator/3.3/psoc creator/import/gnu/arm/4.9.3/bin/../lib/gcc/arm-none-eabi/4.9.3/armv7-m/crtbegin.o

.eh_frame_hdr
 *(.eh_frame_hdr)

.eh_frame       0x00003a50       0x2c
 *(.eh_frame)
 .eh_frame      0x00003a50        0x0 c:/program files (x86)/cypress/psoc creator/3.3/psoc creator/import/gnu/arm/4.9.3/bin/../lib/gcc/arm-none-eabi/4.9.3/armv7-m/crtbegin.o
 .eh_frame      0x00003a50       0x28 c:/program files (x86)/cypress/psoc creator/3.3/psoc creator/import/gnu/arm/4.9.3/bin/../lib/gcc/arm-none-eabi/4.9.3/../../../../arm-none-eabi/lib/armv7-m\libg_nano.a(lib_a-strcmp.o)
 .eh_frame      0x00003a78        0x4 c:/program files (x86)/cypress/psoc creator/3.3/psoc creator/import/gnu/arm/4.9.3/bin/../lib/gcc/arm-none-eabi/4.9.3/armv7-m/crtend.o
                0x00003a7c                PROVIDE (__exidx_start, .)

.ARM.exidx
 *(.ARM.exidx* .gnu.linkonce.armexidx.*)
                0x00003a7c                __exidx_end = .

.rodata         0x00003a7c      0x184
 *(.rodata .rodata.* .gnu.linkonce.r.*)
 .rodata        0x00003a7c       0x34 .\CortexM3\ARM_GCC_493\Debug\Tones.o
 .rodata        0x00003ab0       0x24 .\CortexM3\ARM_GCC_493\Debug\FileDecode.o
 .rodata.str1.4
                0x00003ad4       0x20 .\CortexM3\ARM_GCC_493\Debug\FileDecode.o
 .rodata        0x00003af4        0xc .\CortexM3\ARM_GCC_493\Debug\CommManager.o
 .rodata        0x00003b00        0xc .\CortexM3\ARM_GCC_493\Debug\SirenState.o
 .rodata        0x00003b0c       0x8c .\CortexM3\ARM_GCC_493\Debug\ReleaseVersion.a(cyfitter_cfg.o)
                0x00003b0c                AMux1__addrTable
                0x00003b14                AMux1__maskTable
                0x00003b18                AMux2__addrTable
                0x00003b28                AMux2__maskTable
 .rodata        0x00003b98       0x18 .\CortexM3\ARM_GCC_493\Debug\ReleaseVersion.a(PGA_1.o)
 .rodata        0x00003bb0       0x18 .\CortexM3\ARM_GCC_493\Debug\ReleaseVersion.a(PGA_2.o)
                0x00003bc8                . = ALIGN (0x4)
 *(.init)
 .init          0x00003bc8        0x4 c:/program files (x86)/cypress/psoc creator/3.3/psoc creator/import/gnu/arm/4.9.3/bin/../lib/gcc/arm-none-eabi/4.9.3/armv7-m/crti.o
                0x00003bc8                _init
 .init          0x00003bcc        0x8 c:/program files (x86)/cypress/psoc creator/3.3/psoc creator/import/gnu/arm/4.9.3/bin/../lib/gcc/arm-none-eabi/4.9.3/armv7-m/crtn.o
                0x00003bd4                . = ALIGN (0x4)
                0x00003bd4                __preinit_array_start = .
 *(.preinit_array)
                0x00003bd4                __preinit_array_end = .
                0x00003bd4                . = ALIGN (0x4)
                0x00003bd4                __init_array_start = .
 *(SORT(.init_array.*))
 *(.init_array)
 .init_array    0x00003bd4        0x4 c:/program files (x86)/cypress/psoc creator/3.3/psoc creator/import/gnu/arm/4.9.3/bin/../lib/gcc/arm-none-eabi/4.9.3/armv7-m/crtbegin.o
 .init_array    0x00003bd8        0x4 .\CortexM3\ARM_GCC_493\Debug\Cm3Start.o
                0x00003bdc                __init_array_end = .
                0x00003bdc                . = ALIGN (0x4)
 *(.fini)
 .fini          0x00003bdc        0x4 c:/program files (x86)/cypress/psoc creator/3.3/psoc creator/import/gnu/arm/4.9.3/bin/../lib/gcc/arm-none-eabi/4.9.3/armv7-m/crti.o
                0x00003bdc                _fini
 .fini          0x00003be0        0x8 c:/program files (x86)/cypress/psoc creator/3.3/psoc creator/import/gnu/arm/4.9.3/bin/../lib/gcc/arm-none-eabi/4.9.3/armv7-m/crtn.o
                0x00003be8                . = ALIGN (0x4)
                0x00003be8                __fini_array_start = .
 *(.fini_array)
 .fini_array    0x00003be8        0x4 c:/program files (x86)/cypress/psoc creator/3.3/psoc creator/import/gnu/arm/4.9.3/bin/../lib/gcc/arm-none-eabi/4.9.3/armv7-m/crtbegin.o
 *(SORT(.fini_array.*))
                0x00003bec                __fini_array_end = .
                0x00003bec                . = ALIGN (0x4)
 *crtbegin.o(.ctors)
 *(EXCLUDE_FILE(*crtend.o) .ctors)
 *(SORT(.ctors.*))
 *crtend.o(.ctors)
                0x00003bec                . = ALIGN (0x4)
 *crtbegin.o(.dtors)
 *(EXCLUDE_FILE(*crtend.o) .dtors)
 *(SORT(.dtors.*))
 *crtend.o(.dtors)
                0x00003bec                . = ALIGN (0x4)
                0x00003bec                __cy_regions = .
                0x00003bec        0x4 LONG 0x3c00 __cy_region_init_ram
                0x00003bf0        0x4 LONG 0x1fffc108 __cy_region_start_data
                0x00003bf4        0x4 LONG 0xb0 __cy_region_init_size_ram
                0x00003bf8        0x4 LONG 0xf0 __cy_region_zero_size_ram
                0x00003bfc                __cy_regions_end = .
                0x00003c00                . = ALIGN (0x8)
 *fill*         0x00003bfc        0x4 
                0x00003c00                _etext = .

.cy_checksum_exclude
                0x00003c00        0x0
 *(.cy_checksum_exclude)

.ramvectors     0x1fffc000      0x100
                0x1fffc000                __cy_region_start_ram = .
 *(.ramvectors)
 .ramvectors    0x1fffc000      0x100 .\CortexM3\ARM_GCC_493\Debug\Cm3Start.o
                0x1fffc000                CyRamVectors

.noinit         0x1fffc100        0x5
 *(.noinit)
 .noinit        0x1fffc100        0x4 .\CortexM3\ARM_GCC_493\Debug\Cm3Start.o
 .noinit        0x1fffc104        0x1 .\CortexM3\ARM_GCC_493\Debug\ReleaseVersion.a(CyLib.o)
                0x1fffc104                CyResetStatus

.data           0x1fffc108       0xb0 load address 0x00003c00
                0x1fffc108                __cy_region_start_data = .
 *(.jcr)
 .jcr           0x1fffc108        0x0 c:/program files (x86)/cypress/psoc creator/3.3/psoc creator/import/gnu/arm/4.9.3/bin/../lib/gcc/arm-none-eabi/4.9.3/armv7-m/crtbegin.o
 .jcr           0x1fffc108        0x4 c:/program files (x86)/cypress/psoc creator/3.3/psoc creator/import/gnu/arm/4.9.3/bin/../lib/gcc/arm-none-eabi/4.9.3/armv7-m/crtend.o
 *(.got.plt)
 *(.got)
 *(.shdata)
 *(.data .data.* .gnu.linkonce.d.*)
 .data          0x1fffc10c       0x94 .\CortexM3\ARM_GCC_493\Debug\Tones.o
 .data          0x1fffc1a0        0x1 .\CortexM3\ARM_GCC_493\Debug\FileDecode.o
 .data          0x1fffc1a1        0x1 .\CortexM3\ARM_GCC_493\Debug\CommManager.o
 .data          0x1fffc1a2        0x1 .\CortexM3\ARM_GCC_493\Debug\ReleaseVersion.a(AMux1.o)
 *fill*         0x1fffc1a3        0x1 
 .data          0x1fffc1a4       0x10 .\CortexM3\ARM_GCC_493\Debug\ReleaseVersion.a(CyLib.o)
                0x1fffc1a4                cydelay_32k_ms
                0x1fffc1a8                cydelay_freq_khz
                0x1fffc1ac                cydelay_freq_mhz
                0x1fffc1b0                cydelay_freq_hz
 .data          0x1fffc1b4        0x1 .\CortexM3\ARM_GCC_493\Debug\ReleaseVersion.a(AMux2.o)
                0x1fffc1b8                . = ALIGN (0x8)
 *fill*         0x1fffc1b5        0x3 
 *(.ram)
                0x1fffc1b8                _edata = .

.igot.plt       0x1fffc1b8        0x0 load address 0x00003cb0
 .igot.plt      0x00000000        0x0 c:/program files (x86)/cypress/psoc creator/3.3/psoc creator/import/gnu/arm/4.9.3/bin/../lib/gcc/arm-none-eabi/4.9.3/armv7-m/crtbegin.o

.bss            0x1fffc1b8       0xf0 load address 0x00003cb0
                0x1fffc1b8                PROVIDE (__bss_start__, .)
 *(.shbss)
 *(.bss .bss.* .gnu.linkonce.b.*)
 .bss           0x1fffc1b8       0x1c c:/program files (x86)/cypress/psoc creator/3.3/psoc creator/import/gnu/arm/4.9.3/bin/../lib/gcc/arm-none-eabi/4.9.3/armv7-m/crtbegin.o
 .bss           0x1fffc1d4        0x1 .\CortexM3\ARM_GCC_493\Debug\Fault.o
 .bss           0x1fffc1d5        0x6 .\CortexM3\ARM_GCC_493\Debug\Tones.o
 *fill*         0x1fffc1db        0x1 
 .bss           0x1fffc1dc       0x18 .\CortexM3\ARM_GCC_493\Debug\DACaudio.o
 .bss           0x1fffc1f4       0x64 .\CortexM3\ARM_GCC_493\Debug\FileDecode.o
 .bss           0x1fffc258       0x14 .\CortexM3\ARM_GCC_493\Debug\CommManager.o
 .bss           0x1fffc26c       0x20 .\CortexM3\ARM_GCC_493\Debug\SirenState.o
 .bss           0x1fffc28c        0x1 .\CortexM3\ARM_GCC_493\Debug\ReleaseVersion.a(PWM_1.o)
                0x1fffc28c                PWM_1_initVar
 .bss           0x1fffc28d        0x1 .\CortexM3\ARM_GCC_493\Debug\ReleaseVersion.a(PWM_2.o)
                0x1fffc28d                PWM_2_initVar
 .bss           0x1fffc28e        0x1 .\CortexM3\ARM_GCC_493\Debug\ReleaseVersion.a(VDAC8_2.o)
                0x1fffc28e                VDAC8_2_initVar
 .bss           0x1fffc28f        0x1 .\CortexM3\ARM_GCC_493\Debug\ReleaseVersion.a(PGA_1.o)
                0x1fffc28f                PGA_1_initVar
 .bss           0x1fffc290        0x1 .\CortexM3\ARM_GCC_493\Debug\ReleaseVersion.a(PGA_2.o)
                0x1fffc290                PGA_2_initVar
 .bss           0x1fffc291        0x1 .\CortexM3\ARM_GCC_493\Debug\ReleaseVersion.a(VDAC8_1.o)
                0x1fffc291                VDAC8_1_initVar
 .bss           0x1fffc292        0x1 .\CortexM3\ARM_GCC_493\Debug\ReleaseVersion.a(PWMtimer1.o)
                0x1fffc292                PWMtimer1_initVar
 .bss           0x1fffc293        0x1 .\CortexM3\ARM_GCC_493\Debug\ReleaseVersion.a(SPIM.o)
                0x1fffc293                SPIM_initVar
 .bss           0x1fffc294        0x8 .\CortexM3\ARM_GCC_493\Debug\ReleaseVersion.a(CySpc.o)
                0x1fffc294                SpcLockState
 .bss           0x1fffc29c        0x1 .\CortexM3\ARM_GCC_493\Debug\ReleaseVersion.a(DACtimer1.o)
                0x1fffc29c                DACtimer1_initVar
 .bss           0x1fffc29d        0x1 .\CortexM3\ARM_GCC_493\Debug\ReleaseVersion.a(PWMtimer2.o)
                0x1fffc29d                PWMtimer2_initVar
 .bss           0x1fffc29e        0x1 .\CortexM3\ARM_GCC_493\Debug\ReleaseVersion.a(UART.o)
                0x1fffc29e                UART_initVar
 .bss           0x1fffc29f        0x1 .\CortexM3\ARM_GCC_493\Debug\ReleaseVersion.a(UART_Timer.o)
                0x1fffc29f                UART_Timer_initVar
 .bss           0x1fffc2a0        0x1 .\CortexM3\ARM_GCC_493\Debug\ReleaseVersion.a(LED_Timer.o)
                0x1fffc2a0                LED_Timer_initVar
 *(COMMON)
 *fill*         0x1fffc2a1        0x3 
 COMMON         0x1fffc2a4        0x2 .\CortexM3\ARM_GCC_493\Debug\ReleaseVersion.a(CyFlash.o)
                0x1fffc2a4                dieTemperature
                0x1fffc2a8                . = ALIGN (0x8)
 *fill*         0x1fffc2a6        0x2 
 *(.ram.b)
                0x1fffc2a8                _end = .
                0x1fffc2a8                __end = .
                0x1fffc2a8                PROVIDE (end, .)
                0x1fffc2a8                PROVIDE (__bss_end__, .)
                0x00003c00                __cy_region_init_ram = LOADADDR (.data)
                0x000000b0                __cy_region_init_size_ram = (_edata - ADDR (.data))
                0x000000f0                __cy_region_zero_size_ram = (_end - _edata)

.heap           0x1fffc2a8       0x80 load address 0x00003cb0
                0x1fffc2a8                . = _end
                0x1fffc328                . = (. + 0x80)
 *fill*         0x1fffc2a8       0x80 
                0x1fffc328                __cy_heap_limit = .

.stack          0x20003800      0x800
                0x20003800                __cy_stack_limit = .
                0x20004000                . = (. + 0x800)
 *fill*         0x20003800      0x800 
                0x00000001                ASSERT ((__cy_stack_limit >= __cy_heap_limit), region RAM overflowed with stack)
                0x00000000                cy_checksum_exclude_size = (CY_APPL_LOADABLE == 0x1)?SIZEOF (.cy_checksum_exclude):0x0
                0x00000001                ASSERT ((cy_checksum_exclude_size <= CY_CHECKSUM_EXCLUDE_SIZE), CY_BOOT: Section .cy_checksum_exclude size exceedes specified limit.)

.cyloadermeta
 *(.cyloadermeta)

.cyloadablemeta
 *(.cyloadablemeta)

.cyconfigecc    0x80000000      0xe6c
 *(.cyconfigecc)
 .cyconfigecc   0x80000000      0xe6c .\CortexM3\ARM_GCC_493\Debug\cymetadata.o
                0x80000000                cy_meta_configecc

.cycustnvl      0x90000000        0x4
 *(.cycustnvl)
 .cycustnvl     0x90000000        0x4 .\CortexM3\ARM_GCC_493\Debug\cymetadata.o
                0x90000000                cy_meta_custnvl

.cywolatch      0x90100000        0x4
 *(.cywolatch)
 .cywolatch     0x90100000        0x4 .\CortexM3\ARM_GCC_493\Debug\cymetadata.o
                0x90100000                cy_meta_wonvl

.cyeeprom       0x90200000        0x0
 *(.cyeeprom)
                0x00000001                ASSERT ((. <= ((0x90200000 + ee_offset) + ee_size)), .cyeeprom data will not fit in EEPROM)

.cyflashprotect
                0x90400000       0x80
 *(.cyflashprotect)
 .cyflashprotect
                0x90400000       0x80 .\CortexM3\ARM_GCC_493\Debug\cymetadata.o
                0x90400000                cy_meta_flashprotect

.cymeta         0x90500000        0xc
 *(.cymeta)
 .cymeta        0x90500000        0xc .\CortexM3\ARM_GCC_493\Debug\cymetadata.o
                0x90500000                cy_metadata

.rel.dyn        0x00003cb0        0x0 load address 0x9050000c
 .rel.iplt      0x00000000        0x0 c:/program files (x86)/cypress/psoc creator/3.3/psoc creator/import/gnu/arm/4.9.3/bin/../lib/gcc/arm-none-eabi/4.9.3/armv7-m/crtbegin.o

.stab
 *(.stab)

.stabstr
 *(.stabstr)

.debug
 *(.debug)

.line
 *(.line)

.debug_srcinfo
 *(.debug_srcinfo)

.debug_sfnames
 *(.debug_sfnames)

.debug_aranges  0x00000000     0x1b20
 *(.debug_aranges)
 .debug_aranges
                0x00000000       0x28 .\CortexM3\ARM_GCC_493\Debug\main.o
 .debug_aranges
                0x00000028       0x30 .\CortexM3\ARM_GCC_493\Debug\Fault.o
 .debug_aranges
                0x00000058       0xa0 .\CortexM3\ARM_GCC_493\Debug\Tones.o
 .debug_aranges
                0x000000f8       0x60 .\CortexM3\ARM_GCC_493\Debug\DACaudio.o
 .debug_aranges
                0x00000158       0x60 .\CortexM3\ARM_GCC_493\Debug\FileDecode.o
 .debug_aranges
                0x000001b8       0x48 .\CortexM3\ARM_GCC_493\Debug\CommManager.o
 .debug_aranges
                0x00000200       0xd0 .\CortexM3\ARM_GCC_493\Debug\SirenState.o
 .debug_aranges
                0x000002d0       0x18 .\CortexM3\ARM_GCC_493\Debug\cymetadata.o
 .debug_aranges
                0x000002e8       0x48 .\CortexM3\ARM_GCC_493\Debug\Cm3Start.o
 .debug_aranges
                0x00000330       0x78 .\CortexM3\ARM_GCC_493\Debug\ReleaseVersion.a(cyfitter_cfg.o)
 .debug_aranges
                0x000003a8       0x40 .\CortexM3\ARM_GCC_493\Debug\ReleaseVersion.a(ModeStatus.o)
 .debug_aranges
                0x000003e8       0x80 .\CortexM3\ARM_GCC_493\Debug\ReleaseVersion.a(ModeStatusISR.o)
 .debug_aranges
                0x00000468       0x40 .\CortexM3\ARM_GCC_493\Debug\ReleaseVersion.a(HornRingStatus.o)
 .debug_aranges
                0x000004a8       0x80 .\CortexM3\ARM_GCC_493\Debug\ReleaseVersion.a(HornRingISR.o)
 .debug_aranges
                0x00000528       0x40 .\CortexM3\ARM_GCC_493\Debug\ReleaseVersion.a(ParkKillStatus.o)
 .debug_aranges
                0x00000568       0x80 .\CortexM3\ARM_GCC_493\Debug\ReleaseVersion.a(ParkKillISR.o)
 .debug_aranges
                0x000005e8       0x38 .\CortexM3\ARM_GCC_493\Debug\ReleaseVersion.a(RadioRebroadcastInput.o)
 .debug_aranges
                0x00000620       0x38 .\CortexM3\ARM_GCC_493\Debug\ReleaseVersion.a(MicKeyInput.o)
 .debug_aranges
                0x00000658       0x80 .\CortexM3\ARM_GCC_493\Debug\ReleaseVersion.a(RadioMicKeyISR.o)
 .debug_aranges
                0x000006d8       0x40 .\CortexM3\ARM_GCC_493\Debug\ReleaseVersion.a(TackSwitchStatus.o)
 .debug_aranges
                0x00000718       0x80 .\CortexM3\ARM_GCC_493\Debug\ReleaseVersion.a(TackSwitchISR.o)
 .debug_aranges
                0x00000798       0x40 .\CortexM3\ARM_GCC_493\Debug\ReleaseVersion.a(DualDelayStatus.o)
 .debug_aranges
                0x000007d8       0x80 .\CortexM3\ARM_GCC_493\Debug\ReleaseVersion.a(DualDelayISR.o)
 .debug_aranges
                0x00000858       0x38 .\CortexM3\ARM_GCC_493\Debug\ReleaseVersion.a(OverloadInput1.o)
 .debug_aranges
                0x00000890       0x80 .\CortexM3\ARM_GCC_493\Debug\ReleaseVersion.a(OverloadISR.o)
 .debug_aranges
                0x00000910       0x38 .\CortexM3\ARM_GCC_493\Debug\ReleaseVersion.a(OverloadInput2.o)
 .debug_aranges
                0x00000948       0x40 .\CortexM3\ARM_GCC_493\Debug\ReleaseVersion.a(ModeStatus2.o)
 .debug_aranges
                0x00000988       0x78 .\CortexM3\ARM_GCC_493\Debug\ReleaseVersion.a(PWM_1.o)
 .debug_aranges
                0x00000a00       0x78 .\CortexM3\ARM_GCC_493\Debug\ReleaseVersion.a(PWM_2.o)
 .debug_aranges
                0x00000a78       0x80 .\CortexM3\ARM_GCC_493\Debug\ReleaseVersion.a(PWM1_ISR.o)
 .debug_aranges
                0x00000af8       0x80 .\CortexM3\ARM_GCC_493\Debug\ReleaseVersion.a(PWM2_ISR.o)
 .debug_aranges
                0x00000b78       0x58 .\CortexM3\ARM_GCC_493\Debug\ReleaseVersion.a(VDAC8_2.o)
 .debug_aranges
                0x00000bd0       0x48 .\CortexM3\ARM_GCC_493\Debug\ReleaseVersion.a(PGA_1.o)
 .debug_aranges
                0x00000c18       0x48 .\CortexM3\ARM_GCC_493\Debug\ReleaseVersion.a(PGA_2.o)
 .debug_aranges
                0x00000c60       0x58 .\CortexM3\ARM_GCC_493\Debug\ReleaseVersion.a(VDAC8_1.o)
 .debug_aranges
                0x00000cb8       0x38 .\CortexM3\ARM_GCC_493\Debug\ReleaseVersion.a(LEDoutput.o)
 .debug_aranges
                0x00000cf0       0x80 .\CortexM3\ARM_GCC_493\Debug\ReleaseVersion.a(LED_ISR.o)
 .debug_aranges
                0x00000d70       0x30 .\CortexM3\ARM_GCC_493\Debug\ReleaseVersion.a(AMux1.o)
 .debug_aranges
                0x00000da0       0x88 .\CortexM3\ARM_GCC_493\Debug\ReleaseVersion.a(PWMtimer1.o)
 .debug_aranges
                0x00000e28       0x80 .\CortexM3\ARM_GCC_493\Debug\ReleaseVersion.a(PWMtimer1_ISR.o)
 .debug_aranges
                0x00000ea8       0x38 .\CortexM3\ARM_GCC_493\Debug\ReleaseVersion.a(PowerAmpOutput1.o)
 .debug_aranges
                0x00000ee0       0x38 .\CortexM3\ARM_GCC_493\Debug\ReleaseVersion.a(PowerAmpOutput2.o)
 .debug_aranges
                0x00000f18       0x78 .\CortexM3\ARM_GCC_493\Debug\ReleaseVersion.a(EEPROM.o)
 .debug_aranges
                0x00000f90       0xd8 .\CortexM3\ARM_GCC_493\Debug\ReleaseVersion.a(SPIM.o)
 .debug_aranges
                0x00001068       0x70 .\CortexM3\ARM_GCC_493\Debug\ReleaseVersion.a(SPIM_IntClock.o)
 .debug_aranges
                0x000010d8       0x20 .\CortexM3\ARM_GCC_493\Debug\ReleaseVersion.a(CyBootAsmGnu.o)
 .debug_aranges
                0x000010f8       0x80 .\CortexM3\ARM_GCC_493\Debug\ReleaseVersion.a(CyFlash.o)
 .debug_aranges
                0x00001178      0x298 .\CortexM3\ARM_GCC_493\Debug\ReleaseVersion.a(CyLib.o)
 .debug_aranges
                0x00001410       0x98 .\CortexM3\ARM_GCC_493\Debug\ReleaseVersion.a(cyPm.o)
 .debug_aranges
                0x000014a8       0x78 .\CortexM3\ARM_GCC_493\Debug\ReleaseVersion.a(CySpc.o)
 .debug_aranges
                0x00001520       0x90 .\CortexM3\ARM_GCC_493\Debug\ReleaseVersion.a(DACtimer1.o)
 .debug_aranges
                0x000015b0       0x80 .\CortexM3\ARM_GCC_493\Debug\ReleaseVersion.a(DAC1_ISR.o)
 .debug_aranges
                0x00001630       0x90 .\CortexM3\ARM_GCC_493\Debug\ReleaseVersion.a(DACtimer2.o)
 .debug_aranges
                0x000016c0       0x88 .\CortexM3\ARM_GCC_493\Debug\ReleaseVersion.a(PWMtimer2.o)
 .debug_aranges
                0x00001748       0x80 .\CortexM3\ARM_GCC_493\Debug\ReleaseVersion.a(PWMtimer2_ISR.o)
 .debug_aranges
                0x000017c8       0x30 .\CortexM3\ARM_GCC_493\Debug\ReleaseVersion.a(AMux2.o)
 .debug_aranges
                0x000017f8       0x98 .\CortexM3\ARM_GCC_493\Debug\ReleaseVersion.a(UART.o)
 .debug_aranges
                0x00001890       0x80 .\CortexM3\ARM_GCC_493\Debug\ReleaseVersion.a(UART_ISR.o)
 .debug_aranges
                0x00001910       0x70 .\CortexM3\ARM_GCC_493\Debug\ReleaseVersion.a(UART_IntClock.o)
 .debug_aranges
                0x00001980       0x80 .\CortexM3\ARM_GCC_493\Debug\ReleaseVersion.a(UART_TimerISR.o)
 .debug_aranges
                0x00001a00       0x90 .\CortexM3\ARM_GCC_493\Debug\ReleaseVersion.a(UART_Timer.o)
 .debug_aranges
                0x00001a90       0x90 .\CortexM3\ARM_GCC_493\Debug\ReleaseVersion.a(LED_Timer.o)

.debug_pubnames
 *(.debug_pubnames)

.debug_info     0x00000000     0xe5c3
 *(.debug_info .gnu.linkonce.wi.*)
 .debug_info    0x00000000      0x3b0 .\CortexM3\ARM_GCC_493\Debug\main.o
 .debug_info    0x000003b0      0x31b .\CortexM3\ARM_GCC_493\Debug\Fault.o
 .debug_info    0x000006cb      0xe18 .\CortexM3\ARM_GCC_493\Debug\Tones.o
 .debug_info    0x000014e3      0x73e .\CortexM3\ARM_GCC_493\Debug\DACaudio.o
 .debug_info    0x00001c21      0x99c .\CortexM3\ARM_GCC_493\Debug\FileDecode.o
 .debug_info    0x000025bd      0x66e .\CortexM3\ARM_GCC_493\Debug\CommManager.o
 .debug_info    0x00002c2b     0x1227 .\CortexM3\ARM_GCC_493\Debug\SirenState.o
 .debug_info    0x00003e52      0x13e .\CortexM3\ARM_GCC_493\Debug\cymetadata.o
 .debug_info    0x00003f90      0x3a3 .\CortexM3\ARM_GCC_493\Debug\Cm3Start.o
 .debug_info    0x00004333      0x7c7 .\CortexM3\ARM_GCC_493\Debug\ReleaseVersion.a(cyfitter_cfg.o)
 .debug_info    0x00004afa      0x179 .\CortexM3\ARM_GCC_493\Debug\ReleaseVersion.a(ModeStatus.o)
 .debug_info    0x00004c73      0x305 .\CortexM3\ARM_GCC_493\Debug\ReleaseVersion.a(ModeStatusISR.o)
 .debug_info    0x00004f78      0x179 .\CortexM3\ARM_GCC_493\Debug\ReleaseVersion.a(HornRingStatus.o)
 .debug_info    0x000050f1      0x305 .\CortexM3\ARM_GCC_493\Debug\ReleaseVersion.a(HornRingISR.o)
 .debug_info    0x000053f6      0x179 .\CortexM3\ARM_GCC_493\Debug\ReleaseVersion.a(ParkKillStatus.o)
 .debug_info    0x0000556f      0x305 .\CortexM3\ARM_GCC_493\Debug\ReleaseVersion.a(ParkKillISR.o)
 .debug_info    0x00005874      0x11e .\CortexM3\ARM_GCC_493\Debug\ReleaseVersion.a(RadioRebroadcastInput.o)
 .debug_info    0x00005992      0x11e .\CortexM3\ARM_GCC_493\Debug\ReleaseVersion.a(MicKeyInput.o)
 .debug_info    0x00005ab0      0x305 .\CortexM3\ARM_GCC_493\Debug\ReleaseVersion.a(RadioMicKeyISR.o)
 .debug_info    0x00005db5      0x179 .\CortexM3\ARM_GCC_493\Debug\ReleaseVersion.a(TackSwitchStatus.o)
 .debug_info    0x00005f2e      0x305 .\CortexM3\ARM_GCC_493\Debug\ReleaseVersion.a(TackSwitchISR.o)
 .debug_info    0x00006233      0x179 .\CortexM3\ARM_GCC_493\Debug\ReleaseVersion.a(DualDelayStatus.o)
 .debug_info    0x000063ac      0x305 .\CortexM3\ARM_GCC_493\Debug\ReleaseVersion.a(DualDelayISR.o)
 .debug_info    0x000066b1      0x11e .\CortexM3\ARM_GCC_493\Debug\ReleaseVersion.a(OverloadInput1.o)
 .debug_info    0x000067cf      0x305 .\CortexM3\ARM_GCC_493\Debug\ReleaseVersion.a(OverloadISR.o)
 .debug_info    0x00006ad4      0x11e .\CortexM3\ARM_GCC_493\Debug\ReleaseVersion.a(OverloadInput2.o)
 .debug_info    0x00006bf2      0x179 .\CortexM3\ARM_GCC_493\Debug\ReleaseVersion.a(ModeStatus2.o)
 .debug_info    0x00006d6b      0x276 .\CortexM3\ARM_GCC_493\Debug\ReleaseVersion.a(PWM_1.o)
 .debug_info    0x00006fe1      0x276 .\CortexM3\ARM_GCC_493\Debug\ReleaseVersion.a(PWM_2.o)
 .debug_info    0x00007257      0x305 .\CortexM3\ARM_GCC_493\Debug\ReleaseVersion.a(PWM1_ISR.o)
 .debug_info    0x0000755c      0x305 .\CortexM3\ARM_GCC_493\Debug\ReleaseVersion.a(PWM2_ISR.o)
 .debug_info    0x00007861      0x1dd .\CortexM3\ARM_GCC_493\Debug\ReleaseVersion.a(VDAC8_2.o)
 .debug_info    0x00007a3e      0x1c6 .\CortexM3\ARM_GCC_493\Debug\ReleaseVersion.a(PGA_1.o)
 .debug_info    0x00007c04      0x1c6 .\CortexM3\ARM_GCC_493\Debug\ReleaseVersion.a(PGA_2.o)
 .debug_info    0x00007dca      0x1dd .\CortexM3\ARM_GCC_493\Debug\ReleaseVersion.a(VDAC8_1.o)
 .debug_info    0x00007fa7      0x11e .\CortexM3\ARM_GCC_493\Debug\ReleaseVersion.a(LEDoutput.o)
 .debug_info    0x000080c5      0x305 .\CortexM3\ARM_GCC_493\Debug\ReleaseVersion.a(LED_ISR.o)
 .debug_info    0x000083ca      0x14d .\CortexM3\ARM_GCC_493\Debug\ReleaseVersion.a(AMux1.o)
 .debug_info    0x00008517      0x288 .\CortexM3\ARM_GCC_493\Debug\ReleaseVersion.a(PWMtimer1.o)
 .debug_info    0x0000879f      0x315 .\CortexM3\ARM_GCC_493\Debug\ReleaseVersion.a(PWMtimer1_ISR.o)
 .debug_info    0x00008ab4      0x11e .\CortexM3\ARM_GCC_493\Debug\ReleaseVersion.a(PowerAmpOutput1.o)
 .debug_info    0x00008bd2      0x11e .\CortexM3\ARM_GCC_493\Debug\ReleaseVersion.a(PowerAmpOutput2.o)
 .debug_info    0x00008cf0      0x666 .\CortexM3\ARM_GCC_493\Debug\ReleaseVersion.a(EEPROM.o)
 .debug_info    0x00009356      0x4b1 .\CortexM3\ARM_GCC_493\Debug\ReleaseVersion.a(SPIM.o)
 .debug_info    0x00009807      0x281 .\CortexM3\ARM_GCC_493\Debug\ReleaseVersion.a(SPIM_IntClock.o)
 .debug_info    0x00009a88       0xd3 .\CortexM3\ARM_GCC_493\Debug\ReleaseVersion.a(CyBootAsmGnu.o)
 .debug_info    0x00009b5b      0x608 .\CortexM3\ARM_GCC_493\Debug\ReleaseVersion.a(CyFlash.o)
 .debug_info    0x0000a163     0x136c .\CortexM3\ARM_GCC_493\Debug\ReleaseVersion.a(CyLib.o)
 .debug_info    0x0000b4cf      0xa55 .\CortexM3\ARM_GCC_493\Debug\ReleaseVersion.a(cyPm.o)
 .debug_info    0x0000bf24      0x4ed .\CortexM3\ARM_GCC_493\Debug\ReleaseVersion.a(CySpc.o)
 .debug_info    0x0000c411      0x2e7 .\CortexM3\ARM_GCC_493\Debug\ReleaseVersion.a(DACtimer1.o)
 .debug_info    0x0000c6f8      0x305 .\CortexM3\ARM_GCC_493\Debug\ReleaseVersion.a(DAC1_ISR.o)
 .debug_info    0x0000c9fd      0x2e7 .\CortexM3\ARM_GCC_493\Debug\ReleaseVersion.a(DACtimer2.o)
 .debug_info    0x0000cce4      0x288 .\CortexM3\ARM_GCC_493\Debug\ReleaseVersion.a(PWMtimer2.o)
 .debug_info    0x0000cf6c      0x315 .\CortexM3\ARM_GCC_493\Debug\ReleaseVersion.a(PWMtimer2_ISR.o)
 .debug_info    0x0000d281      0x14d .\CortexM3\ARM_GCC_493\Debug\ReleaseVersion.a(AMux2.o)
 .debug_info    0x0000d3ce      0x39c .\CortexM3\ARM_GCC_493\Debug\ReleaseVersion.a(UART.o)
 .debug_info    0x0000d76a      0x305 .\CortexM3\ARM_GCC_493\Debug\ReleaseVersion.a(UART_ISR.o)
 .debug_info    0x0000da6f      0x281 .\CortexM3\ARM_GCC_493\Debug\ReleaseVersion.a(UART_IntClock.o)
 .debug_info    0x0000dcf0      0x305 .\CortexM3\ARM_GCC_493\Debug\ReleaseVersion.a(UART_TimerISR.o)
 .debug_info    0x0000dff5      0x2e5 .\CortexM3\ARM_GCC_493\Debug\ReleaseVersion.a(UART_Timer.o)
 .debug_info    0x0000e2da      0x2e9 .\CortexM3\ARM_GCC_493\Debug\ReleaseVersion.a(LED_Timer.o)

.debug_abbrev   0x00000000     0x50f9
 *(.debug_abbrev)
 .debug_abbrev  0x00000000       0xe3 .\CortexM3\ARM_GCC_493\Debug\main.o
 .debug_abbrev  0x000000e3      0x14c .\CortexM3\ARM_GCC_493\Debug\Fault.o
 .debug_abbrev  0x0000022f      0x21d .\CortexM3\ARM_GCC_493\Debug\Tones.o
 .debug_abbrev  0x0000044c      0x267 .\CortexM3\ARM_GCC_493\Debug\DACaudio.o
 .debug_abbrev  0x000006b3      0x209 .\CortexM3\ARM_GCC_493\Debug\FileDecode.o
 .debug_abbrev  0x000008bc      0x1b3 .\CortexM3\ARM_GCC_493\Debug\CommManager.o
 .debug_abbrev  0x00000a6f      0x223 .\CortexM3\ARM_GCC_493\Debug\SirenState.o
 .debug_abbrev  0x00000c92       0x77 .\CortexM3\ARM_GCC_493\Debug\cymetadata.o
 .debug_abbrev  0x00000d09      0x20f .\CortexM3\ARM_GCC_493\Debug\Cm3Start.o
 .debug_abbrev  0x00000f18      0x232 .\CortexM3\ARM_GCC_493\Debug\ReleaseVersion.a(cyfitter_cfg.o)
 .debug_abbrev  0x0000114a       0xd3 .\CortexM3\ARM_GCC_493\Debug\ReleaseVersion.a(ModeStatus.o)
 .debug_abbrev  0x0000121d      0x18a .\CortexM3\ARM_GCC_493\Debug\ReleaseVersion.a(ModeStatusISR.o)
 .debug_abbrev  0x000013a7       0xd3 .\CortexM3\ARM_GCC_493\Debug\ReleaseVersion.a(HornRingStatus.o)
 .debug_abbrev  0x0000147a      0x18a .\CortexM3\ARM_GCC_493\Debug\ReleaseVersion.a(HornRingISR.o)
 .debug_abbrev  0x00001604       0xd3 .\CortexM3\ARM_GCC_493\Debug\ReleaseVersion.a(ParkKillStatus.o)
 .debug_abbrev  0x000016d7      0x18a .\CortexM3\ARM_GCC_493\Debug\ReleaseVersion.a(ParkKillISR.o)
 .debug_abbrev  0x00001861       0x9d .\CortexM3\ARM_GCC_493\Debug\ReleaseVersion.a(RadioRebroadcastInput.o)
 .debug_abbrev  0x000018fe       0x9d .\CortexM3\ARM_GCC_493\Debug\ReleaseVersion.a(MicKeyInput.o)
 .debug_abbrev  0x0000199b      0x18a .\CortexM3\ARM_GCC_493\Debug\ReleaseVersion.a(RadioMicKeyISR.o)
 .debug_abbrev  0x00001b25       0xd3 .\CortexM3\ARM_GCC_493\Debug\ReleaseVersion.a(TackSwitchStatus.o)
 .debug_abbrev  0x00001bf8      0x18a .\CortexM3\ARM_GCC_493\Debug\ReleaseVersion.a(TackSwitchISR.o)
 .debug_abbrev  0x00001d82       0xd3 .\CortexM3\ARM_GCC_493\Debug\ReleaseVersion.a(DualDelayStatus.o)
 .debug_abbrev  0x00001e55      0x18a .\CortexM3\ARM_GCC_493\Debug\ReleaseVersion.a(DualDelayISR.o)
 .debug_abbrev  0x00001fdf       0x9d .\CortexM3\ARM_GCC_493\Debug\ReleaseVersion.a(OverloadInput1.o)
 .debug_abbrev  0x0000207c      0x18a .\CortexM3\ARM_GCC_493\Debug\ReleaseVersion.a(OverloadISR.o)
 .debug_abbrev  0x00002206       0x9d .\CortexM3\ARM_GCC_493\Debug\ReleaseVersion.a(OverloadInput2.o)
 .debug_abbrev  0x000022a3       0xd3 .\CortexM3\ARM_GCC_493\Debug\ReleaseVersion.a(ModeStatus2.o)
 .debug_abbrev  0x00002376      0x13a .\CortexM3\ARM_GCC_493\Debug\ReleaseVersion.a(PWM_1.o)
 .debug_abbrev  0x000024b0      0x13a .\CortexM3\ARM_GCC_493\Debug\ReleaseVersion.a(PWM_2.o)
 .debug_abbrev  0x000025ea      0x18a .\CortexM3\ARM_GCC_493\Debug\ReleaseVersion.a(PWM1_ISR.o)
 .debug_abbrev  0x00002774      0x18a .\CortexM3\ARM_GCC_493\Debug\ReleaseVersion.a(PWM2_ISR.o)
 .debug_abbrev  0x000028fe      0x104 .\CortexM3\ARM_GCC_493\Debug\ReleaseVersion.a(VDAC8_2.o)
 .debug_abbrev  0x00002a02      0x103 .\CortexM3\ARM_GCC_493\Debug\ReleaseVersion.a(PGA_1.o)
 .debug_abbrev  0x00002b05      0x103 .\CortexM3\ARM_GCC_493\Debug\ReleaseVersion.a(PGA_2.o)
 .debug_abbrev  0x00002c08      0x104 .\CortexM3\ARM_GCC_493\Debug\ReleaseVersion.a(VDAC8_1.o)